nohup: ignoring input
 WOCIVL455M10NH220/N_atom200E+10_Vexp100E+02_Vemit500E+01_tauD000E+00_Vran118E+0
 1                    
 Start
           0
 set_grid_done
 set_clumps_done
 Done
 TIME :    5.16427095374092       sec
          50 %           1   2225.98926344328     
 	 100 %           1   4469.63293420849     
 Time :   4469.79363401188     
 WOCIVL440M10NH220/N_atom200E+10_Vexp200E+02_Vemit500E+01_tauD000E+00_Vran118E+0
 1                    
 Start
           0
 set_grid_done
 set_clumps_done
 Done
 TIME :    4.66726685198955       sec
          50 %           1   987.565195375122     
 	 100 %           1   2081.44761945144     
 Time :   2081.57436728384     
 WOCIVL440M10NH220/N_atom200E+10_Vexp300E+02_Vemit500E+01_tauD000E+00_Vran118E+0
 1                    
 Start
           0
 set_grid_done
 set_clumps_done
 Done
 TIME :    2.94006099272519       sec
          50 %           1   761.940151660005     
 	 100 %           1   1458.53103917697     
 Time :   1458.67395398999     
 WOCIVL440M10NH220/N_atom200E+10_Vexp400E+02_Vemit500E+01_tauD000E+00_Vran118E+0
 1                    
 Start
           0
 set_grid_done
 set_clumps_done
 Done
 TIME :    5.29706090339459       sec
          50 %           1   565.907179245027     
 	 100 %           1   1363.80281703779     
 Time :   1363.96605465002     
 WOCIVL440M10NH220/N_atom200E+10_Vexp500E+02_Vemit500E+01_tauD000E+00_Vran118E+0
 1                    
 Start
           0
 set_grid_done
 set_clumps_done
 Done
 TIME :    2.94721459993161       sec
          50 %           1   904.907156874193     
 	 100 %           1   1509.69265407580     
 Time :   1509.86307946965     
 WOCIVL440M10NH220/N_atom200E+10_Vexp600E+02_Vemit500E+01_tauD000E+00_Vran118E+0
 1                    
 Start
           0
 set_grid_done
 set_clumps_done
 Done
 TIME :    5.49147389642894       sec
          50 %           1   673.561379577033     
 	 100 %           1   1341.89145108499     
 Time :   1342.05180935236     
 WOCIVL440M10NH220/N_atom200E+10_Vexp700E+02_Vemit500E+01_tauD000E+00_Vran118E+0
 1                    
 Start
           0
 set_grid_done
 set_clumps_done
 Done
 TIME :    5.42785297310911       sec
          50 %           1   832.024546411121     
 	 100 %           1   1658.70333639835     
 Time :   1658.86856208998     
 WOCIVL440M10NH220/N_atom200E+10_Vexp800E+02_Vemit500E+01_tauD000E+00_Vran118E+0
 1                    
 Start
           0
 set_grid_done
 set_clumps_done
 Done
 TIME :    5.48656081594527       sec
          50 %           1   930.864870700054     
 	 100 %           1   1857.17235532589     
 Time :   1857.31263350323     
 WOCIVL440M10NH220/N_atom200E+10_Vexp900E+02_Vemit500E+01_tauD000E+00_Vran118E+0
 1                    
 Start
           0
 set_grid_done
 set_clumps_done
 Done
 TIME :    3.01891050231643       sec
          50 %           1   1487.90455388976     
 	 100 %           1   2854.32924687513     
 Time :   2854.46738771000     
 WOCIVL455M10NH220/N_atom200E+10_Vexp100E+03_Vemit500E+01_tauD000E+00_Vran118E+0
 1                    
 Start
           0
 set_grid_done
 set_clumps_done
 Done
 TIME :    2.97813807171769       sec
          50 %           1   1147.15303895436     
 	 100 %           1   2084.96137389541     
 Time :   2085.13993267855     
 WOCIVL455M10NH220/N_atom200E+10_Vexp200E+03_Vemit500E+01_tauD000E+00_Vran118E+0
 1                    
 Start
           0
 set_grid_done
 set_clumps_done
 Done
 TIME :    5.30620504496619       sec
          50 %           1   598.247152779019     
 	 100 %           1   1284.68616601592     
 Time :   1284.86699912208     
 WOCIVL455M10NH220/N_atom200E+10_Vexp300E+03_Vemit500E+01_tauD000E+00_Vran118E+0
 1                    
 Start
           0
 set_grid_done
 set_clumps_done
 Done
 TIME :    5.27643398987129       sec
          50 %           1   499.274059217423     
 	 100 %           1   1357.69044101611     
 Time :   1357.86818068987     
 WOCIVL455M10NH220/N_atom200E+10_Vexp500E+01_Vemit500E+01_tauD000E+00_Vran118E+0
 1                    
 Start
           0
 set_grid_done
 set_clumps_done
 Done
 TIME :    4.48259267630056       sec
          50 %           1   4048.73493410368     
 	 100 %           1   8225.50819862098     
 Time :   8225.68277675309     
 WOCIVL455M10NH220/N_atom200E+10_Vexp100E+02_Vemit500E+01_tauD000E+00_Vran300E+0
 1                    
 Start
           0
 set_grid_done
 set_clumps_done
 Done
 TIME :    5.49008083762601       sec
          50 %           1   1004.97228213563     
 	 100 %           1   2400.91641013115     
 Time :   2401.09817103273     
 WOCIVL455M10NH220/N_atom200E+10_Vexp200E+02_Vemit500E+01_tauD000E+00_Vran300E+0
 1                    
 Start
           0
 set_grid_done
 set_clumps_done
 Done
 TIME :    5.27410601521842       sec
          50 %           1   630.750654958421     
 	 100 %           1   1255.34812929109     
 Time :   1255.48011156428     
 WOCIVL455M10NH220/N_atom200E+10_Vexp300E+02_Vemit500E+01_tauD000E+00_Vran300E+0
 1                    
 Start
           0
 set_grid_done
 set_clumps_done
 Done
 TIME :    2.96471928409301       sec
          50 %           1   541.773354301462     
 	 100 %           1   1170.28290398349     
 Time :   1170.41404303117     
 WOCIVL455M10NH220/N_atom200E+10_Vexp400E+02_Vemit500E+01_tauD000E+00_Vran300E+0
 1                    
 Start
           0
 set_grid_done
 set_clumps_done
 Done
 TIME :    2.95876723318361       sec
          50 %           1   516.931580245961     
 	 100 %           1   1031.62684221193     
 Time :   1031.80446441309     
 WOCIVL455M10NH220/N_atom200E+10_Vexp500E+02_Vemit500E+01_tauD000E+00_Vran300E+0
 1                    
 Start
           0
 set_grid_done
 set_clumps_done
 Done
 TIME :    5.33684735838324       sec
          50 %           1   659.474105570232     
 	 100 %           1   1318.58388566715     
 Time :   1318.71568448329     
 WOCIVL455M10NH220/N_atom200E+10_Vexp600E+02_Vemit500E+01_tauD000E+00_Vran300E+0
 1                    
 Start
           0
 set_grid_done
 set_clumps_done
 Done
 TIME :    2.95243903039955       sec
          50 %           1   908.622515021823     
 	 100 %           1   1810.20084549836     
 Time :   1810.37554012076     
 WOCIVL455M10NH220/N_atom200E+10_Vexp700E+02_Vemit500E+01_tauD000E+00_Vran300E+0
 1                    
 Start
           0
 set_grid_done
 set_clumps_done
 Done
 TIME :    5.28405023948289       sec
          50 %           1   1043.43067480694     
 	 100 %           1   2078.74233558052     
 Time :   2078.91276456276     
 WOCIVL455M10NH220/N_atom200E+10_Vexp800E+02_Vemit500E+01_tauD000E+00_Vran300E+0
 1                    
 Start
           0
 set_grid_done
 set_clumps_done
 Done
 TIME :    3.50260721822269       sec
          50 %           1   1052.48353478475     
 	 100 %           1   2094.82986433059     
 Time :   2094.96043893066     
 WOCIVL455M10NH220/N_atom200E+10_Vexp900E+02_Vemit500E+01_tauD000E+00_Vran300E+0
 1                    
 Start
           0
 set_grid_done
 set_clumps_done
 Done
 TIME :    2.94004203611985       sec
          50 %           1   996.437240320956     
 	 100 %           1   2001.48729045945     
 Time :   2001.65723599703     
 WOCIVL455M10NH220/N_atom200E+10_Vexp100E+03_Vemit500E+01_tauD000E+00_Vran300E+0
 1                    
 Start
           0
 set_grid_done
 set_clumps_done
 Done
 TIME :    5.25484971376136       sec
          50 %           1   932.224538308103     
 	 100 %           1   1863.06400810368     
 Time :   1863.19478410459     
 WOCIVL455M10NH220/N_atom200E+10_Vexp200E+03_Vemit500E+01_tauD000E+00_Vran300E+0
 1                    
 Start
           0
 set_grid_done
 set_clumps_done
 Done
 TIME :    2.93801538180560       sec
          50 %           1   562.563686775044     
 	 100 %           1   1125.29925901769     
 Time :   1125.47065132228     
 WOCIVL455M10NH220/N_atom200E+10_Vexp300E+03_Vemit500E+01_tauD000E+00_Vran300E+0
 1                    
 Start
           0
 set_grid_done
 set_clumps_done
 Done
 TIME :    5.26121372380294       sec
          50 %           1   488.593294343911     
 	 100 %           1   973.873986699153     
 Time :   974.003892373526     
 WOCIVL455M10NH220/N_atom200E+10_Vexp500E+01_Vemit500E+01_tauD000E+00_Vran300E+0
 1                    
 Start
           0
 set_grid_done
 set_clumps_done
 Done
 TIME :    2.94269216014072       sec
          50 %           1   1749.39159825281     
 	 100 %           1   3516.27531881863     
 Time :   3516.45677244873     
 WOCIVL455M10NH220/N_atom200E+10_Vexp100E+02_Vemit500E+01_tauD000E+00_Vran500E+0
 1                    
 Start
           0
 set_grid_done
 set_clumps_done
 Done
 TIME :    5.25050517381169       sec
          50 %           1   761.872338064248     
 	 100 %           1   1523.33079451765     
 Time :   1523.50124536129     
 WOCIVL455M10NH220/N_atom200E+10_Vexp200E+02_Vemit500E+01_tauD000E+00_Vran500E+0
 1                    
 Start
           0
 set_grid_done
 set_clumps_done
 Done
 TIME :    5.43938631657511       sec
          50 %           1   569.556141981389     
 	 100 %           1   1140.04959448241     
 Time :   1140.18115233257     
 WOCIVL455M10NH220/N_atom200E+10_Vexp300E+02_Vemit500E+01_tauD000E+00_Vran500E+0
 1                    
 Start
           0
 set_grid_done
 set_clumps_done
 Done
 TIME :    2.94680715538561       sec
          50 %           1   563.568588052411     
 	 100 %           1   1117.78157913499     
 Time :   1117.91217105766     
 WOCIVL455M10NH220/N_atom200E+10_Vexp400E+02_Vemit500E+01_tauD000E+00_Vran500E+0
 1                    
 Start
           0
 set_grid_done
 set_clumps_done
 Done
 TIME :    2.93035996821709       sec
          50 %           1   792.816656985786     
 	 100 %           1   1589.69852446369     
 Time :   1589.83003994380     
 WOCIVL455M10NH220/N_atom200E+10_Vexp500E+02_Vemit500E+01_tauD000E+00_Vran500E+0
 1                    
 Start
           0
 set_grid_done
 set_clumps_done
 Done
 TIME :    2.94142572395504       sec
          50 %           1   1128.87769191363     
 	 100 %           1   2655.53595217178     
 Time :   2655.67480423208     
 WOCIVL455M10NH220/N_atom200E+10_Vexp600E+02_Vemit500E+01_tauD000E+00_Vran500E+0
 1                    
 Start
           0
 set_grid_done
 set_clumps_done
 Done
 TIME :    2.93757044989616       sec
          50 %           1   1346.47578891786     
 	 100 %           1   2591.95085037337     
 Time :   2592.08158426476     
 WOCIVL455M10NH220/N_atom200E+10_Vexp700E+02_Vemit500E+01_tauD000E+00_Vran500E+0
 1                    
 Start
           0
 set_grid_done
 set_clumps_done
 Done
 TIME :    3.23247448191978       sec
          50 %           1   1184.94017589698     
 	 100 %           1   2369.76276146970     
 Time :   2369.94333686843     
 WOCIVL455M10NH220/N_atom200E+10_Vexp800E+02_Vemit500E+01_tauD000E+00_Vran500E+0
 1                    
 Start
           0
 set_grid_done
 set_clumps_done
 Done
 TIME :    5.24490719288588       sec
          50 %           1   1073.98340843059     
 	 100 %           1   2144.16696589440     
 Time :   2144.29730886617     
 WOCIVL455M10NH220/N_atom200E+10_Vexp900E+02_Vemit500E+01_tauD000E+00_Vran500E+0
 1                    
 Start
           0
 set_grid_done
 set_clumps_done
 Done
 TIME :    5.22477981308475       sec
          50 %           1   969.077362112235     
 	 100 %           1   1941.24572208058     
 Time :   1941.41669972078     
 WOCIVL455M10NH220/N_atom200E+10_Vexp100E+03_Vemit500E+01_tauD000E+00_Vran500E+0
 1                    
 Start
           0
 set_grid_done
 set_clumps_done
 Done
 TIME :    3.87672818405554       sec
          50 %           1   886.888534208294     
 	 100 %           1   1768.14157964522     
 Time :   1768.27571803750     
 WOCIVL455M10NH220/N_atom200E+10_Vexp200E+03_Vemit500E+01_tauD000E+00_Vran500E+0
 1                    
 Start
           0
 set_grid_done
 set_clumps_done
 Done
 TIME :    4.39749713032506       sec
          50 %           1   536.464236716274     
 	 100 %           1   1050.60286836862     
 Time :   1050.73202566686     
 WOCIVL455M10NH220/N_atom200E+10_Vexp300E+03_Vemit500E+01_tauD000E+00_Vran500E+0
 1                    
 Start
           0
 set_grid_done
 set_clumps_done
 Done
 TIME :    2.86762502719648       sec
          50 %           1   462.262629038887     
 	 100 %           1   964.830048761563     
 Time :   964.958521765191     
 WOCIVL455M10NH220/N_atom200E+10_Vexp500E+01_Vemit500E+01_tauD000E+00_Vran500E+0
 1                    
 Start
           0
 set_grid_done
 set_clumps_done
 Done
 TIME :    2.86365720024332       sec
          50 %           1   1201.87751220586     
 	 100 %           1   2407.64805381699     
 Time :   2407.77638007305     
 WOCIVL455M10NH220/N_atom200E+10_Vexp100E+02_Vemit100E+02_tauD000E+00_Vran118E+0
 1                    
 Start
           0
 set_grid_done
 set_clumps_done
 Done
 TIME :    2.86759839695878       sec
          50 %           1   1988.18146245275     
 	 100 %           1   3965.40721747559     
 Time :   3965.53353955969     
 WOCIVL455M10NH220/N_atom200E+10_Vexp200E+02_Vemit100E+02_tauD000E+00_Vran118E+0
 1                    
 Start
           0
 set_grid_done
 set_clumps_done
 Done
 TIME :    2.86168366624042       sec
          50 %           1   1453.59288279526     
 	 100 %           1   2903.41189002758     
 Time :   2903.54815708706     
 WOCIVL455M10NH220/N_atom200E+10_Vexp300E+02_Vemit100E+02_tauD000E+00_Vran118E+0
 1                    
 Start
           0
 set_grid_done
 set_clumps_done
 Done
 TIME :    2.86341772740707       sec
          50 %           1   1077.70276916446     
 	 100 %           1   2157.36102971993     
 Time :   2157.48706363933     
 WOCIVL455M10NH220/N_atom200E+10_Vexp400E+02_Vemit100E+02_tauD000E+00_Vran118E+0
 1                    
 Start
           0
 set_grid_done
 set_clumps_done
 Done
 TIME :    2.86409981735051       sec
          50 %           1   861.467224162538     
 	 100 %           1   1721.11665461073     
 Time :   1721.24472938105     
 WOCIVL455M10NH220/N_atom200E+10_Vexp500E+02_Vemit100E+02_tauD000E+00_Vran118E+0
 1                    
 Start
           0
 set_grid_done
 set_clumps_done
 Done
 TIME :    2.85499829798937       sec
          50 %           1   788.814667233732     
 	 100 %           1   1666.96498649474     
 Time :   1667.14669787278     
 WOCIVL455M10NH220/N_atom200E+10_Vexp600E+02_Vemit100E+02_tauD000E+00_Vran118E+0
 1                    
 Start
           0
 set_grid_done
 set_clumps_done
 Done
 TIME :    5.55297958897427       sec
          50 %           1   1215.62541630631     
 	 100 %           1   2397.06202916661     
 Time :   2397.24530660734     
 WOCIVL455M10NH220/N_atom200E+10_Vexp700E+02_Vemit100E+02_tauD000E+00_Vran118E+0
 1                    
 Start
           0
 set_grid_done
 set_clumps_done
 Done
 TIME :    3.75233796471730       sec
          50 %           1   1245.65817136923     
 	 100 %           1   2489.60235478869     
 Time :   2489.78608054761     
 WOCIVL455M10NH220/N_atom200E+10_Vexp800E+02_Vemit100E+02_tauD000E+00_Vran118E+0
 1                    
 Start
           0
 set_grid_done
 set_clumps_done
 Done
 TIME :    5.35344010079280       sec
          50 %           1   1480.50981817069     
 	 100 %           1   2893.89924332872     
 Time :   2894.07224754291     
 WOCIVL455M10NH220/N_atom200E+10_Vexp900E+02_Vemit100E+02_tauD000E+00_Vran118E+0
 1                    
 Start
           0
 set_grid_done
 set_clumps_done
 Done
 TIME :    5.08852120954543       sec
          50 %           1   1550.36061157938     
 	 100 %           1   3132.52658761991     
 Time :   3132.71523059206     
 WOCIVL455M10NH220/N_atom200E+10_Vexp100E+03_Vemit100E+02_tauD000E+00_Vran118E+0
 1                    
 Start
           0
 set_grid_done
 set_clumps_done
 Done
 TIME :    5.64335627621040       sec
          50 %           1   1521.42600815790     
 	 100 %           1   3025.37467966601     
 Time :   3025.55635776091     
 WOCIVL455M10NH220/N_atom200E+10_Vexp200E+03_Vemit100E+02_tauD000E+00_Vran118E+0
 1                    
 Start
           0
 set_grid_done
 set_clumps_done
 Done
 TIME :    5.36227170983329       sec
          50 %           1   1035.88647233509     
 	 100 %           1   2043.04359884467     
 Time :   2043.23351727985     
 WOCIVL455M10NH220/N_atom200E+10_Vexp300E+03_Vemit100E+02_tauD000E+00_Vran118E+0
 1                    
 Start
           0
 set_grid_done
 set_clumps_done
 Done
 TIME :    5.68107882514596       sec
          50 %           1   898.859909935854     
 	 100 %           1   1761.48285265360     
 Time :   1761.66935887327     
 WOCIVL455M10NH220/N_atom200E+10_Vexp500E+01_Vemit100E+02_tauD000E+00_Vran118E+0
 1                    
 Start
           0
 set_grid_done
 set_clumps_done
 Done
 TIME :    5.64969576010481       sec
          50 %           1   3701.11028229492     
 	 100 %           1   7314.37348147202     
 Time :   7314.51832008874     
 WOCIVL455M10NH220/N_atom200E+10_Vexp100E+02_Vemit100E+02_tauD000E+00_Vran300E+0
 1                    
 Start
           0
 set_grid_done
 set_clumps_done
 Done
 TIME :    3.24174691503868       sec
          50 %           1   2437.79617755115     
 	 100 %           1   4808.75361918937     
 Time :   4808.93282376463     
 WOCIVL455M10NH220/N_atom200E+10_Vexp200E+02_Vemit100E+02_tauD000E+00_Vran300E+0
 1                    
 Start
           0
 set_grid_done
 set_clumps_done
 Done
 TIME :    5.61948153655976       sec
          50 %           1   1731.77369649196     
 	 100 %           1   3341.60605534120     
 Time :   3341.78874451900     
 WOCIVL455M10NH220/N_atom200E+10_Vexp300E+02_Vemit100E+02_tauD000E+00_Vran300E+0
 1                    
 Start
           0
 set_grid_done
 set_clumps_done
 Done
 TIME :    5.46567587461323       sec
          50 %           1   1318.46404173924     
 	 100 %           1   2603.06221575895     
 Time :   2603.25662872754     
 WOCIVL455M10NH220/N_atom200E+10_Vexp400E+02_Vemit100E+02_tauD000E+00_Vran300E+0
 1                    
 Start
           0
 set_grid_done
 set_clumps_done
 Done
 TIME :    5.88400479033589       sec
          50 %           1   1187.66784144891     
 	 100 %           1   2358.16755308025     
 Time :   2358.34726932319     
 WOCIVL455M10NH220/N_atom200E+10_Vexp500E+02_Vemit100E+02_tauD000E+00_Vran300E+0
 1                    
 Start
           0
 set_grid_done
 set_clumps_done
 Done
 TIME :    5.60931255761534       sec
          50 %           1   1297.58288321784     
 	 100 %           1   2531.35671922518     
 Time :   2531.54001354799     
 WOCIVL455M10NH220/N_atom200E+10_Vexp600E+02_Vemit100E+02_tauD000E+00_Vran300E+0
 1                    
 Start
           0
 set_grid_done
 set_clumps_done
 Done
 TIME :    3.39447837462649       sec
          50 %           1   1574.21163396817     
 	 100 %           1   3048.93066184549     
 Time :   3049.11279979022     
 WOCIVL455M10NH220/N_atom200E+10_Vexp700E+02_Vemit100E+02_tauD000E+00_Vran300E+0
 1                    
 Start
           0
 set_grid_done
 set_clumps_done
 Done
 TIME :    4.80117698991671       sec
          50 %           1   1605.05646542413     
 	 100 %           1   3283.73010127293     
 Time :   3283.91528256563     
 WOCIVL455M10NH220/N_atom200E+10_Vexp800E+02_Vemit100E+02_tauD000E+00_Vran300E+0
 1                    
 Start
           0
 set_grid_done
 set_clumps_done
 Done
 TIME :    5.62226486252621       sec
          50 %           1   1642.96364932926     
 	 100 %           1   3464.47878905339     
 Time :   3464.66269158665     
 WOCIVL455M10NH220/N_atom200E+10_Vexp900E+02_Vemit100E+02_tauD000E+00_Vran300E+0
 1                    
 Start
           0
 set_grid_done
 set_clumps_done
 Done
 TIME :    5.68131010327488       sec
          50 %           1   2194.87870776141     
 	 100 %           1   3836.73876846209     
 Time :   3836.94480968080     
 WOCIVL455M10NH220/N_atom200E+10_Vexp100E+03_Vemit100E+02_tauD000E+00_Vran300E+0
 1                    
 Start
           0
 set_grid_done
 set_clumps_done
 Done
 TIME :    6.02841892326251       sec
          50 %           1   1433.30985921202     
 	 100 %           1   2708.52727031987     
 Time :   2708.71553675970     
 WOCIVL455M10NH220/N_atom200E+10_Vexp200E+03_Vemit100E+02_tauD000E+00_Vran300E+0
 1                    
 Start
           0
 set_grid_done
 set_clumps_done
 Done
 TIME :    5.62325508613139       sec
          50 %           1   939.493482687045     
 	 100 %           1   1810.85967966588     
 Time :   1811.04641518928     
 WOCIVL455M10NH220/N_atom200E+10_Vexp300E+03_Vemit100E+02_tauD000E+00_Vran300E+0
 1                    
 Start
           0
 set_grid_done
 set_clumps_done
 Done
 TIME :    4.46852604299784       sec
          50 %           1   731.069305398967     
 	 100 %           1   1412.39177308604     
 Time :   1412.58505141782     
 WOCIVL455M10NH220/N_atom200E+10_Vexp500E+01_Vemit100E+02_tauD000E+00_Vran300E+0
 1                    
 Start
           0
 set_grid_done
 set_clumps_done
 Done
 TIME :    5.71546556288376       sec
          50 %           1   3314.74980522878     
 	 100 %           1   5806.38067438407     
 Time :   5806.51666706474     
 WOCIVL455M10NH220/N_atom200E+10_Vexp100E+02_Vemit100E+02_tauD000E+00_Vran500E+0
 1                    
 Start
           0
 set_grid_done
 set_clumps_done
 Done
 TIME :    2.94571187300608       sec
          50 %           1   1627.75964869512     
 	 100 %           1   3626.59990972187     
 Time :   3626.73936561448     
 WOCIVL455M10NH220/N_atom200E+10_Vexp200E+02_Vemit100E+02_tauD000E+00_Vran500E+0
 1                    
 Start
           0
 set_grid_done
 set_clumps_done
 Done
 TIME :    3.04352819640189       sec
          50 %           1   1373.44118109113     
 	 100 %           1   2715.87434913497     
 Time :   2716.05422798544     
 WOCIVL455M10NH220/N_atom200E+10_Vexp300E+02_Vemit100E+02_tauD000E+00_Vran500E+0
 1                    
 Start
           0
 set_grid_done
 set_clumps_done
 Done
 TIME :    5.56490758573636       sec
          50 %           1   1092.70333804702     
 	 100 %           1   2225.32447377825     
 Time :   2225.50620146655     
 WOCIVL455M10NH220/N_atom200E+10_Vexp400E+02_Vemit100E+02_tauD000E+00_Vran500E+0
 1                    
 Start
           0
 set_grid_done
 set_clumps_done
 Done
 TIME :    5.35406535398215       sec
          50 %           1   1293.45735159144     
 	 100 %           1   2585.51865834370     
 Time :   2585.70076762466     
 WOCIVL455M10NH220/N_atom200E+10_Vexp500E+02_Vemit100E+02_tauD000E+00_Vran500E+0
 1                    
 Start
           0
 set_grid_done
 set_clumps_done
 Done
 TIME :    5.32804522523656       sec
          50 %           1   1544.84853622876     
 	 100 %           1   3216.89900285983     
 Time :   3217.08568837820     
 WOCIVL455M10NH220/N_atom200E+10_Vexp600E+02_Vemit100E+02_tauD000E+00_Vran500E+0
 1                    
 Start
           0
 set_grid_done
 set_clumps_done
 Done
 TIME :    5.56374176032841       sec
          50 %           1   1588.17350341845     
 	 100 %           1   3284.94684560550     
 Time :   3285.12911583064     
 WOCIVL455M10NH220/N_atom200E+10_Vexp700E+02_Vemit100E+02_tauD000E+00_Vran500E+0
 1                    
 Start
           0
 set_grid_done
 set_clumps_done
 Done
 TIME :    5.55426254589111       sec
          50 %           1   1628.71622568555     
 	 100 %           1   3214.94401292736     
 Time :   3215.12483131560     
 WOCIVL455M10NH220/N_atom200E+10_Vexp800E+02_Vemit100E+02_tauD000E+00_Vran500E+0
 1                    
 Start
           0
 set_grid_done
 set_clumps_done
 Done
 TIME :    5.53437977889553       sec
          50 %           1   1441.07434957614     
 	 100 %           1   2805.69458904583     
 Time :   2805.82782661403     
 WOCIVL455M10NH220/N_atom200E+10_Vexp900E+02_Vemit100E+02_tauD000E+00_Vran500E+0
 1                    
 Start
           0
 set_grid_done
 set_clumps_done
 Done
 TIME :    2.98720181966200       sec
          50 %           1   1140.41296589049     
 	 100 %           1   2553.59836116573     
 Time :   2553.77745489078     
 WOCIVL455M10NH220/N_atom200E+10_Vexp100E+03_Vemit100E+02_tauD000E+00_Vran500E+0
 1                    
 Start
           0
 set_grid_done
 set_clumps_done
 Done
 TIME :    5.47664866456762       sec
          50 %           1   1270.79454987030     
 	 100 %           1   2538.22456973651     
 Time :   2538.36265916424     
 WOCIVL455M10NH220/N_atom200E+10_Vexp200E+03_Vemit100E+02_tauD000E+00_Vran500E+0
 1                    
 Start
           0
 set_grid_done
 set_clumps_done
 Done
 TIME :    4.83432767912745       sec
          50 %           1   801.182151997462     
 	 100 %           1   1483.10554943001     
 Time :   1483.24555975199     
 WOCIVL455M10NH220/N_atom200E+10_Vexp300E+03_Vemit100E+02_tauD000E+00_Vran500E+0
 1                    
 Start
           0
 set_grid_done
 set_clumps_done
 Done
 TIME :    2.99835784640163       sec
          50 %           1   568.101210882887     
 	 100 %           1   1280.04286848521     
 Time :   1280.22147919657     
 WOCIVL455M10NH220/N_atom200E+10_Vexp500E+01_Vemit100E+02_tauD000E+00_Vran500E+0
 1                    
 Start
           0
 set_grid_done
 set_clumps_done
 Done
 TIME :    3.11557812057436       sec
          50 %           1   3005.47276517004     
 	 100 %           1   6009.30035833642     
 Time :   6009.47889058944     
 WOCIVL455M10NH220/N_atom200E+10_Vexp100E+02_Vemit200E+02_tauD000E+00_Vran118E+0
 1                    
 Start
           0
 set_grid_done
 set_clumps_done
 Done
 TIME :    5.67449719319120       sec
          50 %           1   1844.77062080149     
 	 100 %           1   3793.30906511750     
 Time :   3793.48774731439     
 WOCIVL455M10NH220/N_atom200E+10_Vexp200E+02_Vemit200E+02_tauD000E+00_Vran118E+0
 1                    
 Start
           0
 set_grid_done
 set_clumps_done
 Done
 TIME :    5.57003043778241       sec
          50 %           1   1818.48778423574     
 	 100 %           1   3332.54224511608     
 Time :   3332.72940635448     
 WOCIVL455M10NH220/N_atom200E+10_Vexp300E+02_Vemit200E+02_tauD000E+00_Vran118E+0
 1                    
 Start
           0
 set_grid_done
 set_clumps_done
 Done
 TIME :    3.32732870057225       sec
          50 %           1   1361.81824623421     
 	 100 %           1   2754.51119207358     
 Time :   2754.68843451655     
 WOCIVL455M10NH220/N_atom200E+10_Vexp400E+02_Vemit200E+02_tauD000E+00_Vran118E+0
 1                    
 Start
           0
 set_grid_done
 set_clumps_done
 Done
 TIME :    5.36226350441575       sec
          50 %           1   1172.56899146363     
 	 100 %           1   2337.04957388714     
 Time :   2337.17827753723     
 WOCIVL455M10NH220/N_atom200E+10_Vexp500E+02_Vemit200E+02_tauD000E+00_Vran118E+0
 1                    
 Start
           0
 set_grid_done
 set_clumps_done
 Done
 TIME :    2.86464133206755       sec
          50 %           1   1134.49488211516     
 	 100 %           1   2565.98559284955     
 Time :   2566.17441942869     
 WOCIVL455M10NH220/N_atom200E+10_Vexp600E+02_Vemit200E+02_tauD000E+00_Vran118E+0
 1                    
 Start
           0
 set_grid_done
 set_clumps_done
 Done
 TIME :    5.78578110644594       sec
          50 %           1   1820.41072406108     
 	 100 %           1   2220.47795813391     
 Time :   2220.60624538688     
 WOCIVL440M10NH220/N_atom200E+10_Vexp700E+02_Vemit200E+02_tauD000E+00_Vran118E+0
 1                    
 Start
           0
 set_grid_done
 set_clumps_done
 Done
 TIME :    2.87578726513311       sec
          50 %           1   1107.89634460025     
 	 100 %           1   2523.71745014330     
 Time :   2523.91201794893     
 WOCIVL440M10NH220/N_atom200E+10_Vexp800E+02_Vemit200E+02_tauD000E+00_Vran118E+0
 1                    
 Start
           0
 set_grid_done
 set_clumps_done
 Done
 TIME :    5.76547943381593       sec
          50 %           1   1798.13959418843     
