nohup: ignoring input
 WOCIVL440M10NH220/N_atom300E+10_Vexp100E+02_Vemit100E+03_tauD000E+00_Vran118E+0
 1                    
 Start
           0
 set_grid_done
 set_clumps_done
 Done
 TIME :    2.37834801967256       sec
          50 %           1   195.436992889270     
 	 100 %           1   398.785907809623     
 Time :   398.912771558389     
 WOCIVL440M10NH220/N_atom300E+10_Vexp200E+02_Vemit100E+03_tauD000E+00_Vran118E+0
 1                    
 Start
           0
 set_grid_done
 set_clumps_done
 Done
 TIME :    2.54335803142749       sec
          50 %           1   170.879873299738     
 	 100 %           1   337.907034658827     
 Time :   338.031247606734     
 WOCIVL440M10NH220/N_atom300E+10_Vexp300E+02_Vemit100E+03_tauD000E+00_Vran118E+0
 1                    
 Start
           0
 set_grid_done
 set_clumps_done
 Done
 TIME :    2.54612246667966       sec
          50 %           1   160.008646923583     
 	 100 %           1   315.964263815433     
 Time :   316.085819350323     
 WOCIVL440M10NH220/N_atom300E+10_Vexp400E+02_Vemit100E+03_tauD000E+00_Vran118E+0
 1                    
 Start
           0
 set_grid_done
 set_clumps_done
 Done
 TIME :    2.53624885994941       sec
          50 %           1   149.304449667688     
 	 100 %           1   298.786193130771     
 Time :   298.908904756652     
 WOCIVL440M10NH220/N_atom300E+10_Vexp500E+02_Vemit100E+03_tauD000E+00_Vran118E+0
 1                    
 Start
           0
 set_grid_done
 set_clumps_done
 Done
 TIME :    2.53467035223730       sec
          50 %           1   151.098781228997     
 	 100 %           1   370.257152048405     
 Time :   370.384390564403     
 WOCIVL440M10NH220/N_atom300E+10_Vexp600E+02_Vemit100E+03_tauD000E+00_Vran118E+0
 1                    
 Start
           0
 set_grid_done
 set_clumps_done
 Done
 TIME :    2.53128297184594       sec
          50 %           1   212.153708526166     
 	 100 %           1   394.711534744361     
 Time :   394.841033984907     
 WOCIVL440M10NH220/N_atom300E+10_Vexp700E+02_Vemit100E+03_tauD000E+00_Vran118E+0
 1                    
 Start
           0
 set_grid_done
 set_clumps_done
 Done
 TIME :    2.53312932490371       sec
          50 %           1   209.183552479139     
 	 100 %           1   408.823268886888     
 Time :   408.950364763616     
 WOCIVL440M10NH220/N_atom300E+10_Vexp800E+02_Vemit100E+03_tauD000E+00_Vran118E+0
 1                    
 Start
           0
 set_grid_done
 set_clumps_done
 Done
 TIME :    2.54105400480330       sec
          50 %           1   169.028097550152     
 	 100 %           1   355.526247408940     
 Time :   355.685726957629     
 WOCIVL440M10NH220/N_atom300E+10_Vexp900E+02_Vemit100E+03_tauD000E+00_Vran118E+0
 1                    
 Start
           0
 set_grid_done
 set_clumps_done
 Done
 TIME :    4.64336877712049       sec
          50 %           1   186.719211762538     
 	 100 %           1   330.783926046221     
 Time :   330.941829812014     
 WOCIVL440M10NH220/N_atom300E+10_Vexp100E+03_Vemit100E+03_tauD000E+00_Vran118E+0
 1                    
 Start
           0
 set_grid_done
 set_clumps_done
 Done
 TIME :    4.63825117261149       sec
          50 %           1   147.483419409487     
 	 100 %           1   292.793263603933     
 Time :   292.960316048702     
 WOCIVL440M10NH220/N_atom300E+10_Vexp200E+03_Vemit100E+03_tauD000E+00_Vran118E+0
 1                    
 Start
           0
 set_grid_done
 set_clumps_done
 Done
 TIME :    4.49105557799339       sec
          50 %           1   142.699542002520     
 	 100 %           1   281.250466938363     
 Time :   281.409876294667     
 WOCIVL440M10NH220/N_atom300E+10_Vexp300E+03_Vemit100E+03_tauD000E+00_Vran118E+0
 1                    
 Start
           0
 set_grid_done
 set_clumps_done
 Done
 TIME :    4.52767599234357       sec
          50 %           1   154.354752226500     
 	 100 %           1   330.218644441105     
 Time :   330.376219757367     
 WOCIVL440M10NH220/N_atom300E+10_Vexp500E+01_Vemit100E+03_tauD000E+00_Vran118E+0
 1                    
 Start
           0
 set_grid_done
 set_clumps_done
 Done
 TIME :    4.50537103414536       sec
          50 %           1   403.160479510436     
 	 100 %           1   730.982170522446     
 Time :   731.109432492638     
 WOCIVL440M10NH220/N_atom300E+10_Vexp100E+02_Vemit100E+03_tauD000E+00_Vran300E+0
 1                    
 Start
           0
 set_grid_done
 set_clumps_done
 Done
 TIME :    2.54264567769133       sec
          50 %           1   483.403353468049     
 	 100 %           1   1005.33946846984     
 Time :   1005.46718981653     
 WOCIVL440M10NH220/N_atom300E+10_Vexp200E+02_Vemit100E+03_tauD000E+00_Vran300E+0
 1                    
 Start
           0
 set_grid_done
 set_clumps_done
 Done
 TIME :    2.54008568823338       sec
          50 %           1   340.128434655722     
 	 100 %           1   633.691971872700     
 Time :   633.820167724509     
 WOCIVL440M10NH220/N_atom300E+10_Vexp300E+02_Vemit100E+03_tauD000E+00_Vran300E+0
 1                    
 Start
           0
 set_grid_done
 set_clumps_done
 Done
 TIME :    2.58419363806024       sec
          50 %           1   286.346106164856     
 	 100 %           1   568.793774066027     
 Time :   568.957631693687     
 WOCIVL440M10NH220/N_atom300E+10_Vexp400E+02_Vemit100E+03_tauD000E+00_Vran300E+0
 1                    
 Start
           0
 set_grid_done
 set_clumps_done
 Done
 TIME :    4.57876641442999       sec
          50 %           1   260.996542167151     
 	 100 %           1   517.745323813288     
 Time :   517.905310127884     
 WOCIVL440M10NH220/N_atom300E+10_Vexp500E+02_Vemit100E+03_tauD000E+00_Vran300E+0
 1                    
 Start
           0
 set_grid_done
 set_clumps_done
 Done
 TIME :    3.92919335351326       sec
          50 %           1   246.262032326544     
 	 100 %           1   487.911353692180     
 Time :   488.038511505816     
 WOCIVL440M10NH220/N_atom300E+10_Vexp600E+02_Vemit100E+03_tauD000E+00_Vran300E+0
 1                    
 Start
           0
 set_grid_done
 set_clumps_done
 Done
 TIME :    4.57603545277379       sec
          50 %           1   183.703848051373     
 	 100 %           1   345.671744964784     
 Time :   345.832859327551     
 WOCIVL440M10NH220/N_atom300E+10_Vexp700E+02_Vemit100E+03_tauD000E+00_Vran300E+0
 1                    
 Start
           0
 set_grid_done
 set_clumps_done
 Done
 TIME :    4.52013521664776       sec
          50 %           1   177.734306014841     
 	 100 %           1   390.351919478737     
 Time :   390.478417728096     
 WOCIVL440M10NH220/N_atom300E+10_Vexp800E+02_Vemit100E+03_tauD000E+00_Vran300E+0
 1                    
 Start
           0
 set_grid_done
 set_clumps_done
 Done
 TIME :    2.53741243504919       sec
          50 %           1   208.977764800191     
 	 100 %           1   416.580464776838     
 Time :   416.741178233176     
 WOCIVL440M10NH220/N_atom300E+10_Vexp900E+02_Vemit100E+03_tauD000E+00_Vran300E+0
 1                    
 Start
           0
 set_grid_done
 set_clumps_done
 Done
 TIME :    4.65118000307120       sec
          50 %           1   223.949093450094     
 	 100 %           1   451.183929441962     
 Time :   451.349849801045     
 WOCIVL440M10NH220/N_atom300E+10_Vexp100E+03_Vemit100E+03_tauD000E+00_Vran300E+0
 1                    
 Start
           0
 set_grid_done
 set_clumps_done
 Done
 TIME :    4.52259933529422       sec
          50 %           1   234.457636162871     
 	 100 %           1   455.867682003183     
 Time :   456.032984015765     
 WOCIVL440M10NH220/N_atom300E+10_Vexp200E+03_Vemit100E+03_tauD000E+00_Vran300E+0
 1                    
 Start
           0
 set_grid_done
 set_clumps_done
 Done
 TIME :    4.67741172923706       sec
          50 %           1   216.793887675973     
 	 100 %           1   426.618762250757     
 Time :   426.743319778936     
 WOCIVL440M10NH220/N_atom300E+10_Vexp300E+03_Vemit100E+03_tauD000E+00_Vran300E+0
 1                    
 Start
           0
 set_grid_done
 set_clumps_done
 Done
 TIME :    2.62168861227110       sec
          50 %           1   231.809685216518     
 	 100 %           1   460.313824432204     
 Time :   460.442126995418     
 WOCIVL440M10NH220/N_atom300E+10_Vexp500E+01_Vemit100E+03_tauD000E+00_Vran300E+0
 1                    
 Start
           0
 set_grid_done
 set_clumps_done
 Done
 TIME :    2.53932142653503       sec
          50 %           1   939.225229398115     
 	 100 %           1   1605.20631362428     
 Time :   1605.36172699183     
 WOCIVL440M10NH220/N_atom300E+10_Vexp100E+02_Vemit100E+03_tauD000E+00_Vran500E+0
 1                    
 Start
           0
 set_grid_done
 set_clumps_done
 Done
 TIME :    3.93489171331748       sec
          50 %           1   603.372236554278     
 	 100 %           1   1202.76051930944     
 Time :   1202.92465547263     
 WOCIVL440M10NH220/N_atom300E+10_Vexp200E+02_Vemit100E+03_tauD000E+00_Vran500E+0
 1                    
 Start
           0
 set_grid_done
 set_clumps_done
 Done
 TIME :    4.47655558376573       sec
          50 %           1   353.378507442074     
 	 100 %           1   691.580815194640     
 Time :   691.746600248385     
 WOCIVL440M10NH220/N_atom300E+10_Vexp300E+02_Vemit100E+03_tauD000E+00_Vran500E+0
 1                    
 Start
           0
 set_grid_done
 set_clumps_done
 Done
 TIME :    4.50552353169769       sec
          50 %           1   263.477522412781     
 	 100 %           1   522.652774511836     
 Time :   522.809267736506     
 WOCIVL440M10NH220/N_atom300E+10_Vexp400E+02_Vemit100E+03_tauD000E+00_Vran500E+0
 1                    
 Start
           0
 set_grid_done
 set_clumps_done
 Done
 TIME :    4.53088641888462       sec
          50 %           1   228.400583717972     
 	 100 %           1   453.632438701112     
 Time :   453.753494162578     
 WOCIVL440M10NH220/N_atom300E+10_Vexp500E+02_Vemit100E+03_tauD000E+00_Vran500E+0
 1                    
 Start
           0
 set_grid_done
 set_clumps_done
 Done
 TIME :    2.54156154231168       sec
          50 %           1   204.926623050822     
 	 100 %           1   407.722511725733     
 Time :   407.878507221583     
 WOCIVL440M10NH220/N_atom300E+10_Vexp600E+02_Vemit100E+03_tauD000E+00_Vran500E+0
 1                    
 Start
           0
 set_grid_done
 set_clumps_done
 Done
 TIME :    3.53430096805096       sec
          50 %           1   193.549777372275     
 	 100 %           1   385.471565779066     
 Time :   385.637517046649     
 WOCIVL440M10NH220/N_atom300E+10_Vexp700E+02_Vemit100E+03_tauD000E+00_Vran500E+0
 1                    
 Start
           0
 set_grid_done
 set_clumps_done
 Done
 TIME :    4.50034012319520       sec
          50 %           1   195.753075990826     
 	 100 %           1   441.891864928417     
 Time :   442.056052478496     
 WOCIVL440M10NH220/N_atom300E+10_Vexp800E+02_Vemit100E+03_tauD000E+00_Vran500E+0
 1                    
 Start
           0
 set_grid_done
 set_clumps_done
 Done
 TIME :    4.51355588482693       sec
          50 %           1   240.605326676974     
 	 100 %           1   476.479087612825     
 Time :   476.643382415408     
 WOCIVL440M10NH220/N_atom300E+10_Vexp900E+02_Vemit100E+03_tauD000E+00_Vran500E+0
 1                    
 Start
           0
 set_grid_done
 set_clumps_done
 Done
 TIME :    4.50859753065743       sec
          50 %           1   233.518423806177     
 	 100 %           1   461.971560675884     
 Time :   462.134251542622     
 WOCIVL440M10NH220/N_atom300E+10_Vexp100E+03_Vemit100E+03_tauD000E+00_Vran500E+0
 1                    
 Start
           0
 set_grid_done
 set_clumps_done
 Done
 TIME :    4.50960806733929       sec
          50 %           1   206.244306163397     
 	 100 %           1   366.492303862702     
 Time :   366.613180256449     
 WOCIVL440M10NH220/N_atom300E+10_Vexp200E+03_Vemit100E+03_tauD000E+00_Vran500E+0
 1                    
 Start
           0
 set_grid_done
 set_clumps_done
 Done
 TIME :    2.53276099008508       sec
          50 %           1   164.985892730299     
 	 100 %           1   328.577261558035     
 Time :   328.747124685207     
 WOCIVL440M10NH220/N_atom300E+10_Vexp300E+03_Vemit100E+03_tauD000E+00_Vran500E+0
 1                    
 Start
           0
 set_grid_done
 set_clumps_done
 Done
 TIME :    4.53001287090592       sec
          50 %           1   180.077407551929     
 	 100 %           1   354.114008917473     
 Time :   354.233050980605     
 WOCIVL440M10NH220/N_atom300E+10_Vexp500E+01_Vemit100E+03_tauD000E+00_Vran500E+0
 1                    
 Start
           0
 set_grid_done
 set_clumps_done
 Done
 TIME :    4.66138059645891       sec
          50 %           1   1247.93661703379     
 	 100 %           1   2742.82001592591     
 Time :   2742.97654899606     
 WOCIVL440M10NH220/N_atom300E+10_Vexp100E+02_Vemit200E+03_tauD000E+00_Vran118E+0
 1                    
 Start
           0
 set_grid_done
 set_clumps_done
 Done
 TIME :    4.64366653887555       sec
          50 %           1   134.185585301369     
 	 100 %           1   264.253250676207     
 Time :   264.374600142241     
 WOCIVL440M10NH220/N_atom300E+10_Vexp200E+02_Vemit200E+03_tauD000E+00_Vran118E+0
 1                    
 Start
           0
 set_grid_done
 set_clumps_done
 Done
 TIME :    2.53819984057918       sec
          50 %           1   115.805111029418     
 	 100 %           1   226.992765064351     
 Time :   227.115516705671     
 WOCIVL440M10NH220/N_atom300E+10_Vexp300E+02_Vemit200E+03_tauD000E+00_Vran118E+0
 1                    
 Start
           0
 set_grid_done
 set_clumps_done
 Done
 TIME :    2.53724317578599       sec
          50 %           1   106.415392491268     
 	 100 %           1   211.657197426772     
 Time :   211.780086316867     
 WOCIVL440M10NH220/N_atom300E+10_Vexp400E+02_Vemit200E+03_tauD000E+00_Vran118E+0
 1                    
 Start
           0
 set_grid_done
 set_clumps_done
 Done
 TIME :    2.54066958976910       sec
          50 %           1   103.384118615417     
 	 100 %           1   204.086177548161     
 Time :   204.208855700912     
 WOCIVL440M10NH220/N_atom300E+10_Vexp500E+02_Vemit200E+03_tauD000E+00_Vran118E+0
 1                    
 Start
           0
 set_grid_done
 set_clumps_done
 Done
 TIME :    2.54115461488254       sec
          50 %           1   100.487683893880     
 	 100 %           1   199.314672852401     
 Time :   199.437246848596     
 WOCIVL440M10NH220/N_atom300E+10_Vexp600E+02_Vemit200E+03_tauD000E+00_Vran118E+0
 1                    
 Start
           0
 set_grid_done
 set_clumps_done
 Done
 TIME :    2.54040616285056       sec
          50 %           1   100.799645941006     
 	 100 %           1   199.405022156658     
 Time :   199.527178905671     
 WOCIVL440M10NH220/N_atom300E+10_Vexp700E+02_Vemit200E+03_tauD000E+00_Vran118E+0
 1                    
 Start
           0
 set_grid_done
 set_clumps_done
 Done
 TIME :    2.53593826410361       sec
          50 %           1   99.6705956847873     
 	 100 %           1   196.229622837622     
 Time :   196.351733229123     
 WOCIVL440M10NH220/N_atom300E+10_Vexp800E+02_Vemit200E+03_tauD000E+00_Vran118E+0
 1                    
 Start
           0
 set_grid_done
 set_clumps_done
 Done
 TIME :    2.53335285652429       sec
          50 %           1   97.6807292765006     
 	 100 %           1   210.903126149205     
 Time :   211.023538767826     
 WOCIVL440M10NH220/N_atom300E+10_Vexp900E+02_Vemit200E+03_tauD000E+00_Vran118E+0
 1                    
 Start
           0
 set_grid_done
 set_clumps_done
 Done
 TIME :    2.53441425901838       sec
          50 %           1   98.6255445030984     
 	 100 %           1   197.535029961495     
 Time :   197.655863574240     
 WOCIVL440M10NH220/N_atom300E+10_Vexp100E+03_Vemit200E+03_tauD000E+00_Vran118E+0
 1                    
 Start
           0
 set_grid_done
 set_clumps_done
 Done
 TIME :    2.53785737440921       sec
          50 %           1   100.438411250710     
 	 100 %           1   197.440518224612     
 Time :   197.561312363250     
 WOCIVL440M10NH220/N_atom300E+10_Vexp200E+03_Vemit200E+03_tauD000E+00_Vran118E+0
 1                    
 Start
           0
 set_grid_done
 set_clumps_done
 Done
 TIME :    2.59609949844889       sec
          50 %           1   97.0597030892968     
 	 100 %           1   192.944259170676     
 Time :   193.066155257868     
 WOCIVL440M10NH220/N_atom300E+10_Vexp300E+03_Vemit200E+03_tauD000E+00_Vran118E+0
 1                    
 Start
           0
 set_grid_done
 set_clumps_done
 Done
 TIME :    2.59230375755578       sec
          50 %           1   103.494609456509     
 	 100 %           1   206.526482449612     
 Time :   206.649103604723     
 WOCIVL440M10NH220/N_atom300E+10_Vexp500E+01_Vemit200E+03_tauD000E+00_Vran118E+0
 1                    
 Start
           0
 set_grid_done
 set_clumps_done
 Done
 TIME :    2.53679693397135       sec
          50 %           1   172.427096801111     
 	 100 %           1   343.802193110576     
 Time :   343.924266001442     
 WOCIVL440M10NH220/N_atom300E+10_Vexp100E+02_Vemit200E+03_tauD000E+00_Vran300E+0
 1                    
 Start
           0
 set_grid_done
 set_clumps_done
 Done
 TIME :    2.53547068196349       sec
          50 %           1   217.514967254363     
 	 100 %           1   433.201041657943     
 Time :   433.358546591364     
 WOCIVL440M10NH220/N_atom300E+10_Vexp200E+02_Vemit200E+03_tauD000E+00_Vran300E+0
 1                    
 Start
           0
 set_grid_done
 set_clumps_done
 Done
 TIME :    4.51028787973337       sec
          50 %           1   148.982641115086     
 	 100 %           1   292.925025352743     
 Time :   293.046546352562     
 WOCIVL440M10NH220/N_atom300E+10_Vexp300E+02_Vemit200E+03_tauD000E+00_Vran300E+0
 1                    
 Start
           0
 set_grid_done
 set_clumps_done
 Done
 TIME :    2.53237395989709       sec
          50 %           1   125.634222032502     
 	 100 %           1   249.758290306199     
 Time :   249.917583643459     
 WOCIVL440M10NH220/N_atom300E+10_Vexp400E+02_Vemit200E+03_tauD000E+00_Vran300E+0
 1                    
 Start
           0
 set_grid_done
 set_clumps_done
 Done
 TIME :    4.50496049947105       sec
          50 %           1   120.008428418310     
 	 100 %           1   235.499465877190     
 Time :   235.662570714951     
 WOCIVL440M10NH220/N_atom300E+10_Vexp500E+02_Vemit200E+03_tauD000E+00_Vran300E+0
 1                    
 Start
           0
 set_grid_done
 set_clumps_done
 Done
 TIME :    4.50131024327129       sec
          50 %           1   114.123575377977     
 	 100 %           1   223.444205257110     
 Time :   223.566531585995     
 WOCIVL440M10NH220/N_atom300E+10_Vexp600E+02_Vemit200E+03_tauD000E+00_Vran300E+0
 1                    
 Start
           0
 set_grid_done
 set_clumps_done
 Done
 TIME :    2.53502091346309       sec
          50 %           1   107.715124418959     
 	 100 %           1   211.408639491536     
 Time :   211.577115632128     
 WOCIVL440M10NH220/N_atom300E+10_Vexp700E+02_Vemit200E+03_tauD000E+00_Vran300E+0
 1                    
 Start
           0
 set_grid_done
 set_clumps_done
 Done
 TIME :    4.68236028472893       sec
          50 %           1   105.357551421504     
 	 100 %           1   207.404899074929     
 Time :   207.523208405823     
 WOCIVL440M10NH220/N_atom300E+10_Vexp800E+02_Vemit200E+03_tauD000E+00_Vran300E+0
 1                    
 Start
           0
 set_grid_done
 set_clumps_done
 Done
 TIME :    2.54472372774035       sec
          50 %           1   105.104881659150     
 	 100 %           1   207.714101295685     
 Time :   207.869259151397     
 WOCIVL440M10NH220/N_atom300E+10_Vexp900E+02_Vemit200E+03_tauD000E+00_Vran300E+0
 1                    
 Start
           0
 set_grid_done
 set_clumps_done
 Done
 TIME :    4.63618581648916       sec
          50 %           1   105.552352564177     
 	 100 %           1   206.005738575011     
 Time :   206.160468413262     
 WOCIVL440M10NH220/N_atom300E+10_Vexp100E+03_Vemit200E+03_tauD000E+00_Vran300E+0
 1                    
 Start
           0
 set_grid_done
 set_clumps_done
 Done
 TIME :    4.64142330712639       sec
          50 %           1   104.893032755703     
 	 100 %           1   205.193604321685     
 Time :   205.358101415914     
 WOCIVL440M10NH220/N_atom300E+10_Vexp200E+03_Vemit200E+03_tauD000E+00_Vran300E+0
 1                    
 Start
           0
 set_grid_done
 set_clumps_done
 Done
 TIME :    4.50480044749565       sec
          50 %           1   103.244681627024     
 	 100 %           1   201.437932316680     
 Time :   201.556965322699     
 WOCIVL440M10NH220/N_atom300E+10_Vexp300E+03_Vemit200E+03_tauD000E+00_Vran300E+0
 1                    
 Start
           0
 set_grid_done
 set_clumps_done
 Done
 TIME :    2.52931461855769       sec
          50 %           1   109.370515909279     
 	 100 %           1   215.013219280401     
 Time :   215.133154308191     
 WOCIVL440M10NH220/N_atom300E+10_Vexp500E+01_Vemit200E+03_tauD000E+00_Vran300E+0
 1                    
 Start
           0
 set_grid_done
 set_clumps_done
 Done
 TIME :    2.53180829295889       sec
          50 %           1   373.566213451326     
 	 100 %           1   747.828539009904     
 Time :   747.985321811168     
 WOCIVL440M10NH220/N_atom300E+10_Vexp100E+02_Vemit200E+03_tauD000E+00_Vran500E+0
 1                    
 Start
           0
 set_grid_done
 set_clumps_done
 Done
 TIME :    4.32927708234638       sec
          50 %           1   340.839483971940     
 	 100 %           1   679.095082768006     
 Time :   679.256259939168     
 WOCIVL440M10NH220/N_atom300E+10_Vexp200E+02_Vemit200E+03_tauD000E+00_Vran500E+0
 1                    
 Start
           0
 set_grid_done
 set_clumps_done
 Done
 TIME :    2.54695651005022       sec
          50 %           1   203.116255117115     
 	 100 %           1   403.445037970552     
 Time :   403.606544913957     
 WOCIVL440M10NH220/N_atom300E+10_Vexp300E+02_Vemit200E+03_tauD000E+00_Vran500E+0
 1                    
 Start
           0
 set_grid_done
 set_clumps_done
 Done
 TIME :    3.38768220110796       sec
          50 %           1   162.062201349065     
 	 100 %           1   320.893294885056     
 Time :   321.042813161621     
 WOCIVL440M10NH220/N_atom300E+10_Vexp400E+02_Vemit200E+03_tauD000E+00_Vran500E+0
 1                    
 Start
           0
 set_grid_done
 set_clumps_done
 Done
 TIME :    2.54054909246042       sec
          50 %           1   142.121256906306     
 	 100 %           1   281.841227710247     
 Time :   281.963663836243     
 WOCIVL440M10NH220/N_atom300E+10_Vexp500E+02_Vemit200E+03_tauD000E+00_Vran500E+0
 1                    
 Start
           0
 set_grid_done
 set_clumps_done
 Done
 TIME :    2.52986199106090       sec
          50 %           1   131.004357296508     
 	 100 %           1   259.750694041606     
 Time :   259.917259347392     
 WOCIVL440M10NH220/N_atom300E+10_Vexp600E+02_Vemit200E+03_tauD000E+00_Vran500E+0
 1                    
 Start
           0
 set_grid_done
 set_clumps_done
 Done
 TIME :    4.53464613156393       sec
          50 %           1   126.343074274249     
 	 100 %           1   247.449508613674     
 Time :   247.603710455820     
 WOCIVL440M10NH220/N_atom300E+10_Vexp700E+02_Vemit200E+03_tauD000E+00_Vran500E+0
 1                    
 Start
           0
 set_grid_done
 set_clumps_done
 Done
 TIME :    4.65637169708498       sec
          50 %           1   120.010055227438     
 	 100 %           1   235.545105216093     
 Time :   235.702526411507     
 WOCIVL440M10NH220/N_atom300E+10_Vexp800E+02_Vemit200E+03_tauD000E+00_Vran500E+0
 1                    
 Start
           0
 set_grid_done
 set_clumps_done
 Done
 TIME :    4.65474730264395       sec
          50 %           1   118.636754892766     
 	 100 %           1   232.610591869103     
 Time :   232.777689038310     
 WOCIVL440M10NH220/N_atom300E+10_Vexp900E+02_Vemit200E+03_tauD000E+00_Vran500E+0
 1                    
 Start
           0
 set_grid_done
 set_clumps_done
 Done
 TIME :    4.52435577893630       sec
          50 %           1   114.727885761298     
 	 100 %           1   224.404524131212     
 Time :   224.561161508085     
 WOCIVL440M10NH220/N_atom300E+10_Vexp100E+03_Vemit200E+03_tauD000E+00_Vran500E+0
 1                    
 Start
           0
 set_grid_done
 set_clumps_done
 Done
 TIME :    4.64938936498947       sec
          50 %           1   112.770780557068     
 	 100 %           1   221.278820673702     
 Time :   221.440561928786     
 WOCIVL440M10NH220/N_atom300E+10_Vexp200E+03_Vemit200E+03_tauD000E+00_Vran500E+0
 1                    
 Start
           0
 set_grid_done
 set_clumps_done
 Done
 TIME :    3.86540102888830       sec
          50 %           1   112.889917118708     
 	 100 %           1   264.675530257635     
 Time :   264.839741793228     
 WOCIVL440M10NH220/N_atom300E+10_Vexp300E+03_Vemit200E+03_tauD000E+00_Vran500E+0
 1                    
 Start
           0
 set_grid_done
 set_clumps_done
 Done
 TIME :    4.66622131853364       sec
          50 %           1   175.407771331025     
 	 100 %           1   336.621541512664     
 Time :   336.746459230315     
 WOCIVL440M10NH220/N_atom300E+10_Vexp500E+01_Vemit200E+03_tauD000E+00_Vran500E+0
 1                    
 Start
           0
 set_grid_done
 set_clumps_done
 Done
 TIME :    3.91131722996943       sec
          50 %           1   864.237339080079     
 	 100 %           1   1567.23614472291     
 Time :   1567.39881933900     
 WOCIVL440M10NH220/N_atom300E+10_Vexp100E+02_Vemit300E+03_tauD000E+00_Vran118E+0
 1                    
 Start
           0
 set_grid_done
 set_clumps_done
 Done
 TIME :    4.68172936444171       sec
          50 %           1   106.703544230433     
 	 100 %           1   211.716885959264     
 Time :   211.837115001632     
 WOCIVL440M10NH220/N_atom300E+10_Vexp200E+02_Vemit300E+03_tauD000E+00_Vran118E+0
 1                    
 Start
           0
 set_grid_done
 set_clumps_done
 Done
 TIME :    4.65005247597583       sec
          50 %           1   95.9372927793302     
 	 100 %           1   213.400832118001     
 Time :   213.526869778289     
 WOCIVL440M10NH220/N_atom300E+10_Vexp300E+02_Vemit300E+03_tauD000E+00_Vran118E+0
 1                    
 Start
           0
 set_grid_done
 set_clumps_done
 Done
 TIME :    2.52760549425147       sec
          50 %           1   123.009919238510     
 	 100 %           1   245.887270346982     
 Time :   246.013376456685     
 WOCIVL440M10NH220/N_atom300E+10_Vexp400E+02_Vemit300E+03_tauD000E+00_Vran118E+0
 1                    
 Start
           0
 set_grid_done
 set_clumps_done
 Done
 TIME :    3.01812697411515       sec
          50 %           1   110.239470574306     
 	 100 %           1   191.328321780544     
 Time :   191.448042624164     
 WOCIVL440M10NH220/N_atom300E+10_Vexp500E+02_Vemit300E+03_tauD000E+00_Vran118E+0
 1                    
 Start
           0
 set_grid_done
 set_clumps_done
 Done
 TIME :    2.52957406803034       sec
          50 %           1   84.7184866527095     
 	 100 %           1   167.185431465972     
 Time :   167.305909407791     
 WOCIVL440M10NH220/N_atom300E+10_Vexp600E+02_Vemit300E+03_tauD000E+00_Vran118E+0
 1                    
 Start
           0
 set_grid_done
 set_clumps_done
 Done
 TIME :    2.52573225018568       sec
          50 %           1   113.985749669373     
 	 100 %           1   240.510100061540     
 Time :   240.675661363406     
 WOCIVL440M10NH220/N_atom300E+10_Vexp700E+02_Vemit300E+03_tauD000E+00_Vran118E+0
 1                    
 Start
           0
 set_grid_done
 set_clumps_done
 Done
 TIME :    4.50779270264320       sec
          50 %           1   129.018515020143     
 	 100 %           1   247.436244130135     
 Time :   247.562117570778     
 WOCIVL440M10NH220/N_atom300E+10_Vexp800E+02_Vemit300E+03_tauD000E+00_Vran118E+0
 1                    
 Start
           0
 set_grid_done
 set_clumps_done
 Done
 TIME :    3.74209453095682       sec
          50 %           1   123.025371028576     
 	 100 %           1   246.514908057405     
 Time :   246.644410644425     
 WOCIVL440M10NH220/N_atom300E+10_Vexp900E+02_Vemit300E+03_tauD000E+00_Vran118E+0
 1                    
 Start
           0
 set_grid_done
 set_clumps_done
 Done
 TIME :    4.45335078774951       sec
          50 %           1   128.500528547214     
 	 100 %           1   253.569516504416     
 Time :   253.734193798387     
 WOCIVL440M10NH220/N_atom300E+10_Vexp100E+03_Vemit300E+03_tauD000E+00_Vran118E+0
 1                    
 Start
           0
 set_grid_done
 set_clumps_done
 Done
 TIME :    4.04865341493860       sec
          50 %           1   126.817472116789     
 	 100 %           1   249.523341765162     
 Time :   249.691931019304     
 WOCIVL440M10NH220/N_atom300E+10_Vexp200E+03_Vemit300E+03_tauD000E+00_Vran118E+0
 1                    
 Start
           0
 set_grid_done
 set_clumps_done
 Done
 TIME :    4.68723801639862       sec
          50 %           1   126.008196917130     
 	 100 %           1   243.281016462483     
 Time :   243.444925507298     
 WOCIVL440M10NH220/N_atom300E+10_Vexp300E+03_Vemit300E+03_tauD000E+00_Vran118E+0
 1                    
 Start
           0
 set_grid_done
 set_clumps_done
 Done
 TIME :    3.08514303015545       sec
          50 %           1   123.689707460813     
 	 100 %           1   246.122212396003     
 Time :   246.244392869761     
 WOCIVL440M10NH220/N_atom300E+10_Vexp500E+01_Vemit300E+03_tauD000E+00_Vran118E+0
 1                    
 Start
           0
 set_grid_done
 set_clumps_done
 Done
 TIME :    4.50065019819885       sec
          50 %           1   138.530878989026     
 	 100 %           1   272.200149120530     
 Time :   272.320555998478     
 WOCIVL440M10NH220/N_atom300E+10_Vexp100E+02_Vemit300E+03_tauD000E+00_Vran300E+0
 1                    
 Start
           0
 set_grid_done
 set_clumps_done
 Done
 TIME :    2.53293060022406       sec
          50 %           1   164.404621250229     
 	 100 %           1   326.063296456356     
 Time :   326.222779912408     
 WOCIVL440M10NH220/N_atom300E+10_Vexp200E+02_Vemit300E+03_tauD000E+00_Vran300E+0
 1                    
 Start
           0
 set_grid_done
 set_clumps_done
 Done
 TIME :    4.65654688770883       sec
          50 %           1   145.405979583971     
 	 100 %           1   261.515586285153     
 Time :   261.671833285596     
 WOCIVL440M10NH220/N_atom300E+10_Vexp300E+02_Vemit300E+03_tauD000E+00_Vran300E+0
 1                    
 Start
           0
 set_grid_done
 set_clumps_done
 Done
 TIME :    4.65376354684122       sec
          50 %           1   106.399529806105     
 	 100 %           1   245.177405475173     
 Time :   245.304568608757     
 WOCIVL440M10NH220/N_atom300E+10_Vexp400E+02_Vemit300E+03_tauD000E+00_Vran300E+0
 1                    
 Start
           0
 set_grid_done
 set_clumps_done
 Done
 TIME :    2.54075637343340       sec
          50 %           1   143.154589470709     
 	 100 %           1   281.203779482283     
 Time :   281.330167443492     
 WOCIVL440M10NH220/N_atom300E+10_Vexp500E+02_Vemit300E+03_tauD000E+00_Vran300E+0
 1                    
 Start
           0
 set_grid_done
 set_clumps_done
 Done
 TIME :    3.25862133759074       sec
          50 %           1   135.033926849952     
 	 100 %           1   268.820743803866     
 Time :   268.985918896971     
 WOCIVL440M10NH220/N_atom300E+10_Vexp600E+02_Vemit300E+03_tauD000E+00_Vran300E+0
 1                    
 Start
           0
 set_grid_done
 set_clumps_done
 Done
 TIME :    4.64544575545006       sec
          50 %           1   130.326499937102     
 	 100 %           1   264.297203413211     
 Time :   264.457962786313     
 WOCIVL440M10NH220/N_atom300E+10_Vexp700E+02_Vemit300E+03_tauD000E+00_Vran300E+0
 1                    
 Start
           0
 set_grid_done
 set_clumps_done
 Done
 TIME :    4.45457455632277       sec
          50 %           1   132.852429259103     
 	 100 %           1   259.477638962446     
 Time :   259.603506582091     
 WOCIVL440M10NH220/N_atom300E+10_Vexp800E+02_Vemit300E+03_tauD000E+00_Vran300E+0
 1                    
 Start
           0
 set_grid_done
 set_clumps_done
 Done
 TIME :    2.53620794299059       sec
          50 %           1   92.3083494384773     
 	 100 %           1   179.364188031526     
 Time :   179.530215593055     
 WOCIVL440M10NH220/N_atom300E+10_Vexp900E+02_Vemit300E+03_tauD000E+00_Vran300E+0
 1                    
 Start
           0
 set_grid_done
 set_clumps_done
 Done
 TIME :    4.49218077072874       sec
          50 %           1   90.7534050517716     
 	 100 %           1   176.340949103469     
 Time :   176.462855019374     
 WOCIVL440M10NH220/N_atom300E+10_Vexp100E+03_Vemit300E+03_tauD000E+00_Vran300E+0
 1                    
 Start
           0
 set_grid_done
 set_clumps_done
 Done
 TIME :    4.47136357892305       sec
          50 %           1   89.4105426082388     
 	 100 %           1   173.852042314364     
 Time :   173.973229083465     
 WOCIVL440M10NH220/N_atom300E+10_Vexp200E+03_Vemit300E+03_tauD000E+00_Vran300E+0
 1                    
 Start
           0
 set_grid_done
 set_clumps_done
 Done
 TIME :    2.52668992709368       sec
          50 %           1   84.1730568280909     
 	 100 %           1   166.324006645940     
 Time :   166.443599317688     
 WOCIVL440M10NH220/N_atom300E+10_Vexp300E+03_Vemit300E+03_tauD000E+00_Vran300E+0
 1                    
 Start
           0
 set_grid_done
 set_clumps_done
 Done
 TIME :    2.89784592366777       sec
          50 %           1   92.4770224404056     
 	 100 %           1   181.412670518970     
 Time :   181.538345334819     
 WOCIVL440M10NH220/N_atom300E+10_Vexp500E+01_Vemit300E+03_tauD000E+00_Vran300E+0
 1                    
 Start
           0
 set_grid_done
 set_clumps_done
 Done
 TIME :    2.53281192621216       sec
          50 %           1   269.522201525513     
 	 100 %           1   534.051936971024     
 Time :   534.171716595534     
 WOCIVL440M10NH220/N_atom300E+10_Vexp100E+02_Vemit300E+03_tauD000E+00_Vran500E+0
 1                    
 Start
           0
 set_grid_done
 set_clumps_done
 Done
 TIME :    2.53017906937748       sec
          50 %           1   250.183037042152     
 	 100 %           1   519.141825737897     
 Time :   519.269212443149     
 WOCIVL440M10NH220/N_atom300E+10_Vexp200E+02_Vemit300E+03_tauD000E+00_Vran500E+0
 1                    
 Start
           0
 set_grid_done
 set_clumps_done
 Done
 TIME :    2.57616020273417       sec
          50 %           1   224.107776536141     
 	 100 %           1   445.852402382297     
 Time :   445.982584862038     
 WOCIVL440M10NH220/N_atom300E+10_Vexp300E+02_Vemit300E+03_tauD000E+00_Vran500E+0
 1                    
 Start
           0
 set_grid_done
 set_clumps_done
 Done
 TIME :    2.53492758749053       sec
          50 %           1   186.093986533815     
 	 100 %           1   368.787186905509     
 Time :   368.913610433927     
 WOCIVL440M10NH220/N_atom300E+10_Vexp400E+02_Vemit300E+03_tauD000E+00_Vran500E+0
 1                    
 Start
           0
 set_grid_done
 set_clumps_done
 Done
 TIME :    3.69174072844908       sec
          50 %           1   160.396534364205     
 	 100 %           1   324.263491610065     
 Time :   324.430543574039     
 WOCIVL440M10NH220/N_atom300E+10_Vexp500E+02_Vemit300E+03_tauD000E+00_Vran500E+0
 1                    
 Start
           0
 set_grid_done
 set_clumps_done
 Done
 TIME :    4.51431632949971       sec
          50 %           1   131.949146714294     
 	 100 %           1   234.768437069608     
 Time :   234.933913110755     
 WOCIVL440M10NH220/N_atom300E+10_Vexp600E+02_Vemit300E+03_tauD000E+00_Vran500E+0
 1                    
 Start
           0
 set_grid_done
 set_clumps_done
 Done
 TIME :    4.50866880523972       sec
          50 %           1   102.817640182329     
 	 100 %           1   201.377624606015     
 Time :   201.537313018693     
 WOCIVL440M10NH220/N_atom300E+10_Vexp700E+02_Vemit300E+03_tauD000E+00_Vran500E+0
 1                    
 Start
           0
 set_grid_done
 set_clumps_done
 Done
 TIME :    4.68126476812176       sec
          50 %           1   97.5610569445416     
 	 100 %           1   205.373735569650     
 Time :   205.537011760753     
 WOCIVL440M10NH220/N_atom300E+10_Vexp800E+02_Vemit300E+03_tauD000E+00_Vran500E+0
 1                    
 Start
           0
 set_grid_done
 set_clumps_done
 Done
 TIME :    4.67650528927334       sec
          50 %           1   122.364008366130     
 	 100 %           1   216.117504818132     
 Time :   216.240361096803     
 WOCIVL440M10NH220/N_atom300E+10_Vexp900E+02_Vemit300E+03_tauD000E+00_Vran500E+0
 1                    
 Start
           0
 set_grid_done
 set_clumps_done
 Done
 TIME :    2.53590250667185       sec
          50 %           1   93.9153572928626     
 	 100 %           1   185.681557685602     
 Time :   185.804766769987     
 WOCIVL440M10NH220/N_atom300E+10_Vexp100E+03_Vemit300E+03_tauD000E+00_Vran500E+0
 1                    
 Start
           0
 set_grid_done
 set_clumps_done
 Done
 TIME :    2.53401583735831       sec
          50 %           1   92.7269821499940     
 	 100 %           1   183.698763940018     
 Time :   183.822314728750     
 WOCIVL440M10NH220/N_atom300E+10_Vexp200E+03_Vemit300E+03_tauD000E+00_Vran500E+0
 1                    
 Start
           0
 set_grid_done
 set_clumps_done
 Done
 TIME :    2.53486301563680       sec
          50 %           1   93.6707394907717     
 	 100 %           1   185.078836079687     
 Time :   185.199898845050     
 WOCIVL440M10NH220/N_atom300E+10_Vexp300E+03_Vemit300E+03_tauD000E+00_Vran500E+0
 1                    
 Start
           0
 set_grid_done
 set_clumps_done
 Done
 TIME :    2.53762735053897       sec
          50 %           1   99.8959593337495     
 	 100 %           1   195.943119908916     
 Time :   196.064126648474     
 WOCIVL440M10NH220/N_atom300E+10_Vexp500E+01_Vemit300E+03_tauD000E+00_Vran500E+0
 1                    
 Start
           0
 set_grid_done
 set_clumps_done
 Done
 TIME :    2.53901645122096       sec
          50 %           1   458.710581039544     
 	 100 %           1   914.846211518161     
 Time :   914.972487407969     
