nohup: ignoring input
 WOCIVL440M1NH220/N_atom300E+10_Vexp100E+02_Vemit100E+03_tauD000E+00_Vran118E+01
                      
 Start
           0
 set_grid_done
 set_clumps_done
 Done
 TIME :    4.61067369394004       sec
          50 %           1   475.183758365922     
 	 100 %           1   895.746084347833     
 Time :   895.906080425251     
 WOCIVL440M1NH220/N_atom300E+10_Vexp200E+02_Vemit100E+03_tauD000E+00_Vran118E+01
                      
 Start
           0
 set_grid_done
 set_clumps_done
 Done
 TIME :    4.38425200199708       sec
          50 %           1   425.807277815882     
 	 100 %           1   810.261325995438     
 Time :   810.381231932901     
 WOCIVL440M1NH220/N_atom300E+10_Vexp300E+02_Vemit100E+03_tauD000E+00_Vran118E+01
                      
 Start
           0
 set_grid_done
 set_clumps_done
 Done
 TIME :    3.51119142631069       sec
          50 %           1   419.153365756385     
 	 100 %           1   839.920194851235     
 Time :   840.081574278884     
 WOCIVL440M1NH220/N_atom300E+10_Vexp400E+02_Vemit100E+03_tauD000E+00_Vran118E+01
                      
 Start
           0
 set_grid_done
 set_clumps_done
 Done
 TIME :    4.69120581913739       sec
          50 %           1   407.906209408306     
 	 100 %           1   817.104341648053     
 Time :   817.256953898817     
 WOCIVL440M1NH220/N_atom300E+10_Vexp500E+02_Vemit100E+03_tauD000E+00_Vran118E+01
                      
 Start
           0
 set_grid_done
 set_clumps_done
 Done
 TIME :    4.52920552575961       sec
          50 %           1   364.835630851332     
 	 100 %           1   750.106636124197     
 Time :   750.265282104257     
 WOCIVL440M1NH220/N_atom300E+10_Vexp600E+02_Vemit100E+03_tauD000E+00_Vran118E+01
                      
 Start
           0
 set_grid_done
 set_clumps_done
 Done
 TIME :    4.26482440065593       sec
          50 %           1   392.212436455768     
 	 100 %           1   733.679341613315     
 Time :   733.828257021494     
 WOCIVL440M1NH220/N_atom300E+10_Vexp700E+02_Vemit100E+03_tauD000E+00_Vran118E+01
                      
 Start
           0
 set_grid_done
 set_clumps_done
 Done
 TIME :    4.66077594831586       sec
          50 %           1   415.876926000230     
 	 100 %           1   845.572476626374     
 Time :   845.737702068873     
 WOCIVL440M1NH220/N_atom300E+10_Vexp800E+02_Vemit100E+03_tauD000E+00_Vran118E+01
                      
 Start
           0
 set_grid_done
 set_clumps_done
 Done
 TIME :    4.69664849853143       sec
          50 %           1   406.190503359772     
 	 100 %           1   758.040364783257     
 Time :   758.159621982370     
 WOCIVL440M1NH220/N_atom300E+10_Vexp900E+02_Vemit100E+03_tauD000E+00_Vran118E+01
                      
 Start
           0
 set_grid_done
 set_clumps_done
 Done
 TIME :    2.59384782938287       sec
          50 %           1   364.676415332593     
 	 100 %           1   731.074665693566     
 Time :   731.234340461902     
 WOCIVL440M1NH220/N_atom300E+10_Vexp100E+03_Vemit100E+03_tauD000E+00_Vran118E+01
                      
 Start
           0
 set_grid_done
 set_clumps_done
 Done
 TIME :    3.96479662274942       sec
          50 %           1   348.345467573032     
 	 100 %           1   713.752158144955     
 Time :   713.910911668558     
 WOCIVL440M1NH220/N_atom300E+10_Vexp200E+03_Vemit100E+03_tauD000E+00_Vran118E+01
                      
 Start
           0
 set_grid_done
 set_clumps_done
 Done
 TIME :    3.32818544376642       sec
          50 %           1   443.204457789660     
 	 100 %           1   861.616679037921     
 Time :   861.740785712842     
 WOCIVL440M1NH220/N_atom300E+10_Vexp300E+03_Vemit100E+03_tauD000E+00_Vran118E+01
                      
 Start
           0
 set_grid_done
 set_clumps_done
 Done
 TIME :    4.15019408566877       sec
          50 %           1   424.431189666968     
 	 100 %           1   868.008498968091     
 Time :   868.177883439232     
 WOCIVL440M1NH220/N_atom300E+10_Vexp500E+01_Vemit100E+03_tauD000E+00_Vran118E+01
                      
 Start
           0
 set_grid_done
 set_clumps_done
 Done
 TIME :    3.09288051491603       sec
          50 %           1   588.324807228055     
 	 100 %           1   1183.19551090058     
 Time :   1183.35995776858     
 WOCIVL440M1NH220/N_atom300E+10_Vexp100E+02_Vemit100E+03_tauD000E+00_Vran300E+01
                      
 Start
           0
 set_grid_done
 set_clumps_done
 Done
 TIME :    4.79001606674865       sec
          50 %           1   642.901907246560     
 	 100 %           1   1273.81566637661     
 Time :   1273.99418951804     
 WOCIVL440M1NH220/N_atom300E+10_Vexp200E+02_Vemit100E+03_tauD000E+00_Vran300E+01
                      
 Start
           0
 set_grid_done
 set_clumps_done
 Done
 TIME :    5.05436801677570       sec
          50 %           1   525.998589432798     
 	 100 %           1   1042.86837027688     
 Time :   1043.02887350507     
 WOCIVL440M1NH220/N_atom300E+10_Vexp300E+02_Vemit100E+03_tauD000E+00_Vran300E+01
                      
 Start
           0
 set_grid_done
 set_clumps_done
 Done
 TIME :    4.79675448080525       sec
          50 %           1   495.878146816045     
 	 100 %           1   990.778197947424     
 Time :   990.945937953424     
 WOCIVL440M1NH220/N_atom300E+10_Vexp400E+02_Vemit100E+03_tauD000E+00_Vran300E+01
                      
 Start
           0
 set_grid_done
 set_clumps_done
 Done
 TIME :    4.76474557956681       sec
          50 %           1   489.228474969044     
 	 100 %           1   971.429737376049     
 Time :   971.591260816436     
 WOCIVL440M1NH220/N_atom300E+10_Vexp500E+02_Vemit100E+03_tauD000E+00_Vran300E+01
                      
 Start
           0
 set_grid_done
 set_clumps_done
 Done
 TIME :    4.79785477509722       sec
          50 %           1   479.229878593236     
 	 100 %           1   966.184007428121     
 Time :   966.358409874141     
 WOCIVL440M1NH220/N_atom300E+10_Vexp600E+02_Vemit100E+03_tauD000E+00_Vran300E+01
                      
 Start
           0
 set_grid_done
 set_clumps_done
 Done
 TIME :    4.78633369179443       sec
          50 %           1   463.249836815521     
 	 100 %           1   943.682332135271     
 Time :   943.851538659073     
 WOCIVL440M1NH220/N_atom300E+10_Vexp700E+02_Vemit100E+03_tauD000E+00_Vran300E+01
                      
 Start
           0
 set_grid_done
 set_clumps_done
 Done
 TIME :    2.78083777846768       sec
          50 %           1   468.998700978234     
 	 100 %           1   931.353298587259     
 Time :   931.519964909647     
 WOCIVL440M1NH220/N_atom300E+10_Vexp800E+02_Vemit100E+03_tauD000E+00_Vran300E+01
                      
 Start
           0
 set_grid_done
 set_clumps_done
 Done
 TIME :    4.79087486397475       sec
          50 %           1   469.658172931522     
 	 100 %           1   932.893474083394     
 Time :   933.061791122425     
 WOCIVL440M1NH220/N_atom300E+10_Vexp900E+02_Vemit100E+03_tauD000E+00_Vran300E+01
                      
 Start
           0
 set_grid_done
 set_clumps_done
 Done
 TIME :    4.76692522782832       sec
          50 %           1   466.381182441954     
 	 100 %           1   946.200755594298     
 Time :   946.381496967282     
 WOCIVL440M1NH220/N_atom300E+10_Vexp100E+03_Vemit100E+03_tauD000E+00_Vran300E+01
                      
 Start
           0
 set_grid_done
 set_clumps_done
 Done
 TIME :    5.02950179483742       sec
          50 %           1   485.133334426209     
 	 100 %           1   965.337185524404     
 Time :   965.498135007452     
 WOCIVL440M1NH220/N_atom300E+10_Vexp200E+03_Vemit100E+03_tauD000E+00_Vran300E+01
                      
 Start
           0
 set_grid_done
 set_clumps_done
 Done
 TIME :    4.77745089586824       sec
          50 %           1   536.886950826272     
 	 100 %           1   1076.44675115729     
 Time :   1076.61922637280     
 WOCIVL440M1NH220/N_atom300E+10_Vexp300E+03_Vemit100E+03_tauD000E+00_Vran300E+01
                      
 Start
           0
 set_grid_done
 set_clumps_done
 Done
 TIME :    4.79761516116560       sec
          50 %           1   446.183095023036     
 	 100 %           1   882.400656498969     
 Time :   882.561974199954     
 WOCIVL440M1NH220/N_atom300E+10_Vexp500E+01_Vemit100E+03_tauD000E+00_Vran300E+01
                      
 Start
           0
 set_grid_done
 set_clumps_done
 Done
 TIME :    4.78339786082506       sec
          50 %           1   947.203568148427     
 	 100 %           1   1840.93896445818     
 Time :   1841.10821650783     
 WOCIVL440M1NH220/N_atom300E+10_Vexp100E+02_Vemit100E+03_tauD000E+00_Vran500E+01
                      
 Start
           0
 set_grid_done
 set_clumps_done
 Done
 TIME :    4.79985197819769       sec
          50 %           1   854.714051106945     
 	 100 %           1   1673.16259208880     
 Time :   1673.32672678586     
 WOCIVL440M1NH220/N_atom300E+10_Vexp200E+02_Vemit100E+03_tauD000E+00_Vran500E+01
                      
 Start
           0
 set_grid_done
 set_clumps_done
 Done
 TIME :    4.73161490261555       sec
          50 %           1   573.936574601568     
 	 100 %           1   1159.62606377667     
 Time :   1159.80015274882     
 WOCIVL440M1NH220/N_atom300E+10_Vexp300E+02_Vemit100E+03_tauD000E+00_Vran500E+01
                      
 Start
           0
 set_grid_done
 set_clumps_done
 Done
 TIME :    4.76813724404201       sec
          50 %           1   519.910643856972     
 	 100 %           1   1047.22340640845     
 Time :   1047.39537043544     
 WOCIVL440M1NH220/N_atom300E+10_Vexp400E+02_Vemit100E+03_tauD000E+00_Vran500E+01
                      
 Start
           0
 set_grid_done
 set_clumps_done
 Done
 TIME :    4.74084355356172       sec
          50 %           1   472.825762230903     
 	 100 %           1   958.858971915208     
 Time :   959.021592764650     
 WOCIVL440M1NH220/N_atom300E+10_Vexp500E+02_Vemit100E+03_tauD000E+00_Vran500E+01
                      
 Start
           0
 set_grid_done
 set_clumps_done
 Done
 TIME :    4.74144960194826       sec
          50 %           1   438.909791352227     
 	 100 %           1   927.332962380722     
 Time :   927.511785711162     
 WOCIVL440M1NH220/N_atom300E+10_Vexp600E+02_Vemit100E+03_tauD000E+00_Vran500E+01
                      
 Start
           0
 set_grid_done
 set_clumps_done
 Done
 TIME :    4.83683364978060       sec
          50 %           1   495.109519068617     
 	 100 %           1   958.351472541690     
 Time :   958.514198469929     
 WOCIVL440M1NH220/N_atom300E+10_Vexp700E+02_Vemit100E+03_tauD000E+00_Vran500E+01
                      
 Start
           0
 set_grid_done
 set_clumps_done
 Done
 TIME :    4.75751049444079       sec
          50 %           1   448.307542546652     
 	 100 %           1   923.239617760293     
 Time :   923.412696108222     
 WOCIVL440M1NH220/N_atom300E+10_Vexp800E+02_Vemit100E+03_tauD000E+00_Vran500E+01
                      
 Start
           0
 set_grid_done
 set_clumps_done
 Done
 TIME :    4.75753845740110       sec
          50 %           1   513.539548593573     
 	 100 %           1   1006.82195870252     
 Time :   1006.98847101303     
 WOCIVL440M1NH220/N_atom300E+10_Vexp900E+02_Vemit100E+03_tauD000E+00_Vran500E+01
                      
 Start
           0
 set_grid_done
 set_clumps_done
 Done
 TIME :    4.73411206295714       sec
          50 %           1   534.804839977529     
 	 100 %           1   1047.11887765815     
 Time :   1047.29010439850     
 WOCIVL440M1NH220/N_atom300E+10_Vexp100E+03_Vemit100E+03_tauD000E+00_Vran500E+01
                      
 Start
           0
 set_grid_done
 set_clumps_done
 Done
 TIME :    4.63770501688123       sec
          50 %           1   540.475262585096     
 	 100 %           1   1083.71587574249     
 Time :   1083.88086927589     
 WOCIVL440M1NH220/N_atom300E+10_Vexp200E+03_Vemit100E+03_tauD000E+00_Vran500E+01
                      
 Start
           0
 set_grid_done
 set_clumps_done
 Done
 TIME :    4.63021794520319       sec
          50 %           1   522.716431606095     
 	 100 %           1   977.733666281682     
 Time :   977.891364546493     
 WOCIVL440M1NH220/N_atom300E+10_Vexp300E+03_Vemit100E+03_tauD000E+00_Vran500E+01
                      
 Start
           0
 set_grid_done
 set_clumps_done
 Done
 TIME :    2.59058655146509       sec
          50 %           1   408.185158217326     
 	 100 %           1   803.804283960257     
 Time :   803.967183727771     
 WOCIVL440M1NH220/N_atom300E+10_Vexp500E+01_Vemit100E+03_tauD000E+00_Vran500E+01
                      
 Start
           0
 set_grid_done
 set_clumps_done
 Done
 TIME :    2.78587612230331       sec
          50 %           1   1317.47852723440     
 	 100 %           1   2647.13374298252     
 Time :   2647.31839151680     
 WOCIVL440M1NH220/N_atom300E+10_Vexp100E+02_Vemit200E+03_tauD000E+00_Vran118E+01
                      
 Start
           0
 set_grid_done
 set_clumps_done
 Done
 TIME :    4.74563549086452       sec
          50 %           1   342.235327375587     
 	 100 %           1   678.646775583271     
 Time :   678.827090859413     
 WOCIVL440M1NH220/N_atom300E+10_Vexp200E+02_Vemit200E+03_tauD000E+00_Vran118E+01
                      
 Start
           0
 set_grid_done
 set_clumps_done
 Done
 TIME :    4.76441336004063       sec
          50 %           1   311.198188587558     
 	 100 %           1   634.512728787493     
 Time :   634.677450285293     
 WOCIVL440M1NH220/N_atom300E+10_Vexp300E+02_Vemit200E+03_tauD000E+00_Vran118E+01
                      
 Start
           0
 set_grid_done
 set_clumps_done
 Done
 TIME :    4.32795559475198       sec
          50 %           1   319.927250991110     
 	 100 %           1   629.661402775906     
 Time :   629.832264374942     
 WOCIVL440M1NH220/N_atom300E+10_Vexp400E+02_Vemit200E+03_tauD000E+00_Vran118E+01
                      
 Start
           0
 set_grid_done
 set_clumps_done
 Done
 TIME :    4.56189080839977       sec
          50 %           1   322.431173972785     
 	 100 %           1   653.400678742211     
 Time :   653.577702002600     
 WOCIVL440M1NH220/N_atom300E+10_Vexp500E+02_Vemit200E+03_tauD000E+00_Vran118E+01
                      
 Start
           0
 set_grid_done
 set_clumps_done
 Done
 TIME :    4.74856502981856       sec
          50 %           1   322.710247849580     
 	 100 %           1   641.283193763345     
 Time :   641.461816273164     
 WOCIVL440M1NH220/N_atom300E+10_Vexp600E+02_Vemit200E+03_tauD000E+00_Vran118E+01
                      
 Start
           0
 set_grid_done
 set_clumps_done
 Done
 TIME :    4.76564983185381       sec
          50 %           1   333.129108205438     
 	 100 %           1   645.702503121458     
 Time :   645.886981713586     
 WOCIVL440M1NH220/N_atom300E+10_Vexp700E+02_Vemit200E+03_tauD000E+00_Vran118E+01
                      
 Start
           0
 set_grid_done
 set_clumps_done
 Done
 TIME :    4.58162756450474       sec
          50 %           1   326.882624062710     
 	 100 %           1   599.976956640836     
 Time :   600.162701511756     
 WOCIVL440M1NH220/N_atom300E+10_Vexp800E+02_Vemit200E+03_tauD000E+00_Vran118E+01
                      
 Start
           0
 set_grid_done
 set_clumps_done
 Done
 TIME :    4.72357454244047       sec
          50 %           1   270.637634850573     
 	 100 %           1   569.354788938072     
 Time :   569.515435216483     
 WOCIVL440M1NH220/N_atom300E+10_Vexp900E+02_Vemit200E+03_tauD000E+00_Vran118E+01
                      
 Start
           0
 set_grid_done
 set_clumps_done
 Done
 TIME :    4.76947217248380       sec
          50 %           1   308.256842201110     
 	 100 %           1   616.819174506702     
 Time :   616.998403124511     
 WOCIVL440M1NH220/N_atom300E+10_Vexp100E+03_Vemit200E+03_tauD000E+00_Vran118E+01
                      
 Start
           0
 set_grid_done
 set_clumps_done
 Done
 TIME :    4.79351661773399       sec
          50 %           1   325.383499566466     
 	 100 %           1   655.285067702644     
 Time :   655.471591809765     
 WOCIVL440M1NH220/N_atom300E+10_Vexp200E+03_Vemit200E+03_tauD000E+00_Vran118E+01
                      
 Start
           0
 set_grid_done
 set_clumps_done
 Done
 TIME :    4.71550475666299       sec
          50 %           1   360.154931093100     
 	 100 %           1   726.696800148580     
 Time :   726.876602573320     
 WOCIVL440M1NH220/N_atom300E+10_Vexp300E+03_Vemit200E+03_tauD000E+00_Vran118E+01
                      
 Start
           0
 set_grid_done
 set_clumps_done
 Done
 TIME :    4.76969476416707       sec
          50 %           1   340.499722574372     
 	 100 %           1   678.404710128903     
 Time :   678.584416782018     
 WOCIVL440M1NH220/N_atom300E+10_Vexp500E+01_Vemit200E+03_tauD000E+00_Vran118E+01
                      
 Start
           0
 set_grid_done
 set_clumps_done
 Done
 TIME :    4.31848370283842       sec
          50 %           1   395.847583661322     
 	 100 %           1   779.478277729824     
 Time :   779.663145649713     
 WOCIVL440M1NH220/N_atom300E+10_Vexp100E+02_Vemit200E+03_tauD000E+00_Vran300E+01
                      
 Start
           0
 set_grid_done
 set_clumps_done
 Done
 TIME :    4.80611678538844       sec
          50 %           1   422.958078695927     
 	 100 %           1   830.993084913120     
 Time :   831.175641494803     
 WOCIVL440M1NH220/N_atom300E+10_Vexp200E+02_Vemit200E+03_tauD000E+00_Vran300E+01
                      
 Start
           0
 set_grid_done
 set_clumps_done
 Done
 TIME :    4.78817616170272       sec
          50 %           1   342.154549043626     
 	 100 %           1   689.187920041848     
 Time :   689.378573941533     
 WOCIVL440M1NH220/N_atom300E+10_Vexp300E+02_Vemit200E+03_tauD000E+00_Vran300E+01
                      
 Start
           0
 set_grid_done
 set_clumps_done
 Done
 TIME :    4.80653127050027       sec
          50 %           1   347.044460434001     
 	 100 %           1   683.733625828288     
 Time :   683.919607507996     
 WOCIVL440M1NH220/N_atom300E+10_Vexp400E+02_Vemit200E+03_tauD000E+00_Vran300E+01
                      
 Start
           0
 set_grid_done
 set_clumps_done
 Done
 TIME :    4.79653500532731       sec
          50 %           1   341.954227871727     
 	 100 %           1   826.235256205779     
 Time :   826.415726585779     
 WOCIVL440M1NH220/N_atom300E+10_Vexp500E+02_Vemit200E+03_tauD000E+00_Vran300E+01
                      
 Start
           0
 set_grid_done
 set_clumps_done
 Done
 TIME :    3.54755398491398       sec
          50 %           1   318.697114015464     
 	 100 %           1   636.908499254845     
 Time :   637.098712179344     
 WOCIVL440M1NH220/N_atom300E+10_Vexp600E+02_Vemit200E+03_tauD000E+00_Vran300E+01
                      
 Start
           0
 set_grid_done
 set_clumps_done
 Done
 TIME :    4.77654081210494       sec
          50 %           1   615.954575999640     
 	 100 %           1   1338.60872527258     
 Time :   1338.79784911405     
 WOCIVL440M1NH220/N_atom300E+10_Vexp700E+02_Vemit200E+03_tauD000E+00_Vran300E+01
                      
 Start
           0
 set_grid_done
 set_clumps_done
 Done
 TIME :    4.86420984612778       sec
          50 %           1   467.818959803320     
 	 100 %           1   796.320764674805     
 Time :   796.512032127008     
 WOCIVL440M1NH220/N_atom300E+10_Vexp800E+02_Vemit200E+03_tauD000E+00_Vran300E+01
                      
 Start
           0
 set_grid_done
 set_clumps_done
 Done
 TIME :    4.64852302847430       sec
          50 %           1   322.763714396395     
 	 100 %           1   645.292205418926     
 Time :   645.483408909757     
 WOCIVL440M1NH220/N_atom300E+10_Vexp900E+02_Vemit200E+03_tauD000E+00_Vran300E+01
                      
 Start
           0
 set_grid_done
 set_clumps_done
 Done
 TIME :    4.78702452033758       sec
          50 %           1   333.372347092722     
 	 100 %           1   649.508648955263     
 Time :   649.688624497969     
 WOCIVL440M1NH220/N_atom300E+10_Vexp100E+03_Vemit200E+03_tauD000E+00_Vran300E+01
                      
 Start
           0
 set_grid_done
 set_clumps_done
 Done
 TIME :    4.77652063407004       sec
          50 %           1   323.443129265215     
 	 100 %           1   655.821873539127     
 Time :   656.013116164133     
 WOCIVL440M1NH220/N_atom300E+10_Vexp200E+03_Vemit200E+03_tauD000E+00_Vran300E+01
                      
 Start
           0
 set_grid_done
 set_clumps_done
 Done
 TIME :    4.79404747346416       sec
          50 %           1   362.388623599894     
 	 100 %           1   727.249708256219     
 Time :   727.442765858956     
 WOCIVL440M1NH220/N_atom300E+10_Vexp300E+03_Vemit200E+03_tauD000E+00_Vran300E+01
                      
 Start
           0
 set_grid_done
 set_clumps_done
 Done
 TIME :    4.77511398913339       sec
          50 %           1   331.428179518320     
 	 100 %           1   654.612971266266     
 Time :   654.807485538535     
 WOCIVL440M1NH220/N_atom300E+10_Vexp500E+01_Vemit200E+03_tauD000E+00_Vran300E+01
                      
 Start
           0
 set_grid_done
 set_clumps_done
 Done
 TIME :    4.96944939251989       sec
          50 %           1   525.108352221083     
 	 100 %           1   1050.79734460032     
 Time :   1050.98967116838     
 WOCIVL440M1NH220/N_atom300E+10_Vexp100E+02_Vemit200E+03_tauD000E+00_Vran500E+01
                      
 Start
           0
 set_grid_done
 set_clumps_done
 Done
 TIME :    4.78494726587087       sec
          50 %           1   489.636998651084     
 	 100 %           1   975.305425026920     
 Time :   975.502482797019     
 WOCIVL440M1NH220/N_atom300E+10_Vexp200E+02_Vemit200E+03_tauD000E+00_Vran500E+01
                      
 Start
           0
 set_grid_done
 set_clumps_done
 Done
 TIME :    3.86257997248322       sec
          50 %           1   385.386447335593     
 	 100 %           1   755.250687210355     
 Time :   755.440087224822     
 WOCIVL440M1NH220/N_atom300E+10_Vexp300E+02_Vemit200E+03_tauD000E+00_Vran500E+01
                      
 Start
           0
 set_grid_done
 set_clumps_done
 Done
 TIME :    4.88015349674970       sec
          50 %           1   362.831876446493     
 	 100 %           1   673.800424355082     
 Time :   673.983096445445     
 WOCIVL440M1NH220/N_atom300E+10_Vexp400E+02_Vemit200E+03_tauD000E+00_Vran500E+01
                      
 Start
           0
 set_grid_done
 set_clumps_done
 Done
 TIME :    4.75562192685902       sec
          50 %           1   328.136171763297     
 	 100 %           1   667.919314149767     
 Time :   668.109589783009     
 WOCIVL440M1NH220/N_atom300E+10_Vexp500E+02_Vemit200E+03_tauD000E+00_Vran500E+01
                      
 Start
           0
 set_grid_done
 set_clumps_done
 Done
 TIME :    4.86550513003021       sec
          50 %           1   327.955477569718     
 	 100 %           1   642.215210875496     
 Time :   642.403863524552     
 WOCIVL440M1NH220/N_atom300E+10_Vexp600E+02_Vemit200E+03_tauD000E+00_Vran500E+01
                      
 Start
           0
 set_grid_done
 set_clumps_done
 Done
 TIME :    4.32654749741778       sec
          50 %           1   328.112450439949     
 	 100 %           1   666.716046630405     
 Time :   666.905284537934     
 WOCIVL440M1NH220/N_atom300E+10_Vexp700E+02_Vemit200E+03_tauD000E+00_Vran500E+01
                      
 Start
           0
 set_grid_done
 set_clumps_done
 Done
 TIME :    4.68480974342674       sec
          50 %           1   354.189438148402     
 	 100 %           1   681.689354436006     
 Time :   681.893365617376     
 WOCIVL440M1NH220/N_atom300E+10_Vexp800E+02_Vemit200E+03_tauD000E+00_Vran500E+01
                      
 Start
           0
 set_grid_done
 set_clumps_done
 Done
 TIME :    4.58116178214550       sec
          50 %           1   321.545336194802     
 	 100 %           1   579.041279768106     
 Time :   579.174669406842     
 WOCIVL440M1NH220/N_atom300E+10_Vexp900E+02_Vemit200E+03_tauD000E+00_Vran500E+01
                      
 Start
           0
 set_grid_done
 set_clumps_done
 Done
 TIME :    3.61591893294826       sec
          50 %           1   253.933944546618     
 	 100 %           1   538.369135594927     
 Time :   538.545033583883     
 WOCIVL440M1NH220/N_atom300E+10_Vexp100E+03_Vemit200E+03_tauD000E+00_Vran500E+01
                      
 Start
           0
 set_grid_done
 set_clumps_done
 Done
 TIME :    4.29808531375602       sec
          50 %           1   365.313061748631     
 	 100 %           1   720.594775282778     
 Time :   720.741245549172     
 WOCIVL440M1NH220/N_atom300E+10_Vexp200E+03_Vemit200E+03_tauD000E+00_Vran500E+01
                      
 Start
           0
 set_grid_done
 set_clumps_done
 Done
 TIME :    2.50670932000503       sec
          50 %           1   356.618334643543     
 	 100 %           1   627.804751326330     
 Time :   627.957632826641     
 WOCIVL440M1NH220/N_atom300E+10_Vexp300E+03_Vemit200E+03_tauD000E+00_Vran500E+01
                      
 Start
           0
 set_grid_done
 set_clumps_done
 Done
 TIME :    2.50900844484568       sec
          50 %           1   237.977550072130     
 	 100 %           1   463.503966843244     
 Time :   463.636996209621     
 WOCIVL440M1NH220/N_atom300E+10_Vexp500E+01_Vemit200E+03_tauD000E+00_Vran500E+01
                      
 Start
           0
 set_grid_done
 set_clumps_done
 Done
 TIME :    2.52527187159285       sec
          50 %           1   653.573040763382     
 	 100 %           1   1265.86875322321     
 Time :   1266.03324478585     
 WOCIVL440M1NH220/N_atom300E+10_Vexp100E+02_Vemit300E+03_tauD000E+00_Vran118E+01
                      
 Start
           0
 set_grid_done
 set_clumps_done
 Done
 TIME :    3.10910541890189       sec
          50 %           1   278.416224062443     
 	 100 %           1   549.522490693256     
 Time :   549.697086295113     
 WOCIVL440M1NH220/N_atom300E+10_Vexp200E+02_Vemit300E+03_tauD000E+00_Vran118E+01
                      
 Start
           0
 set_grid_done
 set_clumps_done
 Done
 TIME :    4.74599369894713       sec
          50 %           1   287.673022752162     
 	 100 %           1   551.313747891691     
 Time :   551.510338887572     
 WOCIVL440M1NH220/N_atom300E+10_Vexp300E+02_Vemit300E+03_tauD000E+00_Vran118E+01
                      
 Start
           0
 set_grid_done
 set_clumps_done
 Done
 TIME :    3.68150073895231       sec
          50 %           1   227.421566234436     
 	 100 %           1   487.670588043518     
 Time :   487.822760040406     
 WOCIVL440M1NH220/N_atom300E+10_Vexp400E+02_Vemit300E+03_tauD000E+00_Vran118E+01
                      
 Start
           0
 set_grid_done
 set_clumps_done
 Done
 TIME :    4.72038413910195       sec
          50 %           1   237.559385908768     
 	 100 %           1   451.455625717528     
 Time :   451.637362776790     
 WOCIVL440M1NH220/N_atom300E+10_Vexp500E+02_Vemit300E+03_tauD000E+00_Vran118E+01
                      
 Start
           0
 set_grid_done
 set_clumps_done
 Done
 TIME :    4.70398403378204       sec
          50 %           1   232.818338017911     
 	 100 %           1   497.260221735109     
 Time :   497.440648131538     
 WOCIVL440M1NH220/N_atom300E+10_Vexp600E+02_Vemit300E+03_tauD000E+00_Vran118E+01
                      
 Start
           0
 set_grid_done
 set_clumps_done
 Done
 TIME :    4.54264538316056       sec
          50 %           1   253.404094926547     
 	 100 %           1   456.273427356500     
 Time :   456.472946318332     
 WOCIVL440M1NH220/N_atom300E+10_Vexp700E+02_Vemit300E+03_tauD000E+00_Vran118E+01
                      
 Start
           0
 set_grid_done
 set_clumps_done
 Done
 TIME :    4.71176688605919       sec
          50 %           1   256.976000378374     
 	 100 %           1   481.225290815812     
 Time :   481.417850876227     
 WOCIVL440M1NH220/N_atom300E+10_Vexp800E+02_Vemit300E+03_tauD000E+00_Vran118E+01
                      
 Start
           0
 set_grid_done
 set_clumps_done
 Done
 TIME :    3.92284847376868       sec
          50 %           1   251.309067591093     
 	 100 %           1   457.816389139742     
 Time :   457.993510996923     
 WOCIVL440M1NH220/N_atom300E+10_Vexp900E+02_Vemit300E+03_tauD000E+00_Vran118E+01
                      
 Start
           0
 set_grid_done
 set_clumps_done
 Done
 TIME :    4.69367627846077       sec
          50 %           1   235.148916648235     
 	 100 %           1   458.107736374717     
 Time :   458.242373897228     
 WOCIVL440M1NH220/N_atom300E+10_Vexp100E+03_Vemit300E+03_tauD000E+00_Vran118E+01
                      
 Start
           0
 set_grid_done
 set_clumps_done
 Done
 TIME :    2.60115197487175       sec
          50 %           1   249.740369437728     
 	 100 %           1   475.882570807822     
 Time :   476.015888660681     
 WOCIVL440M1NH220/N_atom300E+10_Vexp200E+03_Vemit300E+03_tauD000E+00_Vran118E+01
                      
 Start
           0
 set_grid_done
 set_clumps_done
 Done
 TIME :    2.62548443581909       sec
          50 %           1   238.053231699392     
 	 100 %           1   466.819082649890     
 Time :   466.999453030527     
 WOCIVL440M1NH220/N_atom300E+10_Vexp300E+03_Vemit300E+03_tauD000E+00_Vran118E+01
                      
 Start
           0
 set_grid_done
 set_clumps_done
 Done
 TIME :    4.52181859267876       sec
          50 %           1   231.897201455664     
 	 100 %           1   453.414723662660     
 Time :   453.597930596676     
 WOCIVL440M1NH220/N_atom300E+10_Vexp500E+01_Vemit300E+03_tauD000E+00_Vran118E+01
                      
 Start
           0
 set_grid_done
 set_clumps_done
 Done
 TIME :    4.72464039130136       sec
          50 %           1   246.693753828295     
 	 100 %           1   510.378445450217     
 Time :   510.570356781594     
 WOCIVL440M1NH220/N_atom300E+10_Vexp100E+02_Vemit300E+03_tauD000E+00_Vran300E+01
                      
 Start
           0
 set_grid_done
 set_clumps_done
 Done
 TIME :    4.97228817967698       sec
          50 %           1   287.267803579103     
 	 100 %           1   617.428844723385     
 Time :   617.618891944177     
 WOCIVL440M1NH220/N_atom300E+10_Vexp200E+02_Vemit300E+03_tauD000E+00_Vran300E+01
                      
 Start
           0
 set_grid_done
 set_clumps_done
 Done
 TIME :    4.75230864109471       sec
          50 %           1   248.098804217763     
 	 100 %           1   500.252532669343     
 Time :   500.436409973074     
 WOCIVL440M1NH220/N_atom300E+10_Vexp300E+02_Vemit300E+03_tauD000E+00_Vran300E+01
                      
 Start
           0
 set_grid_done
 set_clumps_done
 Done
 TIME :    4.94590182835236       sec
          50 %           1   256.743676907383     
 	 100 %           1   503.926806258969     
 Time :   504.087980577722     
 WOCIVL440M1NH220/N_atom300E+10_Vexp400E+02_Vemit300E+03_tauD000E+00_Vran300E+01
                      
 Start
           0
 set_grid_done
 set_clumps_done
 Done
 TIME :    2.66568585578352       sec
          50 %           1   259.715645309072     
 	 100 %           1   520.342787149362     
 Time :   520.536498961505     
 WOCIVL440M1NH220/N_atom300E+10_Vexp500E+02_Vemit300E+03_tauD000E+00_Vran300E+01
                      
 Start
           0
 set_grid_done
 set_clumps_done
 Done
 TIME :    4.83948935987428       sec
          50 %           1   248.170274437871     
 	 100 %           1   440.640008728020     
 Time :   440.819542283658     
 WOCIVL440M1NH220/N_atom300E+10_Vexp600E+02_Vemit300E+03_tauD000E+00_Vran300E+01
                      
 Start
           0
 set_grid_done
 set_clumps_done
 Done
 TIME :    4.70347992889583       sec
          50 %           1   218.857558349613     
 	 100 %           1   448.624713767320     
 Time :   448.760825161822     
 WOCIVL440M1NH220/N_atom300E+10_Vexp700E+02_Vemit300E+03_tauD000E+00_Vran300E+01
                      
 Start
           0
 set_grid_done
 set_clumps_done
 Done
 TIME :    2.57259459095076       sec
          50 %           1   228.849627992138     
 	 100 %           1   432.418317876756     
 Time :   432.613964984659     
 WOCIVL440M1NH220/N_atom300E+10_Vexp800E+02_Vemit300E+03_tauD000E+00_Vran300E+01
                      
 Start
           0
 set_grid_done
 set_clumps_done
 Done
 TIME :    4.64140172954649       sec
          50 %           1   251.780378576368     
 	 100 %           1   528.236073812936     
 Time :   528.422619470395     
 WOCIVL440M1NH220/N_atom300E+10_Vexp900E+02_Vemit300E+03_tauD000E+00_Vran300E+01
                      
 Start
           0
 set_grid_done
 set_clumps_done
 Done
 TIME :    4.56334072491154       sec
          50 %           1   277.063925746363     
 	 100 %           1   551.322862937581     
 Time :   551.472861697897     
 WOCIVL440M1NH220/N_atom300E+10_Vexp100E+03_Vemit300E+03_tauD000E+00_Vran300E+01
                      
 Start
           0
 set_grid_done
 set_clumps_done
 Done
 TIME :    2.85043313726783       sec
          50 %           1   248.870576150715     
 	 100 %           1   459.251206855290     
 Time :   459.433736646082     
 WOCIVL440M1NH220/N_atom300E+10_Vexp200E+03_Vemit300E+03_tauD000E+00_Vran300E+01
                      
 Start
           0
 set_grid_done
 set_clumps_done
 Done
 TIME :    4.70818101381883       sec
          50 %           1   297.355556937400     
 	 100 %           1   541.742257046513     
 Time :   541.923349454999     
 WOCIVL440M1NH220/N_atom300E+10_Vexp300E+03_Vemit300E+03_tauD000E+00_Vran300E+01
                      
 Start
           0
 set_grid_done
 set_clumps_done
 Done
 TIME :    4.72851351788267       sec
          50 %           1   251.961257981136     
 	 100 %           1   467.879280183464     
 Time :   468.062706793193     
 WOCIVL440M1NH220/N_atom300E+10_Vexp500E+01_Vemit300E+03_tauD000E+00_Vran300E+01
                      
 Start
           0
 set_grid_done
 set_clumps_done
 Done
 TIME :    4.70558815263212       sec
          50 %           1   326.327031480148     
 	 100 %           1   679.903166148812     
 Time :   680.080775809940     
 WOCIVL440M1NH220/N_atom300E+10_Vexp100E+02_Vemit300E+03_tauD000E+00_Vran500E+01
                      
 Start
           0
 set_grid_done
 set_clumps_done
 Done
 TIME :    4.71069161919877       sec
          50 %           1   373.025547375437     
 	 100 %           1   692.578700804617     
 Time :   692.763539278414     
 WOCIVL440M1NH220/N_atom300E+10_Vexp200E+02_Vemit300E+03_tauD000E+00_Vran500E+01
                      
 Start
           0
 set_grid_done
 set_clumps_done
 Done
 TIME :    4.77218876825646       sec
          50 %           1   320.027238288429     
 	 100 %           1   604.303656306118     
 Time :   604.481963789091     
 WOCIVL440M1NH220/N_atom300E+10_Vexp300E+02_Vemit300E+03_tauD000E+00_Vran500E+01
                      
 Start
           0
 set_grid_done
 set_clumps_done
 Done
 TIME :    4.71384694613516       sec
          50 %           1   270.310500998516     
 	 100 %           1   521.566823328845     
 Time :   521.701828778721     
 WOCIVL440M1NH220/N_atom300E+10_Vexp400E+02_Vemit300E+03_tauD000E+00_Vran500E+01
                      
 Start
           0
 set_grid_done
 set_clumps_done
 Done
 TIME :    2.58410785952583       sec
          50 %           1   277.330980746541     
 	 100 %           1   520.510345601477     
 Time :   520.689731958322     
 WOCIVL440M1NH220/N_atom300E+10_Vexp500E+02_Vemit300E+03_tauD000E+00_Vran500E+01
                      
 Start
           0
 set_grid_done
 set_clumps_done
 Done
 TIME :    4.68548592459410       sec
          50 %           1   238.272127235308     
 	 100 %           1   484.503563113045     
 Time :   484.676444488112     
 WOCIVL440M1NH220/N_atom300E+10_Vexp600E+02_Vemit300E+03_tauD000E+00_Vran500E+01
                      
 Start
           0
 set_grid_done
 set_clumps_done
 Done
 TIME :    4.71066702250391       sec
          50 %           1   250.896472166292     
 	 100 %           1   465.423269807827     
 Time :   465.598568391521     
 WOCIVL440M1NH220/N_atom300E+10_Vexp700E+02_Vemit300E+03_tauD000E+00_Vran500E+01
                      
 Start
           0
 set_grid_done
 set_clumps_done
 Done
 TIME :    4.84674532478675       sec
          50 %           1   210.236952276435     
 	 100 %           1   460.141656269319     
 Time :   460.329757333267     
 WOCIVL440M1NH220/N_atom300E+10_Vexp800E+02_Vemit300E+03_tauD000E+00_Vran500E+01
                      
 Start
           0
 set_grid_done
 set_clumps_done
 Done
 TIME :    4.97695939801633       sec
          50 %           1   246.730425963178     
 	 100 %           1   525.138408995233     
 Time :   525.319406884257     
 WOCIVL440M1NH220/N_atom300E+10_Vexp900E+02_Vemit300E+03_tauD000E+00_Vran500E+01
                      
 Start
           0
 set_grid_done
 set_clumps_done
 Done
 TIME :    4.70866142399609       sec
          50 %           1   273.799790788442     
 	 100 %           1   521.608621754218     
 Time :   521.790514338296     
 WOCIVL440M1NH220/N_atom300E+10_Vexp100E+03_Vemit300E+03_tauD000E+00_Vran500E+01
                      
 Start
           0
 set_grid_done
 set_clumps_done
 Done
 TIME :    4.72012809384614       sec
          50 %           1   298.780758507550     
 	 100 %           1   573.548873832449     
 Time :   573.714325773995     
 WOCIVL440M1NH220/N_atom300E+10_Vexp200E+03_Vemit300E+03_tauD000E+00_Vran500E+01
                      
 Start
           0
 set_grid_done
 set_clumps_done
 Done
 TIME :    2.59801223734394       sec
          50 %           1   239.350596108474     
 	 100 %           1   505.690675689373     
 Time :   505.833334906958     
 WOCIVL440M1NH220/N_atom300E+10_Vexp300E+03_Vemit300E+03_tauD000E+00_Vran500E+01
                      
 Start
           0
 set_grid_done
 set_clumps_done
 Done
 TIME :    2.60478152986616       sec
          50 %           1   286.901738001965     
 	 100 %           1   560.152999407146     
 Time :   560.336844800040     
 WOCIVL440M1NH220/N_atom300E+10_Vexp500E+01_Vemit300E+03_tauD000E+00_Vran500E+01
                      
 Start
           0
 set_grid_done
 set_clumps_done
 Done
 TIME :    4.53128072619438       sec
          50 %           1   554.997605655808     
 	 100 %           1   1121.32555799000     
 Time :   1121.46061952598     
