nohup: ignoring input
 WOCIVL440M0001NH220/N_atom300E+10_Vexp100E+02_Vemit100E+03_tauD000E+00_Vran118E
 +01                  
 Start
           0
 set_grid_done
 set_clumps_done
 Done
 TIME :    3.51967935799621       sec
          50 %           3   119.778668157523     
 	 100 %           4   238.338786330307     
 Time :   238.489037051331     
 WOCIVL440M0001NH220/N_atom300E+10_Vexp200E+02_Vemit100E+03_tauD000E+00_Vran118E
 +01                  
 Start
           0
 set_grid_done
 set_clumps_done
 Done
 TIME :    3.57331412751228       sec
          50 %           3   126.455720982747     
 	 100 %           1   233.665899117012     
 Time :   233.802574585658     
 WOCIVL440M0001NH220/N_atom300E+10_Vexp300E+02_Vemit100E+03_tauD000E+00_Vran118E
 +01                  
 Start
           0
 set_grid_done
 set_clumps_done
 Done
 TIME :    3.38713993132114       sec
          50 %           1   122.814189378405     
 	 100 %           2   240.539103636984     
 Time :   240.680051986128     
 WOCIVL440M0001NH220/N_atom300E+10_Vexp400E+02_Vemit100E+03_tauD000E+00_Vran118E
 +01                  
 Start
           0
 set_grid_done
 set_clumps_done
 Done
 TIME :    3.56513257534243       sec
          50 %           2   118.560569476336     
 	 100 %           1   231.809313244885     
 Time :   231.959138671635     
 WOCIVL440M0001NH220/N_atom300E+10_Vexp500E+02_Vemit100E+03_tauD000E+00_Vran118E
 +01                  
 Start
           0
 set_grid_done
 set_clumps_done
 Done
 TIME :    3.59997747093439       sec
          50 %           3   124.651517361635     
 	 100 %           4   243.758186383406     
 Time :   243.912391853286     
 WOCIVL440M0001NH220/N_atom300E+10_Vexp600E+02_Vemit100E+03_tauD000E+00_Vran118E
 +01                  
 Start
           0
 set_grid_done
 set_clumps_done
 Done
 TIME :    3.59894101088867       sec
          50 %           1   107.727779185632     
 	 100 %           2   217.293010809924     
 Time :   217.446147859097     
 WOCIVL440M0001NH220/N_atom300E+10_Vexp700E+02_Vemit100E+03_tauD000E+00_Vran118E
 +01                  
 Start
           0
 set_grid_done
 set_clumps_done
 Done
 TIME :    3.61159850773402       sec
          50 %           4   110.688305813354     
 	 100 %           3   226.179982329253     
 Time :   226.326893033925     
 WOCIVL440M0001NH220/N_atom300E+10_Vexp800E+02_Vemit100E+03_tauD000E+00_Vran118E
 +01                  
 Start
           0
 set_grid_done
 set_clumps_done
 Done
 TIME :    3.58895890344866       sec
          50 %           1   122.455539270770     
 	 100 %           3   237.907604106469     
 Time :   238.057184830308     
 WOCIVL440M0001NH220/N_atom300E+10_Vexp900E+02_Vemit100E+03_tauD000E+00_Vran118E
 +01                  
 Start
           0
 set_grid_done
 set_clumps_done
 Done
 TIME :    3.59490066999570       sec
          50 %           1   124.314951126929     
 	 100 %           4   243.936481659766     
 Time :   244.083690488013     
 WOCIVL440M0001NH220/N_atom300E+10_Vexp100E+03_Vemit100E+03_tauD000E+00_Vran118E
 +01                  
 Start
           0
 set_grid_done
 set_clumps_done
 Done
 TIME :    3.60043207067065       sec
          50 %           1   129.342764175264     
 	 100 %           1   254.124693219783     
 Time :   254.282448041951     
 WOCIVL440M0001NH220/N_atom300E+10_Vexp200E+03_Vemit100E+03_tauD000E+00_Vran118E
 +01                  
 Start
           0
 set_grid_done
 set_clumps_done
 Done
 TIME :    3.16716287005693       sec
          50 %           3   119.028312811628     
 	 100 %           2   247.896996186813     
 Time :   248.073058199836     
 WOCIVL440M0001NH220/N_atom300E+10_Vexp300E+03_Vemit100E+03_tauD000E+00_Vran118E
 +01                  
 Start
           0
 set_grid_done
 set_clumps_done
 Done
 TIME :    6.01453247503377       sec
          50 %           4   118.194879174931     
 	 100 %           4   222.744739890564     
 Time :   222.895263798069     
 WOCIVL440M0001NH220/N_atom300E+10_Vexp500E+01_Vemit100E+03_tauD000E+00_Vran118E
 +01                  
 Start
           0
 set_grid_done
 set_clumps_done
 Done
 TIME :    3.60864550317638       sec
          50 %           4   133.007091518957     
 	 100 %           2   261.062120292103     
 Time :   261.210496698506     
 WOCIVL440M0001NH220/N_atom300E+10_Vexp100E+02_Vemit100E+03_tauD000E+00_Vran300E
 +01                  
 Start
           0
 set_grid_done
 set_clumps_done
 Done
 TIME :    3.59961792104878       sec
          50 %           2   135.780861038016     
 	 100 %           3   268.507791911718     
 Time :   268.646299224580     
 WOCIVL440M0001NH220/N_atom300E+10_Vexp200E+02_Vemit100E+03_tauD000E+00_Vran300E
 +01                  
 Start
           0
 set_grid_done
 set_clumps_done
 Done
 TIME :    3.62391913728788       sec
          50 %           3   127.386139969341     
 	 100 %           2   242.265769565711     
 Time :   242.414290665882     
 WOCIVL440M0001NH220/N_atom300E+10_Vexp300E+02_Vemit100E+03_tauD000E+00_Vran300E
 +01                  
 Start
           0
 set_grid_done
 set_clumps_done
 Done
 TIME :    3.59418716072105       sec
          50 %           2   120.019015541300     
 	 100 %           2   230.071063680109     
 Time :   230.222997293575     
 WOCIVL440M0001NH220/N_atom300E+10_Vexp400E+02_Vemit100E+03_tauD000E+00_Vran300E
 +01                  
 Start
           0
 set_grid_done
 set_clumps_done
 Done
 TIME :    3.60972018539906       sec
          50 %           1   113.753823040053     
 	 100 %           1   222.024207954062     
 Time :   222.172053346178     
 WOCIVL440M0001NH220/N_atom300E+10_Vexp500E+02_Vemit100E+03_tauD000E+00_Vran300E
 +01                  
 Start
           0
 set_grid_done
 set_clumps_done
 Done
 TIME :    2.89908511494286       sec
          50 %           3   111.669200054370     
 	 100 %           4   227.061664238339     
 Time :   227.210133069661     
 WOCIVL440M0001NH220/N_atom300E+10_Vexp600E+02_Vemit100E+03_tauD000E+00_Vran300E
 +01                  
 Start
           0
 set_grid_done
 set_clumps_done
 Done
 TIME :    3.61645739618689       sec
          50 %           4   120.001451014774     
 	 100 %           1   229.952242235420     
 Time :   230.103224169230     
 WOCIVL440M0001NH220/N_atom300E+10_Vexp700E+02_Vemit100E+03_tauD000E+00_Vran300E
 +01                  
 Start
           0
 set_grid_done
 set_clumps_done
 Done
 TIME :    3.61093272874132       sec
          50 %           4   116.969760558568     
 	 100 %           4   229.681406835560     
 Time :   229.827233089367     
 WOCIVL440M0001NH220/N_atom300E+10_Vexp800E+02_Vemit100E+03_tauD000E+00_Vran300E
 +01                  
 Start
           0
 set_grid_done
 set_clumps_done
 Done
 TIME :    3.60438586771488       sec
          50 %           3   128.030887970235     
 	 100 %           1   242.681124959374     
 Time :   242.827876503114     
 WOCIVL440M0001NH220/N_atom300E+10_Vexp900E+02_Vemit100E+03_tauD000E+00_Vran300E
 +01                  
 Start
           0
 set_grid_done
 set_clumps_done
 Done
 TIME :    3.58595757791772       sec
          50 %           4   135.407166980673     
 	 100 %           4   259.234353490174     
 Time :   259.386540533043     
 WOCIVL440M0001NH220/N_atom300E+10_Vexp100E+03_Vemit100E+03_tauD000E+00_Vran300E
 +01                  
 Start
           0
 set_grid_done
 set_clumps_done
 Done
 TIME :    3.60509607079439       sec
          50 %           3   135.053867622046     
 	 100 %           2   258.869082762394     
 Time :   259.023764532758     
 WOCIVL440M0001NH220/N_atom300E+10_Vexp200E+03_Vemit100E+03_tauD000E+00_Vran300E
 +01                  
 Start
           0
 set_grid_done
 set_clumps_done
 Done
 TIME :    3.60558243049309       sec
          50 %           4   120.909920542501     
 	 100 %           1   235.469708672957     
 Time :   235.630547036417     
 WOCIVL440M0001NH220/N_atom300E+10_Vexp300E+03_Vemit100E+03_tauD000E+00_Vran300E
 +01                  
 Start
           0
 set_grid_done
 set_clumps_done
 Done
 TIME :    3.60248065483756       sec
          50 %           2   144.323448738782     
 	 100 %           4   229.790083184605     
 Time :   229.939056970645     
 WOCIVL440M0001NH220/N_atom300E+10_Vexp500E+01_Vemit100E+03_tauD000E+00_Vran300E
 +01                  
 Start
           0
 set_grid_done
 set_clumps_done
 Done
 TIME :    3.59872485208325       sec
          50 %           4   176.396419591736     
 	 100 %           2   350.649204500020     
 Time :   350.805764653021     
 WOCIVL440M0001NH220/N_atom300E+10_Vexp100E+02_Vemit100E+03_tauD000E+00_Vran500E
 +01                  
 Start
           0
 set_grid_done
 set_clumps_done
 Done
 TIME :    3.61711372761056       sec
          50 %           3   166.950534394244     
 	 100 %           2   339.266177059384     
 Time :   339.425911915954     
 WOCIVL440M0001NH220/N_atom300E+10_Vexp200E+02_Vemit100E+03_tauD000E+00_Vran500E
 +01                  
 Start
           0
 set_grid_done
 set_clumps_done
 Done
 TIME :    3.63037516642362       sec
          50 %           1   136.088171235984     
 	 100 %           2   268.375345821260     
 Time :   268.533622179646     
 WOCIVL440M0001NH220/N_atom300E+10_Vexp300E+02_Vemit100E+03_tauD000E+00_Vran500E
 +01                  
 Start
           0
 set_grid_done
 set_clumps_done
 Done
 TIME :    3.59662575251423       sec
          50 %           1   124.309415769065     
 	 100 %           4   239.933206958696     
 Time :   240.080481361132     
 WOCIVL440M0001NH220/N_atom300E+10_Vexp400E+02_Vemit100E+03_tauD000E+00_Vran500E
 +01                  
 Start
           0
 set_grid_done
 set_clumps_done
 Done
 TIME :    3.53037448367104       sec
          50 %           2   127.238669275772     
 	 100 %           2   244.207375450293     
 Time :   244.362888212316     
 WOCIVL440M0001NH220/N_atom300E+10_Vexp500E+02_Vemit100E+03_tauD000E+00_Vran500E
 +01                  
 Start
           0
 set_grid_done
 set_clumps_done
 Done
 TIME :    3.60133460746147       sec
          50 %           3   126.108830734389     
 	 100 %           4   249.179400907829     
 Time :   249.338146733819     
 WOCIVL440M0001NH220/N_atom300E+10_Vexp600E+02_Vemit100E+03_tauD000E+00_Vran500E
 +01                  
 Start
           0
 set_grid_done
 set_clumps_done
 Done
 TIME :    3.60689336969517       sec
          50 %           2   135.344236401841     
 	 100 %           1   261.135018761270     
 Time :   261.274313873844     
 WOCIVL440M0001NH220/N_atom300E+10_Vexp700E+02_Vemit100E+03_tauD000E+00_Vran500E
 +01                  
 Start
           0
 set_grid_done
 set_clumps_done
 Done
 TIME :    3.61476648855023       sec
          50 %           4   137.851001625881     
 	 100 %           2   276.678454981418     
 Time :   276.831344201928     
 WOCIVL440M0001NH220/N_atom300E+10_Vexp800E+02_Vemit100E+03_tauD000E+00_Vran500E
 +01                  
 Start
           0
 set_grid_done
 set_clumps_done
 Done
 TIME :    3.65024261781946       sec
          50 %           1   136.438595898217     
 	 100 %           1   277.862279646564     
 Time :   278.028560742736     
 WOCIVL440M0001NH220/N_atom300E+10_Vexp900E+02_Vemit100E+03_tauD000E+00_Vran500E
 +01                  
 Start
           0
 set_grid_done
 set_clumps_done
 Done
 TIME :    3.60433853813447       sec
          50 %           4   142.423272252083     
 	 100 %           3   273.430030346150     
 Time :   273.596411291277     
 WOCIVL440M0001NH220/N_atom300E+10_Vexp100E+03_Vemit100E+03_tauD000E+00_Vran500E
 +01                  
 Start
           0
 set_grid_done
 set_clumps_done
 Done
 TIME :    3.62564407940954       sec
          50 %           3   171.395843732404     
 	 100 %           2   312.864823239855     
 Time :   313.042340474902     
 WOCIVL440M0001NH220/N_atom300E+10_Vexp200E+03_Vemit100E+03_tauD000E+00_Vran500E
 +01                  
 Start
           0
 set_grid_done
 set_clumps_done
 Done
 TIME :    3.61590591352433       sec
          50 %           4   116.866711591370     
 	 100 %           1   217.877036608290     
 Time :   218.037098272704     
 WOCIVL440M0001NH220/N_atom300E+10_Vexp300E+03_Vemit100E+03_tauD000E+00_Vran500E
 +01                  
 Start
           0
 set_grid_done
 set_clumps_done
 Done
 TIME :    3.63687179237604       sec
          50 %           3   96.2166472349782     
 	 100 %           4   182.100197625579     
 Time :   182.250036718091     
 WOCIVL440M0001NH220/N_atom300E+10_Vexp500E+01_Vemit100E+03_tauD000E+00_Vran500E
 +01                  
 Start
           0
 set_grid_done
 set_clumps_done
 Done
 TIME :    3.63395276200026       sec
          50 %           4   246.983899007551     
 	 100 %           4   497.916039442178     
 Time :   498.066144577926     
 WOCIVL440M0001NH220/N_atom300E+10_Vexp100E+02_Vemit200E+03_tauD000E+00_Vran118E
 +01                  
 Start
           0
 set_grid_done
 set_clumps_done
 Done
 TIME :    3.57762311631814       sec
          50 %           3   91.4487422921229     
 	 100 %           3   172.759606971405     
 Time :   172.927001773845     
 WOCIVL440M0001NH220/N_atom300E+10_Vexp200E+02_Vemit200E+03_tauD000E+00_Vran118E
 +01                  
 Start
           0
 set_grid_done
 set_clumps_done
 Done
 TIME :    3.61559988488443       sec
          50 %           3   91.0224529814441     
 	 100 %           3   220.507247101050     
 Time :   220.654622674920     
 WOCIVL440M0001NH220/N_atom300E+10_Vexp300E+02_Vemit200E+03_tauD000E+00_Vran118E
 +01                  
 Start
           0
 set_grid_done
 set_clumps_done
 Done
 TIME :    3.05065214517526       sec
          50 %           1   84.2883737927768     
 	 100 %           3   167.659067900386     
 Time :   167.810648055514     
 WOCIVL440M0001NH220/N_atom300E+10_Vexp400E+02_Vemit200E+03_tauD000E+00_Vran118E
 +01                  
 Start
           0
 set_grid_done
 set_clumps_done
 Done
 TIME :    2.97752996277995       sec
          50 %           3   86.3329895201605     
 	 100 %           2   168.949795911554     
 Time :   169.107695878251     
 WOCIVL440M0001NH220/N_atom300E+10_Vexp500E+02_Vemit200E+03_tauD000E+00_Vran118E
 +01                  
 Start
           0
 set_grid_done
 set_clumps_done
 Done
 TIME :    3.61589894024655       sec
          50 %           3   83.2834026296623     
 	 100 %           4   211.056861322140     
 Time :   211.217735112645     
 WOCIVL440M0001NH220/N_atom300E+10_Vexp600E+02_Vemit200E+03_tauD000E+00_Vran118E
 +01                  
 Start
           0
 set_grid_done
 set_clumps_done
 Done
 TIME :    3.59797417232767       sec
          50 %           1   90.2687983759679     
 	 100 %           4   176.378040003823     
 Time :   176.527780500008     
 WOCIVL440M0001NH220/N_atom300E+10_Vexp700E+02_Vemit200E+03_tauD000E+00_Vran118E
 +01                  
 Start
           0
 set_grid_done
 set_clumps_done
 Done
 TIME :    2.01531400461681       sec
          50 %           2   88.9494946347550     
 	 100 %           1   181.844584542327     
 Time :   182.012651936617     
 WOCIVL440M0001NH220/N_atom300E+10_Vexp800E+02_Vemit200E+03_tauD000E+00_Vran118E
 +01                  
 Start
           0
 set_grid_done
 set_clumps_done
 Done
 TIME :    3.61155417375267       sec
          50 %           3   92.8908028001897     
 	 100 %           3   176.342193524120     
 Time :   176.505687419325     
 WOCIVL440M0001NH220/N_atom300E+10_Vexp900E+02_Vemit200E+03_tauD000E+00_Vran118E
 +01                  
 Start
           0
 set_grid_done
 set_clumps_done
 Done
 TIME :    3.61369148571976       sec
          50 %           4   97.4025584559422     
 	 100 %           4   185.456207005307     
 Time :   185.619625638239     
 WOCIVL440M0001NH220/N_atom300E+10_Vexp100E+03_Vemit200E+03_tauD000E+00_Vran118E
 +01                  
 Start
           0
 set_grid_done
 set_clumps_done
 Done
 TIME :    3.61638628179207       sec
          50 %           4   142.891716402490     
 	 100 %           3   228.628802733030     
 Time :   228.784497739747     
 WOCIVL440M0001NH220/N_atom300E+10_Vexp200E+03_Vemit200E+03_tauD000E+00_Vran118E
 +01                  
 Start
           0
 set_grid_done
 set_clumps_done
 Done
 TIME :    3.52481056191027       sec
          50 %           4   82.5630971412174     
 	 100 %           3   163.385885523632     
 Time :   163.535341110779     
 WOCIVL440M0001NH220/N_atom300E+10_Vexp300E+03_Vemit200E+03_tauD000E+00_Vran118E
 +01                  
 Start
           0
 set_grid_done
 set_clumps_done
 Done
 TIME :    3.49888163735159       sec
          50 %           3   73.4798319383990     
 	 100 %           2   142.655648020562     
 Time :   142.801336664241     
 WOCIVL440M0001NH220/N_atom300E+10_Vexp500E+01_Vemit200E+03_tauD000E+00_Vran118E
 +01                  
 Start
           0
 set_grid_done
 set_clumps_done
 Done
 TIME :    1.99651063536294       sec
          50 %           4   81.1369762667455     
 	 100 %           4   164.538581140107     
 Time :   164.676518785767     
 WOCIVL440M0001NH220/N_atom300E+10_Vexp100E+02_Vemit200E+03_tauD000E+00_Vran300E
 +01                  
 Start
           0
 set_grid_done
 set_clumps_done
 Done
 TIME :    1.99672197503969       sec
          50 %           2   79.1020406754687     
 	 100 %           3   157.050514115952     
 Time :   157.193448410835     
 WOCIVL440M0001NH220/N_atom300E+10_Vexp200E+02_Vemit200E+03_tauD000E+00_Vran300E
 +01                  
 Start
           0
 set_grid_done
 set_clumps_done
 Done
 TIME :    2.00711460877210       sec
          50 %           1   75.7690576910973     
 	 100 %           3   155.668253496289     
 Time :   155.813804890262     
 WOCIVL440M0001NH220/N_atom300E+10_Vexp300E+02_Vemit200E+03_tauD000E+00_Vran300E
 +01                  
 Start
           0
 set_grid_done
 set_clumps_done
 Done
 TIME :    3.25598239782266       sec
          50 %           1   74.8289922319818     
 	 100 %           2   152.447051792871     
 Time :   152.594207921531     
 WOCIVL440M0001NH220/N_atom300E+10_Vexp400E+02_Vemit200E+03_tauD000E+00_Vran300E
 +01                  
 Start
           0
 set_grid_done
 set_clumps_done
 Done
 TIME :    1.99999313103035       sec
          50 %           4   77.3839007101487     
 	 100 %           4   153.788281348068     
 Time :   153.944647904718     
 WOCIVL440M0001NH220/N_atom300E+10_Vexp500E+02_Vemit200E+03_tauD000E+00_Vran300E
 +01                  
 Start
           0
 set_grid_done
 set_clumps_done
 Done
 TIME :    2.00419771252200       sec
          50 %           1   77.4152344758622     
 	 100 %           4   149.636482992209     
 Time :   149.765870839125     
 WOCIVL440M0001NH220/N_atom300E+10_Vexp600E+02_Vemit200E+03_tauD000E+00_Vran300E
 +01                  
 Start
           0
 set_grid_done
 set_clumps_done
 Done
 TIME :    1.99863366037607       sec
          50 %           2   68.6767141043674     
 	 100 %           4   133.453721185680     
 Time :   133.588103938615     
 WOCIVL440M0001NH220/N_atom300E+10_Vexp700E+02_Vemit200E+03_tauD000E+00_Vran300E
 +01                  
 Start
           0
 set_grid_done
 set_clumps_done
 Done
 TIME :    1.96343562682159       sec
          50 %           3   68.0119746574201     
 	 100 %           3   133.870037856977     
 Time :   134.002243983559     
 WOCIVL440M0001NH220/N_atom300E+10_Vexp800E+02_Vemit200E+03_tauD000E+00_Vran300E
 +01                  
 Start
           0
 set_grid_done
 set_clumps_done
 Done
 TIME :    1.94151811837219       sec
          50 %           2   70.6818408838008     
 	 100 %           4   139.504797489149     
 Time :   139.637922192924     
 WOCIVL440M0001NH220/N_atom300E+10_Vexp900E+02_Vemit200E+03_tauD000E+00_Vran300E
 +01                  
 Start
           0
 set_grid_done
 set_clumps_done
 Done
 TIME :    1.94694933947176       sec
          50 %           1   72.7792432869319     
 	 100 %           4   143.548698048573     
 Time :   143.677888702368     
 WOCIVL440M0001NH220/N_atom300E+10_Vexp100E+03_Vemit200E+03_tauD000E+00_Vran300E
 +01                  
 Start
           0
 set_grid_done
 set_clumps_done
 Done
 TIME :    1.93829338019714       sec
          50 %           3   73.2022444696631     
 	 100 %           4   144.606259796303     
 Time :   144.739167990629     
 WOCIVL440M0001NH220/N_atom300E+10_Vexp200E+03_Vemit200E+03_tauD000E+00_Vran300E
 +01                  
 Start
           0
 set_grid_done
 set_clumps_done
 Done
 TIME :    1.94300001068041       sec
          50 %           4   68.5912603917532     
 	 100 %           4   135.257560668280     
 Time :   135.390300143510     
 WOCIVL440M0001NH220/N_atom300E+10_Vexp300E+03_Vemit200E+03_tauD000E+00_Vran300E
 +01                  
 Start
           0
 set_grid_done
 set_clumps_done
 Done
 TIME :    1.93785257637501       sec
          50 %           4   64.4441512336489     
 	 100 %           4   126.956887064036     
 Time :   127.087476543384     
 WOCIVL440M0001NH220/N_atom300E+10_Vexp500E+01_Vemit200E+03_tauD000E+00_Vran300E
 +01                  
 Start
           0
 set_grid_done
 set_clumps_done
 Done
 TIME :    1.95291438000277       sec
          50 %           2   88.3788406841923     
 	 100 %           1   174.950924708974     
 Time :   175.079297807068     
 WOCIVL440M0001NH220/N_atom300E+10_Vexp100E+02_Vemit200E+03_tauD000E+00_Vran500E
 +01                  
 Start
           0
 set_grid_done
 set_clumps_done
 Done
 TIME :    1.94857144705020       sec
          50 %           3   85.2858958186116     
 	 100 %           1   168.129480893956     
 Time :   168.256772366585     
 WOCIVL440M0001NH220/N_atom300E+10_Vexp200E+02_Vemit200E+03_tauD000E+00_Vran500E
 +01                  
 Start
           0
 set_grid_done
 set_clumps_done
 Done
 TIME :    1.93385607865639       sec
          50 %           1   70.4517144188285     
 	 100 %           1   139.107969212346     
 Time :   139.241272694198     
 WOCIVL440M0001NH220/N_atom300E+10_Vexp300E+02_Vemit200E+03_tauD000E+00_Vran500E
 +01                  
 Start
           0
 set_grid_done
 set_clumps_done
 Done
 TIME :    1.94738517352380       sec
          50 %           2   67.2664645644836     
 	 100 %           2   132.848535662051     
 Time :   132.986997097963     
 WOCIVL440M0001NH220/N_atom300E+10_Vexp400E+02_Vemit200E+03_tauD000E+00_Vran500E
 +01                  
 Start
           0
 set_grid_done
 set_clumps_done
 Done
 TIME :    1.95438113389537       sec
          50 %           1   67.0041091409512     
 	 100 %           1   132.004410516704     
 Time :   132.139454580378     
 WOCIVL440M0001NH220/N_atom300E+10_Vexp500E+02_Vemit200E+03_tauD000E+00_Vran500E
 +01                  
 Start
           0
 set_grid_done
 set_clumps_done
 Done
 TIME :    1.94861940760165       sec
          50 %           1   68.2248449590988     
 	 100 %           4   134.494974031346     
 Time :   134.628947770922     
 WOCIVL440M0001NH220/N_atom300E+10_Vexp600E+02_Vemit200E+03_tauD000E+00_Vran500E
 +01                  
 Start
           0
 set_grid_done
 set_clumps_done
 Done
 TIME :    1.95276072947308       sec
          50 %           3   71.4511979743838     
 	 100 %           2   140.967916080495     
 Time :   141.101394543191     
 WOCIVL440M0001NH220/N_atom300E+10_Vexp700E+02_Vemit200E+03_tauD000E+00_Vran500E
 +01                  
 Start
           0
 set_grid_done
 set_clumps_done
 Done
 TIME :    1.94826971623115       sec
          50 %           2   75.4285122614820     
 	 100 %           4   148.816364075290     
 Time :   148.951955764322     
 WOCIVL440M0001NH220/N_atom300E+10_Vexp800E+02_Vemit200E+03_tauD000E+00_Vran500E
 +01                  
 Start
           0
 set_grid_done
 set_clumps_done
 Done
 TIME :    1.95373601373285       sec
          50 %           1   76.9482488436624     
 	 100 %           4   152.072980592260     
 Time :   152.210548849311     
 WOCIVL440M0001NH220/N_atom300E+10_Vexp900E+02_Vemit200E+03_tauD000E+00_Vran500E
 +01                  
 Start
           0
 set_grid_done
 set_clumps_done
 Done
 TIME :    1.95110288425349       sec
          50 %           2   76.8026577245910     
 	 100 %           3   150.698159902124     
 Time :   150.827654871624     
 WOCIVL440M0001NH220/N_atom300E+10_Vexp100E+03_Vemit200E+03_tauD000E+00_Vran500E
 +01                  
 Start
           0
 set_grid_done
 set_clumps_done
 Done
 TIME :    1.94695100258105       sec
          50 %           4   74.7154084423091     
 	 100 %           4   147.694622566458     
 Time :   147.829521966400     
 WOCIVL440M0001NH220/N_atom300E+10_Vexp200E+03_Vemit200E+03_tauD000E+00_Vran500E
 +01                  
 Start
           0
 set_grid_done
 set_clumps_done
 Done
 TIME :    1.94651798368432       sec
          50 %           4   66.4816576065496     
 	 100 %           1   130.832352383528     
 Time :   130.966282309964     
 WOCIVL440M0001NH220/N_atom300E+10_Vexp300E+03_Vemit200E+03_tauD000E+00_Vran500E
 +01                  
 Start
           0
 set_grid_done
 set_clumps_done
 Done
 TIME :    1.94559793383814       sec
          50 %           2   62.1493988295551     
 	 100 %           1   122.302079831949     
 Time :   122.439030751353     
 WOCIVL440M0001NH220/N_atom300E+10_Vexp500E+01_Vemit200E+03_tauD000E+00_Vran500E
 +01                  
 Start
           0
 set_grid_done
 set_clumps_done
 Done
 TIME :    1.94875252945349       sec
          50 %           4   117.415443935664     
 	 100 %           1   232.944134238642     
 Time :   233.080562810414     
 WOCIVL440M0001NH220/N_atom300E+10_Vexp100E+02_Vemit300E+03_tauD000E+00_Vran118E
 +01                  
 Start
           0
 set_grid_done
 set_clumps_done
 Done
 TIME :    1.94704343751073       sec
          50 %           4   56.2300685825758     
 	 100 %           1   110.749179923208     
 Time :   110.886725106509     
 WOCIVL440M0001NH220/N_atom300E+10_Vexp200E+02_Vemit300E+03_tauD000E+00_Vran118E
 +01                  
 Start
           0
 set_grid_done
 set_clumps_done
 Done
 TIME :    1.95007525081746       sec
          50 %           3   55.3901297037955     
 	 100 %           2   108.767851008102     
 Time :   108.905014178948     
 WOCIVL440M0001NH220/N_atom300E+10_Vexp300E+02_Vemit300E+03_tauD000E+00_Vran118E
 +01                  
 Start
           0
 set_grid_done
 set_clumps_done
 Done
 TIME :    1.94834518898278       sec
          50 %           1   55.3486449816264     
 	 100 %           4   108.657467931276     
 Time :   108.794366932707     
 WOCIVL440M0001NH220/N_atom300E+10_Vexp400E+02_Vemit300E+03_tauD000E+00_Vran118E
 +01                  
 Start
           0
 set_grid_done
 set_clumps_done
 Done
 TIME :    1.95400996203534       sec
          50 %           1   54.9678166827653     
 	 100 %           3   107.841825860785     
 Time :   107.980089402758     
 WOCIVL440M0001NH220/N_atom300E+10_Vexp500E+02_Vemit300E+03_tauD000E+00_Vran118E
 +01                  
 Start
           0
 set_grid_done
 set_clumps_done
 Done
 TIME :    1.94904528302141       sec
          50 %           1   55.2088913619518     
 	 100 %           1   108.418433570536     
 Time :   108.556005865103     
 WOCIVL440M0001NH220/N_atom300E+10_Vexp600E+02_Vemit300E+03_tauD000E+00_Vran118E
 +01                  
 Start
           0
 set_grid_done
 set_clumps_done
 Done
 TIME :    1.95538171590306       sec
          50 %           2   55.3148157468531     
 	 100 %           2   108.425988056930     
 Time :   108.562419163296     
 WOCIVL440M0001NH220/N_atom300E+10_Vexp700E+02_Vemit300E+03_tauD000E+00_Vran118E
 +01                  
 Start
           0
 set_grid_done
 set_clumps_done
 Done
 TIME :    1.95051218708977       sec
          50 %           2   55.2126891037915     
 	 100 %           2   108.356671030633     
 Time :   108.491195471492     
 WOCIVL440M0001NH220/N_atom300E+10_Vexp800E+02_Vemit300E+03_tauD000E+00_Vran118E
 +01                  
 Start
           0
 set_grid_done
 set_clumps_done
 Done
 TIME :    1.94944735337049       sec
          50 %           4   56.0577227973845     
 	 100 %           1   110.377580807544     
 Time :   110.513935669791     
 WOCIVL440M0001NH220/N_atom300E+10_Vexp900E+02_Vemit300E+03_tauD000E+00_Vran118E
 +01                  
 Start
           0
 set_grid_done
 set_clumps_done
 Done
 TIME :    1.94870134256780       sec
          50 %           3   57.2945240871049     
 	 100 %           1   112.591643558349     
 Time :   112.725300658960     
 WOCIVL440M0001NH220/N_atom300E+10_Vexp100E+03_Vemit300E+03_tauD000E+00_Vran118E
 +01                  
 Start
           0
 set_grid_done
 set_clumps_done
 Done
 TIME :    1.94763351348229       sec
          50 %           3   58.6535323541611     
 	 100 %           3   115.481250018114     
 Time :   115.619007663336     
 WOCIVL440M0001NH220/N_atom300E+10_Vexp200E+03_Vemit300E+03_tauD000E+00_Vran118E
 +01                  
 Start
           0
 set_grid_done
 set_clumps_done
 Done
 TIME :    1.94953518942930       sec
          50 %           1   57.9551205791067     
 	 100 %           2   113.820579423802     
 Time :   113.959186855936     
 WOCIVL440M0001NH220/N_atom300E+10_Vexp300E+03_Vemit300E+03_tauD000E+00_Vran118E
 +01                  
 Start
           0
 set_grid_done
 set_clumps_done
 Done
 TIME :    1.94690718990751       sec
          50 %           4   55.2885579704307     
 	 100 %           2   108.612988115055     
 Time :   108.749363245675     
 WOCIVL440M0001NH220/N_atom300E+10_Vexp500E+01_Vemit300E+03_tauD000E+00_Vran118E
 +01                  
 Start
           0
 set_grid_done
 set_clumps_done
 Done
 TIME :    1.94946410506964       sec
          50 %           2   58.3780084075406     
 	 100 %           3   114.813570090570     
 Time :   114.950903503457     
 WOCIVL440M0001NH220/N_atom300E+10_Vexp100E+02_Vemit300E+03_tauD000E+00_Vran300E
 +01                  
 Start
           0
 set_grid_done
 set_clumps_done
 Done
 TIME :    1.95203086896800       sec
          50 %           3   60.4384585595690     
 	 100 %           3   118.932173992041     
 Time :   119.068060889374     
 WOCIVL440M0001NH220/N_atom300E+10_Vexp200E+02_Vemit300E+03_tauD000E+00_Vran300E
 +01                  
 Start
           0
 set_grid_done
 set_clumps_done
 Done
 TIME :    1.94549936731346       sec
          50 %           4   56.8338559221011     
 	 100 %           4   111.757642589044     
 Time :   111.897914549103     
 WOCIVL440M0001NH220/N_atom300E+10_Vexp300E+02_Vemit300E+03_tauD000E+00_Vran300E
 +01                  
 Start
           0
 set_grid_done
 set_clumps_done
 Done
 TIME :    1.95061001204886       sec
          50 %           4   55.5775804442819     
 	 100 %           1   109.141196786892     
 Time :   109.275793784764     
 WOCIVL440M0001NH220/N_atom300E+10_Vexp400E+02_Vemit300E+03_tauD000E+00_Vran300E
 +01                  
 Start
           0
 set_grid_done
 set_clumps_done
 Done
 TIME :    1.94716486707330       sec
          50 %           4   55.2605274918023     
 	 100 %           2   108.149104849901     
 Time :   108.286083692219     
 WOCIVL440M0001NH220/N_atom300E+10_Vexp500E+02_Vemit300E+03_tauD000E+00_Vran300E
 +01                  
 Start
           0
 set_grid_done
 set_clumps_done
 Done
 TIME :    1.94997528172098       sec
          50 %           2   55.0604685477447     
 	 100 %           4   108.219660157571     
 Time :   108.357110401383     
 WOCIVL440M0001NH220/N_atom300E+10_Vexp600E+02_Vemit300E+03_tauD000E+00_Vran300E
 +01                  
 Start
           0
 set_grid_done
 set_clumps_done
 Done
 TIME :    1.94720611511730       sec
          50 %           1   55.4685888991226     
 	 100 %           4   108.932169893524     
 Time :   109.065699463012     
 WOCIVL440M0001NH220/N_atom300E+10_Vexp700E+02_Vemit300E+03_tauD000E+00_Vran300E
 +01                  
 Start
           0
 set_grid_done
 set_clumps_done
 Done
 TIME :    1.94943351717666       sec
          50 %           4   56.3698472795077     
 	 100 %           4   110.949054838857     
 Time :   111.088023824850     
 WOCIVL440M0001NH220/N_atom300E+10_Vexp800E+02_Vemit300E+03_tauD000E+00_Vran300E
 +01                  
 Start
           0
 set_grid_done
 set_clumps_done
 Done
 TIME :    1.95019402541220       sec
          50 %           4   58.5374737742823     
 	 100 %           4   115.179168117233     
 Time :   115.315869154176     
 WOCIVL440M0001NH220/N_atom300E+10_Vexp900E+02_Vemit300E+03_tauD000E+00_Vran300E
 +01                  
 Start
           0
 set_grid_done
 set_clumps_done
 Done
 TIME :    1.95057422458194       sec
          50 %           2   60.5668628064450     
 	 100 %           2   118.984496760415     
 Time :   119.123318006983     
 WOCIVL440M0001NH220/N_atom300E+10_Vexp100E+03_Vemit300E+03_tauD000E+00_Vran300E
 +01                  
 Start
           0
 set_grid_done
 set_clumps_done
 Done
 TIME :    1.95140828192234       sec
          50 %           3   60.9617209776770     
 	 100 %           3   119.896100735757     
 Time :   120.033523677848     
 WOCIVL440M0001NH220/N_atom300E+10_Vexp200E+03_Vemit300E+03_tauD000E+00_Vran300E
 +01                  
 Start
           0
 set_grid_done
 set_clumps_done
 Done
 TIME :    1.95012439368293       sec
          50 %           3   57.8593081871513     
 	 100 %           2   113.653430386214     
 Time :   113.789763948414     
 WOCIVL440M0001NH220/N_atom300E+10_Vexp300E+03_Vemit300E+03_tauD000E+00_Vran300E
 +01                  
 Start
           0
 set_grid_done
 set_clumps_done
 Done
 TIME :    1.95376883586869       sec
          50 %           4   56.0002137613483     
 	 100 %           1   110.020779275801     
 Time :   110.157094984315     
 WOCIVL440M0001NH220/N_atom300E+10_Vexp500E+01_Vemit300E+03_tauD000E+00_Vran300E
 +01                  
 Start
           0
 set_grid_done
 set_clumps_done
 Done
 TIME :    1.95093240193091       sec
          50 %           3   70.4176714499481     
 	 100 %           3   138.937756771687     
 Time :   139.075915996218     
 WOCIVL440M0001NH220/N_atom300E+10_Vexp100E+02_Vemit300E+03_tauD000E+00_Vran500E
 +01                  
 Start
           0
 set_grid_done
 set_clumps_done
 Done
 TIME :    1.94827902386896       sec
          50 %           3   69.0313245924190     
 	 100 %           4   136.009922769153     
 Time :   136.146804087097     
 WOCIVL440M0001NH220/N_atom300E+10_Vexp200E+02_Vemit300E+03_tauD000E+00_Vran500E
 +01                  
 Start
           0
 set_grid_done
 set_clumps_done
 Done
 TIME :    1.95166800310835       sec
          50 %           2   59.9082560674287     
 	 100 %           2   117.652754887240     
 Time :   117.790083942004     
 WOCIVL440M0001NH220/N_atom300E+10_Vexp300E+02_Vemit300E+03_tauD000E+00_Vran500E
 +01                  
 Start
           0
 set_grid_done
 set_clumps_done
 Done
 TIME :    1.94740146445110       sec
          50 %           1   57.1298071390484     
 	 100 %           3   112.345379505539     
 Time :   112.483152459608     
 WOCIVL440M0001NH220/N_atom300E+10_Vexp400E+02_Vemit300E+03_tauD000E+00_Vran500E
 +01                  
 Start
           0
 set_grid_done
 set_clumps_done
 Done
 TIME :    1.95021046674810       sec
          50 %           1   56.6163003803231     
 	 100 %           2   111.568897751626     
 Time :   111.705401214771     
 WOCIVL440M0001NH220/N_atom300E+10_Vexp500E+02_Vemit300E+03_tauD000E+00_Vran500E
 +01                  
 Start
           0
 set_grid_done
 set_clumps_done
 Done
 TIME :    1.94952587177977       sec
          50 %           4   58.0648542176932     
 	 100 %           1   114.203393568285     
 Time :   114.337588606169     
 WOCIVL440M0001NH220/N_atom300E+10_Vexp600E+02_Vemit300E+03_tauD000E+00_Vran500E
 +01                  
 Start
           0
 set_grid_done
 set_clumps_done
 Done
 TIME :    1.94913687626831       sec
          50 %           1   60.4388309437782     
 	 100 %           4   118.843776121968     
 Time :   118.977264513262     
 WOCIVL440M0001NH220/N_atom300E+10_Vexp700E+02_Vemit300E+03_tauD000E+00_Vran500E
 +01                  
 Start
           0
 set_grid_done
 set_clumps_done
 Done
 TIME :    1.95456896908581       sec
          50 %           1   62.9590448308736     
 	 100 %           2   124.174370142864     
 Time :   124.310851384187     
 WOCIVL440M0001NH220/N_atom300E+10_Vexp800E+02_Vemit300E+03_tauD000E+00_Vran500E
 +01                  
 Start
           0
 set_grid_done
 set_clumps_done
 Done
 TIME :    1.95328512112610       sec
          50 %           1   63.3045826917514     
 	 100 %           4   124.511502117151     
 Time :   124.646553795086     
 WOCIVL440M0001NH220/N_atom300E+10_Vexp900E+02_Vemit300E+03_tauD000E+00_Vran500E
 +01                  
 Start
           0
 set_grid_done
 set_clumps_done
 Done
 TIME :    1.94862291449681       sec
          50 %           4   63.7044238462113     
 	 100 %           2   125.347891913960     
 Time :   125.487822969211     
 WOCIVL440M0001NH220/N_atom300E+10_Vexp100E+03_Vemit300E+03_tauD000E+00_Vran500E
 +01                  
 Start
           0
 set_grid_done
 set_clumps_done
 Done
 TIME :    1.94993583718315       sec
          50 %           2   63.1838833056390     
 	 100 %           3   124.504294466460     
 Time :   124.639970625285     
 WOCIVL440M0001NH220/N_atom300E+10_Vexp200E+03_Vemit300E+03_tauD000E+00_Vran500E
 +01                  
 Start
           0
 set_grid_done
 set_clumps_done
 Done
 TIME :    1.94897964899428       sec
          50 %           2   57.7971287888940     
 	 100 %           1   113.613100858638     
 Time :   113.750645771390     
 WOCIVL440M0001NH220/N_atom300E+10_Vexp300E+03_Vemit300E+03_tauD000E+00_Vran500E
 +01                  
 Start
           0
 set_grid_done
 set_clumps_done
 Done
 TIME :    1.94774687755853       sec
          50 %           2   55.9025346590206     
 	 100 %           2   109.931620576652     
 Time :   110.068829233758     
 WOCIVL440M0001NH220/N_atom300E+10_Vexp500E+01_Vemit300E+03_tauD000E+00_Vran500E
 +01                  
 Start
           0
 set_grid_done
 set_clumps_done
 Done
 TIME :    1.94885852979496       sec
          50 %           3   91.0941880103201     
 	 100 %           4   180.049032832729     
 Time :   180.180949712405     
