nohup: ignoring input
 WOCIVL440M0010NH220/N_atom300E+10_Vexp100E+02_Vemit100E+03_tauD000E+00_Vran118E
 +01                  
 Start
           0
 set_grid_done
 set_clumps_done
 Done
 TIME :    1.96302966726944       sec
          50 %           4   96.0774118483532     
 	 100 %           1   188.317697360646     
 Time :   188.464835111983     
 WOCIVL440M0010NH220/N_atom300E+10_Vexp200E+02_Vemit100E+03_tauD000E+00_Vran118E
 +01                  
 Start
           0
 set_grid_done
 set_clumps_done
 Done
 TIME :    3.56125867925584       sec
          50 %           1   90.5294681494124     
 	 100 %           4   207.893556552473     
 Time :   208.066806548508     
 WOCIVL440M0010NH220/N_atom300E+10_Vexp300E+02_Vemit100E+03_tauD000E+00_Vran118E
 +01                  
 Start
           0
 set_grid_done
 set_clumps_done
 Done
 TIME :    3.40055298642255       sec
          50 %           2   119.481400339864     
 	 100 %           1   245.147265267093     
 Time :   245.326462584781     
 WOCIVL440M0010NH220/N_atom300E+10_Vexp400E+02_Vemit100E+03_tauD000E+00_Vran118E
 +01                  
 Start
           0
 set_grid_done
 set_clumps_done
 Done
 TIME :    3.73106481414288       sec
          50 %           2   130.365171005949     
 	 100 %           2   253.705912266159     
 Time :   253.893327043857     
 WOCIVL440M0010NH220/N_atom300E+10_Vexp500E+02_Vemit100E+03_tauD000E+00_Vran118E
 +01                  
 Start
           0
 set_grid_done
 set_clumps_done
 Done
 TIME :    3.75523383915424       sec
          50 %           1   127.188555814791     
 	 100 %           2   253.862293670885     
 Time :   254.037592055509     
 WOCIVL440M0010NH220/N_atom300E+10_Vexp600E+02_Vemit100E+03_tauD000E+00_Vran118E
 +01                  
 Start
           0
 set_grid_done
 set_clumps_done
 Done
 TIME :    3.73443054733798       sec
          50 %           3   120.090243279003     
 	 100 %           2   245.036001945613     
 Time :   245.209868208505     
 WOCIVL440M0010NH220/N_atom300E+10_Vexp700E+02_Vemit100E+03_tauD000E+00_Vran118E
 +01                  
 Start
           0
 set_grid_done
 set_clumps_done
 Done
 TIME :    3.63728996762075       sec
          50 %           2   130.624292553402     
 	 100 %           4   258.923702916829     
 Time :   259.108741214499     
 WOCIVL440M0010NH220/N_atom300E+10_Vexp800E+02_Vemit100E+03_tauD000E+00_Vran118E
 +01                  
 Start
           0
 set_grid_done
 set_clumps_done
 Done
 TIME :    3.72754899668507       sec
          50 %           4   129.055678948993     
 	 100 %           2   260.105872292770     
 Time :   260.289009620901     
 WOCIVL440M0010NH220/N_atom300E+10_Vexp900E+02_Vemit100E+03_tauD000E+00_Vran118E
 +01                  
 Start
           0
 set_grid_done
 set_clumps_done
 Done
 TIME :    3.72840135078877       sec
          50 %           4   135.710355391726     
 	 100 %           3   268.219032905297     
 Time :   268.400827330537     
 WOCIVL440M0010NH220/N_atom300E+10_Vexp100E+03_Vemit100E+03_tauD000E+00_Vran118E
 +01                  
 Start
           0
 set_grid_done
 set_clumps_done
 Done
 TIME :    3.75096760084853       sec
          50 %           1   141.255443553440     
 	 100 %           4   278.365462285234     
 Time :   278.532841544598     
 WOCIVL440M0010NH220/N_atom300E+10_Vexp200E+03_Vemit100E+03_tauD000E+00_Vran118E
 +01                  
 Start
           0
 set_grid_done
 set_clumps_done
 Done
 TIME :    3.74631314747967       sec
          50 %           1   127.454966283869     
 	 100 %           4   247.944740230683     
 Time :   248.121670595603     
 WOCIVL440M0010NH220/N_atom300E+10_Vexp300E+03_Vemit100E+03_tauD000E+00_Vran118E
 +01                  
 Start
           0
 set_grid_done
 set_clumps_done
 Done
 TIME :    3.75082189496607       sec
          50 %           4   107.033639644738     
 	 100 %           1   212.056312932400     
 Time :   212.239659937331     
 WOCIVL440M0010NH220/N_atom300E+10_Vexp500E+01_Vemit100E+03_tauD000E+00_Vran118E
 +01                  
 Start
           0
 set_grid_done
 set_clumps_done
 Done
 TIME :    3.74026484484784       sec
          50 %           3   144.077194875339     
 	 100 %           1   286.944894351764     
 Time :   287.132348894607     
 WOCIVL440M0010NH220/N_atom300E+10_Vexp100E+02_Vemit100E+03_tauD000E+00_Vran300E
 +01                  
 Start
           0
 set_grid_done
 set_clumps_done
 Done
 TIME :    3.73398307012394       sec
          50 %           1   151.605171257397     
 	 100 %           4   300.718354222598     
 Time :   300.880264546489     
 WOCIVL440M0010NH220/N_atom300E+10_Vexp200E+02_Vemit100E+03_tauD000E+00_Vran300E
 +01                  
 Start
           0
 set_grid_done
 set_clumps_done
 Done
 TIME :    3.70804735948332       sec
          50 %           3   135.060653253924     
 	 100 %           1   266.911662605824     
 Time :   267.083491180325     
 WOCIVL440M0010NH220/N_atom300E+10_Vexp300E+02_Vemit100E+03_tauD000E+00_Vran300E
 +01                  
 Start
           0
 set_grid_done
 set_clumps_done
 Done
 TIME :    3.74055794999003       sec
          50 %           4   131.296791838249     
 	 100 %           1   254.291130420985     
 Time :   254.464016698301     
 WOCIVL440M0010NH220/N_atom300E+10_Vexp400E+02_Vemit100E+03_tauD000E+00_Vran300E
 +01                  
 Start
           0
 set_grid_done
 set_clumps_done
 Done
 TIME :    3.63393771997653       sec
          50 %           4   130.783742378000     
 	 100 %           2   255.544202203630     
 Time :   255.714497514768     
 WOCIVL440M0010NH220/N_atom300E+10_Vexp500E+02_Vemit100E+03_tauD000E+00_Vran300E
 +01                  
 Start
           0
 set_grid_done
 set_clumps_done
 Done
 TIME :    3.72700512688607       sec
          50 %           2   128.372822542442     
 	 100 %           4   258.036754583707     
 Time :   258.187712378334     
 WOCIVL440M0010NH220/N_atom300E+10_Vexp600E+02_Vemit100E+03_tauD000E+00_Vran300E
 +01                  
 Start
           0
 set_grid_done
 set_clumps_done
 Done
 TIME :    2.08056071703322       sec
          50 %           1   133.742327299900     
 	 100 %           2   262.719194966601     
 Time :   262.872702860273     
 WOCIVL440M0010NH220/N_atom300E+10_Vexp700E+02_Vemit100E+03_tauD000E+00_Vran300E
 +01                  
 Start
           0
 set_grid_done
 set_clumps_done
 Done
 TIME :    2.07281551114284       sec
          50 %           1   135.069599814713     
 	 100 %           4   269.236815177603     
 Time :   269.411004492082     
 WOCIVL440M0010NH220/N_atom300E+10_Vexp800E+02_Vemit100E+03_tauD000E+00_Vran300E
 +01                  
 Start
           0
 set_grid_done
 set_clumps_done
 Done
 TIME :    3.74273404036649       sec
          50 %           3   139.500577122206     
 	 100 %           1   275.675868178718     
 Time :   275.845345380716     
 WOCIVL440M0010NH220/N_atom300E+10_Vexp900E+02_Vemit100E+03_tauD000E+00_Vran300E
 +01                  
 Start
           0
 set_grid_done
 set_clumps_done
 Done
 TIME :    3.72650364739820       sec
          50 %           1   147.259352952009     
 	 100 %           4   286.070552850142     
 Time :   286.242261287058     
 WOCIVL440M0010NH220/N_atom300E+10_Vexp100E+03_Vemit100E+03_tauD000E+00_Vran300E
 +01                  
 Start
           0
 set_grid_done
 set_clumps_done
 Done
 TIME :    3.74091039714403       sec
          50 %           3   152.106774433516     
 	 100 %           3   295.538915212499     
 Time :   295.707922113826     
 WOCIVL440M0010NH220/N_atom300E+10_Vexp200E+03_Vemit100E+03_tauD000E+00_Vran300E
 +01                  
 Start
           0
 set_grid_done
 set_clumps_done
 Done
 TIME :    3.73548347107135       sec
          50 %           4   127.127828194527     
 	 100 %           4   248.712606476853     
 Time :   248.875618166290     
 WOCIVL440M0010NH220/N_atom300E+10_Vexp300E+03_Vemit100E+03_tauD000E+00_Vran300E
 +01                  
 Start
           0
 set_grid_done
 set_clumps_done
 Done
 TIME :    3.74849229375832       sec
          50 %           1   106.010032592807     
 	 100 %           2   205.516872043023     
 Time :   205.684070169460     
 WOCIVL440M0010NH220/N_atom300E+10_Vexp500E+01_Vemit100E+03_tauD000E+00_Vran300E
 +01                  
 Start
           0
 set_grid_done
 set_clumps_done
 Done
 TIME :    3.75584051804617       sec
          50 %           1   198.523145555053     
 	 100 %           1   393.862341621425     
 Time :   394.022892200388     
 WOCIVL440M0010NH220/N_atom300E+10_Vexp100E+02_Vemit100E+03_tauD000E+00_Vran500E
 +01                  
 Start
           0
 set_grid_done
 set_clumps_done
 Done
 TIME :    3.77381388121285       sec
          50 %           3   187.799569383962     
 	 100 %           2   374.339664391475     
 Time :   374.510189958615     
 WOCIVL440M0010NH220/N_atom300E+10_Vexp200E+02_Vemit100E+03_tauD000E+00_Vran500E
 +01                  
 Start
           0
 set_grid_done
 set_clumps_done
 Done
 TIME :    3.75760455825366       sec
          50 %           1   152.326146814041     
 	 100 %           3   301.265102723148     
 Time :   301.426770016784     
 WOCIVL440M0010NH220/N_atom300E+10_Vexp300E+02_Vemit100E+03_tauD000E+00_Vran500E
 +01                  
 Start
           0
 set_grid_done
 set_clumps_done
 Done
 TIME :    2.09641630039550       sec
          50 %           4   138.120948408497     
 	 100 %           2   276.956687232014     
 Time :   277.137843128061     
 WOCIVL440M0010NH220/N_atom300E+10_Vexp400E+02_Vemit100E+03_tauD000E+00_Vran500E
 +01                  
 Start
           0
 set_grid_done
 set_clumps_done
 Done
 TIME :    3.72750088572502       sec
          50 %           2   138.505153316073     
 	 100 %           3   273.476677210070     
 Time :   273.654967840761     
 WOCIVL440M0010NH220/N_atom300E+10_Vexp500E+02_Vemit100E+03_tauD000E+00_Vran500E
 +01                  
 Start
           0
 set_grid_done
 set_clumps_done
 Done
 TIME :    3.74002651358023       sec
          50 %           4   142.480502412887     
 	 100 %           3   280.885285574012     
 Time :   281.063803795492     
 WOCIVL440M0010NH220/N_atom300E+10_Vexp600E+02_Vemit100E+03_tauD000E+00_Vran500E
 +01                  
 Start
           0
 set_grid_done
 set_clumps_done
 Done
 TIME :    3.74293811689131       sec
          50 %           1   147.567110122880     
 	 100 %           3   285.300539027434     
 Time :   285.478761028033     
 WOCIVL440M0010NH220/N_atom300E+10_Vexp700E+02_Vemit100E+03_tauD000E+00_Vran500E
 +01                  
 Start
           0
 set_grid_done
 set_clumps_done
 Done
 TIME :    3.71875887247734       sec
          50 %           4   160.900914257858     
 	 100 %           4   321.620238467352     
 Time :   321.802308253944     
 WOCIVL440M0010NH220/N_atom300E+10_Vexp800E+02_Vemit100E+03_tauD000E+00_Vran500E
 +01                  
 Start
           0
 set_grid_done
 set_clumps_done
 Done
 TIME :    3.75577265955508       sec
          50 %           4   164.856169385603     
 	 100 %           1   318.538049506024     
 Time :   318.730863006320     
 WOCIVL440M0010NH220/N_atom300E+10_Vexp900E+02_Vemit100E+03_tauD000E+00_Vran500E
 +01                  
 Start
           0
 set_grid_done
 set_clumps_done
 Done
 TIME :    3.76311021344736       sec
          50 %           1   156.522125722142     
 	 100 %           2   313.971896147588     
 Time :   314.150448684115     
 WOCIVL440M0010NH220/N_atom300E+10_Vexp100E+03_Vemit100E+03_tauD000E+00_Vran500E
 +01                  
 Start
           0
 set_grid_done
 set_clumps_done
 Done
 TIME :    3.74120541592129       sec
          50 %           1   157.427722346503     
 	 100 %           3   311.714183305856     
 Time :   311.894430090440     
 WOCIVL440M0010NH220/N_atom300E+10_Vexp200E+03_Vemit100E+03_tauD000E+00_Vran500E
 +01                  
 Start
           0
 set_grid_done
 set_clumps_done
 Done
 TIME :    3.76230743317865       sec
          50 %           3   124.042875490151     
 	 100 %           1   235.612591210986     
 Time :   235.794510853244     
 WOCIVL440M0010NH220/N_atom300E+10_Vexp300E+03_Vemit100E+03_tauD000E+00_Vran500E
 +01                  
 Start
           0
 set_grid_done
 set_clumps_done
 Done
 TIME :    3.72438248083927       sec
          50 %           3   98.5853515849449     
 	 100 %           4   196.106963415165     
 Time :   196.284630845767     
 WOCIVL440M0010NH220/N_atom300E+10_Vexp500E+01_Vemit100E+03_tauD000E+00_Vran500E
 +01                  
 Start
           0
 set_grid_done
 set_clumps_done
 Done
 TIME :    3.73355466895737       sec
          50 %           3   288.112640096107     
 	 100 %           4   568.418865726329     
 Time :   568.597242690390     
 WOCIVL440M0010NH220/N_atom300E+10_Vexp100E+02_Vemit200E+03_tauD000E+00_Vran118E
 +01                  
 Start
           0
 set_grid_done
 set_clumps_done
 Done
 TIME :    2.15285142231733       sec
          50 %           2   94.8091100268066     
 	 100 %           2   186.498836593237     
 Time :   186.680027645780     
 WOCIVL440M0010NH220/N_atom300E+10_Vexp200E+02_Vemit200E+03_tauD000E+00_Vran118E
 +01                  
 Start
           0
 set_grid_done
 set_clumps_done
 Done
 TIME :    3.63768513593823       sec
          50 %           1   94.5347242159769     
 	 100 %           4   181.020081736147     
 Time :   181.196793206502     
 WOCIVL440M0010NH220/N_atom300E+10_Vexp300E+02_Vemit200E+03_tauD000E+00_Vran118E
 +01                  
 Start
           0
 set_grid_done
 set_clumps_done
 Done
 TIME :    3.75627530133352       sec
          50 %           4   89.3168612485752     
 	 100 %           3   177.783883802593     
 Time :   177.963820009260     
 WOCIVL440M0010NH220/N_atom300E+10_Vexp400E+02_Vemit200E+03_tauD000E+00_Vran118E
 +01                  
 Start
           0
 set_grid_done
 set_clumps_done
 Done
 TIME :    3.75277418177575       sec
          50 %           2   92.9756445146631     
 	 100 %           1   183.563066592207     
 Time :   183.746279082494     
 WOCIVL440M0010NH220/N_atom300E+10_Vexp500E+02_Vemit200E+03_tauD000E+00_Vran118E
 +01                  
 Start
           0
 set_grid_done
 set_clumps_done
 Done
 TIME :    3.74454103200696       sec
          50 %           1   92.2333148629405     
 	 100 %           3   177.967576582450     
 Time :   178.139195179334     
 WOCIVL440M0010NH220/N_atom300E+10_Vexp600E+02_Vemit200E+03_tauD000E+00_Vran118E
 +01                  
 Start
           0
 set_grid_done
 set_clumps_done
 Done
 TIME :    3.74479958158918       sec
          50 %           2   88.6369851052295     
 	 100 %           1   172.403509242926     
 Time :   172.591933782445     
 WOCIVL440M0010NH220/N_atom300E+10_Vexp700E+02_Vemit200E+03_tauD000E+00_Vran118E
 +01                  
 Start
           0
 set_grid_done
 set_clumps_done
 Done
 TIME :    3.61153342667967       sec
          50 %           4   87.5051005154382     
 	 100 %           1   171.311477245530     
 Time :   171.498002268374     
 WOCIVL440M0010NH220/N_atom300E+10_Vexp800E+02_Vemit200E+03_tauD000E+00_Vran118E
 +01                  
 Start
           0
 set_grid_done
 set_clumps_done
 Done
 TIME :    2.73745839972980       sec
          50 %           4   89.7538188758772     
 	 100 %           1   176.971686163219     
 Time :   177.154684748501     
 WOCIVL440M0010NH220/N_atom300E+10_Vexp900E+02_Vemit200E+03_tauD000E+00_Vran118E
 +01                  
 Start
           0
 set_grid_done
 set_clumps_done
 Done
 TIME :    3.74620908056386       sec
          50 %           3   92.3481404099148     
 	 100 %           3   181.629471610999     
 Time :   181.810051506385     
 WOCIVL440M0010NH220/N_atom300E+10_Vexp100E+03_Vemit200E+03_tauD000E+00_Vran118E
 +01                  
 Start
           0
 set_grid_done
 set_clumps_done
 Done
 TIME :    3.72507225722075       sec
          50 %           2   100.260886038188     
 	 100 %           3   194.276652105851     
 Time :   194.444155450212     
 WOCIVL440M0010NH220/N_atom300E+10_Vexp200E+03_Vemit200E+03_tauD000E+00_Vran118E
 +01                  
 Start
           0
 set_grid_done
 set_clumps_done
 Done
 TIME :    3.42473517660983       sec
          50 %           3   92.8962235779036     
 	 100 %           3   180.579316379037     
 Time :   180.741915366845     
 WOCIVL440M0010NH220/N_atom300E+10_Vexp300E+03_Vemit200E+03_tauD000E+00_Vran118E
 +01                  
 Start
           0
 set_grid_done
 set_clumps_done
 Done
 TIME :    2.06785712228157       sec
          50 %           3   84.8704551362898     
 	 100 %           1   173.490740399808     
 Time :   173.684522183379     
 WOCIVL440M0010NH220/N_atom300E+10_Vexp500E+01_Vemit200E+03_tauD000E+00_Vran118E
 +01                  
 Start
           0
 set_grid_done
 set_clumps_done
 Done
 TIME :    3.71970990323462       sec
          50 %           2   93.2606063415296     
 	 100 %           2   175.463368091034     
 Time :   175.647530930815     
 WOCIVL440M0010NH220/N_atom300E+10_Vexp100E+02_Vemit200E+03_tauD000E+00_Vran300E
 +01                  
 Start
           0
 set_grid_done
 set_clumps_done
 Done
 TIME :    3.32824213290587       sec
          50 %           2   93.8801375695039     
 	 100 %           3   180.358882518485     
 Time :   180.536859905813     
 WOCIVL440M0010NH220/N_atom300E+10_Vexp200E+02_Vemit200E+03_tauD000E+00_Vran300E
 +01                  
 Start
           0
 set_grid_done
 set_clumps_done
 Done
 TIME :    3.71089906943962       sec
          50 %           2   90.3246628821362     
 	 100 %           1   170.255191134522     
 Time :   170.435986387776     
 WOCIVL440M0010NH220/N_atom300E+10_Vexp300E+02_Vemit200E+03_tauD000E+00_Vran300E
 +01                  
 Start
           0
 set_grid_done
 set_clumps_done
 Done
 TIME :    3.11594121251255       sec
          50 %           1   82.4870073101483     
 	 100 %           2   166.560480588581     
 Time :   166.731639465084     
 WOCIVL440M0010NH220/N_atom300E+10_Vexp400E+02_Vemit200E+03_tauD000E+00_Vran300E
 +01                  
 Start
           0
 set_grid_done
 set_clumps_done
 Done
 TIME :    3.70199989853427       sec
          50 %           2   81.3026898163371     
 	 100 %           4   161.292035862571     
 Time :   161.468566740863     
 WOCIVL440M0010NH220/N_atom300E+10_Vexp500E+02_Vemit200E+03_tauD000E+00_Vran300E
 +01                  
 Start
           0
 set_grid_done
 set_clumps_done
 Done
 TIME :    3.62916755746119       sec
          50 %           2   83.7913463595323     
 	 100 %           4   164.686375012854     
 Time :   164.873061280930     
 WOCIVL440M0010NH220/N_atom300E+10_Vexp600E+02_Vemit200E+03_tauD000E+00_Vran300E
 +01                  
 Start
           0
 set_grid_done
 set_clumps_done
 Done
 TIME :    3.69536787038669       sec
          50 %           4   79.2088902008254     
 	 100 %           1   156.960772517603     
 Time :   157.137153882999     
 WOCIVL440M0010NH220/N_atom300E+10_Vexp700E+02_Vemit200E+03_tauD000E+00_Vran300E
 +01                  
 Start
           0
 set_grid_done
 set_clumps_done
 Done
 TIME :    3.60048121865839       sec
          50 %           1   81.5104582244530     
 	 100 %           2   164.210352935595     
 Time :   164.399245140608     
 WOCIVL440M0010NH220/N_atom300E+10_Vexp800E+02_Vemit200E+03_tauD000E+00_Vran300E
 +01                  
 Start
           0
 set_grid_done
 set_clumps_done
 Done
 TIME :    3.13961679302156       sec
          50 %           2   93.9431023057550     
 	 100 %           4   177.874664128991     
 Time :   178.040572082624     
 WOCIVL440M0010NH220/N_atom300E+10_Vexp900E+02_Vemit200E+03_tauD000E+00_Vran300E
 +01                  
 Start
           0
 set_grid_done
 set_clumps_done
 Done
 TIME :    3.70668415841646       sec
          50 %           2   84.9205448734574     
 	 100 %           3   177.002161018783     
 Time :   177.178803748917     
 WOCIVL440M0010NH220/N_atom300E+10_Vexp100E+03_Vemit200E+03_tauD000E+00_Vran300E
 +01                  
 Start
           0
 set_grid_done
 set_clumps_done
 Done
 TIME :    3.54405616573058       sec
          50 %           1   80.0904059773311     
 	 100 %           2   166.138124630321     
 Time :   166.314980965108     
 WOCIVL440M0010NH220/N_atom300E+10_Vexp200E+03_Vemit200E+03_tauD000E+00_Vran300E
 +01                  
 Start
           0
 set_grid_done
 set_clumps_done
 Done
 TIME :    3.68863007216714       sec
          50 %           4   77.3238849563058     
 	 100 %           3   157.081738221226     
 Time :   157.254685323685     
 WOCIVL440M0010NH220/N_atom300E+10_Vexp300E+03_Vemit200E+03_tauD000E+00_Vran300E
 +01                  
 Start
           0
 set_grid_done
 set_clumps_done
 Done
 TIME :    2.89768793084659       sec
          50 %           2   83.6220722321887     
 	 100 %           2   150.748466060963     
 Time :   150.913675181102     
 WOCIVL440M0010NH220/N_atom300E+10_Vexp500E+01_Vemit200E+03_tauD000E+00_Vran300E
 +01                  
 Start
           0
 set_grid_done
 set_clumps_done
 Done
 TIME :    2.99496095138602       sec
          50 %           3   103.709449103801     
 	 100 %           2   216.483554165112     
 Time :   216.662517729914     
 WOCIVL440M0010NH220/N_atom300E+10_Vexp100E+02_Vemit200E+03_tauD000E+00_Vran500E
 +01                  
 Start
           0
 set_grid_done
 set_clumps_done
 Done
 TIME :    3.66118842037395       sec
          50 %           4   104.815067688003     
 	 100 %           2   214.021397150122     
 Time :   214.202054301742     
 WOCIVL440M0010NH220/N_atom300E+10_Vexp200E+02_Vemit200E+03_tauD000E+00_Vran500E
 +01                  
 Start
           0
 set_grid_done
 set_clumps_done
 Done
 TIME :    3.17511709453538       sec
          50 %           1   89.6455050592776     
 	 100 %           2   184.656702025793     
 Time :   184.823372333078     
 WOCIVL440M0010NH220/N_atom300E+10_Vexp300E+02_Vemit200E+03_tauD000E+00_Vran500E
 +01                  
 Start
           0
 set_grid_done
 set_clumps_done
 Done
 TIME :    3.05405519879423       sec
          50 %           4   83.3601339012384     
 	 100 %           1   167.337403003126     
 Time :   167.512042309856     
 WOCIVL440M0010NH220/N_atom300E+10_Vexp400E+02_Vemit200E+03_tauD000E+00_Vran500E
 +01                  
 Start
           0
 set_grid_done
 set_clumps_done
 Done
 TIME :    2.73454544390552       sec
          50 %           4   82.1002829317003     
 	 100 %           2   164.301644159248     
 Time :   164.482769798022     
 WOCIVL440M0010NH220/N_atom300E+10_Vexp500E+02_Vemit200E+03_tauD000E+00_Vran500E
 +01                  
 Start
           0
 set_grid_done
 set_clumps_done
 Done
 TIME :    3.41673817369156       sec
          50 %           2   86.1403714749031     
 	 100 %           3   165.341681682970     
 Time :   165.517526492244     
 WOCIVL440M0010NH220/N_atom300E+10_Vexp600E+02_Vemit200E+03_tauD000E+00_Vran500E
 +01                  
 Start
           0
 set_grid_done
 set_clumps_done
 Done
 TIME :    3.59358774591237       sec
          50 %           2   78.4057669141330     
 	 100 %           2   161.161066346569     
 Time :   161.324075921904     
 WOCIVL440M0010NH220/N_atom300E+10_Vexp700E+02_Vemit200E+03_tauD000E+00_Vran500E
 +01                  
 Start
           0
 set_grid_done
 set_clumps_done
 Done
 TIME :    2.38346669194289       sec
          50 %           4   92.0228027398698     
 	 100 %           2   178.490114389453     
 Time :   178.668153513921     
 WOCIVL440M0010NH220/N_atom300E+10_Vexp800E+02_Vemit200E+03_tauD000E+00_Vran500E
 +01                  
 Start
           0
 set_grid_done
 set_clumps_done
 Done
 TIME :    3.46610310836695       sec
          50 %           4   94.4284722835291     
 	 100 %           3   179.100507042836     
 Time :   179.273341411725     
 WOCIVL440M0010NH220/N_atom300E+10_Vexp900E+02_Vemit200E+03_tauD000E+00_Vran500E
 +01                  
 Start
           0
 set_grid_done
 set_clumps_done
 Done
 TIME :    3.44277048693039       sec
          50 %           3   82.3474969915114     
 	 100 %           3   166.013164262753     
 Time :   166.158850385342     
 WOCIVL440M0010NH220/N_atom300E+10_Vexp100E+03_Vemit200E+03_tauD000E+00_Vran500E
 +01                  
 Start
           0
 set_grid_done
 set_clumps_done
 Done
 TIME :    3.24514480470680       sec
          50 %           4   93.9594087826554     
 	 100 %           2   182.679257683922     
 Time :   182.838997608051     
 WOCIVL440M0010NH220/N_atom300E+10_Vexp200E+03_Vemit200E+03_tauD000E+00_Vran500E
 +01                  
 Start
           0
 set_grid_done
 set_clumps_done
 Done
 TIME :    3.63597238273360       sec
          50 %           1   73.7149163663853     
 	 100 %           3   150.324532475322     
 Time :   150.494121719385     
 WOCIVL440M0010NH220/N_atom300E+10_Vexp300E+03_Vemit200E+03_tauD000E+00_Vran500E
 +01                  
 Start
           0
 set_grid_done
 set_clumps_done
 Done
 TIME :    3.28224675892852       sec
          50 %           1   80.3441745885648     
 	 100 %           2   163.285647437908     
 Time :   163.455833011307     
 WOCIVL440M0010NH220/N_atom300E+10_Vexp500E+01_Vemit200E+03_tauD000E+00_Vran500E
 +01                  
 Start
           0
 set_grid_done
 set_clumps_done
 Done
 TIME :    3.36768970871344       sec
          50 %           2   155.876885733800     
 	 100 %           1   307.246915350901     
 Time :   307.436921004206     
 WOCIVL440M0010NH220/N_atom300E+10_Vexp100E+02_Vemit300E+03_tauD000E+00_Vran118E
 +01                  
 Start
           0
 set_grid_done
 set_clumps_done
 Done
 TIME :    3.64374746521935       sec
          50 %           4   64.7263463502750     
 	 100 %           2   133.158467517467     
 Time :   133.333205861505     
 WOCIVL440M0010NH220/N_atom300E+10_Vexp200E+02_Vemit300E+03_tauD000E+00_Vran118E
 +01                  
 Start
           0
 set_grid_done
 set_clumps_done
 Done
 TIME :    2.89959506201558       sec
          50 %           4   74.6497558229603     
 	 100 %           4   146.539336471353     
 Time :   146.719147811411     
 WOCIVL440M0010NH220/N_atom300E+10_Vexp300E+02_Vemit300E+03_tauD000E+00_Vran118E
 +01                  
 Start
           0
 set_grid_done
 set_clumps_done
 Done
 TIME :    3.68349274457432       sec
          50 %           4   73.7535998951644     
 	 100 %           1   136.588033080567     
 Time :   136.770936545683     
 WOCIVL440M0010NH220/N_atom300E+10_Vexp400E+02_Vemit300E+03_tauD000E+00_Vran118E
 +01                  
 Start
           0
 set_grid_done
 set_clumps_done
 Done
 TIME :    2.63125615147874       sec
          50 %           4   74.3541922313161     
 	 100 %           3   140.038617343176     
 Time :   140.200997406384     
 WOCIVL440M0010NH220/N_atom300E+10_Vexp500E+02_Vemit300E+03_tauD000E+00_Vran118E
 +01                  
 Start
           0
 set_grid_done
 set_clumps_done
 Done
 TIME :    2.78479006420821       sec
          50 %           4   65.9048841299955     
 	 100 %           2   129.668957877904     
 Time :   129.834496231517     
 WOCIVL440M0010NH220/N_atom300E+10_Vexp600E+02_Vemit300E+03_tauD000E+00_Vran118E
 +01                  
 Start
           0
 set_grid_done
 set_clumps_done
 Done
 TIME :    2.94976132386364       sec
          50 %           4   67.8117037010379     
 	 100 %           2   132.362490963191     
 Time :   132.546868189005     
 WOCIVL440M0010NH220/N_atom300E+10_Vexp700E+02_Vemit300E+03_tauD000E+00_Vran118E
 +01                  
 Start
           0
 set_grid_done
 set_clumps_done
 Done
 TIME :    3.31073503242806       sec
          50 %           2   72.6198358663823     
 	 100 %           2   147.317256113980     
 Time :   147.494845456677     
 WOCIVL440M0010NH220/N_atom300E+10_Vexp800E+02_Vemit300E+03_tauD000E+00_Vran118E
 +01                  
 Start
           0
 set_grid_done
 set_clumps_done
 Done
 TIME :    3.69186456711031       sec
          50 %           4   73.5744326948188     
 	 100 %           3   144.064041088102     
 Time :   144.244320995640     
 WOCIVL440M0010NH220/N_atom300E+10_Vexp900E+02_Vemit300E+03_tauD000E+00_Vran118E
 +01                  
 Start
           0
 set_grid_done
 set_clumps_done
 Done
 TIME :    3.69768779352307       sec
          50 %           2   65.4270719932392     
 	 100 %           3   131.159382027108     
 Time :   131.316970557673     
 WOCIVL440M0010NH220/N_atom300E+10_Vexp100E+03_Vemit300E+03_tauD000E+00_Vran118E
 +01                  
 Start
           0
 set_grid_done
 set_clumps_done
 Done
 TIME :    3.53917211759835       sec
          50 %           3   69.8771790633909     
 	 100 %           2   141.380732613616     
 Time :   141.551611259114     
 WOCIVL440M0010NH220/N_atom300E+10_Vexp200E+03_Vemit300E+03_tauD000E+00_Vran118E
 +01                  
 Start
           0
 set_grid_done
 set_clumps_done
 Done
 TIME :    3.58441244182177       sec
          50 %           3   68.2588151148520     
 	 100 %           2   129.336615654174     
 Time :   129.492851944175     
 WOCIVL440M0010NH220/N_atom300E+10_Vexp300E+03_Vemit300E+03_tauD000E+00_Vran118E
 +01                  
 Start
           0
 set_grid_done
 set_clumps_done
 Done
 TIME :    3.68541504465975       sec
          50 %           4   62.9464832767844     
 	 100 %           3   126.949650518131     
 Time :   127.131906807888     
 WOCIVL440M0010NH220/N_atom300E+10_Vexp500E+01_Vemit300E+03_tauD000E+00_Vran118E
 +01                  
 Start
           0
 set_grid_done
 set_clumps_done
 Done
 TIME :    3.64345834776759       sec
          50 %           3   67.8732788262423     
 	 100 %           2   131.316548708826     
 Time :   131.492961523589     
 WOCIVL440M0010NH220/N_atom300E+10_Vexp100E+02_Vemit300E+03_tauD000E+00_Vran300E
 +01                  
 Start
           0
 set_grid_done
 set_clumps_done
 Done
 TIME :    3.67690669372678       sec
          50 %           2   70.2371625970118     
 	 100 %           1   141.881324464688     
 Time :   142.048370413249     
 WOCIVL440M0010NH220/N_atom300E+10_Vexp200E+02_Vemit300E+03_tauD000E+00_Vran300E
 +01                  
 Start
           0
 set_grid_done
 set_clumps_done
 Done
 TIME :    2.03460544883274       sec
          50 %           4   67.9201212241314     
 	 100 %           1   130.484302656725     
 Time :   130.652685035719     
 WOCIVL440M0010NH220/N_atom300E+10_Vexp300E+02_Vemit300E+03_tauD000E+00_Vran300E
 +01                  
 Start
           0
 set_grid_done
 set_clumps_done
 Done
 TIME :    2.90310558956116       sec
          50 %           1   61.2612565408926     
 	 100 %           3   121.433842930244     
 Time :   121.608429336688     
 WOCIVL440M0010NH220/N_atom300E+10_Vexp400E+02_Vemit300E+03_tauD000E+00_Vran300E
 +01                  
 Start
           0
 set_grid_done
 set_clumps_done
 Done
 TIME :    2.56818676693365       sec
          50 %           3   62.9010577818844     
 	 100 %           3   127.865768144373     
 Time :   128.046437539160     
 WOCIVL440M0010NH220/N_atom300E+10_Vexp500E+02_Vemit300E+03_tauD000E+00_Vran300E
 +01                  
 Start
           0
 set_grid_done
 set_clumps_done
 Done
 TIME :    3.56613149633631       sec
          50 %           3   67.3665697118267     
 	 100 %           2   133.278280518483     
 Time :   133.468334543519     
 WOCIVL440M0010NH220/N_atom300E+10_Vexp600E+02_Vemit300E+03_tauD000E+00_Vran300E
 +01                  
 Start
           0
 set_grid_done
 set_clumps_done
 Done
 TIME :    3.05835623294115       sec
          50 %           2   76.5008526209276     
 	 100 %           4   150.757247599075     
 Time :   150.940049021039     
 WOCIVL440M0010NH220/N_atom300E+10_Vexp700E+02_Vemit300E+03_tauD000E+00_Vran300E
 +01                  
 Start
           0
 set_grid_done
 set_clumps_done
 Done
 TIME :    3.56689792755060       sec
          50 %           1   70.1730190985836     
 	 100 %           4   142.050781258149     
 Time :   142.233494963963     
 WOCIVL440M0010NH220/N_atom300E+10_Vexp800E+02_Vemit300E+03_tauD000E+00_Vran300E
 +01                  
 Start
           0
 set_grid_done
 set_clumps_done
 Done
 TIME :    3.67853847355582       sec
          50 %           1   74.6653595094103     
 	 100 %           1   145.641035642009     
 Time :   145.804805827560     
 WOCIVL440M0010NH220/N_atom300E+10_Vexp900E+02_Vemit300E+03_tauD000E+00_Vran300E
 +01                  
 Start
           0
 set_grid_done
 set_clumps_done
 Done
 TIME :    2.36245178943500       sec
          50 %           1   74.6780827012844     
 	 100 %           2   143.976804091362     
 Time :   144.149885187624     
 WOCIVL440M0010NH220/N_atom300E+10_Vexp100E+03_Vemit300E+03_tauD000E+00_Vran300E
 +01                  
 Start
           0
 set_grid_done
 set_clumps_done
 Done
 TIME :    3.47630386380479       sec
          50 %           3   70.5028239174280     
 	 100 %           2   143.827444041846     
 Time :   143.994060827419     
 WOCIVL440M0010NH220/N_atom300E+10_Vexp200E+03_Vemit300E+03_tauD000E+00_Vran300E
 +01                  
 Start
           0
 set_grid_done
 set_clumps_done
 Done
 TIME :    2.53465199749917       sec
          50 %           3   71.3160366592929     
 	 100 %           4   137.133197912481     
 Time :   137.300878222100     
 WOCIVL440M0010NH220/N_atom300E+10_Vexp300E+03_Vemit300E+03_tauD000E+00_Vran300E
 +01                  
 Start
           0
 set_grid_done
 set_clumps_done
 Done
 TIME :    3.38792536570691       sec
          50 %           2   62.2873564031906     
 	 100 %           2   122.137733485783     
 Time :   122.301812476246     
 WOCIVL440M0010NH220/N_atom300E+10_Vexp500E+01_Vemit300E+03_tauD000E+00_Vran300E
 +01                  
 Start
           0
 set_grid_done
 set_clumps_done
 Done
 TIME :    3.06492530158721       sec
          50 %           1   81.2106093482580     
 	 100 %           2   165.694964137627     
 Time :   165.870989809511     
 WOCIVL440M0010NH220/N_atom300E+10_Vexp100E+02_Vemit300E+03_tauD000E+00_Vran500E
 +01                  
 Start
           0
 set_grid_done
 set_clumps_done
 Done
 TIME :    3.67039338033646       sec
          50 %           4   87.2494614524767     
 	 100 %           3   170.588764028624     
 Time :   170.770453384845     
 WOCIVL440M0010NH220/N_atom300E+10_Vexp200E+02_Vemit300E+03_tauD000E+00_Vran500E
 +01                  
 Start
           0
 set_grid_done
 set_clumps_done
 Done
 TIME :    2.83330938732252       sec
          50 %           4   75.5267162234522     
 	 100 %           1   144.964220154099     
 Time :   145.130108480342     
 WOCIVL440M0010NH220/N_atom300E+10_Vexp300E+02_Vemit300E+03_tauD000E+00_Vran500E
 +01                  
 Start
           0
 set_grid_done
 set_clumps_done
 Done
 TIME :    3.56935411831364       sec
          50 %           4   72.6384987554047     
 	 100 %           1   140.029583948199     
 Time :   140.208623486804     
 WOCIVL440M0010NH220/N_atom300E+10_Vexp400E+02_Vemit300E+03_tauD000E+00_Vran500E
 +01                  
 Start
           0
 set_grid_done
 set_clumps_done
 Done
 TIME :    3.56873271171935       sec
          50 %           3   69.7715594985057     
 	 100 %           4   138.370310055092     
 Time :   138.548362204107     
 WOCIVL440M0010NH220/N_atom300E+10_Vexp500E+02_Vemit300E+03_tauD000E+00_Vran500E
 +01                  
 Start
           0
 set_grid_done
 set_clumps_done
 Done
 TIME :    3.56142689776607       sec
          50 %           2   73.8180254276376     
 	 100 %           3   140.498127123807     
 Time :   140.667252950603     
 WOCIVL440M0010NH220/N_atom300E+10_Vexp600E+02_Vemit300E+03_tauD000E+00_Vran500E
 +01                  
 Start
           0
 set_grid_done
 set_clumps_done
 Done
 TIME :    3.00321419909596       sec
          50 %           4   83.6863860429730     
 	 100 %           1   150.265652623726     
 Time :   150.441721978365     
 WOCIVL440M0010NH220/N_atom300E+10_Vexp700E+02_Vemit300E+03_tauD000E+00_Vran500E
 +01                  
 Start
           0
 set_grid_done
 set_clumps_done
 Done
 TIME :    3.65281128813513       sec
          50 %           3   81.8950703633018     
 	 100 %           4   156.376672370359     
 Time :   156.545860154321     
 WOCIVL440M0010NH220/N_atom300E+10_Vexp800E+02_Vemit300E+03_tauD000E+00_Vran500E
 +01                  
 Start
           0
 set_grid_done
 set_clumps_done
 Done
 TIME :    3.63597756274976       sec
          50 %           1   74.3699915180914     
 	 100 %           3   143.099779970245     
 Time :   143.269385014428     
 WOCIVL440M0010NH220/N_atom300E+10_Vexp900E+02_Vemit300E+03_tauD000E+00_Vran500E
 +01                  
 Start
           0
 set_grid_done
 set_clumps_done
 Done
 TIME :    3.68557666055858       sec
          50 %           4   86.2694286701735     
 	 100 %           2   160.197458255105     
 Time :   160.380088743288     
 WOCIVL440M0010NH220/N_atom300E+10_Vexp100E+03_Vemit300E+03_tauD000E+00_Vran500E
 +01                  
 Start
           0
 set_grid_done
 set_clumps_done
 Done
 TIME :    3.66293040895835       sec
          50 %           1   83.6342231202871     
 	 100 %           4   156.096912062727     
 Time :   156.257261480903     
 WOCIVL440M0010NH220/N_atom300E+10_Vexp200E+03_Vemit300E+03_tauD000E+00_Vran500E
 +01                  
 Start
           0
 set_grid_done
 set_clumps_done
 Done
 TIME :    3.50079275458120       sec
          50 %           3   70.7394369340036     
 	 100 %           4   138.299560868414     
 Time :   138.463995592203     
 WOCIVL440M0010NH220/N_atom300E+10_Vexp300E+03_Vemit300E+03_tauD000E+00_Vran500E
 +01                  
 Start
           0
 set_grid_done
 set_clumps_done
 Done
 TIME :    3.53072864958085       sec
          50 %           3   70.3526685922407     
 	 100 %           1   137.024436347885     
 Time :   137.205618784297     
 WOCIVL440M0010NH220/N_atom300E+10_Vexp500E+01_Vemit300E+03_tauD000E+00_Vran500E
 +01                  
 Start
           0
 set_grid_done
 set_clumps_done
 Done
 TIME :    3.67649638652802       sec
          50 %           1   112.306713846978     
 	 100 %           4   222.976446272573     
 Time :   223.156967607094     
