nohup: ignoring input
 WOCIVL440M0100NH220/N_atom300E+10_Vexp100E+02_Vemit100E+03_tauD000E+00_Vran118E
 +01                  
 Start
           0
 set_grid_done
 set_clumps_done
 Done
 TIME :    3.49995813309215       sec
          50 %           1   521.562595762778     
 	 100 %           1   1019.53222760418     
 Time :   1019.67273823125     
 WOCIVL440M0100NH220/N_atom300E+10_Vexp200E+02_Vemit100E+03_tauD000E+00_Vran118E
 +01                  
 Start
           0
 set_grid_done
 set_clumps_done
 Done
 TIME :    3.32653408567421       sec
          50 %           1   467.763940267265     
 	 100 %           1   922.957947327057     
 Time :   923.120378939435     
 WOCIVL440M0100NH220/N_atom300E+10_Vexp300E+02_Vemit100E+03_tauD000E+00_Vran118E
 +01                  
 Start
           0
 set_grid_done
 set_clumps_done
 Done
 TIME :    3.59523872262798       sec
          50 %           1   469.778613970615     
 	 100 %           1   898.920896097319     
 Time :   899.085002002306     
 WOCIVL440M0100NH220/N_atom300E+10_Vexp400E+02_Vemit100E+03_tauD000E+00_Vran118E
 +01                  
 Start
           0
 set_grid_done
 set_clumps_done
 Done
 TIME :    3.58429362974130       sec
          50 %           1   486.997097796760     
 	 100 %           1   960.745463888859     
 Time :   960.889157629572     
 WOCIVL440M0100NH220/N_atom300E+10_Vexp500E+02_Vemit100E+03_tauD000E+00_Vran118E
 +01                  
 Start
           0
 set_grid_done
 set_clumps_done
 Done
 TIME :    3.32268985779956       sec
          50 %           1   463.103727833368     
 	 100 %           1   902.677410176024     
 Time :   902.828073275974     
 WOCIVL440M0100NH220/N_atom300E+10_Vexp600E+02_Vemit100E+03_tauD000E+00_Vran118E
 +01                  
 Start
           0
 set_grid_done
 set_clumps_done
 Done
 TIME :    3.67965701012872       sec
          50 %           1   404.199688008288     
 	 100 %           1   836.990141518647     
 Time :   837.142025490291     
 WOCIVL440M0100NH220/N_atom300E+10_Vexp700E+02_Vemit100E+03_tauD000E+00_Vran118E
 +01                  
 Start
           0
 set_grid_done
 set_clumps_done
 Done
 TIME :    3.68303284840658       sec
          50 %           1   466.555185635807     
 	 100 %           1   957.962795819854     
 Time :   958.123482031515     
 WOCIVL440M0100NH220/N_atom300E+10_Vexp800E+02_Vemit100E+03_tauD000E+00_Vran118E
 +01                  
 Start
           0
 set_grid_done
 set_clumps_done
 Done
 TIME :    3.59913025260903       sec
          50 %           1   485.571290752385     
 	 100 %           1   932.666352876695     
 Time :   932.822932159994     
 WOCIVL440M0100NH220/N_atom300E+10_Vexp900E+02_Vemit100E+03_tauD000E+00_Vran118E
 +01                  
 Start
           0
 set_grid_done
 set_clumps_done
 Done
 TIME :    3.71119634085335       sec
          50 %           1   448.663856086554     
 	 100 %           1   890.212178810267     
 Time :   890.352432107320     
 WOCIVL440M0100NH220/N_atom300E+10_Vexp100E+03_Vemit100E+03_tauD000E+00_Vran118E
 +01                  
 Start
           0
 set_grid_done
 set_clumps_done
 Done
 TIME :    3.32841503992677       sec
          50 %           1   461.007012589835     
 	 100 %           1   933.245105306385     
 Time :   933.403094759211     
 WOCIVL440M0100NH220/N_atom300E+10_Vexp200E+03_Vemit100E+03_tauD000E+00_Vran118E
 +01                  
 Start
           0
 set_grid_done
 set_clumps_done
 Done
 TIME :    2.59786273189820       sec
          50 %           1   446.114578179549     
 	 100 %           1   886.112425187603     
 Time :   886.262595750624     
 WOCIVL440M0100NH220/N_atom300E+10_Vexp300E+03_Vemit100E+03_tauD000E+00_Vran118E
 +01                  
 Start
           0
 set_grid_done
 set_clumps_done
 Done
 TIME :    3.69623926398344       sec
          50 %           1   395.041097291978     
 	 100 %           1   807.739216148155     
 Time :   807.902157300385     
 WOCIVL440M0100NH220/N_atom300E+10_Vexp500E+01_Vemit100E+03_tauD000E+00_Vran118E
 +01                  
 Start
           0
 set_grid_done
 set_clumps_done
 Done
 TIME :    3.70394637668505       sec
          50 %           1   515.410096034408     
 	 100 %           1   1019.96079514315     
 Time :   1020.07962272689     
 WOCIVL440M0100NH220/N_atom300E+10_Vexp100E+02_Vemit100E+03_tauD000E+00_Vran300E
 +01                  
 Start
           0
 set_grid_done
 set_clumps_done
 Done
 TIME :    2.05703354463913       sec
          50 %           1   571.909678452183     
 	 100 %           1   1037.58307304163     
 Time :   1037.74012988247     
 WOCIVL440M0100NH220/N_atom300E+10_Vexp200E+02_Vemit100E+03_tauD000E+00_Vran300E
 +01                  
 Start
           0
 set_grid_done
 set_clumps_done
 Done
 TIME :    3.64941612188704       sec
          50 %           1   408.977558483835     
 	 100 %           1   875.950176807120     
 Time :   876.106818501605     
 WOCIVL440M0100NH220/N_atom300E+10_Vexp300E+02_Vemit100E+03_tauD000E+00_Vran300E
 +01                  
 Start
           0
 set_grid_done
 set_clumps_done
 Done
 TIME :    3.10409349529073       sec
          50 %           1   546.395560386358     
 	 100 %           1   1022.19109182223     
 Time :   1022.35695040226     
 WOCIVL440M0100NH220/N_atom300E+10_Vexp400E+02_Vemit100E+03_tauD000E+00_Vran300E
 +01                  
 Start
           0
 set_grid_done
 set_clumps_done
 Done
 TIME :    3.00562835927121       sec
          50 %           1   415.982174860779     
 	 100 %           1   822.789489088114     
 Time :   822.913901200984     
 WOCIVL440M0100NH220/N_atom300E+10_Vexp500E+02_Vemit100E+03_tauD000E+00_Vran300E
 +01                  
 Start
           0
 set_grid_done
 set_clumps_done
 Done
 TIME :    2.01803997252136       sec
          50 %           1   367.647004259517     
 	 100 %           1   735.602514747297     
 Time :   735.726575547596     
 WOCIVL440M0100NH220/N_atom300E+10_Vexp600E+02_Vemit100E+03_tauD000E+00_Vran300E
 +01                  
 Start
           0
 set_grid_done
 set_clumps_done
 Done
 TIME :    2.01597681478597       sec
          50 %           1   373.329146354226     
 	 100 %           1   744.552940866910     
 Time :   744.676607922185     
 WOCIVL440M0100NH220/N_atom300E+10_Vexp700E+02_Vemit100E+03_tauD000E+00_Vran300E
 +01                  
 Start
           0
 set_grid_done
 set_clumps_done
 Done
 TIME :    2.98410144937225       sec
          50 %           1   379.277067732299     
 	 100 %           1   752.103189982474     
 Time :   752.229177034926     
 WOCIVL440M0100NH220/N_atom300E+10_Vexp800E+02_Vemit100E+03_tauD000E+00_Vran300E
 +01                  
 Start
           0
 set_grid_done
 set_clumps_done
 Done
 TIME :    2.65089054778218       sec
          50 %           1   438.765002948465     
 	 100 %           1   957.342431731755     
 Time :   957.486525659915     
 WOCIVL440M0100NH220/N_atom300E+10_Vexp900E+02_Vemit100E+03_tauD000E+00_Vran300E
 +01                  
 Start
           0
 set_grid_done
 set_clumps_done
 Done
 TIME :    2.00043513206765       sec
          50 %           1   437.699498305796     
 	 100 %           1   908.372790287714     
 Time :   908.499459475279     
 WOCIVL440M0100NH220/N_atom300E+10_Vexp100E+03_Vemit100E+03_tauD000E+00_Vran300E
 +01                  
 Start
           0
 set_grid_done
 set_clumps_done
 Done
 TIME :    2.10011975723319       sec
          50 %           1   550.431462626439     
 	 100 %           1   1062.98187571648     
 Time :   1063.14783378970     
 WOCIVL440M0100NH220/N_atom300E+10_Vexp200E+03_Vemit100E+03_tauD000E+00_Vran300E
 +01                  
 Start
           0
 set_grid_done
 set_clumps_done
 Done
 TIME :    3.22700917115435       sec
          50 %           1   387.153534313897     
 	 100 %           1   757.968213436892     
 Time :   758.092056834837     
 WOCIVL440M0100NH220/N_atom300E+10_Vexp300E+03_Vemit100E+03_tauD000E+00_Vran300E
 +01                  
 Start
           0
 set_grid_done
 set_clumps_done
 Done
 TIME :    2.01397799141705       sec
          50 %           1   305.535756731173     
 	 100 %           1   607.745619219728     
 Time :   607.871670115972     
 WOCIVL440M0100NH220/N_atom300E+10_Vexp500E+01_Vemit100E+03_tauD000E+00_Vran300E
 +01                  
 Start
           0
 set_grid_done
 set_clumps_done
 Done
 TIME :    2.06442000414245       sec
          50 %           1   624.855247624917     
 	 100 %           1   1322.56279566954     
 Time :   1322.71176836547     
 WOCIVL440M0100NH220/N_atom300E+10_Vexp100E+02_Vemit100E+03_tauD000E+00_Vran500E
 +01                  
 Start
           0
 set_grid_done
 set_clumps_done
 Done
 TIME :    2.02526408666745       sec
          50 %           1   709.750449478859     
 	 100 %           1   1296.62936734897     
 Time :   1296.79465475911     
 WOCIVL440M0100NH220/N_atom300E+10_Vexp200E+02_Vemit100E+03_tauD000E+00_Vran500E
 +01                  
 Start
           0
 set_grid_done
 set_clumps_done
 Done
 TIME :    3.64054773328826       sec
          50 %           1   446.508855824126     
 	 100 %           1   884.312072370900     
 Time :   884.472531922162     
 WOCIVL440M0100NH220/N_atom300E+10_Vexp300E+02_Vemit100E+03_tauD000E+00_Vran500E
 +01                  
 Start
           0
 set_grid_done
 set_clumps_done
 Done
 TIME :    2.05965414573438       sec
          50 %           1   397.624962671427     
 	 100 %           1   801.755498268874     
 Time :   801.933508765884     
 WOCIVL440M0100NH220/N_atom300E+10_Vexp400E+02_Vemit100E+03_tauD000E+00_Vran500E
 +01                  
 Start
           0
 set_grid_done
 set_clumps_done
 Done
 TIME :    3.51671418477781       sec
          50 %           1   389.461761396844     
 	 100 %           1   777.816635647789     
 Time :   777.945464110002     
 WOCIVL440M0100NH220/N_atom300E+10_Vexp500E+02_Vemit100E+03_tauD000E+00_Vran500E
 +01                  
 Start
           0
 set_grid_done
 set_clumps_done
 Done
 TIME :    2.00853245262988       sec
          50 %           1   391.377854799852     
 	 100 %           1   779.754486188060     
 Time :   779.884766099975     
 WOCIVL440M0100NH220/N_atom300E+10_Vexp600E+02_Vemit100E+03_tauD000E+00_Vran500E
 +01                  
 Start
           0
 set_grid_done
 set_clumps_done
 Done
 TIME :    2.01704741455615       sec
          50 %           1   401.840861176373     
 	 100 %           1   803.550761648221     
 Time :   803.679288354237     
 WOCIVL440M0100NH220/N_atom300E+10_Vexp700E+02_Vemit100E+03_tauD000E+00_Vran500E
 +01                  
 Start
           0
 set_grid_done
 set_clumps_done
 Done
 TIME :    2.01311314129271       sec
          50 %           1   487.013407891849     
 	 100 %           1   908.618789615110     
 Time :   908.747306982987     
 WOCIVL440M0100NH220/N_atom300E+10_Vexp800E+02_Vemit100E+03_tauD000E+00_Vran500E
 +01                  
 Start
           0
 set_grid_done
 set_clumps_done
 Done
 TIME :    2.00663729081862       sec
          50 %           1   456.080528335413     
 	 100 %           1   915.083199504530     
 Time :   915.214201599592     
 WOCIVL440M0100NH220/N_atom300E+10_Vexp900E+02_Vemit100E+03_tauD000E+00_Vran500E
 +01                  
 Start
           0
 set_grid_done
 set_clumps_done
 Done
 TIME :    2.02916828123853       sec
          50 %           1   615.863036170136     
 	 100 %           1   1270.05812910851     
 Time :   1270.21599733573     
 WOCIVL440M0100NH220/N_atom300E+10_Vexp100E+03_Vemit100E+03_tauD000E+00_Vran500E
 +01                  
 Start
           0
 set_grid_done
 set_clumps_done
 Done
 TIME :    2.02333426778205       sec
          50 %           1   535.612094610464     
 	 100 %           1   1113.51835740730     
 Time :   1113.64567694813     
 WOCIVL440M0100NH220/N_atom300E+10_Vexp200E+03_Vemit100E+03_tauD000E+00_Vran500E
 +01                  
 Start
           0
 set_grid_done
 set_clumps_done
 Done
 TIME :    2.00780956819654       sec
          50 %           1   359.738140580943     
 	 100 %           1   712.563785055187     
 Time :   712.701789453393     
 WOCIVL440M0100NH220/N_atom300E+10_Vexp300E+03_Vemit100E+03_tauD000E+00_Vran500E
 +01                  
 Start
           0
 set_grid_done
 set_clumps_done
 Done
 TIME :    2.96608710335568       sec
          50 %           1   293.703750097658     
 	 100 %           1   583.541538595455     
 Time :   583.696858692449     
 WOCIVL440M0100NH220/N_atom300E+10_Vexp500E+01_Vemit100E+03_tauD000E+00_Vran500E
 +01                  
 Start
           0
 set_grid_done
 set_clumps_done
 Done
 TIME :    3.55387348309159       sec
          50 %           1   1174.06637640507     
 	 100 %           1   2247.43675566302     
 Time :   2247.59734412469     
 WOCIVL440M0100NH220/N_atom300E+10_Vexp100E+02_Vemit200E+03_tauD000E+00_Vran118E
 +01                  
 Start
           0
 set_grid_done
 set_clumps_done
 Done
 TIME :    3.34687504172325       sec
          50 %           1   260.723528844537     
 	 100 %           1   516.648045782465     
 Time :   516.781451035989     
 WOCIVL440M0100NH220/N_atom300E+10_Vexp200E+02_Vemit200E+03_tauD000E+00_Vran118E
 +01                  
 Start
           0
 set_grid_done
 set_clumps_done
 Done
 TIME :    2.02879343321547       sec
          50 %           1   242.279732129537     
 	 100 %           1   482.290057421196     
 Time :   482.420858585974     
 WOCIVL440M0100NH220/N_atom300E+10_Vexp300E+02_Vemit200E+03_tauD000E+00_Vran118E
 +01                  
 Start
           0
 set_grid_done
 set_clumps_done
 Done
 TIME :    2.03120310441591       sec
          50 %           1   244.477880494669     
 	 100 %           1   497.826228625141     
 Time :   497.996952416608     
 WOCIVL440M0100NH220/N_atom300E+10_Vexp400E+02_Vemit200E+03_tauD000E+00_Vran118E
 +01                  
 Start
           0
 set_grid_done
 set_clumps_done
 Done
 TIME :    3.25888457451947       sec
          50 %           1   245.202516008401     
 	 100 %           1   484.308388739824     
 Time :   484.440532482462     
 WOCIVL440M0100NH220/N_atom300E+10_Vexp500E+02_Vemit200E+03_tauD000E+00_Vran118E
 +01                  
 Start
           0
 set_grid_done
 set_clumps_done
 Done
 TIME :    2.02858713245951       sec
          50 %           1   241.655424350174     
 	 100 %           1   481.175509453053     
 Time :   481.316093572648     
 WOCIVL440M0100NH220/N_atom300E+10_Vexp600E+02_Vemit200E+03_tauD000E+00_Vran118E
 +01                  
 Start
           0
 set_grid_done
 set_clumps_done
 Done
 TIME :    2.02603185828775       sec
          50 %           1   322.800680806162     
 	 100 %           1   677.788209496066     
 Time :   677.933062138269     
 WOCIVL440M0100NH220/N_atom300E+10_Vexp700E+02_Vemit200E+03_tauD000E+00_Vran118E
 +01                  
 Start
           0
 set_grid_done
 set_clumps_done
 Done
 TIME :    2.09149025310762       sec
          50 %           1   292.097703475738     
 	 100 %           1   540.894176987698     
 Time :   541.026608880376     
 WOCIVL440M0100NH220/N_atom300E+10_Vexp800E+02_Vemit200E+03_tauD000E+00_Vran118E
 +01                  
 Start
           0
 set_grid_done
 set_clumps_done
 Done
 TIME :    2.01846843515523       sec
          50 %           1   251.266438629944     
 	 100 %           1   499.900794449495     
 Time :   500.034480608767     
 WOCIVL440M0100NH220/N_atom300E+10_Vexp900E+02_Vemit200E+03_tauD000E+00_Vran118E
 +01                  
 Start
           0
 set_grid_done
 set_clumps_done
 Done
 TIME :    2.46123557933606       sec
          50 %           1   254.279417659156     
 	 100 %           1   505.516242919955     
 Time :   505.654282957315     
 WOCIVL440M0100NH220/N_atom300E+10_Vexp100E+03_Vemit200E+03_tauD000E+00_Vran118E
 +01                  
 Start
           0
 set_grid_done
 set_clumps_done
 Done
 TIME :    2.02926245424896       sec
          50 %           1   261.734580522869     
 	 100 %           1   521.240800838685     
 Time :   521.409002149710     
 WOCIVL440M0100NH220/N_atom300E+10_Vexp200E+03_Vemit200E+03_tauD000E+00_Vran118E
 +01                  
 Start
           0
 set_grid_done
 set_clumps_done
 Done
 TIME :    2.96233841078356       sec
          50 %           1   269.159978733398     
 	 100 %           1   535.568215777865     
 Time :   535.757111201063     
 WOCIVL440M0100NH220/N_atom300E+10_Vexp300E+03_Vemit200E+03_tauD000E+00_Vran118E
 +01                  
 Start
           0
 set_grid_done
 set_clumps_done
 Done
 TIME :    3.47291652974673       sec
          50 %           1   250.646846251097     
 	 100 %           1   498.116812355816     
 Time :   498.302173573058     
 WOCIVL440M0100NH220/N_atom300E+10_Vexp500E+01_Vemit200E+03_tauD000E+00_Vran118E
 +01                  
 Start
           0
 set_grid_done
 set_clumps_done
 Done
 TIME :    3.50505353161134       sec
          50 %           1   285.942158130696     
 	 100 %           1   566.901789564406     
 Time :   567.040102492087     
 WOCIVL440M0100NH220/N_atom300E+10_Vexp100E+02_Vemit200E+03_tauD000E+00_Vran300E
 +01                  
 Start
           0
 set_grid_done
 set_clumps_done
 Done
 TIME :    2.03768088878132       sec
          50 %           1   296.517918501981     
 	 100 %           1   587.818518842570     
 Time :   587.955551142339     
 WOCIVL440M0100NH220/N_atom300E+10_Vexp200E+02_Vemit200E+03_tauD000E+00_Vran300E
 +01                  
 Start
           0
 set_grid_done
 set_clumps_done
 Done
 TIME :    2.02154002222233       sec
          50 %           1   261.802288738312     
 	 100 %           1   523.604692179244     
 Time :   523.738141919253     
 WOCIVL440M0100NH220/N_atom300E+10_Vexp300E+02_Vemit200E+03_tauD000E+00_Vran300E
 +01                  
 Start
           0
 set_grid_done
 set_clumps_done
 Done
 TIME :    3.18759536254220       sec
          50 %           1   254.945309182163     
 	 100 %           1   506.476717352634     
 Time :   506.633306024130     
 WOCIVL440M0100NH220/N_atom300E+10_Vexp400E+02_Vemit200E+03_tauD000E+00_Vran300E
 +01                  
 Start
           0
 set_grid_done
 set_clumps_done
 Done
 TIME :    3.29965166188776       sec
          50 %           1   247.944974763785     
 	 100 %           1   491.273479330586     
 Time :   491.405442191986     
 WOCIVL440M0100NH220/N_atom300E+10_Vexp500E+02_Vemit200E+03_tauD000E+00_Vran300E
 +01                  
 Start
           0
 set_grid_done
 set_clumps_done
 Done
 TIME :    2.48305103951134       sec
          50 %           1   248.842521007406     
 	 100 %           1   494.307614659891     
 Time :   494.441416954622     
 WOCIVL440M0100NH220/N_atom300E+10_Vexp600E+02_Vemit200E+03_tauD000E+00_Vran300E
 +01                  
 Start
           0
 set_grid_done
 set_clumps_done
 Done
 TIME :    2.02191333728842       sec
          50 %           1   248.029674337944     
 	 100 %           1   493.025367866736     
 Time :   493.184564444469     
 WOCIVL440M0100NH220/N_atom300E+10_Vexp700E+02_Vemit200E+03_tauD000E+00_Vran300E
 +01                  
 Start
           0
 set_grid_done
 set_clumps_done
 Done
 TIME :    3.20563080976717       sec
          50 %           1   253.308992966078     
 	 100 %           1   502.240863090381     
 Time :   502.377101237187     
 WOCIVL440M0100NH220/N_atom300E+10_Vexp800E+02_Vemit200E+03_tauD000E+00_Vran300E
 +01                  
 Start
           0
 set_grid_done
 set_clumps_done
 Done
 TIME :    2.01810099114664       sec
          50 %           1   258.668468453223     
 	 100 %           1   515.821789151756     
 Time :   515.988002801314     
 WOCIVL440M0100NH220/N_atom300E+10_Vexp900E+02_Vemit200E+03_tauD000E+00_Vran300E
 +01                  
 Start
           0
 set_grid_done
 set_clumps_done
 Done
 TIME :    3.39620271977037       sec
          50 %           1   269.135640392080     
 	 100 %           1   534.156853955938     
 Time :   534.346501019085     
 WOCIVL440M0100NH220/N_atom300E+10_Vexp100E+03_Vemit200E+03_tauD000E+00_Vran300E
 +01                  
 Start
           0
 set_grid_done
 set_clumps_done
 Done
 TIME :    3.48415301856585       sec
          50 %           1   278.864420011872     
 	 100 %           1   554.322670431575     
 Time :   554.458320105216     
 WOCIVL440M0100NH220/N_atom300E+10_Vexp200E+03_Vemit200E+03_tauD000E+00_Vran300E
 +01                  
 Start
           0
 set_grid_done
 set_clumps_done
 Done
 TIME :    2.02836073259823       sec
          50 %           1   263.586057437118     
 	 100 %           1   526.148431376321     
 Time :   526.281552998815     
 WOCIVL440M0100NH220/N_atom300E+10_Vexp300E+03_Vemit200E+03_tauD000E+00_Vran300E
 +01                  
 Start
           0
 set_grid_done
 set_clumps_done
 Done
 TIME :    2.00189242325723       sec
          50 %           1   239.113790032221     
 	 100 %           1   476.591152742272     
 Time :   476.722052648664     
 WOCIVL440M0100NH220/N_atom300E+10_Vexp500E+01_Vemit200E+03_tauD000E+00_Vran300E
 +01                  
 Start
           0
 set_grid_done
 set_clumps_done
 Done
 TIME :    2.00390679645352       sec
          50 %           1   375.741631907877     
 	 100 %           1   749.056029970758     
 Time :   749.188102344982     
 WOCIVL440M0100NH220/N_atom300E+10_Vexp100E+02_Vemit200E+03_tauD000E+00_Vran500E
 +01                  
 Start
           0
 set_grid_done
 set_clumps_done
 Done
 TIME :    1.96788421622477       sec
          50 %           1   348.621174671454     
 	 100 %           1   683.289414678467     
 Time :   683.415588383330     
 WOCIVL440M0100NH220/N_atom300E+10_Vexp200E+02_Vemit200E+03_tauD000E+00_Vran500E
 +01                  
 Start
           0
 set_grid_done
 set_clumps_done
 Done
 TIME :    1.91762121138163       sec
          50 %           1   261.695172525942     
 	 100 %           1   520.283613741864     
 Time :   520.408462082036     
 WOCIVL440M0100NH220/N_atom300E+10_Vexp300E+02_Vemit200E+03_tauD000E+00_Vran500E
 +01                  
 Start
           0
 set_grid_done
 set_clumps_done
 Done
 TIME :    1.91794405854307       sec
          50 %           1   243.496898792917     
 	 100 %           1   485.311516724993     
 Time :   485.437681612791     
 WOCIVL440M0100NH220/N_atom300E+10_Vexp400E+02_Vemit200E+03_tauD000E+00_Vran500E
 +01                  
 Start
           0
 set_grid_done
 set_clumps_done
 Done
 TIME :    1.91774258692749       sec
          50 %           1   238.701474164845     
 	 100 %           1   475.593838912202     
 Time :   475.718147022882     
 WOCIVL440M0100NH220/N_atom300E+10_Vexp500E+02_Vemit200E+03_tauD000E+00_Vran500E
 +01                  
 Start
           0
 set_grid_done
 set_clumps_done
 Done
 TIME :    1.91828886815347       sec
          50 %           1   240.534607473295     
 	 100 %           1   478.010948228184     
 Time :   478.135937772691     
 WOCIVL440M0100NH220/N_atom300E+10_Vexp600E+02_Vemit200E+03_tauD000E+00_Vran500E
 +01                  
 Start
           0
 set_grid_done
 set_clumps_done
 Done
 TIME :    1.91697444464080       sec
          50 %           1   244.539288901491     
 	 100 %           1   488.487297755899     
 Time :   488.612010763260     
 WOCIVL440M0100NH220/N_atom300E+10_Vexp700E+02_Vemit200E+03_tauD000E+00_Vran500E
 +01                  
 Start
           0
 set_grid_done
 set_clumps_done
 Done
 TIME :    1.91662109852768       sec
          50 %           1   257.917179791024     
 	 100 %           1   514.820739574498     
 Time :   514.947547290940     
 WOCIVL440M0100NH220/N_atom300E+10_Vexp800E+02_Vemit200E+03_tauD000E+00_Vran500E
 +01                  
 Start
           0
 set_grid_done
 set_clumps_done
 Done
 TIME :    1.91614219802432       sec
          50 %           1   274.177613904933     
 	 100 %           1   546.171753250994     
 Time :   546.297051004367     
 WOCIVL440M0100NH220/N_atom300E+10_Vexp900E+02_Vemit200E+03_tauD000E+00_Vran500E
 +01                  
 Start
           0
 set_grid_done
 set_clumps_done
 Done
 TIME :    1.91595966345631       sec
          50 %           1   281.487973903306     
 	 100 %           1   561.440621150658     
 Time :   561.565748693421     
 WOCIVL440M0100NH220/N_atom300E+10_Vexp100E+03_Vemit200E+03_tauD000E+00_Vran500E
 +01                  
 Start
           0
 set_grid_done
 set_clumps_done
 Done
 TIME :    1.91811613272876       sec
          50 %           1   282.429168712115     
 	 100 %           1   562.216830536025     
 Time :   562.341812044848     
 WOCIVL440M0100NH220/N_atom300E+10_Vexp200E+03_Vemit200E+03_tauD000E+00_Vran500E
 +01                  
 Start
           0
 set_grid_done
 set_clumps_done
 Done
 TIME :    1.91706040198915       sec
          50 %           1   239.718142033787     
 	 100 %           1   476.961346800439     
 Time :   477.087403718382     
 WOCIVL440M0100NH220/N_atom300E+10_Vexp300E+03_Vemit200E+03_tauD000E+00_Vran500E
 +01                  
 Start
           0
 set_grid_done
 set_clumps_done
 Done
 TIME :    1.91491503384896       sec
          50 %           1   221.304798579309     
 	 100 %           1   440.894838453736     
 Time :   441.021156829782     
 WOCIVL440M0100NH220/N_atom300E+10_Vexp500E+01_Vemit200E+03_tauD000E+00_Vran500E
 +01                  
 Start
           0
 set_grid_done
 set_clumps_done
 Done
 TIME :    1.91621584095992       sec
          50 %           1   493.553080803249     
 	 100 %           1   984.733920384897     
 Time :   984.859162770445     
 WOCIVL440M0100NH220/N_atom300E+10_Vexp100E+02_Vemit300E+03_tauD000E+00_Vran118E
 +01                  
 Start
           0
 set_grid_done
 set_clumps_done
 Done
 TIME :    1.92434532404877       sec
          50 %           1   191.864225173602     
 	 100 %           1   383.207659858745     
 Time :   383.331826214213     
 WOCIVL440M0100NH220/N_atom300E+10_Vexp200E+02_Vemit300E+03_tauD000E+00_Vran118E
 +01                  
 Start
           0
 set_grid_done
 set_clumps_done
 Done
 TIME :    1.91559170861728       sec
          50 %           1   186.584553579800     
 	 100 %           1   371.817973451223     
 Time :   371.942667962750     
 WOCIVL440M0100NH220/N_atom300E+10_Vexp300E+02_Vemit300E+03_tauD000E+00_Vran118E
 +01                  
 Start
           0
 set_grid_done
 set_clumps_done
 Done
 TIME :    1.91613601590507       sec
          50 %           1   186.688896604581     
 	 100 %           1   370.217373399995     
 Time :   370.342177133542     
 WOCIVL440M0100NH220/N_atom300E+10_Vexp400E+02_Vemit300E+03_tauD000E+00_Vran118E
 +01                  
 Start
           0
 set_grid_done
 set_clumps_done
 Done
 TIME :    1.92392389546148       sec
          50 %           1   185.875033470336     
 	 100 %           1   370.906265405705     
 Time :   371.030699230731     
 WOCIVL440M0100NH220/N_atom300E+10_Vexp500E+02_Vemit300E+03_tauD000E+00_Vran118E
 +01                  
 Start
           0
 set_grid_done
 set_clumps_done
 Done
 TIME :    1.91716042603366       sec
          50 %           1   187.230363159906     
 	 100 %           1   370.608325674664     
 Time :   370.735856976826     
 WOCIVL440M0100NH220/N_atom300E+10_Vexp600E+02_Vemit300E+03_tauD000E+00_Vran118E
 +01                  
 Start
           0
 set_grid_done
 set_clumps_done
 Done
 TIME :    1.91694404580630       sec
          50 %           1   186.012095297221     
 	 100 %           1   369.393961315043     
 Time :   369.519532870268     
 WOCIVL440M0100NH220/N_atom300E+10_Vexp700E+02_Vemit300E+03_tauD000E+00_Vran118E
 +01                  
 Start
           0
 set_grid_done
 set_clumps_done
 Done
 TIME :    1.91695647989400       sec
          50 %           1   188.181252432056     
 	 100 %           1   372.208029965404     
 Time :   372.333418284776     
 WOCIVL440M0100NH220/N_atom300E+10_Vexp800E+02_Vemit300E+03_tauD000E+00_Vran118E
 +01                  
 Start
           0
 set_grid_done
 set_clumps_done
 Done
 TIME :    1.91784554696642       sec
          50 %           1   189.673755846219     
 	 100 %           1   376.285466433270     
 Time :   376.410630937666     
 WOCIVL440M0100NH220/N_atom300E+10_Vexp900E+02_Vemit300E+03_tauD000E+00_Vran118E
 +01                  
 Start
           0
 set_grid_done
 set_clumps_done
 Done
 TIME :    1.91895714658312       sec
          50 %           1   190.330987185240     
 	 100 %           1   379.750981444260     
 Time :   379.876790350536     
 WOCIVL440M0100NH220/N_atom300E+10_Vexp100E+03_Vemit300E+03_tauD000E+00_Vran118E
 +01                  
 Start
           0
 set_grid_done
 set_clumps_done
 Done
 TIME :    1.91772955190390       sec
          50 %           1   194.057384617161     
 	 100 %           1   386.729721431853     
 Time :   386.855712401681     
 WOCIVL440M0100NH220/N_atom300E+10_Vexp200E+03_Vemit300E+03_tauD000E+00_Vran118E
 +01                  
 Start
           0
 set_grid_done
 set_clumps_done
 Done
 TIME :    1.91740249632858       sec
          50 %           1   200.135472587310     
 	 100 %           1   400.631333903875     
 Time :   400.756387071917     
 WOCIVL440M0100NH220/N_atom300E+10_Vexp300E+03_Vemit300E+03_tauD000E+00_Vran118E
 +01                  
 Start
           0
 set_grid_done
 set_clumps_done
 Done
 TIME :    1.91875810991041       sec
          50 %           1   188.530130900675     
 	 100 %           1   375.655088742264     
 Time :   375.780475488398     
 WOCIVL440M0100NH220/N_atom300E+10_Vexp500E+01_Vemit300E+03_tauD000E+00_Vran118E
 +01                  
 Start
           0
 set_grid_done
 set_clumps_done
 Done
 TIME :    1.91678623901680       sec
          50 %           1   208.645620367257     
 	 100 %           1   415.332931529731     
 Time :   415.469798628474     
 WOCIVL440M0100NH220/N_atom300E+10_Vexp100E+02_Vemit300E+03_tauD000E+00_Vran300E
 +01                  
 Start
           0
 set_grid_done
 set_clumps_done
 Done
 TIME :    1.91906831250526       sec
          50 %           1   218.175747068599     
 	 100 %           1   434.016644455027     
 Time :   434.140845698304     
 WOCIVL440M0100NH220/N_atom300E+10_Vexp200E+02_Vemit300E+03_tauD000E+00_Vran300E
 +01                  
 Start
           0
 set_grid_done
 set_clumps_done
 Done
 TIME :    1.91633356967941       sec
          50 %           1   196.884752814192     
 	 100 %           1   392.392327524256     
 Time :   392.519240084570     
 WOCIVL440M0100NH220/N_atom300E+10_Vexp300E+02_Vemit300E+03_tauD000E+00_Vran300E
 +01                  
 Start
           0
 set_grid_done
 set_clumps_done
 Done
 TIME :    1.91539950505830       sec
          50 %           1   191.618779501645     
 	 100 %           1   380.515436234185     
 Time :   380.642045946093     
 WOCIVL440M0100NH220/N_atom300E+10_Vexp400E+02_Vemit300E+03_tauD000E+00_Vran300E
 +01                  
 Start
           0
 set_grid_done
 set_clumps_done
 Done
 TIME :    1.91864333697595       sec
          50 %           1   189.874166960362     
 	 100 %           1   378.598033868009     
 Time :   378.723383331671     
 WOCIVL440M0100NH220/N_atom300E+10_Vexp500E+02_Vemit300E+03_tauD000E+00_Vran300E
 +01                  
 Start
           0
 set_grid_done
 set_clumps_done
 Done
 TIME :    1.91644336306490       sec
          50 %           1   189.236099731177     
 	 100 %           1   376.552674843231     
 Time :   376.679652209394     
 WOCIVL440M0100NH220/N_atom300E+10_Vexp600E+02_Vemit300E+03_tauD000E+00_Vran300E
 +01                  
 Start
           0
 set_grid_done
 set_clumps_done
 Done
 TIME :    1.91697708982974       sec
          50 %           1   190.364489038475     
 	 100 %           1   379.263811980840     
 Time :   379.389153528959     
 WOCIVL440M0100NH220/N_atom300E+10_Vexp700E+02_Vemit300E+03_tauD000E+00_Vran300E
 +01                  
 Start
           0
 set_grid_done
 set_clumps_done
 Done
 TIME :    1.91967256623320       sec
          50 %           1   193.360996508971     
 	 100 %           1   384.348766932730     
 Time :   384.473121102899     
 WOCIVL440M0100NH220/N_atom300E+10_Vexp800E+02_Vemit300E+03_tauD000E+00_Vran300E
 +01                  
 Start
           0
 set_grid_done
 set_clumps_done
 Done
 TIME :    1.91746809380129       sec
          50 %           1   196.949324736604     
 	 100 %           1   391.683825392509     
 Time :   391.810886350926     
 WOCIVL440M0100NH220/N_atom300E+10_Vexp900E+02_Vemit300E+03_tauD000E+00_Vran300E
 +01                  
 Start
           0
 set_grid_done
 set_clumps_done
 Done
 TIME :    1.91747273271903       sec
          50 %           1   199.853634025436     
 	 100 %           1   399.338808432454     
 Time :   399.462401063181     
 WOCIVL440M0100NH220/N_atom300E+10_Vexp100E+03_Vemit300E+03_tauD000E+00_Vran300E
 +01                  
 Start
           0
 set_grid_done
 set_clumps_done
 Done
 TIME :    1.91854881332256       sec
          50 %           1   208.133223655401     
 	 100 %           1   413.517264683032     
 Time :   413.642745502060     
 WOCIVL440M0100NH220/N_atom300E+10_Vexp200E+03_Vemit300E+03_tauD000E+00_Vran300E
 +01                  
 Start
           0
 set_grid_done
 set_clumps_done
 Done
 TIME :    1.94020582595840       sec
          50 %           1   204.651752536651     
 	 100 %           1   404.827272663359     
 Time :   404.952625904465     
 WOCIVL440M0100NH220/N_atom300E+10_Vexp300E+03_Vemit300E+03_tauD000E+00_Vran300E
 +01                  
 Start
           0
 set_grid_done
 set_clumps_done
 Done
 TIME :    1.91674534976482       sec
          50 %           1   189.881397376768     
 	 100 %           1   377.864281663438     
 Time :   377.992177834501     
 WOCIVL440M0100NH220/N_atom300E+10_Vexp500E+01_Vemit300E+03_tauD000E+00_Vran300E
 +01                  
 Start
           0
 set_grid_done
 set_clumps_done
 Done
 TIME :    1.91826327866875       sec
          50 %           1   272.349767477252     
 	 100 %           1   541.997557771858     
 Time :   542.122171566356     
 WOCIVL440M0100NH220/N_atom300E+10_Vexp100E+02_Vemit300E+03_tauD000E+00_Vran500E
 +01                  
 Start
           0
 set_grid_done
 set_clumps_done
 Done
 TIME :    1.91515089222230       sec
          50 %           1   257.965057532070     
 	 100 %           1   512.042414201656     
 Time :   512.168938016752     
 WOCIVL440M0100NH220/N_atom300E+10_Vexp200E+02_Vemit300E+03_tauD000E+00_Vran500E
 +01                  
 Start
           0
 set_grid_done
 set_clumps_done
 Done
 TIME :    1.91901635169052       sec
          50 %           1   211.866367403185     
 	 100 %           1   420.946119007887     
 Time :   421.071206973633     
 WOCIVL440M0100NH220/N_atom300E+10_Vexp300E+02_Vemit300E+03_tauD000E+00_Vran500E
 +01                  
 Start
           0
 set_grid_done
 set_clumps_done
 Done
 TIME :    1.91537836403586       sec
          50 %           1   199.695889167953     
 	 100 %           1   396.779354987666     
 Time :   396.905282614520     
 WOCIVL440M0100NH220/N_atom300E+10_Vexp400E+02_Vemit300E+03_tauD000E+00_Vran500E
 +01                  
 Start
           0
 set_grid_done
 set_clumps_done
 Done
 TIME :    1.91810438991524       sec
          50 %           1   196.469162896508     
 	 100 %           1   390.783772879746     
 Time :   390.908749148482     
 WOCIVL440M0100NH220/N_atom300E+10_Vexp500E+02_Vemit300E+03_tauD000E+00_Vran500E
 +01                  
 Start
           0
 set_grid_done
 set_clumps_done
 Done
 TIME :    1.91657574009150       sec
          50 %           1   197.461164035602     
 	 100 %           1   393.325561968610     
 Time :   393.450599406147     
 WOCIVL440M0100NH220/N_atom300E+10_Vexp600E+02_Vemit300E+03_tauD000E+00_Vran500E
 +01                  
 Start
           0
 set_grid_done
 set_clumps_done
 Done
 TIME :    1.91808750713244       sec
          50 %           1   203.084396708291     
 	 100 %           1   404.594811165240     
 Time :   404.720352982637     
 WOCIVL440M0100NH220/N_atom300E+10_Vexp700E+02_Vemit300E+03_tauD000E+00_Vran500E
 +01                  
 Start
           0
 set_grid_done
 set_clumps_done
 Done
 TIME :    1.91690072161146       sec
          50 %           1   210.840908987215     
 	 100 %           1   419.473139281850     
 Time :   419.599722482264     
 WOCIVL440M0100NH220/N_atom300E+10_Vexp800E+02_Vemit300E+03_tauD000E+00_Vran500E
 +01                  
 Start
           0
 set_grid_done
 set_clumps_done
 Done
 TIME :    1.91800541756675       sec
          50 %           1   221.584572339663     
 	 100 %           1   441.765037210193     
 Time :   441.898718199460     
 WOCIVL440M0100NH220/N_atom300E+10_Vexp900E+02_Vemit300E+03_tauD000E+00_Vran500E
 +01                  
 Start
           0
 set_grid_done
 set_clumps_done
 Done
 TIME :    1.91717739915475       sec
          50 %           1   227.318641341757     
 	 100 %           1   452.565920091933     
 Time :   452.691072192276     
 WOCIVL440M0100NH220/N_atom300E+10_Vexp100E+03_Vemit300E+03_tauD000E+00_Vran500E
 +01                  
 Start
           0
 set_grid_done
 set_clumps_done
 Done
 TIME :    1.91706461994909       sec
          50 %           1   226.640158998547     
 	 100 %           1   451.799832079327     
 Time :   451.926605849992     
 WOCIVL440M0100NH220/N_atom300E+10_Vexp200E+03_Vemit300E+03_tauD000E+00_Vran500E
 +01                  
 Start
           0
 set_grid_done
 set_clumps_done
 Done
 TIME :    1.91816986724734       sec
          50 %           1   200.055705926148     
 	 100 %           1   398.774670664221     
 Time :   398.901176023530     
 WOCIVL440M0100NH220/N_atom300E+10_Vexp300E+03_Vemit300E+03_tauD000E+00_Vran500E
 +01                  
 Start
           0
 set_grid_done
 set_clumps_done
 Done
 TIME :    1.92111446755007       sec
          50 %           1   193.408512747614     
 	 100 %           1   382.674017403042     
 Time :   382.799050832866     
 WOCIVL440M0100NH220/N_atom300E+10_Vexp500E+01_Vemit300E+03_tauD000E+00_Vran500E
 +01                  
 Start
           0
 set_grid_done
 set_clumps_done
 Done
 TIME :    1.92708989605308       sec
          50 %           1   367.640524270944     
 	 100 %           1   737.368484749226     
 Time :   737.496229025302     
