nohup: ignoring input
 WOCIVL455M10NH220/N_atom300E+10_Vexp100E+02_Vemit100E+03_tauD000E+00_Vran118E+0
 1                    
 Start
           0
 set_grid_done
 set_clumps_done
 Done
 TIME :    5.31683287024498       sec
          50 %           1   565.175823715050     
 	 100 %           1   1176.83007611940     
 Time :   1176.98528797738     
 WOCIVL455M10NH220/N_atom300E+10_Vexp200E+02_Vemit100E+03_tauD000E+00_Vran118E+0
 1                    
 Start
           0
 set_grid_done
 set_clumps_done
 Done
 TIME :    5.39848846290261       sec
          50 %           1   581.042432973161     
 	 100 %           1   1142.41947833961     
 Time :   1142.57000193605     
 WOCIVL455M10NH220/N_atom300E+10_Vexp300E+02_Vemit100E+03_tauD000E+00_Vran118E+0
 1                    
 Start
           0
 set_grid_done
 set_clumps_done
 Done
 TIME :    4.12473532604054       sec
          50 %           1   580.401249072049     
 	 100 %           1   1124.04223458236     
 Time :   1124.19591828855     
 WOCIVL455M10NH220/N_atom300E+10_Vexp400E+02_Vemit100E+03_tauD000E+00_Vran118E+0
 1                    
 Start
           0
 set_grid_done
 set_clumps_done
 Done
 TIME :    4.58375606965274       sec
          50 %           1   534.189428629354     
 	 100 %           1   1058.68158770353     
 Time :   1058.83587063756     
 WOCIVL455M10NH220/N_atom300E+10_Vexp500E+02_Vemit100E+03_tauD000E+00_Vran118E+0
 1                    
 Start
           0
 set_grid_done
 set_clumps_done
 Done
 TIME :    3.76050565391779       sec
          50 %           1   487.988228480797     
 	 100 %           1   1025.71870492771     
 Time :   1025.87629597262     
 WOCIVL455M10NH220/N_atom300E+10_Vexp600E+02_Vemit100E+03_tauD000E+00_Vran118E+0
 1                    
 Start
           0
 set_grid_done
 set_clumps_done
 Done
 TIME :    5.03786670137197       sec
          50 %           1   570.328835392371     
 	 100 %           1   1120.22146157408     
 Time :   1120.37746626697     
 WOCIVL455M10NH220/N_atom300E+10_Vexp700E+02_Vemit100E+03_tauD000E+00_Vran118E+0
 1                    
 Start
           0
 set_grid_done
 set_clumps_done
 Done
 TIME :    5.51950107980520       sec
          50 %           1   650.701279149391     
 	 100 %           1   1257.63820371265     
 Time :   1257.79810112668     
 WOCIVL455M10NH220/N_atom300E+10_Vexp800E+02_Vemit100E+03_tauD000E+00_Vran118E+0
 1                    
 Start
           0
 set_grid_done
 set_clumps_done
 Done
 TIME :    5.35811781464145       sec
          50 %           1   687.614997642580     
 	 100 %           1   1398.80972821871     
 Time :   1398.98555079848     
 WOCIVL455M10NH220/N_atom300E+10_Vexp900E+02_Vemit100E+03_tauD000E+00_Vran118E+0
 1                    
 Start
           0
 set_grid_done
 set_clumps_done
 Done
 TIME :    5.99706033105031       sec
          50 %           1   744.239736813121     
 	 100 %           1   1478.05373809393     
 Time :   1478.20857077185     
 WOCIVL455M10NH220/N_atom300E+10_Vexp100E+03_Vemit100E+03_tauD000E+00_Vran118E+0
 1                    
 Start
           0
 set_grid_done
 set_clumps_done
 Done
 TIME :    5.36361162550747       sec
          50 %           1   699.607824958861     
 	 100 %           1   1375.92507917248     
 Time :   1376.09897146700     
 WOCIVL455M10NH220/N_atom300E+10_Vexp200E+03_Vemit100E+03_tauD000E+00_Vran118E+0
 1                    
 Start
           0
 set_grid_done
 set_clumps_done
 Done
 TIME :    5.56653696252033       sec
          50 %           1   499.877670648508     
 	 100 %           1   986.642549438402     
 Time :   986.767040438950     
 WOCIVL455M10NH220/N_atom300E+10_Vexp300E+03_Vemit100E+03_tauD000E+00_Vran118E+0
 1                    
 Start
           0
 set_grid_done
 set_clumps_done
 Done
 TIME :    5.00084610329941       sec
          50 %           1   356.096376182511     
 	 100 %           1   713.006113024428     
 Time :   713.162769034039     
 WOCIVL455M10NH220/N_atom300E+10_Vexp500E+01_Vemit100E+03_tauD000E+00_Vran118E+0
 1                    
 Start
           0
 set_grid_done
 set_clumps_done
 Done
 TIME :    5.35134474560618       sec
          50 %           1   731.459823412821     
 	 100 %           1   1454.86430981895     
 Time :   1455.02585408930     
 WOCIVL455M10NH220/N_atom300E+10_Vexp100E+02_Vemit100E+03_tauD000E+00_Vran300E+0
 1                    
 Start
           0
 set_grid_done
 set_clumps_done
 Done
 TIME :    5.60919707780704       sec
          50 %           1   733.997605044395     
 	 100 %           1   1465.29754414828     
 Time :   1465.45496811578     
 WOCIVL455M10NH220/N_atom300E+10_Vexp200E+02_Vemit100E+03_tauD000E+00_Vran300E+0
 1                    
 Start
           0
 set_grid_done
 set_clumps_done
 Done
 TIME :    5.36890837224200       sec
          50 %           1   669.656535540707     
 	 100 %           1   1343.68014001567     
 Time :   1343.84108407656     
 WOCIVL455M10NH220/N_atom300E+10_Vexp300E+02_Vemit100E+03_tauD000E+00_Vran300E+0
 1                    
 Start
           0
 set_grid_done
 set_clumps_done
 Done
 TIME :    5.61507591931149       sec
          50 %           1   646.733621934429     
 	 100 %           1   1276.11296962714     
 Time :   1276.26971729053     
 WOCIVL455M10NH220/N_atom300E+10_Vexp400E+02_Vemit100E+03_tauD000E+00_Vran300E+0
 1                    
 Start
           0
 set_grid_done
 set_clumps_done
 Done
 TIME :    5.34902706509456       sec
          50 %           1   640.672070429660     
 	 100 %           1   1284.03099003248     
 Time :   1284.19600236742     
 WOCIVL455M10NH220/N_atom300E+10_Vexp500E+02_Vemit100E+03_tauD000E+00_Vran300E+0
 1                    
 Start
           0
 set_grid_done
 set_clumps_done
 Done
 TIME :    5.64787228731439       sec
          50 %           1   680.416374386288     
 	 100 %           1   1369.71440364840     
 Time :   1369.87600346468     
 WOCIVL455M10NH220/N_atom300E+10_Vexp600E+02_Vemit100E+03_tauD000E+00_Vran300E+0
 1                    
 Start
           0
 set_grid_done
 set_clumps_done
 Done
 TIME :    5.63213768322021       sec
          50 %           1   727.741377554368     
 	 100 %           1   1448.64787676372     
 Time :   1448.81639933353     
 WOCIVL455M10NH220/N_atom300E+10_Vexp700E+02_Vemit100E+03_tauD000E+00_Vran300E+0
 1                    
 Start
           0
 set_grid_done
 set_clumps_done
 Done
 TIME :    5.65519720409065       sec
          50 %           1   767.510778459720     
 	 100 %           1   1514.31028897827     
 Time :   1514.47849117965     
 WOCIVL455M10NH220/N_atom300E+10_Vexp800E+02_Vemit100E+03_tauD000E+00_Vran300E+0
 1                    
 Start
           0
 set_grid_done
 set_clumps_done
 Done
 TIME :    5.64694104949012       sec
          50 %           1   694.620515286457     
 	 100 %           1   1411.86673302902     
 Time :   1412.05884116841     
 WOCIVL455M10NH220/N_atom300E+10_Vexp900E+02_Vemit100E+03_tauD000E+00_Vran300E+0
 1                    
 Start
           0
 set_grid_done
 set_clumps_done
 Done
 TIME :    5.62189470604062       sec
          50 %           1   662.828032169491     
 	 100 %           1   1366.26029734919     
 Time :   1366.44683352998     
 WOCIVL455M10NH220/N_atom300E+10_Vexp100E+03_Vemit100E+03_tauD000E+00_Vran300E+0
 1                    
 Start
           0
 set_grid_done
 set_clumps_done
 Done
 TIME :    5.45983610907570       sec
          50 %           1   710.307471432257     
 	 100 %           1   1415.89052069420     
 Time :   1416.03567054775     
 WOCIVL455M10NH220/N_atom300E+10_Vexp200E+03_Vemit100E+03_tauD000E+00_Vran300E+0
 1                    
 Start
           0
 set_grid_done
 set_clumps_done
 Done
 TIME :    3.08073260635138       sec
          50 %           1   463.366201441735     
 	 100 %           1   919.319261469413     
 Time :   919.502490681130     
 WOCIVL455M10NH220/N_atom300E+10_Vexp300E+03_Vemit100E+03_tauD000E+00_Vran300E+0
 1                    
 Start
           0
 set_grid_done
 set_clumps_done
 Done
 TIME :    5.05163649469614       sec
          50 %           1   322.324078288861     
 	 100 %           1   640.353065040894     
 Time :   640.537281256635     
 WOCIVL455M10NH220/N_atom300E+10_Vexp500E+01_Vemit100E+03_tauD000E+00_Vran300E+0
 1                    
 Start
           0
 set_grid_done
 set_clumps_done
 Done
 TIME :    4.67681655613706       sec
          50 %           1   863.518283905927     
 	 100 %           1   1690.65532874176     
 Time :   1690.83063828712     
 WOCIVL455M10NH220/N_atom300E+10_Vexp100E+02_Vemit100E+03_tauD000E+00_Vran500E+0
 1                    
 Start
           0
 set_grid_done
 set_clumps_done
 Done
 TIME :    5.61118397023529       sec
          50 %           1   810.856284353882     
 	 100 %           1   1655.40904550673     
 Time :   1655.58671580395     
 WOCIVL455M10NH220/N_atom300E+10_Vexp200E+02_Vemit100E+03_tauD000E+00_Vran500E+0
 1                    
 Start
           0
 set_grid_done
 set_clumps_done
 Done
 TIME :    5.60961944982409       sec
          50 %           1   666.024249325972     
 	 100 %           1   1346.58966166805     
 Time :   1346.76975297183     
 WOCIVL455M10NH220/N_atom300E+10_Vexp300E+02_Vemit100E+03_tauD000E+00_Vran500E+0
 1                    
 Start
           0
 set_grid_done
 set_clumps_done
 Done
 TIME :    5.66340639023110       sec
          50 %           1   667.649577659555     
 	 100 %           1   1322.88770095073     
 Time :   1323.03671941953     
 WOCIVL455M10NH220/N_atom300E+10_Vexp400E+02_Vemit100E+03_tauD000E+00_Vran500E+0
 1                    
 Start
           0
 set_grid_done
 set_clumps_done
 Done
 TIME :    5.10710588004440       sec
          50 %           1   732.245404749643     
 	 100 %           1   1446.62846768275     
 Time :   1446.81492652651     
 WOCIVL455M10NH220/N_atom300E+10_Vexp500E+02_Vemit100E+03_tauD000E+00_Vran500E+0
 1                    
 Start
           0
 set_grid_done
 set_clumps_done
 Done
 TIME :    5.61557382484898       sec
          50 %           1   771.204790528398     
 	 100 %           1   1558.47102094302     
 Time :   1558.61206064327     
 WOCIVL455M10NH220/N_atom300E+10_Vexp600E+02_Vemit100E+03_tauD000E+00_Vran500E+0
 1                    
 Start
           0
 set_grid_done
 set_clumps_done
 Done
 TIME :    3.05653406260535       sec
          50 %           1   778.113567658700     
 	 100 %           1   1569.93990028370     
 Time :   1570.11025959067     
 WOCIVL455M10NH220/N_atom300E+10_Vexp700E+02_Vemit100E+03_tauD000E+00_Vran500E+0
 1                    
 Start
           0
 set_grid_done
 set_clumps_done
 Done
 TIME :    5.10329486383125       sec
          50 %           1   795.957651881035     
 	 100 %           1   1583.76677832706     
 Time :   1583.96697221790     
 WOCIVL455M10NH220/N_atom300E+10_Vexp800E+02_Vemit100E+03_tauD000E+00_Vran500E+0
 1                    
 Start
           0
 set_grid_done
 set_clumps_done
 Done
 TIME :    5.75375619996339       sec
          50 %           1   715.233800686430     
 	 100 %           1   1463.52565778745     
 Time :   1463.71536345547     
 WOCIVL455M10NH220/N_atom300E+10_Vexp900E+02_Vemit100E+03_tauD000E+00_Vran500E+0
 1                    
 Start
           0
 set_grid_done
 set_clumps_done
 Done
 TIME :    5.42282715300098       sec
          50 %           1   719.229416924994     
 	 100 %           1   1455.61336007714     
 Time :   1455.80766175129     
 WOCIVL455M10NH220/N_atom300E+10_Vexp100E+03_Vemit100E+03_tauD000E+00_Vran500E+0
 1                    
 Start
           0
 set_grid_done
 set_clumps_done
 Done
 TIME :    5.95460563572124       sec
          50 %           1   696.407056410797     
 	 100 %           1   1400.24653972127     
 Time :   1400.44642826263     
 WOCIVL455M10NH220/N_atom300E+10_Vexp200E+03_Vemit100E+03_tauD000E+00_Vran500E+0
 1                    
 Start
           0
 set_grid_done
 set_clumps_done
 Done
 TIME :    5.86336208926514       sec
          50 %           1   469.796366912313     
 	 100 %           1   942.715332348831     
 Time :   942.902439683676     
 WOCIVL455M10NH220/N_atom300E+10_Vexp300E+03_Vemit100E+03_tauD000E+00_Vran500E+0
 1                    
 Start
           0
 set_grid_done
 set_clumps_done
 Done
 TIME :    5.66736202081665       sec
          50 %           1   339.589052313939     
 	 100 %           1   676.569344927091     
 Time :   676.747901557013     
 WOCIVL455M10NH220/N_atom300E+10_Vexp500E+01_Vemit100E+03_tauD000E+00_Vran500E+0
 1                    
 Start
           0
 set_grid_done
 set_clumps_done
 Done
 TIME :    5.37978482246399       sec
          50 %           1   1221.86880986206     
 	 100 %           1   2570.89514405373     
 Time :   2571.06110582128     
 WOCIVL455M10NH220/N_atom300E+10_Vexp100E+02_Vemit200E+03_tauD000E+00_Vran118E+0
 1                    
 Start
           0
 set_grid_done
 set_clumps_done
 Done
 TIME :    5.62561995815486       sec
          50 %           1   713.015793604311     
 	 100 %           1   1623.44062449085     
 Time :   1623.63246453134     
 WOCIVL455M10NH220/N_atom300E+10_Vexp200E+02_Vemit200E+03_tauD000E+00_Vran118E+0
 1                    
 Start
           0
 set_grid_done
 set_clumps_done
 Done
 TIME :    5.71504396991804       sec
          50 %           1   420.785866663326     
 	 100 %           1   826.547276141588     
 Time :   826.738218848594     
 WOCIVL455M10NH220/N_atom300E+10_Vexp300E+02_Vemit200E+03_tauD000E+00_Vran118E+0
 1                    
 Start
           0
 set_grid_done
 set_clumps_done
 Done
 TIME :    5.68652448290959       sec
          50 %           1   392.786678764969     
 	 100 %           1   776.479658874217     
 Time :   776.627387323882     
 WOCIVL455M10NH220/N_atom300E+10_Vexp400E+02_Vemit200E+03_tauD000E+00_Vran118E+0
 1                    
 Start
           0
 set_grid_done
 set_clumps_done
 Done
 TIME :    5.05949067650363       sec
          50 %           1   406.132114524487     
 	 100 %           1   772.721861793194     
 Time :   772.913633553777     
 WOCIVL455M10NH220/N_atom300E+10_Vexp500E+02_Vemit200E+03_tauD000E+00_Vran118E+0
 1                    
 Start
           0
 set_grid_done
 set_clumps_done
 Done
 TIME :    5.68895642040297       sec
          50 %           1   426.536834129132     
 	 100 %           1   819.495958772488     
 Time :   819.667632074095     
 WOCIVL455M10NH220/N_atom300E+10_Vexp600E+02_Vemit200E+03_tauD000E+00_Vran118E+0
 1                    
 Start
           0
 set_grid_done
 set_clumps_done
 Done
 TIME :    5.64484951831400       sec
          50 %           1   423.389722594526     
 	 100 %           1   815.563154189382     
 Time :   815.774240921717     
 WOCIVL455M10NH220/N_atom300E+10_Vexp700E+02_Vemit200E+03_tauD000E+00_Vran118E+0
 1                    
 Start
           0
 set_grid_done
 set_clumps_done
 Done
 TIME :    4.38599164132029       sec
          50 %           1   453.464897153433     
 	 100 %           1   901.842045909259     
 Time :   902.034098092467     
 WOCIVL455M10NH220/N_atom300E+10_Vexp800E+02_Vemit200E+03_tauD000E+00_Vran118E+0
 1                    
 Start
           0
 set_grid_done
 set_clumps_done
 Done
 TIME :    5.65072420192882       sec
          50 %           1   478.351964862552     
 	 100 %           1   951.269634689204     
 Time :   951.414114770945     
 WOCIVL455M10NH220/N_atom300E+10_Vexp900E+02_Vemit200E+03_tauD000E+00_Vran118E+0
 1                    
 Start
           0
 set_grid_done
 set_clumps_done
 Done
 TIME :    3.16599025763571       sec
          50 %           1   477.182339924388     
 	 100 %           1   943.839939795900     
 Time :   944.028393196408     
 WOCIVL455M10NH220/N_atom300E+10_Vexp100E+03_Vemit200E+03_tauD000E+00_Vran118E+0
 1                    
 Start
           0
 set_grid_done
 set_clumps_done
 Done
 TIME :    5.60074479039758       sec
          50 %           1   465.727502163500     
 	 100 %           1   901.380114218686     
 Time :   901.526129024569     
 WOCIVL455M10NH220/N_atom300E+10_Vexp200E+03_Vemit200E+03_tauD000E+00_Vran118E+0
 1                    
 Start
           0
 set_grid_done
 set_clumps_done
 Done
 TIME :    3.10580366663635       sec
          50 %           1   397.187222244684     
 	 100 %           1   756.167420716956     
 Time :   756.362829282414     
 WOCIVL455M10NH220/N_atom300E+10_Vexp300E+03_Vemit200E+03_tauD000E+00_Vran118E+0
 1                    
 Start
           0
 set_grid_done
 set_clumps_done
 Done
 TIME :    5.65370791684836       sec
          50 %           1   291.949971242342     
 	 100 %           1   649.350713635329     
 Time :   649.541306186933     
 WOCIVL455M10NH220/N_atom300E+10_Vexp500E+01_Vemit200E+03_tauD000E+00_Vran118E+0
 1                    
 Start
           0
 set_grid_done
 set_clumps_done
 Done
 TIME :    5.57583680981770       sec
          50 %           1   446.694512296468     
 	 100 %           1   896.279010384344     
 Time :   896.424075707793     
 WOCIVL455M10NH220/N_atom300E+10_Vexp100E+02_Vemit200E+03_tauD000E+00_Vran300E+0
 1                    
 Start
           0
 set_grid_done
 set_clumps_done
 Done
 TIME :    3.05602566758171       sec
          50 %           1   437.205369865056     
 	 100 %           1   751.872209062334     
 Time :   752.008348698728     
 WOCIVL455M10NH220/N_atom300E+10_Vexp200E+02_Vemit200E+03_tauD000E+00_Vran300E+0
 1                    
 Start
           0
 set_grid_done
 set_clumps_done
 Done
 TIME :    2.95050428248942       sec
          50 %           1   326.812404954806     
 	 100 %           1   641.349844872486     
 Time :   641.527360917069     
 WOCIVL455M10NH220/N_atom300E+10_Vexp300E+02_Vemit200E+03_tauD000E+00_Vran300E+0
 1                    
 Start
           0
 set_grid_done
 set_clumps_done
 Done
 TIME :    4.96346009196714       sec
          50 %           1   404.391480349936     
 	 100 %           1   784.761198993772     
 Time :   784.937415030319     
 WOCIVL455M10NH220/N_atom300E+10_Vexp400E+02_Vemit200E+03_tauD000E+00_Vran300E+0
 1                    
 Start
           0
 set_grid_done
 set_clumps_done
 Done
 TIME :    5.43063620897010       sec
          50 %           1   324.064347710926     
 	 100 %           1   691.287752130534     
 Time :   691.420067486819     
 WOCIVL455M10NH220/N_atom300E+10_Vexp500E+02_Vemit200E+03_tauD000E+00_Vran300E+0
 1                    
 Start
           0
 set_grid_done
 set_clumps_done
 Done
 TIME :    4.05452446220443       sec
          50 %           1   308.254125840962     
 	 100 %           1   611.385147437453     
 Time :   611.550835295115     
 WOCIVL455M10NH220/N_atom300E+10_Vexp600E+02_Vemit200E+03_tauD000E+00_Vran300E+0
 1                    
 Start
           0
 set_grid_done
 set_clumps_done
 Done
 TIME :    4.91538870241493       sec
          50 %           1   326.913608741947     
 	 100 %           1   725.542907345109     
 Time :   725.732039283961     
 WOCIVL455M10NH220/N_atom300E+10_Vexp700E+02_Vemit200E+03_tauD000E+00_Vran300E+0
 1                    
 Start
           0
 set_grid_done
 set_clumps_done
 Done
 TIME :    5.52881573420018       sec
          50 %           1   480.577678726986     
 	 100 %           1   918.051193936728     
 Time :   918.239876011387     
 WOCIVL455M10NH220/N_atom300E+10_Vexp800E+02_Vemit200E+03_tauD000E+00_Vran300E+0
 1                    
 Start
           0
 set_grid_done
 set_clumps_done
 Done
 TIME :    5.60518647357821       sec
          50 %           1   442.990497807972     
 	 100 %           1   909.022474511527     
 Time :   909.215394882951     
 WOCIVL455M10NH220/N_atom300E+10_Vexp900E+02_Vemit200E+03_tauD000E+00_Vran300E+0
 1                    
 Start
           0
 set_grid_done
 set_clumps_done
 Done
 TIME :    5.36406322289258       sec
          50 %           1   428.525754393544     
 	 100 %           1   889.863022100646     
 Time :   890.059207511134     
 WOCIVL455M10NH220/N_atom300E+10_Vexp100E+03_Vemit200E+03_tauD000E+00_Vran300E+0
 1                    
 Start
           0
 set_grid_done
 set_clumps_done
 Done
 TIME :    5.93780568940565       sec
          50 %           1   466.310677850153     
 	 100 %           1   908.469509022776     
 Time :   908.605584818404     
 WOCIVL455M10NH220/N_atom300E+10_Vexp200E+03_Vemit200E+03_tauD000E+00_Vran300E+0
 1                    
 Start
           0
 set_grid_done
 set_clumps_done
 Done
 TIME :    3.08254750212654       sec
          50 %           1   331.415109510534     
 	 100 %           1   636.176347811706     
 Time :   636.357388538308     
 WOCIVL455M10NH220/N_atom300E+10_Vexp300E+03_Vemit200E+03_tauD000E+00_Vran300E+0
 1                    
 Start
           0
 set_grid_done
 set_clumps_done
 Done
 TIME :    5.32442849176005       sec
          50 %           1   334.915507730562     
 	 100 %           1   659.745683444198     
 Time :   659.922686064150     
 WOCIVL455M10NH220/N_atom300E+10_Vexp500E+01_Vemit200E+03_tauD000E+00_Vran300E+0
 1                    
 Start
           0
 set_grid_done
 set_clumps_done
 Done
 TIME :    5.54365433705971       sec
          50 %           1   485.920627110638     
 	 100 %           1   947.473888646811     
 Time :   947.659961958416     
 WOCIVL455M10NH220/N_atom300E+10_Vexp100E+02_Vemit200E+03_tauD000E+00_Vran500E+0
 1                    
 Start
           0
 set_grid_done
 set_clumps_done
 Done
 TIME :    5.11835656082258       sec
          50 %           1   484.575084713753     
 	 100 %           1   933.536752155516     
 Time :   933.722698516212     
 WOCIVL455M10NH220/N_atom300E+10_Vexp200E+02_Vemit200E+03_tauD000E+00_Vran500E+0
 1                    
 Start
           0
 set_grid_done
 set_clumps_done
 Done
 TIME :    5.39110736921430       sec
          50 %           1   432.055755577981     
 	 100 %           1   873.284101476893     
 Time :   873.469127790537     
 WOCIVL455M10NH220/N_atom300E+10_Vexp300E+02_Vemit200E+03_tauD000E+00_Vran500E+0
 1                    
 Start
           0
 set_grid_done
 set_clumps_done
 Done
 TIME :    5.40025445586070       sec
          50 %           1   414.073229527567     
 	 100 %           1   790.605828527361     
 Time :   790.739611900412     
 WOCIVL455M10NH220/N_atom300E+10_Vexp400E+02_Vemit200E+03_tauD000E+00_Vran500E+0
 1                    
 Start
           0
 set_grid_done
 set_clumps_done
 Done
 TIME :    3.03340563038364       sec
          50 %           1   407.200868086424     
 	 100 %           1   780.269147124607     
 Time :   780.409578559920     
 WOCIVL455M10NH220/N_atom300E+10_Vexp500E+02_Vemit200E+03_tauD000E+00_Vran500E+0
 1                    
 Start
           0
 set_grid_done
 set_clumps_done
 Done
 TIME :    3.05988415284082       sec
          50 %           1   468.133402763400     
 	 100 %           1   903.198825831991     
 Time :   903.392818479333     
 WOCIVL455M10NH220/N_atom300E+10_Vexp600E+02_Vemit200E+03_tauD000E+00_Vran500E+0
 1                    
 Start
           0
 set_grid_done
 set_clumps_done
 Done
 TIME :    5.86422400595620       sec
          50 %           1   421.898591149598     
 	 100 %           1   901.088296238333     
 Time :   901.278281898238     
 WOCIVL455M10NH220/N_atom300E+10_Vexp700E+02_Vemit200E+03_tauD000E+00_Vran500E+0
 1                    
 Start
           0
 set_grid_done
 set_clumps_done
 Done
 TIME :    5.83779018791392       sec
          50 %           1   459.820228512865     
 	 100 %           1   946.766084068455     
 Time :   946.953957547899     
 WOCIVL455M10NH220/N_atom300E+10_Vexp800E+02_Vemit200E+03_tauD000E+00_Vran500E+0
 1                    
 Start
           0
 set_grid_done
 set_clumps_done
 Done
 TIME :    5.60320619354025       sec
          50 %           1   414.390354706440     
 	 100 %           1   795.972479673568     
 Time :   796.160315130837     
 WOCIVL455M10NH220/N_atom300E+10_Vexp900E+02_Vemit200E+03_tauD000E+00_Vran500E+0
 1                    
 Start
           0
 set_grid_done
 set_clumps_done
 Done
 TIME :    4.96566858468577       sec
          50 %           1   427.851315112785     
 	 100 %           1   777.755857655313     
 Time :   777.934230095707     
 WOCIVL455M10NH220/N_atom300E+10_Vexp100E+03_Vemit200E+03_tauD000E+00_Vran500E+0
 1                    
 Start
           0
 set_grid_done
 set_clumps_done
 Done
 TIME :    4.66928517678753       sec
          50 %           1   459.761117283721     
 	 100 %           1   889.112172305584     
 Time :   889.297732132021     
 WOCIVL455M10NH220/N_atom300E+10_Vexp200E+03_Vemit200E+03_tauD000E+00_Vran500E+0
 1                    
 Start
           0
 set_grid_done
 set_clumps_done
 Done
 TIME :    5.36040191119537       sec
          50 %           1   341.271589244250     
 	 100 %           1   638.955776928458     
 Time :   639.096525575966     
 WOCIVL455M10NH220/N_atom300E+10_Vexp300E+03_Vemit200E+03_tauD000E+00_Vran500E+0
 1                    
 Start
           0
 set_grid_done
 set_clumps_done
 Done
 TIME :    3.01766776014119       sec
          50 %           1   300.942706838250     
 	 100 %           1   630.581956373993     
 Time :   630.726734722499     
 WOCIVL455M10NH220/N_atom300E+10_Vexp500E+01_Vemit200E+03_tauD000E+00_Vran500E+0
 1                    
 Start
           0
 set_grid_done
 set_clumps_done
 Done
 TIME :    3.02215234516189       sec
          50 %           1   597.125704670325     
 	 100 %           1   1150.24998715427     
 Time :   1150.43291941239     
 WOCIVL455M10NH220/N_atom300E+10_Vexp100E+02_Vemit300E+03_tauD000E+00_Vran118E+0
 1                    
 Start
           0
 set_grid_done
 set_clumps_done
 Done
 TIME :    5.40998509060591       sec
          50 %           1   323.935034895781     
 	 100 %           1   592.966230999678     
 Time :   593.152868652716     
 WOCIVL455M10NH220/N_atom300E+10_Vexp200E+02_Vemit300E+03_tauD000E+00_Vran118E+0
 1                    
 Start
           0
 set_grid_done
 set_clumps_done
 Done
 TIME :    5.51002934621647       sec
          50 %           1   313.480140622705     
 	 100 %           1   603.539015130140     
 Time :   603.733707345556     
 WOCIVL455M10NH220/N_atom300E+10_Vexp300E+02_Vemit300E+03_tauD000E+00_Vran118E+0
 1                    
 Start
           0
 set_grid_done
 set_clumps_done
 Done
 TIME :    5.89267622586340       sec
          50 %           1   249.374911700375     
 	 100 %           1   494.017720707227     
 Time :   494.184417881072     
 WOCIVL455M10NH220/N_atom300E+10_Vexp400E+02_Vemit300E+03_tauD000E+00_Vran118E+0
 1                    
 Start
           0
 set_grid_done
 set_clumps_done
 Done
 TIME :    5.83542073937133       sec
          50 %           1   266.341618029401     
 	 100 %           1   566.656644073315     
 Time :   566.842315602116     
 WOCIVL455M10NH220/N_atom300E+10_Vexp500E+02_Vemit300E+03_tauD000E+00_Vran118E+0
 1                    
 Start
           0
 set_grid_done
 set_clumps_done
 Done
 TIME :    5.40818876028061       sec
          50 %           1   344.509167069569     
 	 100 %           1   665.584950065706     
 Time :   665.772639946546     
 WOCIVL455M10NH220/N_atom300E+10_Vexp600E+02_Vemit300E+03_tauD000E+00_Vran118E+0
 1                    
 Start
           0
 set_grid_done
 set_clumps_done
 Done
 TIME :    3.03583834925666       sec
          50 %           1   347.203310521785     
 	 100 %           1   670.494228036609     
 Time :   670.633527031634     
 WOCIVL455M10NH220/N_atom300E+10_Vexp700E+02_Vemit300E+03_tauD000E+00_Vran118E+0
 1                    
 Start
           0
 set_grid_done
 set_clumps_done
 Done
 TIME :    3.02822167798877       sec
          50 %           1   340.716023067944     
 	 100 %           1   673.574393215124     
 Time :   673.715510342270     
 WOCIVL455M10NH220/N_atom300E+10_Vexp800E+02_Vemit300E+03_tauD000E+00_Vran118E+0
 1                    
 Start
           0
 set_grid_done
 set_clumps_done
 Done
 TIME :    4.83005717070773       sec
          50 %           1   335.212036514189     
 	 100 %           1   628.326880251523     
 Time :   628.498921962921     
 WOCIVL455M10NH220/N_atom300E+10_Vexp900E+02_Vemit300E+03_tauD000E+00_Vran118E+0
 1                    
 Start
           0
 set_grid_done
 set_clumps_done
 Done
 TIME :    5.52707587135956       sec
          50 %           1   319.546318641864     
 	 100 %           1   659.947796509601     
 Time :   660.129517467692     
 WOCIVL455M10NH220/N_atom300E+10_Vexp100E+03_Vemit300E+03_tauD000E+00_Vran118E+0
 1                    
 Start
           0
 set_grid_done
 set_clumps_done
 Done
 TIME :    5.30617142841220       sec
          50 %           1   339.023655673023     
 	 100 %           1   640.211236442905     
 Time :   640.351325067226     
 WOCIVL455M10NH220/N_atom300E+10_Vexp200E+03_Vemit300E+03_tauD000E+00_Vran118E+0
 1                    
 Start
           0
 set_grid_done
 set_clumps_done
 Done
 TIME :    3.04518395289779       sec
          50 %           1   335.175028751139     
 	 100 %           1   634.913343612570     
 Time :   635.094217472244     
 WOCIVL455M10NH220/N_atom300E+10_Vexp300E+03_Vemit300E+03_tauD000E+00_Vran118E+0
 1                    
 Start
           0
 set_grid_done
 set_clumps_done
 Done
 TIME :    5.50175781175494       sec
          50 %           1   287.684383501764     
 	 100 %           1   526.337165000848     
 Time :   526.516920477152     
 WOCIVL455M10NH220/N_atom300E+10_Vexp500E+01_Vemit300E+03_tauD000E+00_Vran118E+0
 1                    
 Start
           0
 set_grid_done
 set_clumps_done
 Done
 TIME :    5.57196645112708       sec
          50 %           1   294.880487445276     
 	 100 %           1   627.760814330075     
 Time :   627.943569131196     
 WOCIVL455M10NH220/N_atom300E+10_Vexp100E+02_Vemit300E+03_tauD000E+00_Vran300E+0
 1                    
 Start
           0
 set_grid_done
 set_clumps_done
 Done
 TIME :    5.55917980428785       sec
          50 %           1   327.518247749191     
 	 100 %           1   630.228336726315     
 Time :   630.411268152762     
 WOCIVL455M10NH220/N_atom300E+10_Vexp200E+02_Vemit300E+03_tauD000E+00_Vran300E+0
 1                    
 Start
           0
 set_grid_done
 set_clumps_done
 Done
 TIME :    5.24134524865076       sec
          50 %           1   341.581458527129     
 	 100 %           1   610.048898184206     
 Time :   610.242173980922     
 WOCIVL455M10NH220/N_atom300E+10_Vexp300E+02_Vemit300E+03_tauD000E+00_Vran300E+0
 1                    
 Start
           0
 set_grid_done
 set_clumps_done
 Done
 TIME :    4.71940432395786       sec
          50 %           1   323.444597734604     
 	 100 %           1   634.372083297465     
 Time :   634.554382232949     
 WOCIVL455M10NH220/N_atom300E+10_Vexp400E+02_Vemit300E+03_tauD000E+00_Vran300E+0
 1                    
 Start
           0
 set_grid_done
 set_clumps_done
 Done
 TIME :    4.68543162243441       sec
          50 %           1   283.124364439864     
 	 100 %           1   578.842609003652     
 Time :   578.995179686695     
 WOCIVL455M10NH220/N_atom300E+10_Vexp500E+02_Vemit300E+03_tauD000E+00_Vran300E+0
 1                    
 Start
           0
 set_grid_done
 set_clumps_done
 Done
 TIME :    2.97841001488268       sec
          50 %           1   272.081698975060     
 	 100 %           1   533.772260908037     
 Time :   533.955142579973     
 WOCIVL455M10NH220/N_atom300E+10_Vexp600E+02_Vemit300E+03_tauD000E+00_Vran300E+0
 1                    
 Start
           0
 set_grid_done
 set_clumps_done
 Done
 TIME :    4.60106548387557       sec
          50 %           1   342.915946155787     
 	 100 %           1   653.924242246896     
 Time :   654.107490885537     
 WOCIVL455M10NH220/N_atom300E+10_Vexp700E+02_Vemit300E+03_tauD000E+00_Vran300E+0
 1                    
 Start
           0
 set_grid_done
 set_clumps_done
 Done
 TIME :    5.49617288867012       sec
          50 %           1   317.012565309182     
 	 100 %           1   625.901283466723     
 Time :   626.081709065475     
 WOCIVL455M10NH220/N_atom300E+10_Vexp800E+02_Vemit300E+03_tauD000E+00_Vran300E+0
 1                    
 Start
           0
 set_grid_done
 set_clumps_done
 Done
 TIME :    5.53521587559953       sec
          50 %           1   308.817352541722     
 	 100 %           1   677.056733930949     
 Time :   677.199051857926     
 WOCIVL455M10NH220/N_atom300E+10_Vexp900E+02_Vemit300E+03_tauD000E+00_Vran300E+0
 1                    
 Start
           0
 set_grid_done
 set_clumps_done
 Done
 TIME :    2.98775888467208       sec
          50 %           1   335.904673976824     
 	 100 %           1   727.339277591091     
 Time :   727.530396242160     
 WOCIVL455M10NH220/N_atom300E+10_Vexp100E+03_Vemit300E+03_tauD000E+00_Vran300E+0
 1                    
 Start
           0
 set_grid_done
 set_clumps_done
 Done
 TIME :    5.62279202928767       sec
          50 %           1   370.530911563430     
 	 100 %           1   739.154156461824     
 Time :   739.340602841694     
 WOCIVL455M10NH220/N_atom300E+10_Vexp200E+03_Vemit300E+03_tauD000E+00_Vran300E+0
 1                    
 Start
           0
 set_grid_done
 set_clumps_done
 Done
 TIME :    5.56848699506372       sec
          50 %           1   288.330809586681     
 	 100 %           1   588.338163900655     
 Time :   588.515598250087     
 WOCIVL455M10NH220/N_atom300E+10_Vexp300E+03_Vemit300E+03_tauD000E+00_Vran300E+0
 1                    
 Start
           0
 set_grid_done
 set_clumps_done
 Done
 TIME :    5.52234497899190       sec
          50 %           1   306.515687635168     
 	 100 %           1   583.317925819196     
 Time :   583.498317423277     
 WOCIVL455M10NH220/N_atom300E+10_Vexp500E+01_Vemit300E+03_tauD000E+00_Vran300E+0
 1                    
 Start
           0
 set_grid_done
 set_clumps_done
 Done
 TIME :    5.55328857898712       sec
          50 %           1   329.752684184350     
 	 100 %           1   707.012922280468     
 Time :   707.191857549828     
 WOCIVL455M10NH220/N_atom300E+10_Vexp100E+02_Vemit300E+03_tauD000E+00_Vran500E+0
 1                    
 Start
           0
 set_grid_done
 set_clumps_done
 Done
 TIME :    5.52675831830129       sec
          50 %           1   380.525245148689     
 	 100 %           1   716.661180451978     
 Time :   716.840621110518     
 WOCIVL455M10NH220/N_atom300E+10_Vexp200E+02_Vemit300E+03_tauD000E+00_Vran500E+0
 1                    
 Start
           0
 set_grid_done
 set_clumps_done
 Done
 TIME :    5.51464954856783       sec
          50 %           1   284.940036552958     
 	 100 %           1   583.077962160576     
 Time :   583.261959340423     
 WOCIVL455M10NH220/N_atom300E+10_Vexp300E+02_Vemit300E+03_tauD000E+00_Vran500E+0
 1                    
 Start
           0
 set_grid_done
 set_clumps_done
 Done
 TIME :    5.38474877690896       sec
          50 %           1   291.681127451360     
 	 100 %           1   591.323470429052     
 Time :   591.496743918862     
 WOCIVL455M10NH220/N_atom300E+10_Vexp400E+02_Vemit300E+03_tauD000E+00_Vran500E+0
 1                    
 Start
           0
 set_grid_done
 set_clumps_done
 Done
 TIME :    5.53236793866381       sec
          50 %           1   306.635053355247     
 	 100 %           1   638.928341459017     
 Time :   639.065437261481     
 WOCIVL455M10NH220/N_atom300E+10_Vexp500E+02_Vemit300E+03_tauD000E+00_Vran500E+0
 1                    
 Start
           0
 set_grid_done
 set_clumps_done
 Done
 TIME :    2.99978260323405       sec
          50 %           1   309.268915425986     
 	 100 %           1   708.889337160625     
 Time :   709.031232845969     
 WOCIVL455M10NH220/N_atom300E+10_Vexp600E+02_Vemit300E+03_tauD000E+00_Vran500E+0
 1                    
 Start
           0
 set_grid_done
 set_clumps_done
 Done
 TIME :    2.99558047484607       sec
          50 %           1   366.713101891335     
 	 100 %           1   706.247249301989     
 Time :   706.443853687961     
 WOCIVL455M10NH220/N_atom300E+10_Vexp700E+02_Vemit300E+03_tauD000E+00_Vran500E+0
 1                    
 Start
           0
 set_grid_done
 set_clumps_done
 Done
 TIME :    5.84028946328908       sec
          50 %           1   352.589999001473     
 	 100 %           1   748.397962985095     
 Time :   748.576117111370     
 WOCIVL455M10NH220/N_atom300E+10_Vexp800E+02_Vemit300E+03_tauD000E+00_Vran500E+0
 1                    
 Start
           0
 set_grid_done
 set_clumps_done
 Done
 TIME :    5.54723980464041       sec
          50 %           1   351.948481556028     
 	 100 %           1   724.079561183229     
 Time :   724.224007531535     
 WOCIVL455M10NH220/N_atom300E+10_Vexp900E+02_Vemit300E+03_tauD000E+00_Vran500E+0
 1                    
 Start
           0
 set_grid_done
 set_clumps_done
 Done
 TIME :    4.28885633870959       sec
          50 %           1   366.488504507113     
 	 100 %           1   709.912270587869     
 Time :   710.091337667312     
 WOCIVL455M10NH220/N_atom300E+10_Vexp100E+03_Vemit300E+03_tauD000E+00_Vran500E+0
 1                    
 Start
           0
 set_grid_done
 set_clumps_done
 Done
 TIME :    5.53872407693416       sec
          50 %           1   304.801181507763     
 	 100 %           1   614.415192988701     
 Time :   614.596238464583     
 WOCIVL455M10NH220/N_atom300E+10_Vexp200E+03_Vemit300E+03_tauD000E+00_Vran500E+0
 1                    
 Start
           0
 set_grid_done
 set_clumps_done
 Done
 TIME :    5.54577987268567       sec
          50 %           1   258.779077483807     
 	 100 %           1   528.840921581723     
 Time :   528.985766406171     
 WOCIVL455M10NH220/N_atom300E+10_Vexp300E+03_Vemit300E+03_tauD000E+00_Vran500E+0
 1                    
 Start
           0
 set_grid_done
 set_clumps_done
 Done
 TIME :    3.00037763314322       sec
          50 %           1   258.477508169599     
 	 100 %           1   521.135355956387     
 Time :   521.268501989543     
 WOCIVL455M10NH220/N_atom300E+10_Vexp500E+01_Vemit300E+03_tauD000E+00_Vran500E+0
 1                    
 Start
           0
 set_grid_done
 set_clumps_done
 Done
 TIME :    3.03353020688519       sec
          50 %           1   451.237443886232     
 	 100 %           1   926.599503668956     
 Time :   926.779071148485     
