nohup: ignoring input
 WOCIVL455M0001NH220/N_atom300E+10_Vexp100E+02_Vemit100E+03_tauD000E+00_Vran118E
 +01                  
 Start
           0
 set_grid_done
 set_clumps_done
 Done
 TIME :    1.33748887199908       sec
          50 %           2   43.7087257020175     
 	 100 %           2   92.0110641731881     
 Time :   92.1583850227762     
 WOCIVL455M0001NH220/N_atom300E+10_Vexp200E+02_Vemit100E+03_tauD000E+00_Vran118E
 +01                  
 Start
           0
 set_grid_done
 set_clumps_done
 Done
 TIME :    2.33794613764621       sec
          50 %           4   58.3137914077379     
 	 100 %           1   112.199360930827     
 Time :   112.354513207451     
 WOCIVL455M0001NH220/N_atom300E+10_Vexp300E+02_Vemit100E+03_tauD000E+00_Vran118E
 +01                  
 Start
           0
 set_grid_done
 set_clumps_done
 Done
 TIME :    2.34322252380662       sec
          50 %           1   50.0703022426460     
 	 100 %           3   100.213828509906     
 Time :   100.364034785191     
 WOCIVL455M0001NH220/N_atom300E+10_Vexp400E+02_Vemit100E+03_tauD000E+00_Vran118E
 +01                  
 Start
           0
 set_grid_done
 set_clumps_done
 Done
 TIME :    2.34256179467775       sec
          50 %           1   60.2526388589758     
 	 100 %           1   120.886050014757     
 Time :   121.035788896261     
 WOCIVL455M0001NH220/N_atom300E+10_Vexp500E+02_Vemit100E+03_tauD000E+00_Vran118E
 +01                  
 Start
           0
 set_grid_done
 set_clumps_done
 Done
 TIME :    1.85982063529082       sec
          50 %           3   62.6259013894014     
 	 100 %           3   118.416857769713     
 Time :   118.546095038764     
 WOCIVL455M0001NH220/N_atom300E+10_Vexp600E+02_Vemit100E+03_tauD000E+00_Vran118E
 +01                  
 Start
           0
 set_grid_done
 set_clumps_done
 Done
 TIME :    2.02119468525052       sec
          50 %           4   63.6338851354085     
 	 100 %           3   125.032156362897     
 Time :   125.170660803560     
 WOCIVL455M0001NH220/N_atom300E+10_Vexp700E+02_Vemit100E+03_tauD000E+00_Vran118E
 +01                  
 Start
           0
 set_grid_done
 set_clumps_done
 Done
 TIME :    1.37192921829410       sec
          50 %           4   61.5457023056224     
 	 100 %           4   127.114544947632     
 Time :   127.268135521561     
 WOCIVL455M0001NH220/N_atom300E+10_Vexp800E+02_Vemit100E+03_tauD000E+00_Vran118E
 +01                  
 Start
           0
 set_grid_done
 set_clumps_done
 Done
 TIME :    2.35792382946238       sec
          50 %           3   67.5817319743801     
 	 100 %           2   125.705897997133     
 Time :   125.852681250311     
 WOCIVL455M0001NH220/N_atom300E+10_Vexp900E+02_Vemit100E+03_tauD000E+00_Vran118E
 +01                  
 Start
           0
 set_grid_done
 set_clumps_done
 Done
 TIME :    2.35738285677508       sec
          50 %           4   62.8134966860525     
 	 100 %           2   121.662212816533     
 Time :   121.809718084987     
 WOCIVL455M0001NH220/N_atom300E+10_Vexp100E+03_Vemit100E+03_tauD000E+00_Vran118E
 +01                  
 Start
           0
 set_grid_done
 set_clumps_done
 Done
 TIME :    2.31910322140902       sec
          50 %           3   69.5357460915111     
 	 100 %           2   135.844740208704     
 Time :   136.004799022106     
 WOCIVL455M0001NH220/N_atom300E+10_Vexp200E+03_Vemit100E+03_tauD000E+00_Vran118E
 +01                  
 Start
           0
 set_grid_done
 set_clumps_done
 Done
 TIME :    2.38465183414519       sec
          50 %           4   63.4421551411506     
 	 100 %           4   121.035837307572     
 Time :   121.191211984726     
 WOCIVL455M0001NH220/N_atom300E+10_Vexp300E+03_Vemit100E+03_tauD000E+00_Vran118E
 +01                  
 Start
           0
 set_grid_done
 set_clumps_done
 Done
 TIME :    2.36548887286335       sec
          50 %           1   57.6153674265370     
 	 100 %           1   107.546653090278     
 Time :   107.688126975205     
 WOCIVL455M0001NH220/N_atom300E+10_Vexp500E+01_Vemit100E+03_tauD000E+00_Vran118E
 +01                  
 Start
           0
 set_grid_done
 set_clumps_done
 Done
 TIME :    2.36953633511439       sec
          50 %           1   47.6035620237235     
 	 100 %           3   99.2691230939236     
 Time :   99.4206016447861     
 WOCIVL455M0001NH220/N_atom300E+10_Vexp100E+02_Vemit100E+03_tauD000E+00_Vran300E
 +01                  
 Start
           0
 set_grid_done
 set_clumps_done
 Done
 TIME :    2.36496743676253       sec
          50 %           3   52.9881253142375     
 	 100 %           3   107.592612926615     
 Time :   107.745068634627     
 WOCIVL455M0001NH220/N_atom300E+10_Vexp200E+02_Vemit100E+03_tauD000E+00_Vran300E
 +01                  
 Start
           0
 set_grid_done
 set_clumps_done
 Done
 TIME :    2.37287912564352       sec
          50 %           4   52.1417617036495     
 	 100 %           1   105.716948124813     
 Time :   105.874643509742     
 WOCIVL455M0001NH220/N_atom300E+10_Vexp300E+02_Vemit100E+03_tauD000E+00_Vran300E
 +01                  
 Start
           0
 set_grid_done
 set_clumps_done
 Done
 TIME :    2.36825235770084       sec
          50 %           2   61.7321467762813     
 	 100 %           3   114.735222196672     
 Time :   114.881667571142     
 WOCIVL455M0001NH220/N_atom300E+10_Vexp400E+02_Vemit100E+03_tauD000E+00_Vran300E
 +01                  
 Start
           0
 set_grid_done
 set_clumps_done
 Done
 TIME :    2.36315529071726       sec
          50 %           4   66.1190551796462     
 	 100 %           1   124.294182414887     
 Time :   124.448774281889     
 WOCIVL455M0001NH220/N_atom300E+10_Vexp500E+02_Vemit100E+03_tauD000E+00_Vran300E
 +01                  
 Start
           0
 set_grid_done
 set_clumps_done
 Done
 TIME :    2.36407621181570       sec
          50 %           4   64.3537620576099     
 	 100 %           4   120.821968705859     
 Time :   120.960822026012     
 WOCIVL455M0001NH220/N_atom300E+10_Vexp600E+02_Vemit100E+03_tauD000E+00_Vran300E
 +01                  
 Start
           0
 set_grid_done
 set_clumps_done
 Done
 TIME :    1.73011784581468       sec
          50 %           2   60.2831888499204     
 	 100 %           1   118.913581155241     
 Time :   119.052768146154     
 WOCIVL455M0001NH220/N_atom300E+10_Vexp700E+02_Vemit100E+03_tauD000E+00_Vran300E
 +01                  
 Start
           0
 set_grid_done
 set_clumps_done
 Done
 TIME :    2.27892618859187       sec
          50 %           2   57.3806508176494     
 	 100 %           3   116.790633655852     
 Time :   116.929540116340     
 WOCIVL455M0001NH220/N_atom300E+10_Vexp800E+02_Vemit100E+03_tauD000E+00_Vran300E
 +01                  
 Start
           0
 set_grid_done
 set_clumps_done
 Done
 TIME :    2.11012207041495       sec
          50 %           1   61.9042595501523     
 	 100 %           4   124.246495623142     
 Time :   124.384070836939     
 WOCIVL455M0001NH220/N_atom300E+10_Vexp900E+02_Vemit100E+03_tauD000E+00_Vran300E
 +01                  
 Start
           0
 set_grid_done
 set_clumps_done
 Done
 TIME :    2.23606333765201       sec
          50 %           1   64.3818280219566     
 	 100 %           4   122.513426497346     
 Time :   122.669070143020     
 WOCIVL455M0001NH220/N_atom300E+10_Vexp100E+03_Vemit100E+03_tauD000E+00_Vran300E
 +01                  
 Start
           0
 set_grid_done
 set_clumps_done
 Done
 TIME :    2.35811943933368       sec
          50 %           3   108.857546698302     
 	 100 %           3   165.067746633198     
 Time :   165.222760718316     
 WOCIVL455M0001NH220/N_atom300E+10_Vexp200E+03_Vemit100E+03_tauD000E+00_Vran300E
 +01                  
 Start
           0
 set_grid_done
 set_clumps_done
 Done
 TIME :    2.35527262673713       sec
          50 %           1   57.7610745651182     
 	 100 %           4   115.919570144964     
 Time :   116.067087235628     
 WOCIVL455M0001NH220/N_atom300E+10_Vexp300E+03_Vemit100E+03_tauD000E+00_Vran300E
 +01                  
 Start
           0
 set_grid_done
 set_clumps_done
 Done
 TIME :    2.36142772412859       sec
          50 %           4   47.8918750074226     
 	 100 %           4   100.704742070520     
 Time :   100.846946817357     
 WOCIVL455M0001NH220/N_atom300E+10_Vexp500E+01_Vemit100E+03_tauD000E+00_Vran300E
 +01                  
 Start
           0
 set_grid_done
 set_clumps_done
 Done
 TIME :    2.27722074417397       sec
          50 %           4   51.4364533361513     
 	 100 %           2   105.007894295966     
 Time :   105.165649664123     
 WOCIVL455M0001NH220/N_atom300E+10_Vexp100E+02_Vemit100E+03_tauD000E+00_Vran500E
 +01                  
 Start
           0
 set_grid_done
 set_clumps_done
 Done
 TIME :    2.38150978344493       sec
          50 %           4   67.2683747194242     
 	 100 %           1   126.821523531806     
 Time :   126.982683346840     
 WOCIVL455M0001NH220/N_atom300E+10_Vexp200E+02_Vemit100E+03_tauD000E+00_Vran500E
 +01                  
 Start
           0
 set_grid_done
 set_clumps_done
 Done
 TIME :    2.37403708486818       sec
          50 %           3   62.0401645961683     
 	 100 %           4   118.734992096666     
 Time :   118.876344251446     
 WOCIVL455M0001NH220/N_atom300E+10_Vexp300E+02_Vemit100E+03_tauD000E+00_Vran500E
 +01                  
 Start
           0
 set_grid_done
 set_clumps_done
 Done
 TIME :    1.38384871440940       sec
          50 %           2   55.7876716097817     
 	 100 %           4   112.309224389726     
 Time :   112.438770863460     
 WOCIVL455M0001NH220/N_atom300E+10_Vexp400E+02_Vemit100E+03_tauD000E+00_Vran500E
 +01                  
 Start
           0
 set_grid_done
 set_clumps_done
 Done
 TIME :    2.04477922664955       sec
          50 %           1   54.6180646924768     
 	 100 %           2   112.357108233729     
 Time :   112.510523185600     
 WOCIVL455M0001NH220/N_atom300E+10_Vexp500E+02_Vemit100E+03_tauD000E+00_Vran500E
 +01                  
 Start
           0
 set_grid_done
 set_clumps_done
 Done
 TIME :    2.39125669212081       sec
          50 %           2   63.8314562034793     
 	 100 %           1   129.215597049566     
 Time :   129.381799077848     
 WOCIVL455M0001NH220/N_atom300E+10_Vexp600E+02_Vemit100E+03_tauD000E+00_Vran500E
 +01                  
 Start
           0
 set_grid_done
 set_clumps_done
 Done
 TIME :    2.37090373062529       sec
          50 %           3   65.8140493244864     
 	 100 %           2   124.336613178486     
 Time :   124.501428234624     
 WOCIVL455M0001NH220/N_atom300E+10_Vexp700E+02_Vemit100E+03_tauD000E+00_Vran500E
 +01                  
 Start
           0
 set_grid_done
 set_clumps_done
 Done
 TIME :    2.38212569802999       sec
          50 %           1   72.3093390068971     
 	 100 %           1   135.819457155885     
 Time :   135.978746604640     
 WOCIVL455M0001NH220/N_atom300E+10_Vexp800E+02_Vemit100E+03_tauD000E+00_Vran500E
 +01                  
 Start
           0
 set_grid_done
 set_clumps_done
 Done
 TIME :    2.37497484800406       sec
          50 %           2   68.9257136022206     
 	 100 %           1   128.284270749893     
 Time :   128.442606365075     
 WOCIVL455M0001NH220/N_atom300E+10_Vexp900E+02_Vemit100E+03_tauD000E+00_Vran500E
 +01                  
 Start
           0
 set_grid_done
 set_clumps_done
 Done
 TIME :    2.37022690079175       sec
          50 %           4   71.4800329767168     
 	 100 %           3   136.470392750576     
 Time :   136.626053709071     
 WOCIVL455M0001NH220/N_atom300E+10_Vexp100E+03_Vemit100E+03_tauD000E+00_Vran500E
 +01                  
 Start
           0
 set_grid_done
 set_clumps_done
 Done
 TIME :    2.36829157173634       sec
          50 %           2   73.8537676199339     
 	 100 %           4   141.851449842099     
 Time :   142.013074956834     
 WOCIVL455M0001NH220/N_atom300E+10_Vexp200E+03_Vemit100E+03_tauD000E+00_Vran500E
 +01                  
 Start
           0
 set_grid_done
 set_clumps_done
 Done
 TIME :    2.37477620225400       sec
          50 %           2   60.5147048074286     
 	 100 %           4   116.744177110493     
 Time :   116.902038248722     
 WOCIVL455M0001NH220/N_atom300E+10_Vexp300E+03_Vemit100E+03_tauD000E+00_Vran500E
 +01                  
 Start
           0
 set_grid_done
 set_clumps_done
 Done
 TIME :    2.36676855222322       sec
          50 %           1   60.9921857311856     
 	 100 %           2   109.403374676127     
 Time :   109.555051992647     
 WOCIVL455M0001NH220/N_atom300E+10_Vexp500E+01_Vemit100E+03_tauD000E+00_Vran500E
 +01                  
 Start
           0
 set_grid_done
 set_clumps_done
 Done
 TIME :    2.35883054370061       sec
          50 %           3   63.9364906018600     
 	 100 %           4   133.099682264030     
 Time :   133.259871343849     
 WOCIVL455M0001NH220/N_atom300E+10_Vexp100E+02_Vemit200E+03_tauD000E+00_Vran118E
 +01                  
 Start
           0
 set_grid_done
 set_clumps_done
 Done
 TIME :    2.36399026913568       sec
          50 %           3   50.3508727473672     
 	 100 %           4   101.842470004223     
 Time :   102.001798747107     
 WOCIVL455M0001NH220/N_atom300E+10_Vexp200E+02_Vemit200E+03_tauD000E+00_Vran118E
 +01                  
 Start
           0
 set_grid_done
 set_clumps_done
 Done
 TIME :    2.36465327278711       sec
          50 %           2   54.8825074848719     
 	 100 %           4   105.775008209050     
 Time :   105.938315564534     
 WOCIVL455M0001NH220/N_atom300E+10_Vexp300E+02_Vemit200E+03_tauD000E+00_Vran118E
 +01                  
 Start
           0
 set_grid_done
 set_clumps_done
 Done
 TIME :    2.36185838864185       sec
          50 %           2   54.2510377042927     
 	 100 %           3   108.630896781338     
 Time :   108.774512465578     
 WOCIVL455M0001NH220/N_atom300E+10_Vexp400E+02_Vemit200E+03_tauD000E+00_Vran118E
 +01                  
 Start
           0
 set_grid_done
 set_clumps_done
 Done
 TIME :    1.38166714971885       sec
          50 %           4   54.8537186037283     
 	 100 %           2   102.647716234205     
 Time :   102.798445097636     
 WOCIVL455M0001NH220/N_atom300E+10_Vexp500E+02_Vemit200E+03_tauD000E+00_Vran118E
 +01                  
 Start
           0
 set_grid_done
 set_clumps_done
 Done
 TIME :    2.32228991645388       sec
          50 %           4   60.5196583832148     
 	 100 %           4   112.941824217094     
 Time :   113.103079071734     
 WOCIVL455M0001NH220/N_atom300E+10_Vexp600E+02_Vemit200E+03_tauD000E+00_Vran118E
 +01                  
 Start
           0
 set_grid_done
 set_clumps_done
 Done
 TIME :    2.37704935017973       sec
          50 %           1   53.7123828087933     
 	 100 %           3   103.479237823281     
 Time :   103.644791325321     
 WOCIVL455M0001NH220/N_atom300E+10_Vexp700E+02_Vemit200E+03_tauD000E+00_Vran118E
 +01                  
 Start
           0
 set_grid_done
 set_clumps_done
 Done
 TIME :    2.37718589836732       sec
          50 %           3   57.2185997576453     
 	 100 %           4   111.880711119156     
 Time :   112.036489239195     
 WOCIVL455M0001NH220/N_atom300E+10_Vexp800E+02_Vemit200E+03_tauD000E+00_Vran118E
 +01                  
 Start
           0
 set_grid_done
 set_clumps_done
 Done
 TIME :    2.38710049376823       sec
          50 %           2   56.6434065990616     
 	 100 %           3   106.302308746846     
 Time :   106.444547287421     
 WOCIVL455M0001NH220/N_atom300E+10_Vexp900E+02_Vemit200E+03_tauD000E+00_Vran118E
 +01                  
 Start
           0
 set_grid_done
 set_clumps_done
 Done
 TIME :    1.57084172242321       sec
          50 %           3   51.1234572441317     
 	 100 %           3   112.093999263365     
 Time :   112.256931138923     
 WOCIVL455M0001NH220/N_atom300E+10_Vexp100E+03_Vemit200E+03_tauD000E+00_Vran118E
 +01                  
 Start
           0
 set_grid_done
 set_clumps_done
 Done
 TIME :    2.36830047843978       sec
          50 %           4   60.5884393872693     
 	 100 %           1   113.349930944853     
 Time :   113.492801841116     
 WOCIVL455M0001NH220/N_atom300E+10_Vexp200E+03_Vemit200E+03_tauD000E+00_Vran118E
 +01                  
 Start
           0
 set_grid_done
 set_clumps_done
 Done
 TIME :    2.15428697317839       sec
          50 %           1   58.1646242772695     
 	 100 %           2   167.273751178756     
 Time :   167.423285112716     
 WOCIVL455M0001NH220/N_atom300E+10_Vexp300E+03_Vemit200E+03_tauD000E+00_Vran118E
 +01                  
 Start
           0
 set_grid_done
 set_clumps_done
 Done
 TIME :    1.84361662832089       sec
          50 %           4   58.4172934691887     
 	 100 %           4   112.369150371989     
 Time :   112.526292190189     
 WOCIVL455M0001NH220/N_atom300E+10_Vexp500E+01_Vemit200E+03_tauD000E+00_Vran118E
 +01                  
 Start
           0
 set_grid_done
 set_clumps_done
 Done
 TIME :    2.36902944697067       sec
          50 %           3   51.3706629562657     
 	 100 %           3   102.092265252490     
 Time :   102.250889553688     
 WOCIVL455M0001NH220/N_atom300E+10_Vexp100E+02_Vemit200E+03_tauD000E+00_Vran300E
 +01                  
 Start
           0
 set_grid_done
 set_clumps_done
 Done
 TIME :    2.36458969255909       sec
          50 %           4   56.7589627311099     
 	 100 %           2   110.383387307171     
 Time :   110.537695337553     
 WOCIVL455M0001NH220/N_atom300E+10_Vexp200E+02_Vemit200E+03_tauD000E+00_Vran300E
 +01                  
 Start
           0
 set_grid_done
 set_clumps_done
 Done
 TIME :    2.37279283232056       sec
          50 %           4   52.5551806651056     
 	 100 %           1   105.610695092008     
 Time :   105.780005326960     
 WOCIVL455M0001NH220/N_atom300E+10_Vexp300E+02_Vemit200E+03_tauD000E+00_Vran300E
 +01                  
 Start
           0
 set_grid_done
 set_clumps_done
 Done
 TIME :    2.36935256770812       sec
          50 %           1   58.5506733204238     
 	 100 %           1   110.762083809124     
 Time :   110.924007468391     
 WOCIVL455M0001NH220/N_atom300E+10_Vexp400E+02_Vemit200E+03_tauD000E+00_Vran300E
 +01                  
 Start
           0
 set_grid_done
 set_clumps_done
 Done
 TIME :    2.23304498102516       sec
          50 %           4   57.2414147939999     
 	 100 %           3   108.075711571844     
 Time :   108.239934007404     
 WOCIVL455M0001NH220/N_atom300E+10_Vexp500E+02_Vemit200E+03_tauD000E+00_Vran300E
 +01                  
 Start
           0
 set_grid_done
 set_clumps_done
 Done
 TIME :    2.37408498534933       sec
          50 %           2   50.4948714962229     
 	 100 %           4   101.681656764587     
 Time :   101.826838509878     
 WOCIVL455M0001NH220/N_atom300E+10_Vexp600E+02_Vemit200E+03_tauD000E+00_Vran300E
 +01                  
 Start
           0
 set_grid_done
 set_clumps_done
 Done
 TIME :    2.27808463736437       sec
          50 %           2   52.6563749134075     
 	 100 %           1   106.571687351447     
 Time :   106.723390296334     
 WOCIVL455M0001NH220/N_atom300E+10_Vexp700E+02_Vemit200E+03_tauD000E+00_Vran300E
 +01                  
 Start
           0
 set_grid_done
 set_clumps_done
 Done
 TIME :    2.09576634806581       sec
          50 %           2   62.1609214313794     
 	 100 %           4   118.526769249700     
 Time :   118.691929027438     
 WOCIVL455M0001NH220/N_atom300E+10_Vexp800E+02_Vemit200E+03_tauD000E+00_Vran300E
 +01                  
 Start
           0
 set_grid_done
 set_clumps_done
 Done
 TIME :    2.36525324708782       sec
          50 %           3   65.0099433504511     
 	 100 %           4   123.717492135707     
 Time :   123.884501260007     
 WOCIVL455M0001NH220/N_atom300E+10_Vexp900E+02_Vemit200E+03_tauD000E+00_Vran300E
 +01                  
 Start
           0
 set_grid_done
 set_clumps_done
 Done
 TIME :    2.27629070566036       sec
          50 %           4   57.7993033644743     
 	 100 %           4   108.324074451812     
 Time :   108.468617419479     
 WOCIVL455M0001NH220/N_atom300E+10_Vexp100E+03_Vemit200E+03_tauD000E+00_Vran300E
 +01                  
 Start
           0
 set_grid_done
 set_clumps_done
 Done
 TIME :    2.32870426401496       sec
          50 %           2   58.4162290266249     
 	 100 %           1   112.089218694717     
 Time :   112.236291074660     
 WOCIVL455M0001NH220/N_atom300E+10_Vexp200E+03_Vemit200E+03_tauD000E+00_Vran300E
 +01                  
 Start
           0
 set_grid_done
 set_clumps_done
 Done
 TIME :    1.38687487598509       sec
          50 %           2   60.1283432831988     
 	 100 %           3   111.867138156667     
 Time :   112.013081071200     
 WOCIVL455M0001NH220/N_atom300E+10_Vexp300E+03_Vemit200E+03_tauD000E+00_Vran300E
 +01                  
 Start
           0
 set_grid_done
 set_clumps_done
 Done
 TIME :    1.38280635350384       sec
          50 %           4   57.4285420656670     
 	 100 %           4   112.028421695577     
 Time :   112.180829984136     
 WOCIVL455M0001NH220/N_atom300E+10_Vexp500E+01_Vemit200E+03_tauD000E+00_Vran300E
 +01                  
 Start
           0
 set_grid_done
 set_clumps_done
 Done
 TIME :    2.30421687569469       sec
          50 %           2   52.3719645782840     
 	 100 %           3   110.166344033321     
 Time :   110.322937464574     
 WOCIVL455M0001NH220/N_atom300E+10_Vexp100E+02_Vemit200E+03_tauD000E+00_Vran500E
 +01                  
 Start
           0
 set_grid_done
 set_clumps_done
 Done
 TIME :    1.37657907977700       sec
          50 %           3   63.6404886108357     
 	 100 %           2   121.499893228756     
 Time :   121.662365996279     
 WOCIVL455M0001NH220/N_atom300E+10_Vexp200E+02_Vemit200E+03_tauD000E+00_Vran500E
 +01                  
 Start
           0
 set_grid_done
 set_clumps_done
 Done
 TIME :    2.36409467668273       sec
          50 %           2   61.2473193525802     
 	 100 %           3   118.114343054825     
 Time :   118.255268783309     
 WOCIVL455M0001NH220/N_atom300E+10_Vexp300E+02_Vemit200E+03_tauD000E+00_Vran500E
 +01                  
 Start
           0
 set_grid_done
 set_clumps_done
 Done
 TIME :    2.28572325990535       sec
          50 %           2   54.5154109650757     
 	 100 %           3   108.008573814528     
 Time :   108.165542745730     
 WOCIVL455M0001NH220/N_atom300E+10_Vexp400E+02_Vemit200E+03_tauD000E+00_Vran500E
 +01                  
 Start
           0
 set_grid_done
 set_clumps_done
 Done
 TIME :    2.37380710011348       sec
          50 %           4   60.6196089799050     
 	 100 %           3   118.218755257083     
 Time :   118.378529332113     
 WOCIVL455M0001NH220/N_atom300E+10_Vexp500E+02_Vemit200E+03_tauD000E+00_Vran500E
 +01                  
 Start
           0
 set_grid_done
 set_clumps_done
 Done
 TIME :    2.27489894442260       sec
          50 %           2   56.2541087032296     
 	 100 %           4   111.881209611660     
 Time :   112.047517159721     
 WOCIVL455M0001NH220/N_atom300E+10_Vexp600E+02_Vemit200E+03_tauD000E+00_Vran500E
 +01                  
 Start
           0
 set_grid_done
 set_clumps_done
 Done
 TIME :    2.36974179372191       sec
          50 %           3   65.4124032319523     
 	 100 %           2   124.957516000373     
 Time :   125.118131025461     
 WOCIVL455M0001NH220/N_atom300E+10_Vexp700E+02_Vemit200E+03_tauD000E+00_Vran500E
 +01                  
 Start
           0
 set_grid_done
 set_clumps_done
 Done
 TIME :    2.37470668088645       sec
          50 %           2   59.9440234694630     
 	 100 %           4   117.048388833879     
 Time :   117.187517364277     
 WOCIVL455M0001NH220/N_atom300E+10_Vexp800E+02_Vemit200E+03_tauD000E+00_Vran500E
 +01                  
 Start
           0
 set_grid_done
 set_clumps_done
 Done
 TIME :    2.18597399373539       sec
          50 %           2   57.5722099987324     
 	 100 %           1   114.472881619120     
 Time :   114.637910579564     
 WOCIVL455M0001NH220/N_atom300E+10_Vexp900E+02_Vemit200E+03_tauD000E+00_Vran500E
 +01                  
 Start
           0
 set_grid_done
 set_clumps_done
 Done
 TIME :    2.36885513737798       sec
          50 %           2   59.3973310473375     
 	 100 %           2   115.811633899808     
 Time :   115.968027633615     
 WOCIVL455M0001NH220/N_atom300E+10_Vexp100E+03_Vemit200E+03_tauD000E+00_Vran500E
 +01                  
 Start
           0
 set_grid_done
 set_clumps_done
 Done
 TIME :    2.36476085637696       sec
          50 %           2   63.8320704747457     
 	 100 %           3   125.127822509035     
 Time :   125.275828754762     
 WOCIVL455M0001NH220/N_atom300E+10_Vexp200E+03_Vemit200E+03_tauD000E+00_Vran500E
 +01                  
 Start
           0
 set_grid_done
 set_clumps_done
 Done
 TIME :    2.31621500058100       sec
          50 %           3   60.7060527191497     
 	 100 %           4   164.218124702107     
 Time :   164.358133536996     
 WOCIVL455M0001NH220/N_atom300E+10_Vexp300E+03_Vemit200E+03_tauD000E+00_Vran500E
 +01                  
 Start
           0
 set_grid_done
 set_clumps_done
 Done
 TIME :    2.31457821582444       sec
          50 %           2   58.5083059065510     
 	 100 %           3   114.843069814378     
 Time :   114.981810832163     
 WOCIVL455M0001NH220/N_atom300E+10_Vexp500E+01_Vemit200E+03_tauD000E+00_Vran500E
 +01                  
 Start
           0
 set_grid_done
 set_clumps_done
 Done
 TIME :    2.35854905168526       sec
          50 %           3   56.1731954102870     
 	 100 %           3   115.601675701560     
 Time :   115.754187315470     
 WOCIVL455M0001NH220/N_atom300E+10_Vexp100E+02_Vemit300E+03_tauD000E+00_Vran118E
 +01                  
 Start
           0
 set_grid_done
 set_clumps_done
 Done
 TIME :    2.36527903610840       sec
          50 %           4   48.4337354537565     
 	 100 %           1   102.699521182105     
 Time :   102.862612709403     
 WOCIVL455M0001NH220/N_atom300E+10_Vexp200E+02_Vemit300E+03_tauD000E+00_Vran118E
 +01                  
 Start
           0
 set_grid_done
 set_clumps_done
 Done
 TIME :    2.36694439477287       sec
          50 %           2   49.8042628515977     
 	 100 %           2   99.1182677317411     
 Time :   99.2809784391429     
 WOCIVL455M0001NH220/N_atom300E+10_Vexp300E+02_Vemit300E+03_tauD000E+00_Vran118E
 +01                  
 Start
           0
 set_grid_done
 set_clumps_done
 Done
 TIME :    2.36643410008401       sec
          50 %           1   52.3366159747820     
 	 100 %           2   100.442763577681     
 Time :   100.602601032471     
 WOCIVL455M0001NH220/N_atom300E+10_Vexp400E+02_Vemit300E+03_tauD000E+00_Vran118E
 +01                  
 Start
           0
 set_grid_done
 set_clumps_done
 Done
 TIME :    2.36850262084045       sec
          50 %           3   51.8732211235911     
 	 100 %           2   104.753491636598     
 Time :   104.900990803493     
 WOCIVL455M0001NH220/N_atom300E+10_Vexp500E+02_Vemit300E+03_tauD000E+00_Vran118E
 +01                  
 Start
           0
 set_grid_done
 set_clumps_done
 Done
 TIME :    2.32550416374579       sec
          50 %           1   53.2049133256078     
 	 100 %           1   104.885424482170     
 Time :   105.045370171778     
 WOCIVL455M0001NH220/N_atom300E+10_Vexp600E+02_Vemit300E+03_tauD000E+00_Vran118E
 +01                  
 Start
           0
 set_grid_done
 set_clumps_done
 Done
 TIME :    1.46012372756377       sec
          50 %           3   52.8634855675045     
 	 100 %           2   102.316429449944     
 Time :   102.463293415727     
 WOCIVL455M0001NH220/N_atom300E+10_Vexp700E+02_Vemit300E+03_tauD000E+00_Vran118E
 +01                  
 Start
           0
 set_grid_done
 set_clumps_done
 Done
 TIME :    2.33964850637130       sec
          50 %           1   51.2257415130734     
 	 100 %           2   103.269629196031     
 Time :   103.431537927128     
 WOCIVL455M0001NH220/N_atom300E+10_Vexp800E+02_Vemit300E+03_tauD000E+00_Vran118E
 +01                  
 Start
           0
 set_grid_done
 set_clumps_done
 Done
 TIME :    2.36740034678951       sec
          50 %           1   59.5676496389788     
 	 100 %           1   111.781665213173     
 Time :   111.941898566438     
 WOCIVL455M0001NH220/N_atom300E+10_Vexp900E+02_Vemit300E+03_tauD000E+00_Vran118E
 +01                  
 Start
           0
 set_grid_done
 set_clumps_done
 Done
 TIME :    1.38376102852635       sec
          50 %           1   58.9905521098990     
 	 100 %           1   111.224826036254     
 Time :   111.393213586882     
 WOCIVL455M0001NH220/N_atom300E+10_Vexp100E+03_Vemit300E+03_tauD000E+00_Vran118E
 +01                  
 Start
           0
 set_grid_done
 set_clumps_done
 Done
 TIME :    2.36220006458461       sec
          50 %           4   61.3453574534506     
 	 100 %           3   117.001695691142     
 Time :   117.168238012819     
 WOCIVL455M0001NH220/N_atom300E+10_Vexp200E+03_Vemit300E+03_tauD000E+00_Vran118E
 +01                  
 Start
           0
 set_grid_done
 set_clumps_done
 Done
 TIME :    2.37352732103318       sec
          50 %           2   112.259433379630     
 	 100 %           1   168.879545806441     
 Time :   169.026508929906     
 WOCIVL455M0001NH220/N_atom300E+10_Vexp300E+03_Vemit300E+03_tauD000E+00_Vran118E
 +01                  
 Start
           0
 set_grid_done
 set_clumps_done
 Done
 TIME :    2.22020715847611       sec
          50 %           3   58.1896779763047     
 	 100 %           4   113.085906563792     
 Time :   113.250325360568     
 WOCIVL455M0001NH220/N_atom300E+10_Vexp500E+01_Vemit300E+03_tauD000E+00_Vran118E
 +01                  
 Start
           0
 set_grid_done
 set_clumps_done
 Done
 TIME :    2.36054978449829       sec
          50 %           4   51.3528298391029     
 	 100 %           4   104.706344044534     
 Time :   104.868395074503     
 WOCIVL455M0001NH220/N_atom300E+10_Vexp100E+02_Vemit300E+03_tauD000E+00_Vran300E
 +01                  
 Start
           0
 set_grid_done
 set_clumps_done
 Done
 TIME :    2.37398133939132       sec
          50 %           4   52.2649804733228     
 	 100 %           2   98.6687215741258     
 Time :   98.8230246952735     
 WOCIVL455M0001NH220/N_atom300E+10_Vexp200E+02_Vemit300E+03_tauD000E+00_Vran300E
 +01                  
 Start
           0
 set_grid_done
 set_clumps_done
 Done
 TIME :    2.33401045645587       sec
          50 %           4   51.1461297709029     
 	 100 %           2   96.2880058621522     
 Time :   96.4420811424498     
 WOCIVL455M0001NH220/N_atom300E+10_Vexp300E+02_Vemit300E+03_tauD000E+00_Vran300E
 +01                  
 Start
           0
 set_grid_done
 set_clumps_done
 Done
 TIME :    2.36511388374493       sec
          50 %           4   74.3244380771648     
 	 100 %           4   155.338784973137     
 Time :   155.501491051866     
 WOCIVL455M0001NH220/N_atom300E+10_Vexp400E+02_Vemit300E+03_tauD000E+00_Vran300E
 +01                  
 Start
           0
 set_grid_done
 set_clumps_done
 Done
 TIME :    2.35409632278606       sec
          50 %           3   52.1352048662957     
 	 100 %           4   99.4115270774346     
 Time :   99.5770537487697     
 WOCIVL455M0001NH220/N_atom300E+10_Vexp500E+02_Vemit300E+03_tauD000E+00_Vran300E
 +01                  
 Start
           0
 set_grid_done
 set_clumps_done
 Done
 TIME :    2.37053035455756       sec
          50 %           1   45.5854434943758     
 	 100 %           2   92.1321690862533     
 Time :   92.2837131107226     
 WOCIVL455M0001NH220/N_atom300E+10_Vexp600E+02_Vemit300E+03_tauD000E+00_Vran300E
 +01                  
 Start
           0
 set_grid_done
 set_clumps_done
 Done
 TIME :    1.77484787697904       sec
          50 %           4   52.6314450583886     
 	 100 %           4   103.927339990390     
 Time :   104.074895403814     
 WOCIVL455M0001NH220/N_atom300E+10_Vexp700E+02_Vemit300E+03_tauD000E+00_Vran300E
 +01                  
 Start
           0
 set_grid_done
 set_clumps_done
 Done
 TIME :    1.38251485256478       sec
          50 %           3   54.7355855593923     
 	 100 %           2   111.369978596456     
 Time :   111.528405324090     
 WOCIVL455M0001NH220/N_atom300E+10_Vexp800E+02_Vemit300E+03_tauD000E+00_Vran300E
 +01                  
 Start
           0
 set_grid_done
 set_clumps_done
 Done
 TIME :    1.37962375627831       sec
          50 %           1   61.7181142850313     
 	 100 %           3   120.348018056713     
 Time :   120.511792505393     
 WOCIVL455M0001NH220/N_atom300E+10_Vexp900E+02_Vemit300E+03_tauD000E+00_Vran300E
 +01                  
 Start
           0
 set_grid_done
 set_clumps_done
 Done
 TIME :    2.36611572792754       sec
          50 %           2   55.5325814806856     
 	 100 %           2   105.340193454409     
 Time :   105.503112415550     
 WOCIVL455M0001NH220/N_atom300E+10_Vexp100E+03_Vemit300E+03_tauD000E+00_Vran300E
 +01                  
 Start
           0
 set_grid_done
 set_clumps_done
 Done
 TIME :    2.36755843553692       sec
          50 %           1   56.2607556101866     
 	 100 %           3   161.582984318724     
 Time :   161.717140788445     
 WOCIVL455M0001NH220/N_atom300E+10_Vexp200E+03_Vemit300E+03_tauD000E+00_Vran300E
 +01                  
 Start
           0
 set_grid_done
 set_clumps_done
 Done
 TIME :    2.31011767243035       sec
          50 %           4   52.7083959896117     
 	 100 %           4   98.1264377275947     
 Time :   98.2841539417859     
 WOCIVL455M0001NH220/N_atom300E+10_Vexp300E+03_Vemit300E+03_tauD000E+00_Vran300E
 +01                  
 Start
           0
 set_grid_done
 set_clumps_done
 Done
 TIME :    2.33979301946238       sec
          50 %           1   50.6752868676558     
 	 100 %           2   100.638621556573     
 Time :   100.795437628869     
 WOCIVL455M0001NH220/N_atom300E+10_Vexp500E+01_Vemit300E+03_tauD000E+00_Vran300E
 +01                  
 Start
           0
 set_grid_done
 set_clumps_done
 Done
 TIME :    2.34214712050743       sec
          50 %           3   43.3373748483136     
 	 100 %           2   87.0380063063931     
 Time :   87.1826645119581     
 WOCIVL455M0001NH220/N_atom300E+10_Vexp100E+02_Vemit300E+03_tauD000E+00_Vran500E
 +01                  
 Start
           0
 set_grid_done
 set_clumps_done
 Done
 TIME :    1.47725900541991       sec
          50 %           2   45.1187836301979     
 	 100 %           2   89.1669960902072     
 Time :   89.3136859468650     
 WOCIVL455M0001NH220/N_atom300E+10_Vexp200E+02_Vemit300E+03_tauD000E+00_Vran500E
 +01                  
 Start
           0
 set_grid_done
 set_clumps_done
 Done
 TIME :    1.37008290737867       sec
          50 %           2   44.5613019086886     
 	 100 %           3   87.0953560275957     
 Time :   87.2311548225116     
 WOCIVL455M0001NH220/N_atom300E+10_Vexp300E+02_Vemit300E+03_tauD000E+00_Vran500E
 +01                  
 Start
           0
 set_grid_done
 set_clumps_done
 Done
 TIME :    1.36808464932255       sec
          50 %           3   44.2646581239533     
 	 100 %           4   87.5637438790873     
 Time :   87.7034311259631     
 WOCIVL455M0001NH220/N_atom300E+10_Vexp400E+02_Vemit300E+03_tauD000E+00_Vran500E
 +01                  
 Start
           0
 set_grid_done
 set_clumps_done
 Done
 TIME :    1.36738232127391       sec
          50 %           3   46.4091116848867     
 	 100 %           4   90.4227223631460     
 Time :   90.5680616563186     
 WOCIVL455M0001NH220/N_atom300E+10_Vexp500E+02_Vemit300E+03_tauD000E+00_Vran500E
 +01                  
 Start
           0
 set_grid_done
 set_clumps_done
 Done
 TIME :    1.46844064258039       sec
          50 %           4   50.3910078911576     
 	 100 %           4   96.4927865010686     
 Time :   96.6349431867711     
 WOCIVL455M0001NH220/N_atom300E+10_Vexp600E+02_Vemit300E+03_tauD000E+00_Vran500E
 +01                  
 Start
           0
 set_grid_done
 set_clumps_done
 Done
 TIME :    1.37870106194168       sec
          50 %           2   48.6473808132578     
 	 100 %           4   95.1735820996109     
 Time :   95.3225273606367     
 WOCIVL455M0001NH220/N_atom300E+10_Vexp700E+02_Vemit300E+03_tauD000E+00_Vran500E
 +01                  
 Start
           0
 set_grid_done
 set_clumps_done
 Done
 TIME :    1.38450924330391       sec
          50 %           2   46.4930256712250     
 	 100 %           3   91.6020298514050     
 Time :   91.7631840358954     
 WOCIVL455M0001NH220/N_atom300E+10_Vexp800E+02_Vemit300E+03_tauD000E+00_Vran500E
 +01                  
 Start
           0
 set_grid_done
 set_clumps_done
 Done
 TIME :    1.40083791618235       sec
          50 %           1   46.2754168380052     
 	 100 %           3   88.6587465421762     
 Time :   88.7964820587076     
 WOCIVL455M0001NH220/N_atom300E+10_Vexp900E+02_Vemit300E+03_tauD000E+00_Vran500E
 +01                  
 Start
           0
 set_grid_done
 set_clumps_done
 Done
 TIME :    1.37749113421887       sec
          50 %           2   44.0370971742086     
 	 100 %           3   86.6287052403204     
 Time :   86.7632561258506     
 WOCIVL455M0001NH220/N_atom300E+10_Vexp100E+03_Vemit300E+03_tauD000E+00_Vran500E
 +01                  
 Start
           0
 set_grid_done
 set_clumps_done
 Done
 TIME :    1.37953856517561       sec
          50 %           2   48.6935462681577     
 	 100 %           4   96.7816370911896     
 Time :   96.9368594302796     
 WOCIVL455M0001NH220/N_atom300E+10_Vexp200E+03_Vemit300E+03_tauD000E+00_Vran500E
 +01                  
 Start
           0
 set_grid_done
 set_clumps_done
 Done
 TIME :    1.37691613705829       sec
          50 %           4   46.6448073149659     
 	 100 %           4   91.5673666235525     
 Time :   91.7345174357761     
 WOCIVL455M0001NH220/N_atom300E+10_Vexp300E+03_Vemit300E+03_tauD000E+00_Vran500E
 +01                  
 Start
           0
 set_grid_done
 set_clumps_done
 Done
 TIME :    2.35400229506195       sec
          50 %           3   46.4088510321453     
 	 100 %           1   89.8296568936203     
 Time :   89.9632461308502     
 WOCIVL455M0001NH220/N_atom300E+10_Vexp500E+01_Vemit300E+03_tauD000E+00_Vran500E
 +01                  
 Start
           0
 set_grid_done
 set_clumps_done
 Done
 TIME :    1.37794259772636       sec
          50 %           4   41.3719851635396     
 	 100 %           1   81.4438586945180     
 Time :   81.5825208933093     
