nohup: ignoring input
 WOCIVL455M0010NH220/N_atom300E+10_Vexp100E+02_Vemit100E+03_tauD000E+00_Vran118E
 +01                  
 Start
           0
 set_grid_done
 set_clumps_done
 Done
 TIME :    1.34526420687325       sec
          50 %           4   35.9086872716434     
 	 100 %           3   71.7171521866694     
 Time :   71.8551502067130     
 WOCIVL455M0010NH220/N_atom300E+10_Vexp200E+02_Vemit100E+03_tauD000E+00_Vran118E
 +01                  
 Start
           0
 set_grid_done
 set_clumps_done
 Done
 TIME :    1.77181477495469       sec
          50 %           3   43.6985854245722     
 	 100 %           2   83.8511587614194     
 Time :   83.9846019034740     
 WOCIVL455M0010NH220/N_atom300E+10_Vexp300E+02_Vemit100E+03_tauD000E+00_Vran118E
 +01                  
 Start
           0
 set_grid_done
 set_clumps_done
 Done
 TIME :    1.34243991319090       sec
          50 %           4   39.3647630745545     
 	 100 %           4   77.3193263006397     
 Time :   77.4518039759714     
 WOCIVL455M0010NH220/N_atom300E+10_Vexp400E+02_Vemit100E+03_tauD000E+00_Vran118E
 +01                  
 Start
           0
 set_grid_done
 set_clumps_done
 Done
 TIME :    1.33699515135959       sec
          50 %           4   40.8547203589696     
 	 100 %           2   80.4961109890137     
 Time :   80.6307373899035     
 WOCIVL455M0010NH220/N_atom300E+10_Vexp500E+02_Vemit100E+03_tauD000E+00_Vran118E
 +01                  
 Start
           0
 set_grid_done
 set_clumps_done
 Done
 TIME :    1.34044407703914       sec
          50 %           3   42.6624068855308     
 	 100 %           4   84.0713341559749     
 Time :   84.2010676891077     
 WOCIVL455M0010NH220/N_atom300E+10_Vexp600E+02_Vemit100E+03_tauD000E+00_Vran118E
 +01                  
 Start
           0
 set_grid_done
 set_clumps_done
 Done
 TIME :    1.34136675251648       sec
          50 %           2   43.7795411874540     
 	 100 %           2   86.6111157578416     
 Time :   86.7448705898132     
 WOCIVL455M0010NH220/N_atom300E+10_Vexp700E+02_Vemit100E+03_tauD000E+00_Vran118E
 +01                  
 Start
           0
 set_grid_done
 set_clumps_done
 Done
 TIME :    1.36827268032357       sec
          50 %           2   47.3326047973242     
 	 100 %           4   93.0820671184920     
 Time :   93.2194516677409     
 WOCIVL455M0010NH220/N_atom300E+10_Vexp800E+02_Vemit100E+03_tauD000E+00_Vran118E
 +01                  
 Start
           0
 set_grid_done
 set_clumps_done
 Done
 TIME :    1.38581957994029       sec
          50 %           1   46.1078649493866     
 	 100 %           2   95.3022143240087     
 Time :   95.4722863000352     
 WOCIVL455M0010NH220/N_atom300E+10_Vexp900E+02_Vemit100E+03_tauD000E+00_Vran118E
 +01                  
 Start
           0
 set_grid_done
 set_clumps_done
 Done
 TIME :    2.37018077773973       sec
          50 %           1   46.9794839222450     
 	 100 %           4   96.0066256104037     
 Time :   96.1779194581322     
 WOCIVL455M0010NH220/N_atom300E+10_Vexp100E+03_Vemit100E+03_tauD000E+00_Vran118E
 +01                  
 Start
           0
 set_grid_done
 set_clumps_done
 Done
 TIME :    2.24433502042666       sec
          50 %           4   65.0651352899149     
 	 100 %           1   124.947470886167     
 Time :   125.134763624752     
 WOCIVL455M0010NH220/N_atom300E+10_Vexp200E+03_Vemit100E+03_tauD000E+00_Vran118E
 +01                  
 Start
           0
 set_grid_done
 set_clumps_done
 Done
 TIME :    2.41935964697041       sec
          50 %           1   63.3347273990512     
 	 100 %           2   124.283198955469     
 Time :   124.462744656252     
 WOCIVL455M0010NH220/N_atom300E+10_Vexp300E+03_Vemit100E+03_tauD000E+00_Vran118E
 +01                  
 Start
           0
 set_grid_done
 set_clumps_done
 Done
 TIME :    2.46744347433560       sec
          50 %           2   59.1882776289713     
 	 100 %           4   115.501447248738     
 Time :   115.687586575048     
 WOCIVL455M0010NH220/N_atom300E+10_Vexp500E+01_Vemit100E+03_tauD000E+00_Vran118E
 +01                  
 Start
           0
 set_grid_done
 set_clumps_done
 Done
 TIME :    2.47446345631033       sec
          50 %           4   56.8194406635594     
 	 100 %           3   111.546251461841     
 Time :   111.732532746624     
 WOCIVL455M0010NH220/N_atom300E+10_Vexp100E+02_Vemit100E+03_tauD000E+00_Vran300E
 +01                  
 Start
           0
 set_grid_done
 set_clumps_done
 Done
 TIME :    2.48367348220199       sec
          50 %           1   60.1422777315602     
 	 100 %           4   118.248734062538     
 Time :   118.440259068739     
 WOCIVL455M0010NH220/N_atom300E+10_Vexp200E+02_Vemit100E+03_tauD000E+00_Vran300E
 +01                  
 Start
           0
 set_grid_done
 set_clumps_done
 Done
 TIME :    2.47738624666817       sec
          50 %           4   62.6126054932829     
 	 100 %           1   121.272081198636     
 Time :   121.466296034167     
 WOCIVL455M0010NH220/N_atom300E+10_Vexp300E+02_Vemit100E+03_tauD000E+00_Vran300E
 +01                  
 Start
           0
 set_grid_done
 set_clumps_done
 Done
 TIME :    2.47702427185141       sec
          50 %           2   63.9826835794374     
 	 100 %           3   124.450397114037     
 Time :   124.633816383779     
 WOCIVL455M0010NH220/N_atom300E+10_Vexp400E+02_Vemit100E+03_tauD000E+00_Vran300E
 +01                  
 Start
           0
 set_grid_done
 set_clumps_done
 Done
 TIME :    2.47484003915451       sec
          50 %           2   62.5480595584959     
 	 100 %           3   123.334519419586     
 Time :   123.529769994784     
 WOCIVL455M0010NH220/N_atom300E+10_Vexp500E+02_Vemit100E+03_tauD000E+00_Vran300E
 +01                  
 Start
           0
 set_grid_done
 set_clumps_done
 Done
 TIME :    2.48419433785602       sec
          50 %           1   65.3716243647505     
 	 100 %           4   129.683445381001     
 Time :   129.869392794091     
 WOCIVL455M0010NH220/N_atom300E+10_Vexp600E+02_Vemit100E+03_tauD000E+00_Vran300E
 +01                  
 Start
           0
 set_grid_done
 set_clumps_done
 Done
 TIME :    2.47618545452133       sec
          50 %           1   65.7203177826013     
 	 100 %           1   131.681777649792     
 Time :   131.871314103715     
 WOCIVL455M0010NH220/N_atom300E+10_Vexp700E+02_Vemit100E+03_tauD000E+00_Vran300E
 +01                  
 Start
           0
 set_grid_done
 set_clumps_done
 Done
 TIME :    2.47849862114526       sec
          50 %           2   65.4255810137838     
 	 100 %           3   127.940998651786     
 Time :   128.131556297885     
 WOCIVL455M0010NH220/N_atom300E+10_Vexp800E+02_Vemit100E+03_tauD000E+00_Vran300E
 +01                  
 Start
           0
 set_grid_done
 set_clumps_done
 Done
 TIME :    2.42716031614691       sec
          50 %           1   62.8030412285589     
 	 100 %           3   129.732219825033     
 Time :   129.919032334816     
 WOCIVL455M0010NH220/N_atom300E+10_Vexp900E+02_Vemit100E+03_tauD000E+00_Vran300E
 +01                  
 Start
           0
 set_grid_done
 set_clumps_done
 Done
 TIME :    2.48162330337800       sec
          50 %           4   65.8617271773983     
 	 100 %           2   130.624239687575     
 Time :   130.817320116796     
 WOCIVL455M0010NH220/N_atom300E+10_Vexp100E+03_Vemit100E+03_tauD000E+00_Vran300E
 +01                  
 Start
           0
 set_grid_done
 set_clumps_done
 Done
 TIME :    2.43153243861161       sec
          50 %           2   63.3478094311431     
 	 100 %           4   127.195723148063     
 Time :   127.386226892006     
 WOCIVL455M0010NH220/N_atom300E+10_Vexp200E+03_Vemit100E+03_tauD000E+00_Vran300E
 +01                  
 Start
           0
 set_grid_done
 set_clumps_done
 Done
 TIME :    2.42625257861800       sec
          50 %           4   62.5959298817907     
 	 100 %           1   124.222638481529     
 Time :   124.410498253070     
 WOCIVL455M0010NH220/N_atom300E+10_Vexp300E+03_Vemit100E+03_tauD000E+00_Vran300E
 +01                  
 Start
           0
 set_grid_done
 set_clumps_done
 Done
 TIME :    2.42411247966811       sec
          50 %           2   58.0811404720880     
 	 100 %           4   114.791360534029     
 Time :   114.978233588627     
 WOCIVL455M0010NH220/N_atom300E+10_Vexp500E+01_Vemit100E+03_tauD000E+00_Vran300E
 +01                  
 Start
           0
 set_grid_done
 set_clumps_done
 Done
 TIME :    2.42376196640544       sec
          50 %           2   63.8619965824764     
 	 100 %           1   124.282425111393     
 Time :   124.467602918390     
 WOCIVL455M0010NH220/N_atom300E+10_Vexp100E+02_Vemit100E+03_tauD000E+00_Vran500E
 +01                  
 Start
           0
 set_grid_done
 set_clumps_done
 Done
 TIME :    2.42637662333436       sec
          50 %           4   62.3887392752804     
 	 100 %           1   125.487355268095     
 Time :   125.674297052668     
 WOCIVL455M0010NH220/N_atom300E+10_Vexp200E+02_Vemit100E+03_tauD000E+00_Vran500E
 +01                  
 Start
           0
 set_grid_done
 set_clumps_done
 Done
 TIME :    2.42548467568122       sec
          50 %           2   64.6514871336985     
 	 100 %           2   126.493636509869     
 Time :   126.674636121374     
 WOCIVL455M0010NH220/N_atom300E+10_Vexp300E+02_Vemit100E+03_tauD000E+00_Vran500E
 +01                  
 Start
           0
 set_grid_done
 set_clumps_done
 Done
 TIME :    2.48179244343191       sec
          50 %           3   65.9736395217478     
 	 100 %           3   128.460900566075     
 Time :   128.645962774288     
 WOCIVL455M0010NH220/N_atom300E+10_Vexp400E+02_Vemit100E+03_tauD000E+00_Vran500E
 +01                  
 Start
           0
 set_grid_done
 set_clumps_done
 Done
 TIME :    2.47384707024321       sec
          50 %           4   66.8827766713221     
 	 100 %           2   132.653044632636     
 Time :   132.839534602361     
 WOCIVL455M0010NH220/N_atom300E+10_Vexp500E+02_Vemit100E+03_tauD000E+00_Vran500E
 +01                  
 Start
           0
 set_grid_done
 set_clumps_done
 Done
 TIME :    2.47933767875656       sec
          50 %           2   69.0082716394681     
 	 100 %           3   137.071210164810     
 Time :   137.259432852734     
 WOCIVL455M0010NH220/N_atom300E+10_Vexp600E+02_Vemit100E+03_tauD000E+00_Vran500E
 +01                  
 Start
           0
 set_grid_done
 set_clumps_done
 Done
 TIME :    2.47307287552394       sec
          50 %           1   67.8138944595121     
 	 100 %           2   128.954967859667     
 Time :   129.137375826016     
 WOCIVL455M0010NH220/N_atom300E+10_Vexp700E+02_Vemit100E+03_tauD000E+00_Vran500E
 +01                  
 Start
           0
 set_grid_done
 set_clumps_done
 Done
 TIME :    2.47979037533514       sec
          50 %           3   70.8871818853077     
 	 100 %           4   138.995376597624     
 Time :   139.183348040329     
 WOCIVL455M0010NH220/N_atom300E+10_Vexp800E+02_Vemit100E+03_tauD000E+00_Vran500E
 +01                  
 Start
           0
 set_grid_done
 set_clumps_done
 Done
 TIME :    2.47975458763540       sec
          50 %           2   64.3214504255448     
 	 100 %           2   128.237783165183     
 Time :   128.418350859778     
 WOCIVL455M0010NH220/N_atom300E+10_Vexp900E+02_Vemit100E+03_tauD000E+00_Vran500E
 +01                  
 Start
           0
 set_grid_done
 set_clumps_done
 Done
 TIME :    2.47523594810627       sec
          50 %           3   70.5153299800586     
 	 100 %           2   136.386615802767     
 Time :   136.570631481009     
 WOCIVL455M0010NH220/N_atom300E+10_Vexp100E+03_Vemit100E+03_tauD000E+00_Vran500E
 +01                  
 Start
           0
 set_grid_done
 set_clumps_done
 Done
 TIME :    2.47331030457281       sec
          50 %           2   68.2051877889317     
 	 100 %           3   135.012595568085     
 Time :   135.198067100719     
 WOCIVL455M0010NH220/N_atom300E+10_Vexp200E+03_Vemit100E+03_tauD000E+00_Vran500E
 +01                  
 Start
           0
 set_grid_done
 set_clumps_done
 Done
 TIME :    2.47486113873310       sec
          50 %           2   63.9569600487594     
 	 100 %           4   125.892673162743     
 Time :   126.079556636978     
 WOCIVL455M0010NH220/N_atom300E+10_Vexp300E+03_Vemit100E+03_tauD000E+00_Vran500E
 +01                  
 Start
           0
 set_grid_done
 set_clumps_done
 Done
 TIME :    2.48089294135571       sec
          50 %           2   62.0279871216044     
 	 100 %           4   122.466588354437     
 Time :   122.651665881509     
 WOCIVL455M0010NH220/N_atom300E+10_Vexp500E+01_Vemit100E+03_tauD000E+00_Vran500E
 +01                  
 Start
           0
 set_grid_done
 set_clumps_done
 Done
 TIME :    2.48900187388062       sec
          50 %           1   74.6885156761855     
 	 100 %           4   146.884523074375     
 Time :   147.073326390935     
 WOCIVL455M0010NH220/N_atom300E+10_Vexp100E+02_Vemit200E+03_tauD000E+00_Vran118E
 +01                  
 Start
           0
 set_grid_done
 set_clumps_done
 Done
 TIME :    2.49142269440927       sec
          50 %           2   54.9354156106710     
 	 100 %           1   106.557632920332     
 Time :   106.742724954849     
 WOCIVL455M0010NH220/N_atom300E+10_Vexp200E+02_Vemit200E+03_tauD000E+00_Vran118E
 +01                  
 Start
           0
 set_grid_done
 set_clumps_done
 Done
 TIME :    2.48920387611724       sec
          50 %           1   54.8481935211457     
 	 100 %           1   108.111270350870     
 Time :   108.299774461426     
 WOCIVL455M0010NH220/N_atom300E+10_Vexp300E+02_Vemit200E+03_tauD000E+00_Vran118E
 +01                  
 Start
           0
 set_grid_done
 set_clumps_done
 Done
 TIME :    2.48127091675997       sec
          50 %           2   53.8655174721498     
 	 100 %           3   107.133509461535     
 Time :   107.320328754373     
 WOCIVL455M0010NH220/N_atom300E+10_Vexp400E+02_Vemit200E+03_tauD000E+00_Vran118E
 +01                  
 Start
           0
 set_grid_done
 set_clumps_done
 Done
 TIME :    2.42294675391167       sec
          50 %           3   56.1453078959603     
 	 100 %           2   108.495114836842     
 Time :   108.680157107301     
 WOCIVL455M0010NH220/N_atom300E+10_Vexp500E+02_Vemit200E+03_tauD000E+00_Vran118E
 +01                  
 Start
           0
 set_grid_done
 set_clumps_done
 Done
 TIME :    2.48450712976046       sec
          50 %           1   57.5769854017999     
 	 100 %           4   111.767824540846     
 Time :   111.947050757241     
 WOCIVL455M0010NH220/N_atom300E+10_Vexp600E+02_Vemit200E+03_tauD000E+00_Vran118E
 +01                  
 Start
           0
 set_grid_done
 set_clumps_done
 Done
 TIME :    2.48146401182748       sec
          50 %           4   56.5988817536272     
 	 100 %           1   114.126163132489     
 Time :   114.314032211434     
 WOCIVL455M0010NH220/N_atom300E+10_Vexp700E+02_Vemit200E+03_tauD000E+00_Vran118E
 +01                  
 Start
           0
 set_grid_done
 set_clumps_done
 Done
 TIME :    2.47836359590292       sec
          50 %           2   59.3171527881641     
 	 100 %           1   116.476363456110     
 Time :   116.662104548886     
 WOCIVL455M0010NH220/N_atom300E+10_Vexp800E+02_Vemit200E+03_tauD000E+00_Vran118E
 +01                  
 Start
           0
 set_grid_done
 set_clumps_done
 Done
 TIME :    2.48033581743948       sec
          50 %           2   59.9739183059428     
 	 100 %           2   117.169712351868     
 Time :   117.353864307748     
 WOCIVL455M0010NH220/N_atom300E+10_Vexp900E+02_Vemit200E+03_tauD000E+00_Vran118E
 +01                  
 Start
           0
 set_grid_done
 set_clumps_done
 Done
 TIME :    2.47124993638135       sec
          50 %           4   60.0084408144467     
 	 100 %           4   115.987019589404     
 Time :   116.175167846726     
 WOCIVL455M0010NH220/N_atom300E+10_Vexp100E+03_Vemit200E+03_tauD000E+00_Vran118E
 +01                  
 Start
           0
 set_grid_done
 set_clumps_done
 Done
 TIME :    2.42107335920446       sec
          50 %           4   60.1089421587531     
 	 100 %           2   120.211204939755     
 Time :   120.400468356907     
 WOCIVL455M0010NH220/N_atom300E+10_Vexp200E+03_Vemit200E+03_tauD000E+00_Vran118E
 +01                  
 Start
           0
 set_grid_done
 set_clumps_done
 Done
 TIME :    2.42106651631184       sec
          50 %           2   59.9461312110070     
 	 100 %           1   119.658002539072     
 Time :   119.846633820329     
 WOCIVL455M0010NH220/N_atom300E+10_Vexp300E+03_Vemit200E+03_tauD000E+00_Vran118E
 +01                  
 Start
           0
 set_grid_done
 set_clumps_done
 Done
 TIME :    2.43811102560721       sec
          50 %           2   60.4755604614038     
 	 100 %           2   118.764147654409     
 Time :   118.948148644995     
 WOCIVL455M0010NH220/N_atom300E+10_Vexp500E+01_Vemit200E+03_tauD000E+00_Vran118E
 +01                  
 Start
           0
 set_grid_done
 set_clumps_done
 Done
 TIME :    2.47823745710775       sec
          50 %           4   54.9765861073975     
 	 100 %           3   106.598526062444     
 Time :   106.786721228389     
 WOCIVL455M0010NH220/N_atom300E+10_Vexp100E+02_Vemit200E+03_tauD000E+00_Vran300E
 +01                  
 Start
           0
 set_grid_done
 set_clumps_done
 Done
 TIME :    2.48357639857568       sec
          50 %           3   56.9119294877164     
 	 100 %           3   112.829992743675     
 Time :   113.016850308981     
 WOCIVL455M0010NH220/N_atom300E+10_Vexp200E+02_Vemit200E+03_tauD000E+00_Vran300E
 +01                  
 Start
           0
 set_grid_done
 set_clumps_done
 Done
 TIME :    2.48076635203324       sec
          50 %           1   57.5690299496055     
 	 100 %           4   110.532539360691     
 Time :   110.719478830928     
 WOCIVL455M0010NH220/N_atom300E+10_Vexp300E+02_Vemit200E+03_tauD000E+00_Vran300E
 +01                  
 Start
           0
 set_grid_done
 set_clumps_done
 Done
 TIME :    2.48037420981564       sec
          50 %           4   56.7345403574873     
 	 100 %           2   110.466128597502     
 Time :   110.650009961566     
 WOCIVL455M0010NH220/N_atom300E+10_Vexp400E+02_Vemit200E+03_tauD000E+00_Vran300E
 +01                  
 Start
           0
 set_grid_done
 set_clumps_done
 Done
 TIME :    2.32981722755358       sec
          50 %           4   55.6729001232889     
 	 100 %           4   110.236201341962     
 Time :   110.424435351510     
 WOCIVL455M0010NH220/N_atom300E+10_Vexp500E+02_Vemit200E+03_tauD000E+00_Vran300E
 +01                  
 Start
           0
 set_grid_done
 set_clumps_done
 Done
 TIME :    2.47808194276877       sec
          50 %           3   60.2168261113111     
 	 100 %           4   118.793735235929     
 Time :   118.987092368770     
 WOCIVL455M0010NH220/N_atom300E+10_Vexp600E+02_Vemit200E+03_tauD000E+00_Vran300E
 +01                  
 Start
           0
 set_grid_done
 set_clumps_done
 Done
 TIME :    2.48840146791190       sec
          50 %           1   59.9729188750498     
 	 100 %           3   113.743122958578     
 Time :   113.926134857582     
 WOCIVL455M0010NH220/N_atom300E+10_Vexp700E+02_Vemit200E+03_tauD000E+00_Vran300E
 +01                  
 Start
           0
 set_grid_done
 set_clumps_done
 Done
 TIME :    2.47219229931943       sec
          50 %           2   58.5775369524490     
 	 100 %           4   119.070379282348     
 Time :   119.245534616290     
 WOCIVL455M0010NH220/N_atom300E+10_Vexp800E+02_Vemit200E+03_tauD000E+00_Vran300E
 +01                  
 Start
           0
 set_grid_done
 set_clumps_done
 Done
 TIME :    2.47746803122573       sec
          50 %           1   61.6180417214055     
 	 100 %           2   122.118353403872     
 Time :   122.294501195429     
 WOCIVL455M0010NH220/N_atom300E+10_Vexp900E+02_Vemit200E+03_tauD000E+00_Vran300E
 +01                  
 Start
           0
 set_grid_done
 set_clumps_done
 Done
 TIME :    2.47589280083776       sec
          50 %           1   60.6356976702809     
 	 100 %           3   120.790738941403     
 Time :   120.970983053558     
 WOCIVL455M0010NH220/N_atom300E+10_Vexp100E+03_Vemit200E+03_tauD000E+00_Vran300E
 +01                  
 Start
           0
 set_grid_done
 set_clumps_done
 Done
 TIME :    2.46962462109514       sec
          50 %           4   62.6808294067159     
 	 100 %           2   123.085729975719     
 Time :   123.261371028610     
 WOCIVL455M0010NH220/N_atom300E+10_Vexp200E+03_Vemit200E+03_tauD000E+00_Vran300E
 +01                  
 Start
           0
 set_grid_done
 set_clumps_done
 Done
 TIME :    2.46931234025396       sec
          50 %           3   64.8607728844509     
 	 100 %           3   126.314301347593     
 Time :   126.490291851573     
 WOCIVL455M0010NH220/N_atom300E+10_Vexp300E+03_Vemit200E+03_tauD000E+00_Vran300E
 +01                  
 Start
           0
 set_grid_done
 set_clumps_done
 Done
 TIME :    2.47089126775973       sec
          50 %           2   61.0297390592750     
 	 100 %           3   120.650860152673     
 Time :   120.828750281129     
 WOCIVL455M0010NH220/N_atom300E+10_Vexp500E+01_Vemit200E+03_tauD000E+00_Vran300E
 +01                  
 Start
           0
 set_grid_done
 set_clumps_done
 Done
 TIME :    2.47089287079871       sec
          50 %           4   59.3023206547368     
 	 100 %           4   116.381368399831     
 Time :   116.546804895159     
 WOCIVL455M0010NH220/N_atom300E+10_Vexp100E+02_Vemit200E+03_tauD000E+00_Vran500E
 +01                  
 Start
           0
 set_grid_done
 set_clumps_done
 Done
 TIME :    2.47317226347513       sec
          50 %           4   61.5459551697131     
 	 100 %           1   118.389007468009     
 Time :   118.564390592743     
 WOCIVL455M0010NH220/N_atom300E+10_Vexp200E+02_Vemit200E+03_tauD000E+00_Vran500E
 +01                  
 Start
           0
 set_grid_done
 set_clumps_done
 Done
 TIME :    2.47109546395950       sec
          50 %           4   60.5774124013260     
 	 100 %           1   117.716348869260     
 Time :   117.892258831067     
 WOCIVL455M0010NH220/N_atom300E+10_Vexp300E+02_Vemit200E+03_tauD000E+00_Vran500E
 +01                  
 Start
           0
 set_grid_done
 set_clumps_done
 Done
 TIME :    2.49023901461624       sec
          50 %           1   60.6344631745014     
 	 100 %           4   117.008272538427     
 Time :   117.194316123379     
 WOCIVL455M0010NH220/N_atom300E+10_Vexp400E+02_Vemit200E+03_tauD000E+00_Vran500E
 +01                  
 Start
           0
 set_grid_done
 set_clumps_done
 Done
 TIME :    2.48376726964489       sec
          50 %           1   61.1074078830425     
 	 100 %           2   120.734379145317     
 Time :   120.923125764588     
 WOCIVL455M0010NH220/N_atom300E+10_Vexp500E+02_Vemit200E+03_tauD000E+00_Vran500E
 +01                  
 Start
           0
 set_grid_done
 set_clumps_done
 Done
 TIME :    2.43097384180874       sec
          50 %           4   60.6485215339344     
 	 100 %           3   118.965930749895     
 Time :   119.154879191192     
 WOCIVL455M0010NH220/N_atom300E+10_Vexp600E+02_Vemit200E+03_tauD000E+00_Vran500E
 +01                  
 Start
           0
 set_grid_done
 set_clumps_done
 Done
 TIME :    2.48340051574633       sec
          50 %           2   62.5498674190603     
 	 100 %           2   122.328465327621     
 Time :   122.511640084675     
 WOCIVL455M0010NH220/N_atom300E+10_Vexp700E+02_Vemit200E+03_tauD000E+00_Vran500E
 +01                  
 Start
           0
 set_grid_done
 set_clumps_done
 Done
 TIME :    2.42943743453361       sec
          50 %           2   62.2217814417090     
 	 100 %           4   121.668944997480     
 Time :   121.854261086090     
 WOCIVL455M0010NH220/N_atom300E+10_Vexp800E+02_Vemit200E+03_tauD000E+00_Vran500E
 +01                  
 Start
           0
 set_grid_done
 set_clumps_done
 Done
 TIME :    2.42531342175789       sec
          50 %           3   61.5449563898146     
 	 100 %           2   121.541992776562     
 Time :   121.727427970385     
 WOCIVL455M0010NH220/N_atom300E+10_Vexp900E+02_Vemit200E+03_tauD000E+00_Vran500E
 +01                  
 Start
           0
 set_grid_done
 set_clumps_done
 Done
 TIME :    2.48516513477080       sec
          50 %           2   62.7234408902004     
 	 100 %           2   120.780001695966     
 Time :   120.962284054607     
 WOCIVL455M0010NH220/N_atom300E+10_Vexp100E+03_Vemit200E+03_tauD000E+00_Vran500E
 +01                  
 Start
           0
 set_grid_done
 set_clumps_done
 Done
 TIME :    2.48547349800356       sec
          50 %           4   60.3142283319030     
 	 100 %           4   118.424651097506     
 Time :   118.613834172720     
 WOCIVL455M0010NH220/N_atom300E+10_Vexp200E+03_Vemit200E+03_tauD000E+00_Vran500E
 +01                  
 Start
           0
 set_grid_done
 set_clumps_done
 Done
 TIME :    2.48272956651635       sec
          50 %           1   64.2238786742091     
 	 100 %           1   126.119652210269     
 Time :   126.308547370601     
 WOCIVL455M0010NH220/N_atom300E+10_Vexp300E+03_Vemit200E+03_tauD000E+00_Vran500E
 +01                  
 Start
           0
 set_grid_done
 set_clumps_done
 Done
 TIME :    2.47433209815063       sec
          50 %           2   62.3594958754256     
 	 100 %           4   122.273257371038     
 Time :   122.453765562968     
 WOCIVL455M0010NH220/N_atom300E+10_Vexp500E+01_Vemit200E+03_tauD000E+00_Vran500E
 +01                  
 Start
           0
 set_grid_done
 set_clumps_done
 Done
 TIME :    2.48375615873374       sec
          50 %           1   61.0522269676439     
 	 100 %           3   121.072160937823     
 Time :   121.253427955322     
 WOCIVL455M0010NH220/N_atom300E+10_Vexp100E+02_Vemit300E+03_tauD000E+00_Vran118E
 +01                  
 Start
           0
 set_grid_done
 set_clumps_done
 Done
 TIME :    2.41861737263389       sec
          50 %           1   53.7854525446892     
 	 100 %           3   105.668004682753     
 Time :   105.858635286801     
 WOCIVL455M0010NH220/N_atom300E+10_Vexp200E+02_Vemit300E+03_tauD000E+00_Vran118E
 +01                  
 Start
           0
 set_grid_done
 set_clumps_done
 Done
 TIME :    2.43238375918008       sec
          50 %           2   56.0628176797181     
 	 100 %           2   107.038964306703     
 Time :   107.220733654685     
 WOCIVL455M0010NH220/N_atom300E+10_Vexp300E+02_Vemit300E+03_tauD000E+00_Vran118E
 +01                  
 Start
           0
 set_grid_done
 set_clumps_done
 Done
 TIME :    2.47819482651539       sec
          50 %           1   54.5861386083998     
 	 100 %           4   105.401291075163     
 Time :   105.582560206763     
 WOCIVL455M0010NH220/N_atom300E+10_Vexp400E+02_Vemit300E+03_tauD000E+00_Vran118E
 +01                  
 Start
           0
 set_grid_done
 set_clumps_done
 Done
 TIME :    2.47238990315236       sec
          50 %           4   51.2877132187132     
 	 100 %           1   104.113983295159     
 Time :   104.299197771586     
 WOCIVL455M0010NH220/N_atom300E+10_Vexp500E+02_Vemit300E+03_tauD000E+00_Vran118E
 +01                  
 Start
           0
 set_grid_done
 set_clumps_done
 Done
 TIME :    2.48482232610695       sec
          50 %           4   56.8823999562301     
 	 100 %           3   111.828923012596     
 Time :   112.023951347452     
 WOCIVL455M0010NH220/N_atom300E+10_Vexp600E+02_Vemit300E+03_tauD000E+00_Vran118E
 +01                  
 Start
           0
 set_grid_done
 set_clumps_done
 Done
 TIME :    2.49829803290777       sec
          50 %           1   58.5462655050214     
 	 100 %           2   113.952536360594     
 Time :   114.138016659999     
 WOCIVL455M0010NH220/N_atom300E+10_Vexp700E+02_Vemit300E+03_tauD000E+00_Vran118E
 +01                  
 Start
           0
 set_grid_done
 set_clumps_done
 Done
 TIME :    2.47839056700468       sec
          50 %           4   54.3532286896370     
 	 100 %           3   109.832251746440     
 Time :   110.017869515810     
 WOCIVL455M0010NH220/N_atom300E+10_Vexp800E+02_Vemit300E+03_tauD000E+00_Vran118E
 +01                  
 Start
           0
 set_grid_done
 set_clumps_done
 Done
 TIME :    2.48021959746256       sec
          50 %           3   60.4053268958814     
 	 100 %           4   116.032861955930     
 Time :   116.223647643346     
 WOCIVL455M0010NH220/N_atom300E+10_Vexp900E+02_Vemit300E+03_tauD000E+00_Vran118E
 +01                  
 Start
           0
 set_grid_done
 set_clumps_done
 Done
 TIME :    2.46996103762649       sec
          50 %           2   58.4604232867714     
 	 100 %           1   109.398504812270     
 Time :   109.570394998416     
 WOCIVL455M0010NH220/N_atom300E+10_Vexp100E+03_Vemit300E+03_tauD000E+00_Vran118E
 +01                  
 Start
           0
 set_grid_done
 set_clumps_done
 Done
 TIME :    1.45536160748452       sec
          50 %           3   57.9495293861255     
 	 100 %           4   114.091532048304     
 Time :   114.279608900659     
 WOCIVL455M0010NH220/N_atom300E+10_Vexp200E+03_Vemit300E+03_tauD000E+00_Vran118E
 +01                  
 Start
           0
 set_grid_done
 set_clumps_done
 Done
 TIME :    2.47502293507569       sec
          50 %           2   60.1426484030671     
 	 100 %           4   118.608809506055     
 Time :   118.786941532046     
 WOCIVL455M0010NH220/N_atom300E+10_Vexp300E+03_Vemit300E+03_tauD000E+00_Vran118E
 +01                  
 Start
           0
 set_grid_done
 set_clumps_done
 Done
 TIME :    2.47590787941590       sec
          50 %           1   59.8522979733534     
 	 100 %           2   115.780362672638     
 Time :   115.954620809061     
 WOCIVL455M0010NH220/N_atom300E+10_Vexp500E+01_Vemit300E+03_tauD000E+00_Vran118E
 +01                  
 Start
           0
 set_grid_done
 set_clumps_done
 Done
 TIME :    2.47351372940466       sec
          50 %           3   54.2555928467773     
 	 100 %           1   105.710879964987     
 Time :   105.882104401477     
 WOCIVL455M0010NH220/N_atom300E+10_Vexp100E+02_Vemit300E+03_tauD000E+00_Vran300E
 +01                  
 Start
           0
 set_grid_done
 set_clumps_done
 Done
 TIME :    2.47255628788844       sec
          50 %           3   56.4973128393758     
 	 100 %           1   109.729905040469     
 Time :   109.909437425900     
 WOCIVL455M0010NH220/N_atom300E+10_Vexp200E+02_Vemit300E+03_tauD000E+00_Vran300E
 +01                  
 Start
           0
 set_grid_done
 set_clumps_done
 Done
 TIME :    2.47300581843592       sec
          50 %           4   57.7535609828774     
 	 100 %           3   107.471586332191     
 Time :   107.653307529166     
 WOCIVL455M0010NH220/N_atom300E+10_Vexp300E+02_Vemit300E+03_tauD000E+00_Vran300E
 +01                  
 Start
           0
 set_grid_done
 set_clumps_done
 Done
 TIME :    2.47969455388375       sec
          50 %           1   48.8345505043399     
 	 100 %           3   98.6078159213066     
 Time :   98.7888047825545     
 WOCIVL455M0010NH220/N_atom300E+10_Vexp400E+02_Vemit300E+03_tauD000E+00_Vran300E
 +01                  
 Start
           0
 set_grid_done
 set_clumps_done
 Done
 TIME :    2.41953010926954       sec
          50 %           3   52.5096971823368     
 	 100 %           2   103.712592961499     
 Time :   103.896234531887     
 WOCIVL455M0010NH220/N_atom300E+10_Vexp500E+02_Vemit300E+03_tauD000E+00_Vran300E
 +01                  
 Start
           0
 set_grid_done
 set_clumps_done
 Done
 TIME :    2.41875988198444       sec
          50 %           3   57.2257261590566     
 	 100 %           4   109.923148147529     
 Time :   110.104212702019     
 WOCIVL455M0010NH220/N_atom300E+10_Vexp600E+02_Vemit300E+03_tauD000E+00_Vran300E
 +01                  
 Start
           0
 set_grid_done
 set_clumps_done
 Done
 TIME :    2.48942583613098       sec
          50 %           2   58.2151153499726     
 	 100 %           4   114.171081580687     
 Time :   114.356185417622     
 WOCIVL455M0010NH220/N_atom300E+10_Vexp700E+02_Vemit300E+03_tauD000E+00_Vran300E
 +01                  
 Start
           0
 set_grid_done
 set_clumps_done
 Done
 TIME :    2.43518987856805       sec
          50 %           2   57.5194062285591     
 	 100 %           3   111.294968690490     
 Time :   111.484128161101     
 WOCIVL455M0010NH220/N_atom300E+10_Vexp800E+02_Vemit300E+03_tauD000E+00_Vran300E
 +01                  
 Start
           0
 set_grid_done
 set_clumps_done
 Done
 TIME :    2.48949928511865       sec
          50 %           4   59.9900174564682     
 	 100 %           3   117.070972841000     
 Time :   117.262595381821     
 WOCIVL455M0010NH220/N_atom300E+10_Vexp900E+02_Vemit300E+03_tauD000E+00_Vran300E
 +01                  
 Start
           0
 set_grid_done
 set_clumps_done
 Done
 TIME :    2.47857798123732       sec
          50 %           1   57.2594920659903     
 	 100 %           1   115.283893714892     
 Time :   115.476719712606     
 WOCIVL455M0010NH220/N_atom300E+10_Vexp100E+03_Vemit300E+03_tauD000E+00_Vran300E
 +01                  
 Start
           0
 set_grid_done
 set_clumps_done
 Done
 TIME :    2.48451526509598       sec
          50 %           4   57.7002493340988     
 	 100 %           1   112.678626399953     
 Time :   112.865400898037     
 WOCIVL455M0010NH220/N_atom300E+10_Vexp200E+03_Vemit300E+03_tauD000E+00_Vran300E
 +01                  
 Start
           0
 set_grid_done
 set_clumps_done
 Done
 TIME :    2.48514996585436       sec
          50 %           4   59.7605421959888     
 	 100 %           1   113.106480314163     
 Time :   113.295632951660     
 WOCIVL455M0010NH220/N_atom300E+10_Vexp300E+03_Vemit300E+03_tauD000E+00_Vran300E
 +01                  
 Start
           0
 set_grid_done
 set_clumps_done
 Done
 TIME :    2.49761784588918       sec
          50 %           2   62.2949327281676     
 	 100 %           3   122.982096845983     
 Time :   123.168347843457     
 WOCIVL455M0010NH220/N_atom300E+10_Vexp500E+01_Vemit300E+03_tauD000E+00_Vran300E
 +01                  
 Start
           0
 set_grid_done
 set_clumps_done
 Done
 TIME :    2.47528203530237       sec
          50 %           2   56.6398938407656     
 	 100 %           4   111.568163550925     
 Time :   111.755391156301     
 WOCIVL455M0010NH220/N_atom300E+10_Vexp100E+02_Vemit300E+03_tauD000E+00_Vran500E
 +01                  
 Start
           0
 set_grid_done
 set_clumps_done
 Done
 TIME :    2.48141052061692       sec
          50 %           3   58.8306981278583     
 	 100 %           2   114.877889591968     
 Time :   115.061723285820     
 WOCIVL455M0010NH220/N_atom300E+10_Vexp200E+02_Vemit300E+03_tauD000E+00_Vran500E
 +01                  
 Start
           0
 set_grid_done
 set_clumps_done
 Done
 TIME :    2.46424407069571       sec
          50 %           2   56.4690422497224     
 	 100 %           1   109.315366700292     
 Time :   109.496905572247     
 WOCIVL455M0010NH220/N_atom300E+10_Vexp300E+02_Vemit300E+03_tauD000E+00_Vran500E
 +01                  
 Start
           0
 set_grid_done
 set_clumps_done
 Done
 TIME :    2.47188881505281       sec
          50 %           1   56.7893796064891     
 	 100 %           1   107.502262282884     
 Time :   107.669836112298     
 WOCIVL455M0010NH220/N_atom300E+10_Vexp400E+02_Vemit300E+03_tauD000E+00_Vran500E
 +01                  
 Start
           0
 set_grid_done
 set_clumps_done
 Done
 TIME :    1.66086843819357       sec
          50 %           2   55.1100325356238     
 	 100 %           1   105.142689415952     
 Time :   105.328323536320     
 WOCIVL455M0010NH220/N_atom300E+10_Vexp500E+02_Vemit300E+03_tauD000E+00_Vran500E
 +01                  
 Start
           0
 set_grid_done
 set_clumps_done
 Done
 TIME :    2.47605065954849       sec
          50 %           1   54.9521803902462     
 	 100 %           2   108.228424373083     
 Time :   108.421782778343     
 WOCIVL455M0010NH220/N_atom300E+10_Vexp600E+02_Vemit300E+03_tauD000E+00_Vran500E
 +01                  
 Start
           0
 set_grid_done
 set_clumps_done
 Done
 TIME :    2.46510501974262       sec
          50 %           1   54.3145460998639     
 	 100 %           2   107.142233407591     
 Time :   107.337282291381     
 WOCIVL455M0010NH220/N_atom300E+10_Vexp700E+02_Vemit300E+03_tauD000E+00_Vran500E
 +01                  
 Start
           0
 set_grid_done
 set_clumps_done
 Done
 TIME :    2.43266186560504       sec
          50 %           2   56.6526891202666     
 	 100 %           2   110.881984330481     
 Time :   111.069245208753     
 WOCIVL455M0010NH220/N_atom300E+10_Vexp800E+02_Vemit300E+03_tauD000E+00_Vran500E
 +01                  
 Start
           0
 set_grid_done
 set_clumps_done
 Done
 TIME :    2.46915225731209       sec
          50 %           3   54.4940536683425     
 	 100 %           3   108.295804480091     
 Time :   108.483570854878     
 WOCIVL455M0010NH220/N_atom300E+10_Vexp900E+02_Vemit300E+03_tauD000E+00_Vran500E
 +01                  
 Start
           0
 set_grid_done
 set_clumps_done
 Done
 TIME :    2.27685328689404       sec
          50 %           1   59.7411125942599     
 	 100 %           3   110.265637356788     
 Time :   110.458050683839     
 WOCIVL455M0010NH220/N_atom300E+10_Vexp100E+03_Vemit300E+03_tauD000E+00_Vran500E
 +01                  
 Start
           0
 set_grid_done
 set_clumps_done
 Done
 TIME :    2.46646250830963       sec
          50 %           3   52.9297099907417     
 	 100 %           1   107.683975294465     
 Time :   107.873555080267     
 WOCIVL455M0010NH220/N_atom300E+10_Vexp200E+03_Vemit300E+03_tauD000E+00_Vran500E
 +01                  
 Start
           0
 set_grid_done
 set_clumps_done
 Done
 TIME :    2.48609326058067       sec
          50 %           1   60.5398557719309     
 	 100 %           4   114.285284919897     
 Time :   114.467974338681     
 WOCIVL455M0010NH220/N_atom300E+10_Vexp300E+03_Vemit300E+03_tauD000E+00_Vran500E
 +01                  
 Start
           0
 set_grid_done
 set_clumps_done
 Done
 TIME :    2.46735185082071       sec
          50 %           2   59.8448754493147     
 	 100 %           4   113.237915386679     
 Time :   113.429442547029     
 WOCIVL455M0010NH220/N_atom300E+10_Vexp500E+01_Vemit300E+03_tauD000E+00_Vran500E
 +01                  
 Start
           0
 set_grid_done
 set_clumps_done
 Done
 TIME :    2.46502195252106       sec
          50 %           3   59.4234701064415     
 	 100 %           3   110.465652326588     
 Time :   110.642965312814     
