nohup: ignoring input
 WOCIVL455M0100NH220/N_atom300E+10_Vexp100E+02_Vemit100E+03_tauD000E+00_Vran118E
 +01                  
 Start
           0
 set_grid_done
 set_clumps_done
 Done
 TIME :    2.44555443827994       sec
          50 %           1   154.407895336160     
 	 100 %           1   335.926930715796     
 Time :   336.088006959297     
 WOCIVL455M0100NH220/N_atom300E+10_Vexp200E+02_Vemit100E+03_tauD000E+00_Vran118E
 +01                  
 Start
           0
 set_grid_done
 set_clumps_done
 Done
 TIME :    2.48863990278915       sec
          50 %           1   192.578354493715     
 	 100 %           1   346.753761569038     
 Time :   346.913813374937     
 WOCIVL455M0100NH220/N_atom300E+10_Vexp300E+02_Vemit100E+03_tauD000E+00_Vran118E
 +01                  
 Start
           0
 set_grid_done
 set_clumps_done
 Done
 TIME :    2.42912150872871       sec
          50 %           1   190.621467596851     
 	 100 %           1   364.491775877075     
 Time :   364.648166460451     
 WOCIVL455M0100NH220/N_atom300E+10_Vexp400E+02_Vemit100E+03_tauD000E+00_Vran118E
 +01                  
 Start
           0
 set_grid_done
 set_clumps_done
 Done
 TIME :    2.48819919768721       sec
          50 %           1   216.284466947429     
 	 100 %           1   413.094845811604     
 Time :   413.253191187279     
 WOCIVL455M0100NH220/N_atom300E+10_Vexp500E+02_Vemit100E+03_tauD000E+00_Vran118E
 +01                  
 Start
           0
 set_grid_done
 set_clumps_done
 Done
 TIME :    2.45179761969484       sec
          50 %           1   203.962299552746     
 	 100 %           1   438.457894756692     
 Time :   438.615868401248     
 WOCIVL455M0100NH220/N_atom300E+10_Vexp600E+02_Vemit100E+03_tauD000E+00_Vran118E
 +01                  
 Start
           0
 set_grid_done
 set_clumps_done
 Done
 TIME :    2.48904878599569       sec
          50 %           1   225.609106901800     
 	 100 %           1   417.281769608147     
 Time :   417.442610545317     
 WOCIVL455M0100NH220/N_atom300E+10_Vexp700E+02_Vemit100E+03_tauD000E+00_Vran118E
 +01                  
 Start
           0
 set_grid_done
 set_clumps_done
 Done
 TIME :    2.41984414076433       sec
          50 %           1   230.234688492259     
 	 100 %           1   461.812666749815     
 Time :   461.973042263882     
 WOCIVL455M0100NH220/N_atom300E+10_Vexp800E+02_Vemit100E+03_tauD000E+00_Vran118E
 +01                  
 Start
           0
 set_grid_done
 set_clumps_done
 Done
 TIME :    2.44939664192498       sec
          50 %           1   229.172506027855     
 	 100 %           1   437.247295327252     
 Time :   437.404227972263     
 WOCIVL455M0100NH220/N_atom300E+10_Vexp900E+02_Vemit100E+03_tauD000E+00_Vran118E
 +01                  
 Start
           0
 set_grid_done
 set_clumps_done
 Done
 TIME :    2.50055097998120       sec
          50 %           1   218.048799554119     
 	 100 %           1   436.201230560429     
 Time :   436.369657864794     
 WOCIVL455M0100NH220/N_atom300E+10_Vexp100E+03_Vemit100E+03_tauD000E+00_Vran118E
 +01                  
 Start
           0
 set_grid_done
 set_clumps_done
 Done
 TIME :    2.50886711291969       sec
          50 %           1   226.600747226505     
 	 100 %           1   404.250924407970     
 Time :   404.411594293080     
 WOCIVL455M0100NH220/N_atom300E+10_Vexp200E+03_Vemit100E+03_tauD000E+00_Vran118E
 +01                  
 Start
           0
 set_grid_done
 set_clumps_done
 Done
 TIME :    2.43859349424019       sec
          50 %           1   177.584279562114     
 	 100 %           1   375.575831028400     
 Time :   375.749482246814     
 WOCIVL455M0100NH220/N_atom300E+10_Vexp300E+03_Vemit100E+03_tauD000E+00_Vran118E
 +01                  
 Start
           0
 set_grid_done
 set_clumps_done
 Done
 TIME :    2.45212312112562       sec
          50 %           1   206.771517638350     
 	 100 %           1   411.194461929379     
 Time :   411.364888902986     
 WOCIVL455M0100NH220/N_atom300E+10_Vexp500E+01_Vemit100E+03_tauD000E+00_Vran118E
 +01                  
 Start
           0
 set_grid_done
 set_clumps_done
 Done
 TIME :    2.43528539640829       sec
          50 %           1   186.366920923814     
 	 100 %           1   389.934570947429     
 Time :   390.085959957913     
 WOCIVL455M0100NH220/N_atom300E+10_Vexp100E+02_Vemit100E+03_tauD000E+00_Vran300E
 +01                  
 Start
           0
 set_grid_done
 set_clumps_done
 Done
 TIME :    2.25106030493043       sec
          50 %           1   221.972071884200     
 	 100 %           1   447.818653690629     
 Time :   447.981599150458     
 WOCIVL455M0100NH220/N_atom300E+10_Vexp200E+02_Vemit100E+03_tauD000E+00_Vran300E
 +01                  
 Start
           0
 set_grid_done
 set_clumps_done
 Done
 TIME :    2.48920008935966       sec
          50 %           1   200.722116827732     
 	 100 %           1   400.258572305087     
 Time :   400.421603641473     
 WOCIVL455M0100NH220/N_atom300E+10_Vexp300E+02_Vemit100E+03_tauD000E+00_Vran300E
 +01                  
 Start
           0
 set_grid_done
 set_clumps_done
 Done
 TIME :    2.48160284082405       sec
          50 %           1   201.888763650320     
 	 100 %           1   405.979633766459     
 Time :   406.132252452429     
 WOCIVL455M0100NH220/N_atom300E+10_Vexp400E+02_Vemit100E+03_tauD000E+00_Vran300E
 +01                  
 Start
           0
 set_grid_done
 set_clumps_done
 Done
 TIME :    2.26464835531078       sec
          50 %           1   209.966131461086     
 	 100 %           1   413.147739093052     
 Time :   413.295752985869     
 WOCIVL455M0100NH220/N_atom300E+10_Vexp500E+02_Vemit100E+03_tauD000E+00_Vran300E
 +01                  
 Start
           0
 set_grid_done
 set_clumps_done
 Done
 TIME :    2.26080935774371       sec
          50 %           1   247.052808491047     
 	 100 %           1   499.993012356805     
 Time :   500.163562389091     
 WOCIVL455M0100NH220/N_atom300E+10_Vexp600E+02_Vemit100E+03_tauD000E+00_Vran300E
 +01                  
 Start
           0
 set_grid_done
 set_clumps_done
 Done
 TIME :    2.43709420552477       sec
          50 %           1   255.281201135833     
 	 100 %           1   463.265841458691     
 Time :   463.424519820372     
 WOCIVL455M0100NH220/N_atom300E+10_Vexp700E+02_Vemit100E+03_tauD000E+00_Vran300E
 +01                  
 Start
           0
 set_grid_done
 set_clumps_done
 Done
 TIME :    2.27944833692163       sec
          50 %           1   215.212779303081     
 	 100 %           1   455.356573186582     
 Time :   455.514527213061     
 WOCIVL455M0100NH220/N_atom300E+10_Vexp800E+02_Vemit100E+03_tauD000E+00_Vran300E
 +01                  
 Start
           0
 set_grid_done
 set_clumps_done
 Done
 TIME :    2.25616787350737       sec
          50 %           1   222.831881230697     
 	 100 %           1   446.696661837399     
 Time :   446.868997714249     
 WOCIVL455M0100NH220/N_atom300E+10_Vexp900E+02_Vemit100E+03_tauD000E+00_Vran300E
 +01                  
 Start
           0
 set_grid_done
 set_clumps_done
 Done
 TIME :    2.43836320727132       sec
          50 %           1   236.089387266431     
 	 100 %           1   478.921259277267     
 Time :   479.081644460093     
 WOCIVL455M0100NH220/N_atom300E+10_Vexp100E+03_Vemit100E+03_tauD000E+00_Vran300E
 +01                  
 Start
           0
 set_grid_done
 set_clumps_done
 Done
 TIME :    2.31723616411909       sec
          50 %           1   261.517500804970     
 	 100 %           1   506.034900432918     
 Time :   506.192672195844     
 WOCIVL455M0100NH220/N_atom300E+10_Vexp200E+03_Vemit100E+03_tauD000E+00_Vran300E
 +01                  
 Start
           0
 set_grid_done
 set_clumps_done
 Done
 TIME :    2.33181549771689       sec
          50 %           1   208.675463039894     
 	 100 %           1   400.199528351426     
 Time :   400.370960234664     
 WOCIVL455M0100NH220/N_atom300E+10_Vexp300E+03_Vemit100E+03_tauD000E+00_Vran300E
 +01                  
 Start
           0
 set_grid_done
 set_clumps_done
 Done
 TIME :    2.41348408255726       sec
          50 %           1   184.040149381384     
 	 100 %           1   388.397087882739     
 Time :   388.574136061361     
 WOCIVL455M0100NH220/N_atom300E+10_Vexp500E+01_Vemit100E+03_tauD000E+00_Vran300E
 +01                  
 Start
           0
 set_grid_done
 set_clumps_done
 Done
 TIME :    2.44313494418748       sec
          50 %           1   196.857671801001     
 	 100 %           1   375.525309668155     
 Time :   375.702303561382     
 WOCIVL455M0100NH220/N_atom300E+10_Vexp100E+02_Vemit100E+03_tauD000E+00_Vran500E
 +01                  
 Start
           0
 set_grid_done
 set_clumps_done
 Done
 TIME :    2.42577481619082       sec
          50 %           1   193.413151757093     
 	 100 %           1   420.686745647807     
 Time :   420.847866608063     
 WOCIVL455M0100NH220/N_atom300E+10_Vexp200E+02_Vemit100E+03_tauD000E+00_Vran500E
 +01                  
 Start
           0
 set_grid_done
 set_clumps_done
 Done
 TIME :    2.23948603100143       sec
          50 %           1   200.918708319776     
 	 100 %           1   370.574169282569     
 Time :   370.759969118983     
 WOCIVL455M0100NH220/N_atom300E+10_Vexp300E+02_Vemit100E+03_tauD000E+00_Vran500E
 +01                  
 Start
           0
 set_grid_done
 set_clumps_done
 Done
 TIME :    2.35032073757611       sec
          50 %           1   180.394719688455     
 	 100 %           1   353.262638210086     
 Time :   353.394515448250     
 WOCIVL455M0100NH220/N_atom300E+10_Vexp400E+02_Vemit100E+03_tauD000E+00_Vran500E
 +01                  
 Start
           0
 set_grid_done
 set_clumps_done
 Done
 TIME :    2.24579358752817       sec
          50 %           1   188.204779859399     
 	 100 %           1   391.061969699804     
 Time :   391.230711454293     
 WOCIVL455M0100NH220/N_atom300E+10_Vexp500E+02_Vemit100E+03_tauD000E+00_Vran500E
 +01                  
 Start
           0
 set_grid_done
 set_clumps_done
 Done
 TIME :    2.44367097411305       sec
          50 %           1   201.217440141365     
 	 100 %           1   378.328040719032     
 Time :   378.492435520515     
 WOCIVL455M0100NH220/N_atom300E+10_Vexp600E+02_Vemit100E+03_tauD000E+00_Vran500E
 +01                  
 Start
           0
 set_grid_done
 set_clumps_done
 Done
 TIME :    2.48646401171573       sec
          50 %           1   179.932136810385     
 	 100 %           1   379.591554921819     
 Time :   379.749231951078     
 WOCIVL455M0100NH220/N_atom300E+10_Vexp700E+02_Vemit100E+03_tauD000E+00_Vran500E
 +01                  
 Start
           0
 set_grid_done
 set_clumps_done
 Done
 TIME :    1.43436066014692       sec
          50 %           1   230.347444335464     
 	 100 %           1   481.509429105325     
 Time :   481.682241206057     
 WOCIVL455M0100NH220/N_atom300E+10_Vexp800E+02_Vemit100E+03_tauD000E+00_Vran500E
 +01                  
 Start
           0
 set_grid_done
 set_clumps_done
 Done
 TIME :    2.29594588163309       sec
          50 %           1   250.341587541625     
 	 100 %           1   469.178109445376     
 Time :   469.305756497197     
 WOCIVL455M0100NH220/N_atom300E+10_Vexp900E+02_Vemit100E+03_tauD000E+00_Vran500E
 +01                  
 Start
           0
 set_grid_done
 set_clumps_done
 Done
 TIME :    2.38491361658089       sec
          50 %           1   172.691105659585     
 	 100 %           1   340.349779430311     
 Time :   340.476270769956     
 WOCIVL455M0100NH220/N_atom300E+10_Vexp100E+03_Vemit100E+03_tauD000E+00_Vran500E
 +01                  
 Start
           0
 set_grid_done
 set_clumps_done
 Done
 TIME :    2.23381751426496       sec
          50 %           1   170.230278442614     
 	 100 %           1   337.859557778807     
 Time :   338.013865261106     
 WOCIVL455M0100NH220/N_atom300E+10_Vexp200E+03_Vemit100E+03_tauD000E+00_Vran500E
 +01                  
 Start
           0
 set_grid_done
 set_clumps_done
 Done
 TIME :    2.45631551439874       sec
          50 %           1   157.794831889682     
 	 100 %           1   342.948962994618     
 Time :   343.121728665195     
 WOCIVL455M0100NH220/N_atom300E+10_Vexp300E+03_Vemit100E+03_tauD000E+00_Vran500E
 +01                  
 Start
           0
 set_grid_done
 set_clumps_done
 Done
 TIME :    2.45860464498401       sec
          50 %           1   147.617889582179     
 	 100 %           1   335.254613057943     
 Time :   335.425911652623     
 WOCIVL455M0100NH220/N_atom300E+10_Vexp500E+01_Vemit100E+03_tauD000E+00_Vran500E
 +01                  
 Start
           0
 set_grid_done
 set_clumps_done
 Done
 TIME :    2.45813308027573       sec
          50 %           1   281.259657764807     
 	 100 %           1   516.284485955955     
 Time :   516.453484458383     
 WOCIVL455M0100NH220/N_atom300E+10_Vexp100E+02_Vemit200E+03_tauD000E+00_Vran118E
 +01                  
 Start
           0
 set_grid_done
 set_clumps_done
 Done
 TIME :    2.23088615760207       sec
          50 %           1   144.609960382571     
 	 100 %           1   332.584811576875     
 Time :   332.723194095073     
 WOCIVL455M0100NH220/N_atom300E+10_Vexp200E+02_Vemit200E+03_tauD000E+00_Vran118E
 +01                  
 Start
           0
 set_grid_done
 set_clumps_done
 Done
 TIME :    1.90181405679323       sec
          50 %           1   178.011122355238     
 	 100 %           1   361.816744910786     
 Time :   361.949921078980     
 WOCIVL455M0100NH220/N_atom300E+10_Vexp300E+02_Vemit200E+03_tauD000E+00_Vran118E
 +01                  
 Start
           0
 set_grid_done
 set_clumps_done
 Done
 TIME :    1.44532001111656       sec
          50 %           1   188.391827346524     
 	 100 %           1   353.970210691215     
 Time :   354.139904031530     
 WOCIVL455M0100NH220/N_atom300E+10_Vexp400E+02_Vemit200E+03_tauD000E+00_Vran118E
 +01                  
 Start
           0
 set_grid_done
 set_clumps_done
 Done
 TIME :    1.68465420254506       sec
          50 %           1   165.578431347618     
 	 100 %           1   315.152127861511     
 Time :   315.323642294621     
 WOCIVL455M0100NH220/N_atom300E+10_Vexp500E+02_Vemit200E+03_tauD000E+00_Vran118E
 +01                  
 Start
           0
 set_grid_done
 set_clumps_done
 Done
 TIME :    1.44011595519260       sec
          50 %           1   217.708295034710     
 	 100 %           1   424.442786162719     
 Time :   424.616716492921     
 WOCIVL455M0100NH220/N_atom300E+10_Vexp600E+02_Vemit200E+03_tauD000E+00_Vran118E
 +01                  
 Start
           0
 set_grid_done
 set_clumps_done
 Done
 TIME :    1.72809165017679       sec
          50 %           1   191.604733515764     
 	 100 %           1   401.582748871297     
 Time :   401.770087633282     
 WOCIVL455M0100NH220/N_atom300E+10_Vexp700E+02_Vemit200E+03_tauD000E+00_Vran118E
 +01                  
 Start
           0
 set_grid_done
 set_clumps_done
 Done
 TIME :    2.46647581504658       sec
          50 %           1   225.852689044317     
 	 100 %           1   434.385834241519     
 Time :   434.515230166260     
 WOCIVL455M0100NH220/N_atom300E+10_Vexp800E+02_Vemit200E+03_tauD000E+00_Vran118E
 +01                  
 Start
           0
 set_grid_done
 set_clumps_done
 Done
 TIME :    1.87329616281204       sec
          50 %           1   153.450993583072     
 	 100 %           1   304.401518816594     
 Time :   304.590021907352     
 WOCIVL455M0100NH220/N_atom300E+10_Vexp900E+02_Vemit200E+03_tauD000E+00_Vran118E
 +01                  
 Start
           0
 set_grid_done
 set_clumps_done
 Done
 TIME :    2.40228603873402       sec
          50 %           1   154.850652853493     
 	 100 %           1   306.550488177920     
 Time :   306.728843271965     
 WOCIVL455M0100NH220/N_atom300E+10_Vexp100E+03_Vemit200E+03_tauD000E+00_Vran118E
 +01                  
 Start
           0
 set_grid_done
 set_clumps_done
 Done
 TIME :    2.21585350460373       sec
          50 %           1   153.341089862864     
 	 100 %           1   342.784775305074     
 Time :   342.957663783804     
 WOCIVL455M0100NH220/N_atom300E+10_Vexp200E+03_Vemit200E+03_tauD000E+00_Vran118E
 +01                  
 Start
           0
 set_grid_done
 set_clumps_done
 Done
 TIME :    2.46033317851834       sec
          50 %           1   151.512549875770     
 	 100 %           1   301.231709594140     
 Time :   301.363432603190     
 WOCIVL455M0100NH220/N_atom300E+10_Vexp300E+03_Vemit200E+03_tauD000E+00_Vran118E
 +01                  
 Start
           0
 set_grid_done
 set_clumps_done
 Done
 TIME :    1.42638644017279       sec
          50 %           1   150.098215846810     
 	 100 %           1   301.606401005061     
 Time :   301.783177216072     
 WOCIVL455M0100NH220/N_atom300E+10_Vexp500E+01_Vemit200E+03_tauD000E+00_Vran118E
 +01                  
 Start
           0
 set_grid_done
 set_clumps_done
 Done
 TIME :    2.45545452414081       sec
          50 %           1   138.436686181230     
 	 100 %           1   273.306381147588     
 Time :   273.478473121300     
 WOCIVL455M0100NH220/N_atom300E+10_Vexp100E+02_Vemit200E+03_tauD000E+00_Vran300E
 +01                  
 Start
           0
 set_grid_done
 set_clumps_done
 Done
 TIME :    2.38663119869307       sec
          50 %           1   142.795415185159     
 	 100 %           1   283.261870211689     
 Time :   283.390502695227     
 WOCIVL455M0100NH220/N_atom300E+10_Vexp200E+02_Vemit200E+03_tauD000E+00_Vran300E
 +01                  
 Start
           0
 set_grid_done
 set_clumps_done
 Done
 TIME :    2.44713420281187       sec
          50 %           1   141.984990793979     
 	 100 %           1   281.115145855583     
 Time :   281.243444190826     
 WOCIVL455M0100NH220/N_atom300E+10_Vexp300E+02_Vemit200E+03_tauD000E+00_Vran300E
 +01                  
 Start
           0
 set_grid_done
 set_clumps_done
 Done
 TIME :    2.43851535255089       sec
          50 %           1   143.665681467624     
 	 100 %           1   283.620797049720     
 Time :   283.793962205527     
 WOCIVL455M0100NH220/N_atom300E+10_Vexp400E+02_Vemit200E+03_tauD000E+00_Vran300E
 +01                  
 Start
           0
 set_grid_done
 set_clumps_done
 Done
 TIME :    2.07280546543188       sec
          50 %           1   144.150962930406     
 	 100 %           1   286.920767030679     
 Time :   287.100606624503     
 WOCIVL455M0100NH220/N_atom300E+10_Vexp500E+02_Vemit200E+03_tauD000E+00_Vran300E
 +01                  
 Start
           0
 set_grid_done
 set_clumps_done
 Done
 TIME :    2.29046668205410       sec
          50 %           1   149.833686146419     
 	 100 %           1   299.072078409139     
 Time :   299.253087341553     
 WOCIVL455M0100NH220/N_atom300E+10_Vexp600E+02_Vemit200E+03_tauD000E+00_Vran300E
 +01                  
 Start
           0
 set_grid_done
 set_clumps_done
 Done
 TIME :    2.30137260933407       sec
          50 %           1   151.641159013845     
 	 100 %           1   300.177432465600     
 Time :   300.351581269410     
 WOCIVL455M0100NH220/N_atom300E+10_Vexp700E+02_Vemit200E+03_tauD000E+00_Vran300E
 +01                  
 Start
           0
 set_grid_done
 set_clumps_done
 Done
 TIME :    2.28760913875885       sec
          50 %           1   149.012311272090     
 	 100 %           1   294.874258384341     
 Time :   295.004380988656     
 WOCIVL455M0100NH220/N_atom300E+10_Vexp800E+02_Vemit200E+03_tauD000E+00_Vran300E
 +01                  
 Start
           0
 set_grid_done
 set_clumps_done
 Done
 TIME :    2.43790808436461       sec
          50 %           1   148.802561783697     
 	 100 %           1   294.154806738021     
 Time :   294.281945533818     
 WOCIVL455M0100NH220/N_atom300E+10_Vexp900E+02_Vemit200E+03_tauD000E+00_Vran300E
 +01                  
 Start
           0
 set_grid_done
 set_clumps_done
 Done
 TIME :    1.80887225223705       sec
          50 %           1   148.944535498740     
 	 100 %           1   294.822439396754     
 Time :   294.950916919624     
 WOCIVL455M0100NH220/N_atom300E+10_Vexp100E+03_Vemit200E+03_tauD000E+00_Vran300E
 +01                  
 Start
           0
 set_grid_done
 set_clumps_done
 Done
 TIME :    1.45208246982656       sec
          50 %           1   147.349510213593     
 	 100 %           1   306.163394656964     
 Time :   306.298422196880     
 WOCIVL455M0100NH220/N_atom300E+10_Vexp200E+03_Vemit200E+03_tauD000E+00_Vran300E
 +01                  
 Start
           0
 set_grid_done
 set_clumps_done
 Done
 TIME :    1.45249314652756       sec
          50 %           1   150.636469373712     
 	 100 %           1   298.874869609484     
 Time :   299.007380136289     
 WOCIVL455M0100NH220/N_atom300E+10_Vexp300E+03_Vemit200E+03_tauD000E+00_Vran300E
 +01                  
 Start
           0
 set_grid_done
 set_clumps_done
 Done
 TIME :    2.33651234954596       sec
          50 %           1   148.107014240697     
 	 100 %           1   293.825640734984     
 Time :   293.958621173399     
 WOCIVL455M0100NH220/N_atom300E+10_Vexp500E+01_Vemit200E+03_tauD000E+00_Vran300E
 +01                  
 Start
           0
 set_grid_done
 set_clumps_done
 Done
 TIME :    1.43044775933959       sec
          50 %           1   138.428948440123     
 	 100 %           1   275.607024171622     
 Time :   275.741848206613     
 WOCIVL455M0100NH220/N_atom300E+10_Vexp100E+02_Vemit200E+03_tauD000E+00_Vran500E
 +01                  
 Start
           0
 set_grid_done
 set_clumps_done
 Done
 TIME :    1.44006889406592       sec
          50 %           1   142.188475869596     
 	 100 %           1   285.108848057687     
 Time :   285.241215466987     
 WOCIVL455M0100NH220/N_atom300E+10_Vexp200E+02_Vemit200E+03_tauD000E+00_Vran500E
 +01                  
 Start
           0
 set_grid_done
 set_clumps_done
 Done
 TIME :    1.44520908570848       sec
          50 %           1   140.949138078373     
 	 100 %           1   279.628220671788     
 Time :   279.769541369984     
 WOCIVL455M0100NH220/N_atom300E+10_Vexp300E+02_Vemit200E+03_tauD000E+00_Vran500E
 +01                  
 Start
           0
 set_grid_done
 set_clumps_done
 Done
 TIME :    1.44604974659160       sec
          50 %           1   141.952504441375     
 	 100 %           1   284.187308917055     
 Time :   284.318061734084     
 WOCIVL455M0100NH220/N_atom300E+10_Vexp400E+02_Vemit200E+03_tauD000E+00_Vran500E
 +01                  
 Start
           0
 set_grid_done
 set_clumps_done
 Done
 TIME :    1.44126692810096       sec
          50 %           1   146.046141995350     
 	 100 %           1   288.374071931932     
 Time :   288.500130652450     
 WOCIVL455M0100NH220/N_atom300E+10_Vexp500E+02_Vemit200E+03_tauD000E+00_Vran500E
 +01                  
 Start
           0
 set_grid_done
 set_clumps_done
 Done
 TIME :    2.21661073365249       sec
          50 %           1   149.060083508724     
 	 100 %           1   295.529547917889     
 Time :   295.697616095655     
 WOCIVL455M0100NH220/N_atom300E+10_Vexp600E+02_Vemit200E+03_tauD000E+00_Vran500E
 +01                  
 Start
           0
 set_grid_done
 set_clumps_done
 Done
 TIME :    2.44273666176014       sec
          50 %           1   150.131764129736     
 	 100 %           1   323.512659141561     
 Time :   323.637699837098     
 WOCIVL455M0100NH220/N_atom300E+10_Vexp700E+02_Vemit200E+03_tauD000E+00_Vran500E
 +01                  
 Start
           0
 set_grid_done
 set_clumps_done
 Done
 TIME :    1.51526318886317       sec
          50 %           1   146.747197313467     
 	 100 %           1   293.394106991356     
 Time :   293.552173055243     
 WOCIVL455M0100NH220/N_atom300E+10_Vexp800E+02_Vemit200E+03_tauD000E+00_Vran500E
 +01                  
 Start
           0
 set_grid_done
 set_clumps_done
 Done
 TIME :    2.19602192193270       sec
          50 %           1   149.343568311306     
 	 100 %           1   306.437775478233     
 Time :   306.567113159923     
 WOCIVL455M0100NH220/N_atom300E+10_Vexp900E+02_Vemit200E+03_tauD000E+00_Vran500E
 +01                  
 Start
           0
 set_grid_done
 set_clumps_done
 Done
 TIME :    1.44152599060908       sec
          50 %           1   147.684299846413     
 	 100 %           1   293.318730422994     
 Time :   293.445617450168     
 WOCIVL455M0100NH220/N_atom300E+10_Vexp100E+03_Vemit200E+03_tauD000E+00_Vran500E
 +01                  
 Start
           0
 set_grid_done
 set_clumps_done
 Done
 TIME :    1.42639308306389       sec
          50 %           1   148.285008935258     
 	 100 %           1   296.621835495578     
 Time :   296.752924394328     
 WOCIVL455M0100NH220/N_atom300E+10_Vexp200E+03_Vemit200E+03_tauD000E+00_Vran500E
 +01                  
 Start
           0
 set_grid_done
 set_clumps_done
 Done
 TIME :    1.42845826945268       sec
          50 %           1   148.627082789084     
 	 100 %           1   296.551140489290     
 Time :   296.685174100799     
 WOCIVL455M0100NH220/N_atom300E+10_Vexp300E+03_Vemit200E+03_tauD000E+00_Vran500E
 +01                  
 Start
           0
 set_grid_done
 set_clumps_done
 Done
 TIME :    1.43848392902873       sec
          50 %           1   149.171527406899     
 	 100 %           1   296.679871934699     
 Time :   296.810917138821     
 WOCIVL455M0100NH220/N_atom300E+10_Vexp500E+01_Vemit200E+03_tauD000E+00_Vran500E
 +01                  
 Start
           0
 set_grid_done
 set_clumps_done
 Done
 TIME :    1.43167425855063       sec
          50 %           1   153.648214005399     
 	 100 %           1   307.196517717326     
 Time :   307.359924011165     
 WOCIVL455M0100NH220/N_atom300E+10_Vexp100E+02_Vemit300E+03_tauD000E+00_Vran118E
 +01                  
 Start
           0
 set_grid_done
 set_clumps_done
 Done
 TIME :    2.21040058624931       sec
          50 %           1   130.907822553301     
 	 100 %           1   258.734012434492     
 Time :   258.863040605560     
 WOCIVL455M0100NH220/N_atom300E+10_Vexp200E+02_Vemit300E+03_tauD000E+00_Vran118E
 +01                  
 Start
           0
 set_grid_done
 set_clumps_done
 Done
 TIME :    1.43267429876141       sec
          50 %           1   129.630640956340     
 	 100 %           1   257.823584399186     
 Time :   257.981536341598     
 WOCIVL455M0100NH220/N_atom300E+10_Vexp300E+02_Vemit300E+03_tauD000E+00_Vran118E
 +01                  
 Start
           0
 set_grid_done
 set_clumps_done
 Done
 TIME :    2.20624771970324       sec
          50 %           1   132.209815604147     
 	 100 %           1   262.202058808878     
 Time :   262.381873334059     
 WOCIVL455M0100NH220/N_atom300E+10_Vexp400E+02_Vemit300E+03_tauD000E+00_Vran118E
 +01                  
 Start
           0
 set_grid_done
 set_clumps_done
 Done
 TIME :    2.19269371521659       sec
          50 %           1   134.709325203672     
 	 100 %           1   266.538659564452     
 Time :   266.667317998363     
 WOCIVL455M0100NH220/N_atom300E+10_Vexp500E+02_Vemit300E+03_tauD000E+00_Vran118E
 +01                  
 Start
           0
 set_grid_done
 set_clumps_done
 Done
 TIME :    1.42830964131281       sec
          50 %           1   184.440599573543     
 	 100 %           1   314.829254816752     
 Time :   314.956429431913     
 WOCIVL455M0100NH220/N_atom300E+10_Vexp600E+02_Vemit300E+03_tauD000E+00_Vran118E
 +01                  
 Start
           0
 set_grid_done
 set_clumps_done
 Done
 TIME :    2.15442531579174       sec
          50 %           1   141.375646863831     
 	 100 %           1   340.126045262208     
 Time :   340.291264052037     
 WOCIVL455M0100NH220/N_atom300E+10_Vexp700E+02_Vemit300E+03_tauD000E+00_Vran118E
 +01                  
 Start
           0
 set_grid_done
 set_clumps_done
 Done
 TIME :    2.44666119525209       sec
          50 %           1   209.212310098344     
 	 100 %           1   374.348433661275     
 Time :   374.526519011939     
 WOCIVL455M0100NH220/N_atom300E+10_Vexp800E+02_Vemit300E+03_tauD000E+00_Vran118E
 +01                  
 Start
           0
 set_grid_done
 set_clumps_done
 Done
 TIME :    2.38525616121478       sec
          50 %           1   207.207121628104     
 	 100 %           1   357.508778935764     
 Time :   357.664286215557     
 WOCIVL455M0100NH220/N_atom300E+10_Vexp900E+02_Vemit300E+03_tauD000E+00_Vran118E
 +01                  
 Start
           0
 set_grid_done
 set_clumps_done
 Done
 TIME :    2.45025926548988       sec
          50 %           1   141.073894272093     
 	 100 %           1   311.056469848147     
 Time :   311.187867024913     
 WOCIVL455M0100NH220/N_atom300E+10_Vexp100E+03_Vemit300E+03_tauD000E+00_Vran118E
 +01                  
 Start
           0
 set_grid_done
 set_clumps_done
 Done
 TIME :    1.42765727569349       sec
          50 %           1   141.407151421765     
 	 100 %           1   281.290486171143     
 Time :   281.420382466400     
 WOCIVL455M0100NH220/N_atom300E+10_Vexp200E+03_Vemit300E+03_tauD000E+00_Vran118E
 +01                  
 Start
           0
 set_grid_done
 set_clumps_done
 Done
 TIME :    1.42926589632407       sec
          50 %           1   146.903541616863     
 	 100 %           1   292.021969502559     
 Time :   292.152504446683     
 WOCIVL455M0100NH220/N_atom300E+10_Vexp300E+03_Vemit300E+03_tauD000E+00_Vran118E
 +01                  
 Start
           0
 set_grid_done
 set_clumps_done
 Done
 TIME :    1.42178513389081       sec
          50 %           1   189.908881970448     
 	 100 %           1   412.768615583889     
 Time :   412.937073337380     
 WOCIVL455M0100NH220/N_atom300E+10_Vexp500E+01_Vemit300E+03_tauD000E+00_Vran118E
 +01                  
 Start
           0
 set_grid_done
 set_clumps_done
 Done
 TIME :    1.43639793223701       sec
          50 %           1   184.447851642268     
 	 100 %           1   311.967371471925     
 Time :   312.097524164477     
 WOCIVL455M0100NH220/N_atom300E+10_Vexp100E+02_Vemit300E+03_tauD000E+00_Vran300E
 +01                  
 Start
           0
 set_grid_done
 set_clumps_done
 Done
 TIME :    1.41950762551278       sec
          50 %           1   134.518984287279     
 	 100 %           1   268.010341316462     
 Time :   268.138371090638     
 WOCIVL455M0100NH220/N_atom300E+10_Vexp200E+02_Vemit300E+03_tauD000E+00_Vran300E
 +01                  
 Start
           0
 set_grid_done
 set_clumps_done
 Done
 TIME :    2.06372995930724       sec
          50 %           1   136.132749848301     
 	 100 %           1   268.747384780552     
 Time :   268.885284121381     
 WOCIVL455M0100NH220/N_atom300E+10_Vexp300E+02_Vemit300E+03_tauD000E+00_Vran300E
 +01                  
 Start
           0
 set_grid_done
 set_clumps_done
 Done
 TIME :    1.45741864200681       sec
          50 %           1   191.789571796777     
 	 100 %           1   378.574127831263     
 Time :   378.753419241635     
 WOCIVL455M0100NH220/N_atom300E+10_Vexp400E+02_Vemit300E+03_tauD000E+00_Vran300E
 +01                  
 Start
           0
 set_grid_done
 set_clumps_done
 Done
 TIME :    2.37906350754201       sec
          50 %           1   198.237590024248     
 	 100 %           1   391.460089761764     
 Time :   391.643385240110     
 WOCIVL455M0100NH220/N_atom300E+10_Vexp500E+02_Vemit300E+03_tauD000E+00_Vran300E
 +01                  
 Start
           0
 set_grid_done
 set_clumps_done
 Done
 TIME :    2.36103255813941       sec
          50 %           1   191.650298300199     
 	 100 %           1   344.637000951683     
 Time :   344.821061213501     
 WOCIVL455M0100NH220/N_atom300E+10_Vexp600E+02_Vemit300E+03_tauD000E+00_Vran300E
 +01                  
 Start
           0
 set_grid_done
 set_clumps_done
 Done
 TIME :    2.37111610965803       sec
          50 %           1   138.113110002130     
 	 100 %           1   335.864483249374     
 Time :   336.051213851664     
 WOCIVL455M0100NH220/N_atom300E+10_Vexp700E+02_Vemit300E+03_tauD000E+00_Vran300E
 +01                  
 Start
           0
 set_grid_done
 set_clumps_done
 Done
 TIME :    2.37908066087402       sec
          50 %           1   213.670279606245     
 	 100 %           1   425.392364698928     
 Time :   425.572853061371     
 WOCIVL455M0100NH220/N_atom300E+10_Vexp800E+02_Vemit300E+03_tauD000E+00_Vran300E
 +01                  
 Start
           0
 set_grid_done
 set_clumps_done
 Done
 TIME :    1.91635240078904       sec
          50 %           1   147.800840412034     
 	 100 %           1   286.321884735487     
 Time :   286.451311720302     
 WOCIVL455M0100NH220/N_atom300E+10_Vexp900E+02_Vemit300E+03_tauD000E+00_Vran300E
 +01                  
 Start
           0
 set_grid_done
 set_clumps_done
 Done
 TIME :    1.42346947151236       sec
          50 %           1   139.233200687217     
 	 100 %           1   279.073154128157     
 Time :   279.239997800207     
 WOCIVL455M0100NH220/N_atom300E+10_Vexp100E+03_Vemit300E+03_tauD000E+00_Vran300E
 +01                  
 Start
           0
 set_grid_done
 set_clumps_done
 Done
 TIME :    2.45674704131670       sec
          50 %           1   143.792714738520     
 	 100 %           1   283.016995882150     
 Time :   283.147122874856     
 WOCIVL455M0100NH220/N_atom300E+10_Vexp200E+03_Vemit300E+03_tauD000E+00_Vran300E
 +01                  
 Start
           0
 set_grid_done
 set_clumps_done
 Done
 TIME :    1.42486753361300       sec
          50 %           1   141.956608272623     
 	 100 %           1   282.692045808071     
 Time :   282.821241203463     
 WOCIVL455M0100NH220/N_atom300E+10_Vexp300E+03_Vemit300E+03_tauD000E+00_Vran300E
 +01                  
 Start
           0
 set_grid_done
 set_clumps_done
 Done
 TIME :    1.43787289387546       sec
          50 %           1   145.762564052129     
 	 100 %           1   289.552379946923     
 Time :   289.682232547551     
 WOCIVL455M0100NH220/N_atom300E+10_Vexp500E+01_Vemit300E+03_tauD000E+00_Vran300E
 +01                  
 Start
           0
 set_grid_done
 set_clumps_done
 Done
 TIME :    1.41999849793501       sec
          50 %           1   134.324265247909     
 	 100 %           1   267.284654534189     
 Time :   267.411550088087     
 WOCIVL455M0100NH220/N_atom300E+10_Vexp100E+02_Vemit300E+03_tauD000E+00_Vran500E
 +01                  
 Start
           0
 set_grid_done
 set_clumps_done
 Done
 TIME :    1.41463593463413       sec
          50 %           1   140.114480856340     
 	 100 %           1   278.516833852045     
 Time :   278.649052933324     
 WOCIVL455M0100NH220/N_atom300E+10_Vexp200E+02_Vemit300E+03_tauD000E+00_Vran500E
 +01                  
 Start
           0
 set_grid_done
 set_clumps_done
 Done
 TIME :    1.41902365651913       sec
          50 %           1   135.458811265882     
 	 100 %           1   269.090864100726     
 Time :   269.220672044670     
 WOCIVL455M0100NH220/N_atom300E+10_Vexp300E+02_Vemit300E+03_tauD000E+00_Vran500E
 +01                  
 Start
           0
 set_grid_done
 set_clumps_done
 Done
 TIME :    1.41773825301789       sec
          50 %           1   135.076380470535     
 	 100 %           1   268.626340908464     
 Time :   268.756935077719     
 WOCIVL455M0100NH220/N_atom300E+10_Vexp400E+02_Vemit300E+03_tauD000E+00_Vran500E
 +01                  
 Start
           0
 set_grid_done
 set_clumps_done
 Done
 TIME :    1.42162876040675       sec
          50 %           1   138.773909985786     
 	 100 %           1   275.808864957187     
 Time :   275.983537386870     
 WOCIVL455M0100NH220/N_atom300E+10_Vexp500E+02_Vemit300E+03_tauD000E+00_Vran500E
 +01                  
 Start
           0
 set_grid_done
 set_clumps_done
 Done
 TIME :    2.41976506751962       sec
          50 %           1   138.575754660182     
 	 100 %           1   275.893707038369     
 Time :   276.024845212931     
 WOCIVL455M0100NH220/N_atom300E+10_Vexp600E+02_Vemit300E+03_tauD000E+00_Vran500E
 +01                  
 Start
           0
 set_grid_done
 set_clumps_done
 Done
 TIME :    1.42274942458607       sec
          50 %           1   140.143134403508     
 	 100 %           1   278.316097448813     
 Time :   278.444779107813     
 WOCIVL455M0100NH220/N_atom300E+10_Vexp700E+02_Vemit300E+03_tauD000E+00_Vran500E
 +01                  
 Start
           0
 set_grid_done
 set_clumps_done
 Done
 TIME :    1.41673514712602       sec
          50 %           1   141.330837985734     
 	 100 %           1   281.836064828560     
 Time :   282.021632204298     
 WOCIVL455M0100NH220/N_atom300E+10_Vexp800E+02_Vemit300E+03_tauD000E+00_Vran500E
 +01                  
 Start
           0
 set_grid_done
 set_clumps_done
 Done
 TIME :    2.42542222235352       sec
          50 %           1   145.492638533935     
 	 100 %           1   285.642923128791     
 Time :   285.781125908252     
 WOCIVL455M0100NH220/N_atom300E+10_Vexp900E+02_Vemit300E+03_tauD000E+00_Vran500E
 +01                  
 Start
           0
 set_grid_done
 set_clumps_done
 Done
 TIME :    1.44215715513565       sec
          50 %           1   139.921818957664     
 	 100 %           1   278.408085533418     
 Time :   278.547475896776     
 WOCIVL455M0100NH220/N_atom300E+10_Vexp100E+03_Vemit300E+03_tauD000E+00_Vran500E
 +01                  
 Start
           0
 set_grid_done
 set_clumps_done
 Done
 TIME :    1.44779971148819       sec
          50 %           1   142.192709172145     
 	 100 %           1   281.957116144709     
 Time :   282.091794978129     
 WOCIVL455M0100NH220/N_atom300E+10_Vexp200E+03_Vemit300E+03_tauD000E+00_Vran500E
 +01                  
 Start
           0
 set_grid_done
 set_clumps_done
 Done
 TIME :    1.44049214501865       sec
          50 %           1   143.662722457200     
 	 100 %           1   287.354261778295     
 Time :   287.533996909624     
 WOCIVL455M0100NH220/N_atom300E+10_Vexp300E+03_Vemit300E+03_tauD000E+00_Vran500E
 +01                  
 Start
           0
 set_grid_done
 set_clumps_done
 Done
 TIME :    2.39185795839876       sec
          50 %           1   145.226119534345     
 	 100 %           1   288.226441943785     
 Time :   288.364090478048     
 WOCIVL455M0100NH220/N_atom300E+10_Vexp500E+01_Vemit300E+03_tauD000E+00_Vran500E
 +01                  
 Start
           0
 set_grid_done
 set_clumps_done
 Done
 TIME :    1.44693109649234       sec
          50 %           1   142.944703780813     
 	 100 %           1   285.840068074409     
 Time :   285.974536810070     
