nohup: ignoring input
 WOCIVL455M1NH220/N_atom300E+10_Vexp100E+02_Vemit100E+03_tauD000E+00_Vran118E+01
                      
 Start
           0
 set_grid_done
 set_clumps_done
 Done
 TIME :    1.70800734637305       sec
          50 %           1   193.591956408694     
 	 100 %           1   394.492889416870     
 Time :   394.638652872760     
 WOCIVL455M1NH220/N_atom300E+10_Vexp200E+02_Vemit100E+03_tauD000E+00_Vran118E+01
                      
 Start
           0
 set_grid_done
 set_clumps_done
 Done
 TIME :    2.63696556584910       sec
          50 %           1   182.633913164493     
 	 100 %           1   348.472158629913     
 Time :   348.628007759806     
 WOCIVL455M1NH220/N_atom300E+10_Vexp300E+02_Vemit100E+03_tauD000E+00_Vran118E+01
                      
 Start
           0
 set_grid_done
 set_clumps_done
 Done
 TIME :    2.54889503773302       sec
          50 %           1   197.491492955480     
 	 100 %           1   402.070047004148     
 Time :   402.205397986341     
 WOCIVL455M1NH220/N_atom300E+10_Vexp400E+02_Vemit100E+03_tauD000E+00_Vran118E+01
                      
 Start
           0
 set_grid_done
 set_clumps_done
 Done
 TIME :    2.42206791928038       sec
          50 %           1   212.457864725497     
 	 100 %           1   400.688713267911     
 Time :   400.853123001754     
 WOCIVL455M1NH220/N_atom300E+10_Vexp500E+02_Vemit100E+03_tauD000E+00_Vran118E+01
                      
 Start
           0
 set_grid_done
 set_clumps_done
 Done
 TIME :    2.65392046794295       sec
          50 %           1   184.172635316849     
 	 100 %           1   398.209788856097     
 Time :   398.367493602447     
 WOCIVL455M1NH220/N_atom300E+10_Vexp600E+02_Vemit100E+03_tauD000E+00_Vran118E+01
                      
 Start
           0
 set_grid_done
 set_clumps_done
 Done
 TIME :    2.63581967446953       sec
          50 %           1   192.832661228720     
 	 100 %           1   404.980684443377     
 Time :   405.117780002300     
 WOCIVL455M1NH220/N_atom300E+10_Vexp700E+02_Vemit100E+03_tauD000E+00_Vran118E+01
                      
 Start
           0
 set_grid_done
 set_clumps_done
 Done
 TIME :    2.54063642630354       sec
          50 %           1   230.849498633761     
 	 100 %           1   454.400624854490     
 Time :   454.518002003897     
 WOCIVL455M1NH220/N_atom300E+10_Vexp800E+02_Vemit100E+03_tauD000E+00_Vran118E+01
                      
 Start
           0
 set_grid_done
 set_clumps_done
 Done
 TIME :    1.55485529778525       sec
          50 %           1   194.043232551310     
 	 100 %           1   421.891053249128     
 Time :   422.046474688221     
 WOCIVL455M1NH220/N_atom300E+10_Vexp900E+02_Vemit100E+03_tauD000E+00_Vran118E+01
                      
 Start
           0
 set_grid_done
 set_clumps_done
 Done
 TIME :    2.64950642315671       sec
          50 %           1   220.132792753633     
 	 100 %           1   422.983475149609     
 Time :   423.100049677771     
 WOCIVL455M1NH220/N_atom300E+10_Vexp100E+03_Vemit100E+03_tauD000E+00_Vran118E+01
                      
 Start
           0
 set_grid_done
 set_clumps_done
 Done
 TIME :    2.37553605390713       sec
          50 %           1   229.815776389558     
 	 100 %           1   431.286432797555     
 Time :   431.444421412423     
 WOCIVL455M1NH220/N_atom300E+10_Vexp200E+03_Vemit100E+03_tauD000E+00_Vran118E+01
                      
 Start
           0
 set_grid_done
 set_clumps_done
 Done
 TIME :    2.53511506225914       sec
          50 %           1   228.799439883325     
 	 100 %           1   422.501454530284     
 Time :   422.650885757525     
 WOCIVL455M1NH220/N_atom300E+10_Vexp300E+03_Vemit100E+03_tauD000E+00_Vran118E+01
                      
 Start
           0
 set_grid_done
 set_clumps_done
 Done
 TIME :    2.52700771717355       sec
          50 %           1   187.266475575976     
 	 100 %           1   372.658069801982     
 Time :   372.817623252049     
 WOCIVL455M1NH220/N_atom300E+10_Vexp500E+01_Vemit100E+03_tauD000E+00_Vran118E+01
                      
 Start
           0
 set_grid_done
 set_clumps_done
 Done
 TIME :    2.63725843094289       sec
          50 %           1   204.390286610927     
 	 100 %           1   377.872662978712     
 Time :   378.024541483726     
 WOCIVL455M1NH220/N_atom300E+10_Vexp100E+02_Vemit100E+03_tauD000E+00_Vran300E+01
                      
 Start
           0
 set_grid_done
 set_clumps_done
 Done
 TIME :    2.51594150532037       sec
          50 %           1   203.846722336486     
 	 100 %           1   426.346167227253     
 Time :   426.488041983452     
 WOCIVL455M1NH220/N_atom300E+10_Vexp200E+02_Vemit100E+03_tauD000E+00_Vran300E+01
                      
 Start
           0
 set_grid_done
 set_clumps_done
 Done
 TIME :    2.49182619247586       sec
          50 %           1   211.904924171511     
 	 100 %           1   438.275146665983     
 Time :   438.437831811141     
 WOCIVL455M1NH220/N_atom300E+10_Vexp300E+02_Vemit100E+03_tauD000E+00_Vran300E+01
                      
 Start
           0
 set_grid_done
 set_clumps_done
 Done
 TIME :    2.65007313713431       sec
          50 %           1   211.210856929421     
 	 100 %           1   396.307565217838     
 Time :   396.430370373651     
 WOCIVL455M1NH220/N_atom300E+10_Vexp400E+02_Vemit100E+03_tauD000E+00_Vran300E+01
                      
 Start
           0
 set_grid_done
 set_clumps_done
 Done
 TIME :    2.03331905603409       sec
          50 %           1   231.433295756113     
 	 100 %           1   461.030479586218     
 Time :   461.181287221611     
 WOCIVL455M1NH220/N_atom300E+10_Vexp500E+02_Vemit100E+03_tauD000E+00_Vran300E+01
                      
 Start
           0
 set_grid_done
 set_clumps_done
 Done
 TIME :    2.64863353874534       sec
          50 %           1   236.998871322256     
 	 100 %           1   468.213505418040     
 Time :   468.365291017108     
 WOCIVL455M1NH220/N_atom300E+10_Vexp600E+02_Vemit100E+03_tauD000E+00_Vran300E+01
                      
 Start
           0
 set_grid_done
 set_clumps_done
 Done
 TIME :    2.61616865219548       sec
          50 %           1   239.546084451955     
 	 100 %           1   424.953423266765     
 Time :   425.112339298707     
 WOCIVL455M1NH220/N_atom300E+10_Vexp700E+02_Vemit100E+03_tauD000E+00_Vran300E+01
                      
 Start
           0
 set_grid_done
 set_clumps_done
 Done
 TIME :    2.40948775783181       sec
          50 %           1   180.297854546458     
 	 100 %           1   408.707330503967     
 Time :   408.869752981234     
 WOCIVL455M1NH220/N_atom300E+10_Vexp800E+02_Vemit100E+03_tauD000E+00_Vran300E+01
                      
 Start
           0
 set_grid_done
 set_clumps_done
 Done
 TIME :    1.96809536637738       sec
          50 %           1   195.153660466429     
 	 100 %           1   428.991903134156     
 Time :   429.149335995782     
 WOCIVL455M1NH220/N_atom300E+10_Vexp900E+02_Vemit100E+03_tauD000E+00_Vran300E+01
                      
 Start
           0
 set_grid_done
 set_clumps_done
 Done
 TIME :    1.73164620622993       sec
          50 %           1   231.152715730481     
 	 100 %           1   485.028131866828     
 Time :   485.201913621742     
 WOCIVL455M1NH220/N_atom300E+10_Vexp100E+03_Vemit100E+03_tauD000E+00_Vran300E+01
                      
 Start
           0
 set_grid_done
 set_clumps_done
 Done
 TIME :    2.70775027433410       sec
          50 %           1   249.866418351885     
 	 100 %           1   507.497726815287     
 Time :   507.661683910992     
 WOCIVL455M1NH220/N_atom300E+10_Vexp200E+03_Vemit100E+03_tauD000E+00_Vran300E+01
                      
 Start
           0
 set_grid_done
 set_clumps_done
 Done
 TIME :    2.69583368068561       sec
          50 %           1   235.806757599581     
 	 100 %           1   464.453066314105     
 Time :   464.622174973134     
 WOCIVL455M1NH220/N_atom300E+10_Vexp300E+03_Vemit100E+03_tauD000E+00_Vran300E+01
                      
 Start
           0
 set_grid_done
 set_clumps_done
 Done
 TIME :    2.69779997691512       sec
          50 %           1   220.475476084743     
 	 100 %           1   434.361824663356     
 Time :   434.532416914124     
 WOCIVL455M1NH220/N_atom300E+10_Vexp500E+01_Vemit100E+03_tauD000E+00_Vran300E+01
                      
 Start
           0
 set_grid_done
 set_clumps_done
 Done
 TIME :    2.69168298412114       sec
          50 %           1   248.721195164602     
 	 100 %           1   487.220738498494     
 Time :   487.400727517437     
 WOCIVL455M1NH220/N_atom300E+10_Vexp100E+02_Vemit100E+03_tauD000E+00_Vran500E+01
                      
 Start
           0
 set_grid_done
 set_clumps_done
 Done
 TIME :    2.70239581679925       sec
          50 %           1   258.177231487818     
 	 100 %           1   534.102751677856     
 Time :   534.265530230477     
 WOCIVL455M1NH220/N_atom300E+10_Vexp200E+02_Vemit100E+03_tauD000E+00_Vran500E+01
                      
 Start
           0
 set_grid_done
 set_clumps_done
 Done
 TIME :    2.71147628594190       sec
          50 %           1   254.961011959706     
 	 100 %           1   504.985243293457     
 Time :   505.160528417677     
 WOCIVL455M1NH220/N_atom300E+10_Vexp300E+02_Vemit100E+03_tauD000E+00_Vran500E+01
                      
 Start
           0
 set_grid_done
 set_clumps_done
 Done
 TIME :    2.71113237412646       sec
          50 %           1   245.514158650301     
 	 100 %           1   505.140524466988     
 Time :   505.310888635460     
 WOCIVL455M1NH220/N_atom300E+10_Vexp400E+02_Vemit100E+03_tauD000E+00_Vran500E+01
                      
 Start
           0
 set_grid_done
 set_clumps_done
 Done
 TIME :    2.69946817867458       sec
          50 %           1   261.238401400857     
 	 100 %           1   516.681875966955     
 Time :   516.847294663079     
 WOCIVL455M1NH220/N_atom300E+10_Vexp500E+02_Vemit100E+03_tauD000E+00_Vran500E+01
                      
 Start
           0
 set_grid_done
 set_clumps_done
 Done
 TIME :    2.70821778057143       sec
          50 %           1   273.005542279221     
 	 100 %           1   533.609635050409     
 Time :   533.777906001545     
 WOCIVL455M1NH220/N_atom300E+10_Vexp600E+02_Vemit100E+03_tauD000E+00_Vran500E+01
                      
 Start
           0
 set_grid_done
 set_clumps_done
 Done
 TIME :    2.69914929475635       sec
          50 %           1   265.118473569863     
 	 100 %           1   528.748536504805     
 Time :   528.917410699651     
 WOCIVL455M1NH220/N_atom300E+10_Vexp700E+02_Vemit100E+03_tauD000E+00_Vran500E+01
                      
 Start
           0
 set_grid_done
 set_clumps_done
 Done
 TIME :    2.70635662367567       sec
          50 %           1   270.235477518756     
 	 100 %           1   535.598891410511     
 Time :   535.778391693253     
 WOCIVL455M1NH220/N_atom300E+10_Vexp800E+02_Vemit100E+03_tauD000E+00_Vran500E+01
                      
 Start
           0
 set_grid_done
 set_clumps_done
 Done
 TIME :    2.84102224698290       sec
          50 %           1   257.181037094444     
 	 100 %           1   515.886824352667     
 Time :   516.051581033971     
 WOCIVL455M1NH220/N_atom300E+10_Vexp900E+02_Vemit100E+03_tauD000E+00_Vran500E+01
                      
 Start
           0
 set_grid_done
 set_clumps_done
 Done
 TIME :    2.57470582332462       sec
          50 %           1   266.401692661922     
 	 100 %           1   523.763981037773     
 Time :   523.936111893971     
 WOCIVL455M1NH220/N_atom300E+10_Vexp100E+03_Vemit100E+03_tauD000E+00_Vran500E+01
                      
 Start
           0
 set_grid_done
 set_clumps_done
 Done
 TIME :    2.70130678312853       sec
          50 %           1   266.938561036717     
 	 100 %           1   525.111234886572     
 Time :   525.282555387355     
 WOCIVL455M1NH220/N_atom300E+10_Vexp200E+03_Vemit100E+03_tauD000E+00_Vran500E+01
                      
 Start
           0
 set_grid_done
 set_clumps_done
 Done
 TIME :    2.70495854411274       sec
          50 %           1   238.964270258322     
 	 100 %           1   479.227586513851     
 Time :   479.393658237066     
 WOCIVL455M1NH220/N_atom300E+10_Vexp300E+03_Vemit100E+03_tauD000E+00_Vran500E+01
                      
 Start
           0
 set_grid_done
 set_clumps_done
 Done
 TIME :    1.63878599042073       sec
          50 %           1   211.092768432107     
 	 100 %           1   418.600953836460     
 Time :   418.785430289805     
 WOCIVL455M1NH220/N_atom300E+10_Vexp500E+01_Vemit100E+03_tauD000E+00_Vran500E+01
                      
 Start
           0
 set_grid_done
 set_clumps_done
 Done
 TIME :    2.83676163246855       sec
          50 %           1   315.045863762498     
 	 100 %           1   609.746120173484     
 Time :   609.921159562189     
 WOCIVL455M1NH220/N_atom300E+10_Vexp100E+02_Vemit200E+03_tauD000E+00_Vran118E+01
                      
 Start
           0
 set_grid_done
 set_clumps_done
 Done
 TIME :    2.70030574593693       sec
          50 %           1   205.120800615288     
 	 100 %           1   407.115638093557     
 Time :   407.288685447071     
 WOCIVL455M1NH220/N_atom300E+10_Vexp200E+02_Vemit200E+03_tauD000E+00_Vran118E+01
                      
 Start
           0
 set_grid_done
 set_clumps_done
 Done
 TIME :    2.64436458842829       sec
          50 %           1   209.326756076887     
 	 100 %           1   413.717919148039     
 Time :   413.889346020296     
 WOCIVL455M1NH220/N_atom300E+10_Vexp300E+02_Vemit200E+03_tauD000E+00_Vran118E+01
                      
 Start
           0
 set_grid_done
 set_clumps_done
 Done
 TIME :    2.71021180972457       sec
          50 %           1   208.985092487652     
 	 100 %           1   418.622325048782     
 Time :   418.794074351899     
 WOCIVL455M1NH220/N_atom300E+10_Vexp400E+02_Vemit200E+03_tauD000E+00_Vran118E+01
                      
 Start
           0
 set_grid_done
 set_clumps_done
 Done
 TIME :    2.70827493909746       sec
          50 %           1   201.210169462487     
 	 100 %           1   404.167903909925     
 Time :   404.346582455095     
 WOCIVL455M1NH220/N_atom300E+10_Vexp500E+02_Vemit200E+03_tauD000E+00_Vran118E+01
                      
 Start
           0
 set_grid_done
 set_clumps_done
 Done
 TIME :    2.70764874201268       sec
          50 %           1   225.007833592128     
 	 100 %           1   441.188602657057     
 Time :   441.372973239981     
 WOCIVL455M1NH220/N_atom300E+10_Vexp600E+02_Vemit200E+03_tauD000E+00_Vran118E+01
                      
 Start
           0
 set_grid_done
 set_clumps_done
 Done
 TIME :    2.71104594040662       sec
          50 %           1   218.338154086377     
 	 100 %           1   434.922458888497     
 Time :   435.093017495237     
 WOCIVL455M1NH220/N_atom300E+10_Vexp700E+02_Vemit200E+03_tauD000E+00_Vran118E+01
                      
 Start
           0
 set_grid_done
 set_clumps_done
 Done
 TIME :    2.70813851058483       sec
          50 %           1   227.828999869060     
 	 100 %           1   452.360507825390     
 Time :   452.529591446742     
 WOCIVL455M1NH220/N_atom300E+10_Vexp800E+02_Vemit200E+03_tauD000E+00_Vran118E+01
                      
 Start
           0
 set_grid_done
 set_clumps_done
 Done
 TIME :    2.60453968355432       sec
          50 %           1   229.763431757689     
 	 100 %           1   447.270651806612     
 Time :   447.448844330851     
 WOCIVL455M1NH220/N_atom300E+10_Vexp900E+02_Vemit200E+03_tauD000E+00_Vran118E+01
                      
 Start
           0
 set_grid_done
 set_clumps_done
 Done
 TIME :    2.65067505743355       sec
          50 %           1   219.440040984191     
 	 100 %           1   433.771800019313     
 Time :   433.943451978266     
 WOCIVL455M1NH220/N_atom300E+10_Vexp100E+03_Vemit200E+03_tauD000E+00_Vran118E+01
                      
 Start
           0
 set_grid_done
 set_clumps_done
 Done
 TIME :    2.71028913604096       sec
          50 %           1   225.422962189652     
 	 100 %           1   435.271382336039     
 Time :   435.452676628716     
 WOCIVL455M1NH220/N_atom300E+10_Vexp200E+03_Vemit200E+03_tauD000E+00_Vran118E+01
                      
 Start
           0
 set_grid_done
 set_clumps_done
 Done
 TIME :    2.70391539717093       sec
          50 %           1   219.604974881280     
 	 100 %           1   445.902301666792     
 Time :   446.084222165868     
 WOCIVL455M1NH220/N_atom300E+10_Vexp300E+03_Vemit200E+03_tauD000E+00_Vran118E+01
                      
 Start
           0
 set_grid_done
 set_clumps_done
 Done
 TIME :    2.70448479615152       sec
          50 %           1   223.666632193606     
 	 100 %           1   429.281129926909     
 Time :   429.455730804242     
 WOCIVL455M1NH220/N_atom300E+10_Vexp500E+01_Vemit200E+03_tauD000E+00_Vran118E+01
                      
 Start
           0
 set_grid_done
 set_clumps_done
 Done
 TIME :    2.71018603071570       sec
          50 %           1   200.217946335673     
 	 100 %           1   415.918298250530     
 Time :   416.093174700625     
 WOCIVL455M1NH220/N_atom300E+10_Vexp100E+02_Vemit200E+03_tauD000E+00_Vran300E+01
                      
 Start
           0
 set_grid_done
 set_clumps_done
 Done
 TIME :    2.71431995509192       sec
          50 %           1   200.393775400706     
 	 100 %           1   411.607381971087     
 Time :   411.788491473533     
 WOCIVL455M1NH220/N_atom300E+10_Vexp200E+02_Vemit200E+03_tauD000E+00_Vran300E+01
                      
 Start
           0
 set_grid_done
 set_clumps_done
 Done
 TIME :    2.71295160194859       sec
          50 %           1   215.291704981588     
 	 100 %           1   427.849238154944     
 Time :   428.028626345564     
 WOCIVL455M1NH220/N_atom300E+10_Vexp300E+02_Vemit200E+03_tauD000E+00_Vran300E+01
                      
 Start
           0
 set_grid_done
 set_clumps_done
 Done
 TIME :    2.70424630446360       sec
          50 %           1   221.403177663218     
 	 100 %           1   431.280684914440     
 Time :   431.453781932127     
 WOCIVL455M1NH220/N_atom300E+10_Vexp400E+02_Vemit200E+03_tauD000E+00_Vran300E+01
                      
 Start
           0
 set_grid_done
 set_clumps_done
 Done
 TIME :    2.57551224203780       sec
          50 %           1   210.444137158804     
 	 100 %           1   429.625236335676     
 Time :   429.799564917106     
 WOCIVL455M1NH220/N_atom300E+10_Vexp500E+02_Vemit200E+03_tauD000E+00_Vran300E+01
                      
 Start
           0
 set_grid_done
 set_clumps_done
 Done
 TIME :    2.61425406392664       sec
          50 %           1   225.445093431976     
 	 100 %           1   449.940830346663     
 Time :   450.116456507239     
 WOCIVL455M1NH220/N_atom300E+10_Vexp600E+02_Vemit200E+03_tauD000E+00_Vran300E+01
                      
 Start
           0
 set_grid_done
 set_clumps_done
 Done
 TIME :    2.68935998203233       sec
          50 %           1   217.559910035226     
 	 100 %           1   440.150118377525     
 Time :   440.325440061279     
 WOCIVL455M1NH220/N_atom300E+10_Vexp700E+02_Vemit200E+03_tauD000E+00_Vran300E+01
                      
 Start
           0
 set_grid_done
 set_clumps_done
 Done
 TIME :    2.68668706621975       sec
          50 %           1   219.025683027226     
 	 100 %           1   448.294395470060     
 Time :   448.468578615692     
 WOCIVL455M1NH220/N_atom300E+10_Vexp800E+02_Vemit200E+03_tauD000E+00_Vran300E+01
                      
 Start
           0
 set_grid_done
 set_clumps_done
 Done
 TIME :    2.68553286883980       sec
          50 %           1   212.881954125129     
 	 100 %           1   415.014418869745     
 Time :   415.189055775292     
 WOCIVL455M1NH220/N_atom300E+10_Vexp900E+02_Vemit200E+03_tauD000E+00_Vran300E+01
                      
 Start
           0
 set_grid_done
 set_clumps_done
 Done
 TIME :    2.69382014498115       sec
          50 %           1   219.418594760355     
 	 100 %           1   443.872950139921     
 Time :   444.063622024376     
 WOCIVL455M1NH220/N_atom300E+10_Vexp100E+03_Vemit200E+03_tauD000E+00_Vran300E+01
                      
 Start
           0
 set_grid_done
 set_clumps_done
 Done
 TIME :    2.82045362610370       sec
          50 %           1   217.340818330180     
 	 100 %           1   412.944969089702     
 Time :   413.125360912178     
 WOCIVL455M1NH220/N_atom300E+10_Vexp200E+03_Vemit200E+03_tauD000E+00_Vran300E+01
                      
 Start
           0
 set_grid_done
 set_clumps_done
 Done
 TIME :    2.64920024247840       sec
          50 %           1   217.429536906537     
 	 100 %           1   423.923925027717     
 Time :   424.102510666940     
 WOCIVL455M1NH220/N_atom300E+10_Vexp300E+03_Vemit200E+03_tauD000E+00_Vran300E+01
                      
 Start
           0
 set_grid_done
 set_clumps_done
 Done
 TIME :    2.69679347937927       sec
          50 %           1   212.411508592777     
 	 100 %           1   393.763826952782     
 Time :   393.948074151762     
 WOCIVL455M1NH220/N_atom300E+10_Vexp500E+01_Vemit200E+03_tauD000E+00_Vran300E+01
                      
 Start
           0
 set_grid_done
 set_clumps_done
 Done
 TIME :    2.69924389384687       sec
          50 %           1   218.452173341997     
 	 100 %           1   426.982764133718     
 Time :   427.145417879336     
 WOCIVL455M1NH220/N_atom300E+10_Vexp100E+02_Vemit200E+03_tauD000E+00_Vran500E+01
                      
 Start
           0
 set_grid_done
 set_clumps_done
 Done
 TIME :    1.59882489731535       sec
          50 %           1   197.166512613650     
 	 100 %           1   408.478267020546     
 Time :   408.652936568484     
 WOCIVL455M1NH220/N_atom300E+10_Vexp200E+02_Vemit200E+03_tauD000E+00_Vran500E+01
                      
 Start
           0
 set_grid_done
 set_clumps_done
 Done
 TIME :    2.68978046858683       sec
          50 %           1   208.193388457410     
 	 100 %           1   417.161731983069     
 Time :   417.337760426104     
 WOCIVL455M1NH220/N_atom300E+10_Vexp300E+02_Vemit200E+03_tauD000E+00_Vran500E+01
                      
 Start
           0
 set_grid_done
 set_clumps_done
 Done
 TIME :    2.69063000893220       sec
          50 %           1   213.255358438008     
 	 100 %           1   429.171434145421     
 Time :   429.355058333371     
 WOCIVL455M1NH220/N_atom300E+10_Vexp400E+02_Vemit200E+03_tauD000E+00_Vran500E+01
                      
 Start
           0
 set_grid_done
 set_clumps_done
 Done
 TIME :    2.70400733128190       sec
          50 %           1   206.538248553406     
 	 100 %           1   421.805866957176     
 Time :   421.940240336582     
 WOCIVL455M1NH220/N_atom300E+10_Vexp500E+02_Vemit200E+03_tauD000E+00_Vran500E+01
                      
 Start
           0
 set_grid_done
 set_clumps_done
 Done
 TIME :    1.59758384572342       sec
          50 %           1   202.988680905662     
 	 100 %           1   420.181261551101     
 Time :   420.360137049574     
 WOCIVL455M1NH220/N_atom300E+10_Vexp600E+02_Vemit200E+03_tauD000E+00_Vran500E+01
                      
 Start
           0
 set_grid_done
 set_clumps_done
 Done
 TIME :    2.68882399611175       sec
          50 %           1   235.567873905413     
 	 100 %           1   462.157130806707     
 Time :   462.335548036732     
 WOCIVL455M1NH220/N_atom300E+10_Vexp700E+02_Vemit200E+03_tauD000E+00_Vran500E+01
                      
 Start
           0
 set_grid_done
 set_clumps_done
 Done
 TIME :    2.69975228747353       sec
          50 %           1   208.218232631683     
 	 100 %           1   424.261560783256     
 Time :   424.458640912548     
 WOCIVL455M1NH220/N_atom300E+10_Vexp800E+02_Vemit200E+03_tauD000E+00_Vran500E+01
                      
 Start
           0
 set_grid_done
 set_clumps_done
 Done
 TIME :    2.83124956628308       sec
          50 %           1   210.989862869028     
 	 100 %           1   436.128105828539     
 Time :   436.317076218780     
 WOCIVL455M1NH220/N_atom300E+10_Vexp900E+02_Vemit200E+03_tauD000E+00_Vran500E+01
                      
 Start
           0
 set_grid_done
 set_clumps_done
 Done
 TIME :    2.60620811581612       sec
          50 %           1   216.545352841727     
 	 100 %           1   434.550835310481     
 Time :   434.723747968208     
 WOCIVL455M1NH220/N_atom300E+10_Vexp100E+03_Vemit200E+03_tauD000E+00_Vran500E+01
                      
 Start
           0
 set_grid_done
 set_clumps_done
 Done
 TIME :    2.46326989401132       sec
          50 %           1   222.082795491442     
 	 100 %           1   435.407891904470     
 Time :   435.564650477841     
 WOCIVL455M1NH220/N_atom300E+10_Vexp200E+03_Vemit200E+03_tauD000E+00_Vran500E+01
                      
 Start
           0
 set_grid_done
 set_clumps_done
 Done
 TIME :    2.02331069856882       sec
          50 %           1   221.716599198524     
 	 100 %           1   437.089199289680     
 Time :   437.278057276737     
 WOCIVL455M1NH220/N_atom300E+10_Vexp300E+03_Vemit200E+03_tauD000E+00_Vran500E+01
                      
 Start
           0
 set_grid_done
 set_clumps_done
 Done
 TIME :    2.03012011339888       sec
          50 %           1   223.255973387510     
 	 100 %           1   432.683446509764     
 Time :   432.854861719534     
 WOCIVL455M1NH220/N_atom300E+10_Vexp500E+01_Vemit200E+03_tauD000E+00_Vran500E+01
                      
 Start
           0
 set_grid_done
 set_clumps_done
 Done
 TIME :    1.62633574521169       sec
          50 %           1   229.992994125932     
 	 100 %           1   452.190941048320     
 Time :   452.369938478339     
 WOCIVL455M1NH220/N_atom300E+10_Vexp100E+02_Vemit300E+03_tauD000E+00_Vran118E+01
                      
 Start
           0
 set_grid_done
 set_clumps_done
 Done
 TIME :    2.68931532744318       sec
          50 %           1   191.421918417793     
 	 100 %           1   372.339196113870     
 Time :   372.530866240617     
 WOCIVL455M1NH220/N_atom300E+10_Vexp200E+02_Vemit300E+03_tauD000E+00_Vran118E+01
                      
 Start
           0
 set_grid_done
 set_clumps_done
 Done
 TIME :    2.62727656355128       sec
          50 %           1   184.286972915754     
 	 100 %           1   359.350349661428     
 Time :   359.536130175926     
 WOCIVL455M1NH220/N_atom300E+10_Vexp300E+02_Vemit300E+03_tauD000E+00_Vran118E+01
                      
 Start
           0
 set_grid_done
 set_clumps_done
 Done
 TIME :    2.70379467774183       sec
          50 %           1   187.495757502969     
 	 100 %           1   343.011728250887     
 Time :   343.196801665705     
 WOCIVL455M1NH220/N_atom300E+10_Vexp400E+02_Vemit300E+03_tauD000E+00_Vran118E+01
                      
 Start
           0
 set_grid_done
 set_clumps_done
 Done
 TIME :    2.70353985531256       sec
          50 %           1   188.151806003880     
 	 100 %           1   384.786603389308     
 Time :   384.976070400793     
 WOCIVL455M1NH220/N_atom300E+10_Vexp500E+02_Vemit300E+03_tauD000E+00_Vran118E+01
                      
 Start
           0
 set_grid_done
 set_clumps_done
 Done
 TIME :    2.70328814815730       sec
          50 %           1   191.729198083747     
 	 100 %           1   391.788358433638     
 Time :   391.981434273999     
 WOCIVL455M1NH220/N_atom300E+10_Vexp600E+02_Vemit300E+03_tauD000E+00_Vran118E+01
                      
 Start
           0
 set_grid_done
 set_clumps_done
 Done
 TIME :    2.71160808578134       sec
          50 %           1   208.442737635691     
 	 100 %           1   404.269721340388     
 Time :   404.455163914710     
 WOCIVL455M1NH220/N_atom300E+10_Vexp700E+02_Vemit300E+03_tauD000E+00_Vran118E+01
                      
 Start
           0
 set_grid_done
 set_clumps_done
 Done
 TIME :    2.70209249248728       sec
          50 %           1   191.397543894127     
 	 100 %           1   390.923152464908     
 Time :   391.099012598861     
 WOCIVL455M1NH220/N_atom300E+10_Vexp800E+02_Vemit300E+03_tauD000E+00_Vran118E+01
                      
 Start
           0
 set_grid_done
 set_clumps_done
 Done
 TIME :    2.69764527399093       sec
          50 %           1   208.806262134574     
 	 100 %           1   406.923639724962     
 Time :   407.105293238536     
 WOCIVL455M1NH220/N_atom300E+10_Vexp900E+02_Vemit300E+03_tauD000E+00_Vran118E+01
                      
 Start
           0
 set_grid_done
 set_clumps_done
 Done
 TIME :    2.69682950805873       sec
          50 %           1   195.983307755087     
 	 100 %           1   389.101685874630     
 Time :   389.288027071860     
 WOCIVL455M1NH220/N_atom300E+10_Vexp100E+03_Vemit300E+03_tauD000E+00_Vran118E+01
                      
 Start
           0
 set_grid_done
 set_clumps_done
 Done
 TIME :    2.69741246243939       sec
          50 %           1   214.092042753007     
 	 100 %           1   414.955894716550     
 Time :   415.166432781145     
 WOCIVL455M1NH220/N_atom300E+10_Vexp200E+03_Vemit300E+03_tauD000E+00_Vran118E+01
                      
 Start
           0
 set_grid_done
 set_clumps_done
 Done
 TIME :    2.82432152656838       sec
          50 %           1   208.616555298679     
 	 100 %           1   415.954180312809     
 Time :   416.094764743932     
 WOCIVL455M1NH220/N_atom300E+10_Vexp300E+03_Vemit300E+03_tauD000E+00_Vran118E+01
                      
 Start
           0
 set_grid_done
 set_clumps_done
 Done
 TIME :    1.56341331684962       sec
          50 %           1   200.457317864057     
 	 100 %           1   414.317543896381     
 Time :   414.504272207152     
 WOCIVL455M1NH220/N_atom300E+10_Vexp500E+01_Vemit300E+03_tauD000E+00_Vran118E+01
                      
 Start
           0
 set_grid_done
 set_clumps_done
 Done
 TIME :    2.61307085165754       sec
          50 %           1   188.430762001779     
 	 100 %           1   370.204463492613     
 Time :   370.380202006083     
 WOCIVL455M1NH220/N_atom300E+10_Vexp100E+02_Vemit300E+03_tauD000E+00_Vran300E+01
                      
 Start
           0
 set_grid_done
 set_clumps_done
 Done
 TIME :    2.69731771340594       sec
          50 %           1   186.603113655932     
 	 100 %           1   381.824039581232     
 Time :   382.025365847629     
 WOCIVL455M1NH220/N_atom300E+10_Vexp200E+02_Vemit300E+03_tauD000E+00_Vran300E+01
                      
 Start
           0
 set_grid_done
 set_clumps_done
 Done
 TIME :    2.82654529111460       sec
          50 %           1   192.864917830564     
 	 100 %           1   385.549094205722     
 Time :   385.738415060099     
 WOCIVL455M1NH220/N_atom300E+10_Vexp300E+02_Vemit300E+03_tauD000E+00_Vran300E+01
                      
 Start
           0
 set_grid_done
 set_clumps_done
 Done
 TIME :    1.60781741980463       sec
          50 %           1   177.847984427586     
 	 100 %           1   335.202175145969     
 Time :   335.392806574237     
 WOCIVL455M1NH220/N_atom300E+10_Vexp400E+02_Vemit300E+03_tauD000E+00_Vran300E+01
                      
 Start
           0
 set_grid_done
 set_clumps_done
 Done
 TIME :    2.70120614254847       sec
          50 %           1   178.531372360885     
 	 100 %           1   370.329657205380     
 Time :   370.506788979284     
 WOCIVL455M1NH220/N_atom300E+10_Vexp500E+02_Vemit300E+03_tauD000E+00_Vran300E+01
                      
 Start
           0
 set_grid_done
 set_clumps_done
 Done
 TIME :    2.69421097543091       sec
          50 %           1   197.589106679428     
 	 100 %           1   399.974071763922     
 Time :   400.167611914687     
 WOCIVL455M1NH220/N_atom300E+10_Vexp600E+02_Vemit300E+03_tauD000E+00_Vran300E+01
                      
 Start
           0
 set_grid_done
 set_clumps_done
 Done
 TIME :    2.70616287598386       sec
          50 %           1   207.360258358065     
 	 100 %           1   417.072521514259     
 Time :   417.253023585770     
 WOCIVL455M1NH220/N_atom300E+10_Vexp700E+02_Vemit300E+03_tauD000E+00_Vran300E+01
                      
 Start
           0
 set_grid_done
 set_clumps_done
 Done
 TIME :    2.69937504176050       sec
          50 %           1   180.084729900118     
 	 100 %           1   371.178133427631     
 Time :   371.356528445613     
 WOCIVL455M1NH220/N_atom300E+10_Vexp800E+02_Vemit300E+03_tauD000E+00_Vran300E+01
                      
 Start
           0
 set_grid_done
 set_clumps_done
 Done
 TIME :    2.76004878897220       sec
          50 %           1   192.319203271065     
 	 100 %           1   390.941132620443     
 Time :   391.115261774044     
 WOCIVL455M1NH220/N_atom300E+10_Vexp900E+02_Vemit300E+03_tauD000E+00_Vran300E+01
                      
 Start
           0
 set_grid_done
 set_clumps_done
 Done
 TIME :    2.46403682744130       sec
          50 %           1   220.424097644631     
 	 100 %           1   422.747294387780     
 Time :   422.937659541145     
 WOCIVL455M1NH220/N_atom300E+10_Vexp100E+03_Vemit300E+03_tauD000E+00_Vran300E+01
                      
 Start
           0
 set_grid_done
 set_clumps_done
 Done
 TIME :    2.69640739820898       sec
          50 %           1   211.906173489522     
 	 100 %           1   415.220513563138     
 Time :   415.419650761411     
 WOCIVL455M1NH220/N_atom300E+10_Vexp200E+03_Vemit300E+03_tauD000E+00_Vran300E+01
                      
 Start
           0
 set_grid_done
 set_clumps_done
 Done
 TIME :    2.72828381927684       sec
          50 %           1   205.680198246613     
 	 100 %           1   418.340335160960     
 Time :   418.531163462438     
 WOCIVL455M1NH220/N_atom300E+10_Vexp300E+03_Vemit300E+03_tauD000E+00_Vran300E+01
                      
 Start
           0
 set_grid_done
 set_clumps_done
 Done
 TIME :    2.69997190358117       sec
          50 %           1   221.748397231568     
 	 100 %           1   426.366755174939     
 Time :   426.561463178601     
 WOCIVL455M1NH220/N_atom300E+10_Vexp500E+01_Vemit300E+03_tauD000E+00_Vran300E+01
                      
 Start
           0
 set_grid_done
 set_clumps_done
 Done
 TIME :    2.58637872571126       sec
          50 %           1   198.158281319775     
 	 100 %           1   384.556478955783     
 Time :   384.746096782852     
 WOCIVL455M1NH220/N_atom300E+10_Vexp100E+02_Vemit300E+03_tauD000E+00_Vran500E+01
                      
 Start
           0
 set_grid_done
 set_clumps_done
 Done
 TIME :    2.69957512104884       sec
          50 %           1   204.413329290226     
 	 100 %           1   408.812521768734     
 Time :   408.980632756837     
 WOCIVL455M1NH220/N_atom300E+10_Vexp200E+02_Vemit300E+03_tauD000E+00_Vran500E+01
                      
 Start
           0
 set_grid_done
 set_clumps_done
 Done
 TIME :    2.44657417293638       sec
          50 %           1   208.382058708929     
 	 100 %           1   399.985996644013     
 Time :   400.173116747290     
 WOCIVL455M1NH220/N_atom300E+10_Vexp300E+02_Vemit300E+03_tauD000E+00_Vran500E+01
                      
 Start
           0
 set_grid_done
 set_clumps_done
 Done
 TIME :    2.71165676787496       sec
          50 %           1   202.241290647537     
 	 100 %           1   404.771022018045     
 Time :   404.964375074022     
 WOCIVL455M1NH220/N_atom300E+10_Vexp400E+02_Vemit300E+03_tauD000E+00_Vran500E+01
                      
 Start
           0
 set_grid_done
 set_clumps_done
 Done
 TIME :    2.71872843988240       sec
          50 %           1   212.715724241920     
 	 100 %           1   430.127549191006     
 Time :   430.318520603701     
 WOCIVL455M1NH220/N_atom300E+10_Vexp500E+02_Vemit300E+03_tauD000E+00_Vran500E+01
                      
 Start
           0
 set_grid_done
 set_clumps_done
 Done
 TIME :    2.72222902392969       sec
          50 %           1   214.399209003896     
 	 100 %           1   423.936443672050     
 Time :   424.124685611576     
 WOCIVL455M1NH220/N_atom300E+10_Vexp600E+02_Vemit300E+03_tauD000E+00_Vran500E+01
                      
 Start
           0
 set_grid_done
 set_clumps_done
 Done
 TIME :    2.70252104429528       sec
          50 %           1   206.877775473054     
 	 100 %           1   411.889315762091     
 Time :   412.093480187468     
 WOCIVL455M1NH220/N_atom300E+10_Vexp700E+02_Vemit300E+03_tauD000E+00_Vran500E+01
                      
 Start
           0
 set_grid_done
 set_clumps_done
 Done
 TIME :    2.78508651955053       sec
          50 %           1   216.723794487771     
 	 100 %           1   429.452088301070     
 Time :   429.644906303380     
 WOCIVL455M1NH220/N_atom300E+10_Vexp800E+02_Vemit300E+03_tauD000E+00_Vran500E+01
                      
 Start
           0
 set_grid_done
 set_clumps_done
 Done
 TIME :    2.64131286460906       sec
          50 %           1   212.723355845083     
 	 100 %           1   432.574522941373     
 Time :   432.767401447985     
 WOCIVL455M1NH220/N_atom300E+10_Vexp900E+02_Vemit300E+03_tauD000E+00_Vran500E+01
                      
 Start
           0
 set_grid_done
 set_clumps_done
 Done
 TIME :    2.61627420224249       sec
          50 %           1   214.653271894902     
 	 100 %           1   420.540817128029     
 Time :   420.719322735909     
 WOCIVL455M1NH220/N_atom300E+10_Vexp100E+03_Vemit300E+03_tauD000E+00_Vran500E+01
                      
 Start
           0
 set_grid_done
 set_clumps_done
 Done
 TIME :    2.47263408033177       sec
          50 %           1   217.515555736143     
 	 100 %           1   428.040821406990     
 Time :   428.232936677057     
 WOCIVL455M1NH220/N_atom300E+10_Vexp200E+03_Vemit300E+03_tauD000E+00_Vran500E+01
                      
 Start
           0
 set_grid_done
 set_clumps_done
 Done
 TIME :    2.71992459706962       sec
          50 %           1   225.448331849650     
 	 100 %           1   444.856921328232     
 Time :   445.047893932555     
 WOCIVL455M1NH220/N_atom300E+10_Vexp300E+03_Vemit300E+03_tauD000E+00_Vran500E+01
                      
 Start
           0
 set_grid_done
 set_clumps_done
 Done
 TIME :    2.71883700555190       sec
          50 %           1   229.447279135697     
 	 100 %           1   447.987704589963     
 Time :   448.180913642980     
 WOCIVL455M1NH220/N_atom300E+10_Vexp500E+01_Vemit300E+03_tauD000E+00_Vran500E+01
                      
 Start
           0
 set_grid_done
 set_clumps_done
 Done
 TIME :    2.73000706499442       sec
          50 %           1   220.987806876656     
 	 100 %           1   448.329938089009     
 Time :   448.514929458499     
