nohup: ignoring input
 WOCIVL455M1NH220/N_atom300E+10_Vexp100E+02_Vemit100E+03_tauD000E+00_Vran118E+01
                      
 Start
           0
 set_grid_done
 set_clumps_done
 Done
 TIME :    1.32872205623426       sec
          50 %           1   33.9353248924017     
 	 100 %           2   67.7260148904752     
 Time :   67.8475374479312     
 WOCIVL455M1NH220/N_atom300E+10_Vexp200E+02_Vemit100E+03_tauD000E+00_Vran118E+01
                      
 Start
           0
 set_grid_done
 set_clumps_done
 Done
 TIME :    1.40228071366437       sec
          50 %           2   38.4331047539599     
 	 100 %           4   76.7893475678284     
 Time :   76.9090176245663     
 WOCIVL455M1NH220/N_atom300E+10_Vexp300E+02_Vemit100E+03_tauD000E+00_Vran118E+01
                      
 Start
           0
 set_grid_done
 set_clumps_done
 Done
 TIME :    1.40318437153473       sec
          50 %           3   40.0078386617824     
 	 100 %           2   78.7837408981286     
 Time :   78.9033611109480     
 WOCIVL455M1NH220/N_atom300E+10_Vexp400E+02_Vemit100E+03_tauD000E+00_Vran118E+01
                      
 Start
           0
 set_grid_done
 set_clumps_done
 Done
 TIME :    1.40336929075420       sec
          50 %           2   41.6766158677638     
 	 100 %           3   81.9169784523547     
 Time :   82.0397858577780     
 WOCIVL455M1NH220/N_atom300E+10_Vexp500E+02_Vemit100E+03_tauD000E+00_Vran118E+01
                      
 Start
           0
 set_grid_done
 set_clumps_done
 Done
 TIME :    1.40443737921305       sec
          50 %           3   43.6245927223936     
 	 100 %           3   86.4624441384804     
 Time :   86.5872912786435     
 WOCIVL455M1NH220/N_atom300E+10_Vexp600E+02_Vemit100E+03_tauD000E+00_Vran118E+01
                      
 Start
           0
 set_grid_done
 set_clumps_done
 Done
 TIME :    1.40825343062170       sec
          50 %           2   47.2246219273657     
 	 100 %           4   96.7394407605752     
 Time :   96.8759422246367     
 WOCIVL455M1NH220/N_atom300E+10_Vexp700E+02_Vemit100E+03_tauD000E+00_Vran118E+01
                      
 Start
           0
 set_grid_done
 set_clumps_done
 Done
 TIME :    2.46162468194962       sec
          50 %           1   64.2841767375357     
 	 100 %           2   123.028153226478     
 Time :   123.188565646298     
 WOCIVL455M1NH220/N_atom300E+10_Vexp800E+02_Vemit100E+03_tauD000E+00_Vran118E+01
                      
 Start
           0
 set_grid_done
 set_clumps_done
 Done
 TIME :    2.53158039110713       sec
          50 %           1   67.2440931976307     
 	 100 %           4   127.653178630862     
 Time :   127.806115513667     
 WOCIVL455M1NH220/N_atom300E+10_Vexp900E+02_Vemit100E+03_tauD000E+00_Vran118E+01
                      
 Start
           0
 set_grid_done
 set_clumps_done
 Done
 TIME :    2.52763524558395       sec
          50 %           3   71.1975009406451     
 	 100 %           3   138.291460743174     
 Time :   138.452221310930     
 WOCIVL455M1NH220/N_atom300E+10_Vexp100E+03_Vemit100E+03_tauD000E+00_Vran118E+01
                      
 Start
           0
 set_grid_done
 set_clumps_done
 Done
 TIME :    2.54641845123842       sec
          50 %           2   67.7121436272282     
 	 100 %           1   128.248351490125     
 Time :   128.404845956014     
 WOCIVL455M1NH220/N_atom300E+10_Vexp200E+03_Vemit100E+03_tauD000E+00_Vran118E+01
                      
 Start
           0
 set_grid_done
 set_clumps_done
 Done
 TIME :    2.53387887449935       sec
          50 %           4   62.3570750316139     
 	 100 %           2   125.711218997138     
 Time :   125.860082091531     
 WOCIVL455M1NH220/N_atom300E+10_Vexp300E+03_Vemit100E+03_tauD000E+00_Vran118E+01
                      
 Start
           0
 set_grid_done
 set_clumps_done
 Done
 TIME :    1.46012964402325       sec
          50 %           2   60.3640660676174     
 	 100 %           1   117.304401240544     
 Time :   117.455065398477     
 WOCIVL455M1NH220/N_atom300E+10_Vexp500E+01_Vemit100E+03_tauD000E+00_Vran118E+01
                      
 Start
           0
 set_grid_done
 set_clumps_done
 Done
 TIME :    1.66937044728547       sec
          50 %           3   61.4156980218831     
 	 100 %           1   115.923019059701     
 Time :   116.066982505145     
 WOCIVL455M1NH220/N_atom300E+10_Vexp100E+02_Vemit100E+03_tauD000E+00_Vran300E+01
                      
 Start
           0
 set_grid_done
 set_clumps_done
 Done
 TIME :    1.49950086581521       sec
          50 %           2   60.4873669359367     
 	 100 %           4   125.276816764381     
 Time :   125.426141912118     
 WOCIVL455M1NH220/N_atom300E+10_Vexp200E+02_Vemit100E+03_tauD000E+00_Vran300E+01
                      
 Start
           0
 set_grid_done
 set_clumps_done
 Done
 TIME :    2.50050490605645       sec
          50 %           4   63.5291468978394     
 	 100 %           4   119.055281882174     
 Time :   119.196146501461     
 WOCIVL455M1NH220/N_atom300E+10_Vexp300E+02_Vemit100E+03_tauD000E+00_Vran300E+01
                      
 Start
           0
 set_grid_done
 set_clumps_done
 Done
 TIME :    2.43653044989333       sec
          50 %           3   56.1601112023927     
 	 100 %           4   111.738543986576     
 Time :   111.891580087133     
 WOCIVL455M1NH220/N_atom300E+10_Vexp400E+02_Vemit100E+03_tauD000E+00_Vran300E+01
                      
 Start
           0
 set_grid_done
 set_clumps_done
 Done
 TIME :    2.57288215099834       sec
          50 %           3   68.3402771442197     
 	 100 %           3   128.341939518461     
 Time :   128.509538158542     
 WOCIVL455M1NH220/N_atom300E+10_Vexp500E+02_Vemit100E+03_tauD000E+00_Vran300E+01
                      
 Start
           0
 set_grid_done
 set_clumps_done
 Done
 TIME :    2.55370909860358       sec
          50 %           3   60.1431872511748     
 	 100 %           1   117.635472222930     
 Time :   117.804443486733     
 WOCIVL455M1NH220/N_atom300E+10_Vexp600E+02_Vemit100E+03_tauD000E+00_Vran300E+01
                      
 Start
           0
 set_grid_done
 set_clumps_done
 Done
 TIME :    2.55041745840572       sec
          50 %           2   65.3651810684241     
 	 100 %           3   133.470150619512     
 Time :   133.630279543577     
 WOCIVL455M1NH220/N_atom300E+10_Vexp700E+02_Vemit100E+03_tauD000E+00_Vran300E+01
                      
 Start
           0
 set_grid_done
 set_clumps_done
 Done
 TIME :    2.55379010178149       sec
          50 %           4   67.8995003649034     
 	 100 %           3   131.811998080928     
 Time :   131.978260545991     
 WOCIVL455M1NH220/N_atom300E+10_Vexp800E+02_Vemit100E+03_tauD000E+00_Vran300E+01
                      
 Start
           0
 set_grid_done
 set_clumps_done
 Done
 TIME :    2.55108671309426       sec
          50 %           1   69.0890709892847     
 	 100 %           3   127.496422550408     
 Time :   127.644114131108     
 WOCIVL455M1NH220/N_atom300E+10_Vexp900E+02_Vemit100E+03_tauD000E+00_Vran300E+01
                      
 Start
           0
 set_grid_done
 set_clumps_done
 Done
 TIME :    2.52095190575346       sec
          50 %           4   67.5041411640123     
 	 100 %           1   127.182523068041     
 Time :   127.327481844230     
 WOCIVL455M1NH220/N_atom300E+10_Vexp100E+03_Vemit100E+03_tauD000E+00_Vran300E+01
                      
 Start
           0
 set_grid_done
 set_clumps_done
 Done
 TIME :    2.56926662847400       sec
          50 %           1   68.5871941864025     
 	 100 %           4   129.670613283291     
 Time :   129.821764040971     
 WOCIVL455M1NH220/N_atom300E+10_Vexp200E+03_Vemit100E+03_tauD000E+00_Vran300E+01
                      
 Start
           0
 set_grid_done
 set_clumps_done
 Done
 TIME :    2.53372548473999       sec
          50 %           4   61.3913519240450     
 	 100 %           4   121.077757881489     
 Time :   121.243843752891     
 WOCIVL455M1NH220/N_atom300E+10_Vexp300E+03_Vemit100E+03_tauD000E+00_Vran300E+01
                      
 Start
           0
 set_grid_done
 set_clumps_done
 Done
 TIME :    2.55927935498767       sec
          50 %           2   57.3942413032055     
 	 100 %           3   113.720076643396     
 Time :   113.876352696447     
 WOCIVL455M1NH220/N_atom300E+10_Vexp500E+01_Vemit100E+03_tauD000E+00_Vran300E+01
                      
 Start
           0
 set_grid_done
 set_clumps_done
 Done
 TIME :    2.56288576032966       sec
          50 %           4   67.4327499421779     
 	 100 %           2   134.065334108891     
 Time :   134.229089486180     
 WOCIVL455M1NH220/N_atom300E+10_Vexp100E+02_Vemit100E+03_tauD000E+00_Vran500E+01
                      
 Start
           0
 set_grid_done
 set_clumps_done
 Done
 TIME :    2.56102688750252       sec
          50 %           2   117.996993919369     
 	 100 %           2   183.442011038074     
 Time :   183.601265189005     
 WOCIVL455M1NH220/N_atom300E+10_Vexp200E+02_Vemit100E+03_tauD000E+00_Vran500E+01
                      
 Start
           0
 set_grid_done
 set_clumps_done
 Done
 TIME :    2.55383016751148       sec
          50 %           4   64.9814285910688     
 	 100 %           3   129.031659909524     
 Time :   129.185451176949     
 WOCIVL455M1NH220/N_atom300E+10_Vexp300E+02_Vemit100E+03_tauD000E+00_Vran500E+01
                      
 Start
           0
 set_grid_done
 set_clumps_done
 Done
 TIME :    2.05934886005707       sec
          50 %           1   61.6815715671983     
 	 100 %           2   117.858275385806     
 Time :   118.020121815382     
 WOCIVL455M1NH220/N_atom300E+10_Vexp400E+02_Vemit100E+03_tauD000E+00_Vran500E+01
                      
 Start
           0
 set_grid_done
 set_clumps_done
 Done
 TIME :    2.56435600877739       sec
          50 %           4   73.1773401971441     
 	 100 %           1   135.899019561009     
 Time :   136.057313156780     
 WOCIVL455M1NH220/N_atom300E+10_Vexp500E+02_Vemit100E+03_tauD000E+00_Vran500E+01
                      
 Start
           0
 set_grid_done
 set_clumps_done
 Done
 TIME :    2.55927438568324       sec
          50 %           4   62.9679848302621     
 	 100 %           2   134.344521854771     
 Time :   134.507408019388     
 WOCIVL455M1NH220/N_atom300E+10_Vexp600E+02_Vemit100E+03_tauD000E+00_Vran500E+01
                      
 Start
           0
 set_grid_done
 set_clumps_done
 Done
 TIME :    2.41219721618108       sec
          50 %           2   64.4272303534672     
 	 100 %           2   125.802110640099     
 Time :   125.972323640483     
 WOCIVL455M1NH220/N_atom300E+10_Vexp700E+02_Vemit100E+03_tauD000E+00_Vran500E+01
                      
 Start
           0
 set_grid_done
 set_clumps_done
 Done
 TIME :    2.29964620270766       sec
          50 %           3   71.0288665934931     
 	 100 %           2   137.950986440992     
 Time :   138.119478970300     
 WOCIVL455M1NH220/N_atom300E+10_Vexp800E+02_Vemit100E+03_tauD000E+00_Vran500E+01
                      
 Start
           0
 set_grid_done
 set_clumps_done
 Done
 TIME :    2.57474116398953       sec
          50 %           3   61.5901584089734     
 	 100 %           2   126.014728004113     
 Time :   126.172272123629     
 WOCIVL455M1NH220/N_atom300E+10_Vexp900E+02_Vemit100E+03_tauD000E+00_Vran500E+01
                      
 Start
           0
 set_grid_done
 set_clumps_done
 Done
 TIME :    2.55093749100342       sec
          50 %           4   62.7839545484167     
 	 100 %           3   127.437257483136     
 Time :   127.598425460747     
 WOCIVL455M1NH220/N_atom300E+10_Vexp100E+03_Vemit100E+03_tauD000E+00_Vran500E+01
                      
 Start
           0
 set_grid_done
 set_clumps_done
 Done
 TIME :    2.58119450928643       sec
          50 %           1   70.5018305454869     
 	 100 %           4   138.011281824205     
 Time :   138.177003487246     
 WOCIVL455M1NH220/N_atom300E+10_Vexp200E+03_Vemit100E+03_tauD000E+00_Vran500E+01
                      
 Start
           0
 set_grid_done
 set_clumps_done
 Done
 TIME :    2.56450188439339       sec
          50 %           2   62.1390251212288     
 	 100 %           3   122.283616015222     
 Time :   122.433587734587     
 WOCIVL455M1NH220/N_atom300E+10_Vexp300E+03_Vemit100E+03_tauD000E+00_Vran500E+01
                      
 Start
           0
 set_grid_done
 set_clumps_done
 Done
 TIME :    2.05980094429106       sec
          50 %           2   49.6689953284804     
 	 100 %           2   102.854165408062     
 Time :   103.007194164675     
 WOCIVL455M1NH220/N_atom300E+10_Vexp500E+01_Vemit100E+03_tauD000E+00_Vran500E+01
                      
 Start
           0
 set_grid_done
 set_clumps_done
 Done
 TIME :    2.56333098164760       sec
          50 %           3   78.8902268002275     
 	 100 %           1   161.123911769362     
 Time :   161.304802868981     
 WOCIVL455M1NH220/N_atom300E+10_Vexp100E+02_Vemit200E+03_tauD000E+00_Vran118E+01
                      
 Start
           0
 set_grid_done
 set_clumps_done
 Done
 TIME :    2.55665495549329       sec
          50 %           1   57.7015896856319     
 	 100 %           3   110.088917941321     
 Time :   110.249398550019     
 WOCIVL455M1NH220/N_atom300E+10_Vexp200E+02_Vemit200E+03_tauD000E+00_Vran118E+01
                      
 Start
           0
 set_grid_done
 set_clumps_done
 Done
 TIME :    1.47885501012206       sec
          50 %           2   51.7747837279458     
 	 100 %           1   101.252492862986     
 Time :   101.420914057409     
 WOCIVL455M1NH220/N_atom300E+10_Vexp300E+02_Vemit200E+03_tauD000E+00_Vran118E+01
                      
 Start
           0
 set_grid_done
 set_clumps_done
 Done
 TIME :    2.56046511582099       sec
          50 %           3   53.6671343927737     
 	 100 %           2   101.081476273946     
 Time :   101.238321582787     
 WOCIVL455M1NH220/N_atom300E+10_Vexp400E+02_Vemit200E+03_tauD000E+00_Vran118E+01
                      
 Start
           0
 set_grid_done
 set_clumps_done
 Done
 TIME :    2.56306872610003       sec
          50 %           1   54.4654684769921     
 	 100 %           3   113.657819142099     
 Time :   113.827682191273     
 WOCIVL455M1NH220/N_atom300E+10_Vexp500E+02_Vemit200E+03_tauD000E+00_Vran118E+01
                      
 Start
           0
 set_grid_done
 set_clumps_done
 Done
 TIME :    2.30909534939565       sec
          50 %           2   53.5751500152983     
 	 100 %           1   102.296480942518     
 Time :   102.447507004486     
 WOCIVL455M1NH220/N_atom300E+10_Vexp600E+02_Vemit200E+03_tauD000E+00_Vran118E+01
                      
 Start
           0
 set_grid_done
 set_clumps_done
 Done
 TIME :    2.55642869812436       sec
          50 %           4   56.1528514334932     
 	 100 %           2   106.427393796388     
 Time :   106.580190123525     
 WOCIVL455M1NH220/N_atom300E+10_Vexp700E+02_Vemit200E+03_tauD000E+00_Vran118E+01
                      
 Start
           0
 set_grid_done
 set_clumps_done
 Done
 TIME :    2.55300718219951       sec
          50 %           3   59.3325326545164     
 	 100 %           3   112.926207086304     
 Time :   113.082123850472     
 WOCIVL455M1NH220/N_atom300E+10_Vexp800E+02_Vemit200E+03_tauD000E+00_Vran118E+01
                      
 Start
           0
 set_grid_done
 set_clumps_done
 Done
 TIME :    2.53830128186382       sec
          50 %           4   64.0669051378500     
 	 100 %           4   126.940908316057     
 Time :   127.099537836621     
 WOCIVL455M1NH220/N_atom300E+10_Vexp900E+02_Vemit200E+03_tauD000E+00_Vran118E+01
                      
 Start
           0
 set_grid_done
 set_clumps_done
 Done
 TIME :    2.54464166355319       sec
          50 %           3   57.2454183045775     
 	 100 %           2   114.473527218681     
 Time :   114.627083251718     
 WOCIVL455M1NH220/N_atom300E+10_Vexp100E+03_Vemit200E+03_tauD000E+00_Vran118E+01
                      
 Start
           0
 set_grid_done
 set_clumps_done
 Done
 TIME :    2.53134056762792       sec
          50 %           2   62.9899038716685     
 	 100 %           3   121.974399191793     
 Time :   122.129753733519     
 WOCIVL455M1NH220/N_atom300E+10_Vexp200E+03_Vemit200E+03_tauD000E+00_Vran118E+01
                      
 Start
           0
 set_grid_done
 set_clumps_done
 Done
 TIME :    1.51923144189641       sec
          50 %           1   62.9542685798369     
 	 100 %           3   123.469094827073     
 Time :   123.615433881758     
 WOCIVL455M1NH220/N_atom300E+10_Vexp300E+03_Vemit200E+03_tauD000E+00_Vran118E+01
                      
 Start
           0
 set_grid_done
 set_clumps_done
 Done
 TIME :    1.47764258924872       sec
          50 %           4   66.5652512442321     
 	 100 %           1   122.802558318013     
 Time :   122.943893937161     
 WOCIVL455M1NH220/N_atom300E+10_Vexp500E+01_Vemit200E+03_tauD000E+00_Vran118E+01
                      
 Start
           0
 set_grid_done
 set_clumps_done
 Done
 TIME :    1.46982268127613       sec
          50 %           1   48.4489378216676     
 	 100 %           2   100.968163611135     
 Time :   101.114577246597     
 WOCIVL455M1NH220/N_atom300E+10_Vexp100E+02_Vemit200E+03_tauD000E+00_Vran300E+01
                      
 Start
           0
 set_grid_done
 set_clumps_done
 Done
 TIME :    1.48542612791061       sec
          50 %           1   53.7025067177601     
 	 100 %           3   152.561980025610     
 Time :   152.711682406254     
 WOCIVL455M1NH220/N_atom300E+10_Vexp200E+02_Vemit200E+03_tauD000E+00_Vran300E+01
                      
 Start
           0
 set_grid_done
 set_clumps_done
 Done
 TIME :    1.57939945440739       sec
          50 %           2   52.1045587812550     
 	 100 %           2   105.332330808043     
 Time :   105.474815358408     
 WOCIVL455M1NH220/N_atom300E+10_Vexp300E+02_Vemit200E+03_tauD000E+00_Vran300E+01
                      
 Start
           0
 set_grid_done
 set_clumps_done
 Done
 TIME :    1.46971263340674       sec
          50 %           1   54.2256829112303     
 	 100 %           1   111.537292951951     
 Time :   111.679871029221     
 WOCIVL455M1NH220/N_atom300E+10_Vexp400E+02_Vemit200E+03_tauD000E+00_Vran300E+01
                      
 Start
           0
 set_grid_done
 set_clumps_done
 Done
 TIME :    1.47901540342718       sec
          50 %           1   60.3485474614426     
 	 100 %           1   115.086886776611     
 Time :   115.231389300665     
 WOCIVL455M1NH220/N_atom300E+10_Vexp500E+02_Vemit200E+03_tauD000E+00_Vran300E+01
                      
 Start
           0
 set_grid_done
 set_clumps_done
 Done
 TIME :    1.46896569197997       sec
          50 %           4   61.4450447501149     
 	 100 %           4   114.948590100044     
 Time :   115.107456438243     
 WOCIVL455M1NH220/N_atom300E+10_Vexp600E+02_Vemit200E+03_tauD000E+00_Vran300E+01
                      
 Start
           0
 set_grid_done
 set_clumps_done
 Done
 TIME :    2.55271452921443       sec
          50 %           4   52.8948543344159     
 	 100 %           1   112.086663546506     
 Time :   112.234356810339     
 WOCIVL455M1NH220/N_atom300E+10_Vexp700E+02_Vemit200E+03_tauD000E+00_Vran300E+01
                      
 Start
           0
 set_grid_done
 set_clumps_done
 Done
 TIME :    2.55216578207910       sec
          50 %           1   58.1491582796443     
 	 100 %           1   119.178316266509     
 Time :   119.333664185600     
 WOCIVL455M1NH220/N_atom300E+10_Vexp800E+02_Vemit200E+03_tauD000E+00_Vran300E+01
                      
 Start
           0
 set_grid_done
 set_clumps_done
 Done
 TIME :    2.54180375044234       sec
          50 %           1   59.1385894999839     
 	 100 %           1   118.837890445953     
 Time :   118.979094757233     
 WOCIVL455M1NH220/N_atom300E+10_Vexp900E+02_Vemit200E+03_tauD000E+00_Vran300E+01
                      
 Start
           0
 set_grid_done
 set_clumps_done
 Done
 TIME :    2.51463427697308       sec
          50 %           1   55.1568734012544     
 	 100 %           3   112.349036767147     
 Time :   112.508656408871     
 WOCIVL455M1NH220/N_atom300E+10_Vexp100E+03_Vemit200E+03_tauD000E+00_Vran300E+01
                      
 Start
           0
 set_grid_done
 set_clumps_done
 Done
 TIME :    2.55624342779629       sec
          50 %           4   59.4584332755767     
 	 100 %           3   123.044321911177     
 Time :   123.190572789172     
 WOCIVL455M1NH220/N_atom300E+10_Vexp200E+03_Vemit200E+03_tauD000E+00_Vran300E+01
                      
 Start
           0
 set_grid_done
 set_clumps_done
 Done
 TIME :    2.50126075441949       sec
          50 %           2   56.4174764493946     
 	 100 %           3   117.937833541073     
 Time :   118.102949519409     
 WOCIVL455M1NH220/N_atom300E+10_Vexp300E+03_Vemit200E+03_tauD000E+00_Vran300E+01
                      
 Start
           0
 set_grid_done
 set_clumps_done
 Done
 TIME :    2.55036089150235       sec
          50 %           1   63.7356544961222     
 	 100 %           4   114.468427020591     
 Time :   114.620602083858     
 WOCIVL455M1NH220/N_atom300E+10_Vexp500E+01_Vemit200E+03_tauD000E+00_Vran300E+01
                      
 Start
           0
 set_grid_done
 set_clumps_done
 Done
 TIME :    2.55713995220140       sec
          50 %           1   56.9994820358697     
 	 100 %           1   112.892069214256     
 Time :   113.049253243254     
 WOCIVL455M1NH220/N_atom300E+10_Vexp100E+02_Vemit200E+03_tauD000E+00_Vran500E+01
                      
 Start
           0
 set_grid_done
 set_clumps_done
 Done
 TIME :    2.55401741131209       sec
          50 %           1   60.9386675623246     
 	 100 %           4   123.279594628373     
 Time :   123.437932497822     
 WOCIVL455M1NH220/N_atom300E+10_Vexp200E+02_Vemit200E+03_tauD000E+00_Vran500E+01
                      
 Start
           0
 set_grid_done
 set_clumps_done
 Done
 TIME :    2.55312931304798       sec
          50 %           2   60.2602608213201     
 	 100 %           1   119.933175694197     
 Time :   120.084559782641     
 WOCIVL455M1NH220/N_atom300E+10_Vexp300E+02_Vemit200E+03_tauD000E+00_Vran500E+01
                      
 Start
           0
 set_grid_done
 set_clumps_done
 Done
 TIME :    2.54240767192096       sec
          50 %           3   64.1294421274215     
 	 100 %           1   125.155862310436     
 Time :   125.315304657212     
 WOCIVL455M1NH220/N_atom300E+10_Vexp400E+02_Vemit200E+03_tauD000E+00_Vran500E+01
                      
 Start
           0
 set_grid_done
 set_clumps_done
 Done
 TIME :    2.54697270854376       sec
          50 %           3   66.2702195171732     
 	 100 %           3   127.263115377631     
 Time :   127.417879894143     
 WOCIVL455M1NH220/N_atom300E+10_Vexp500E+02_Vemit200E+03_tauD000E+00_Vran500E+01
                      
 Start
           0
 set_grid_done
 set_clumps_done
 Done
 TIME :    2.55390457808971       sec
          50 %           4   58.6204106900841     
 	 100 %           1   116.424859023187     
 Time :   116.570616208250     
 WOCIVL455M1NH220/N_atom300E+10_Vexp600E+02_Vemit200E+03_tauD000E+00_Vran500E+01
                      
 Start
           0
 set_grid_done
 set_clumps_done
 Done
 TIME :    1.48027948220260       sec
          50 %           3   60.5607910593972     
 	 100 %           3   118.252961194376     
 Time :   118.400038664462     
 WOCIVL455M1NH220/N_atom300E+10_Vexp700E+02_Vemit200E+03_tauD000E+00_Vran500E+01
                      
 Start
           0
 set_grid_done
 set_clumps_done
 Done
 TIME :    1.48072022502311       sec
          50 %           1   63.8984648073092     
 	 100 %           1   122.075223434716     
 Time :   122.217403910821     
 WOCIVL455M1NH220/N_atom300E+10_Vexp800E+02_Vemit200E+03_tauD000E+00_Vran500E+01
                      
 Start
           0
 set_grid_done
 set_clumps_done
 Done
 TIME :    1.47769149136730       sec
          50 %           4   57.2289709930774     
 	 100 %           4   112.228286538972     
 Time :   112.378781096311     
 WOCIVL455M1NH220/N_atom300E+10_Vexp900E+02_Vemit200E+03_tauD000E+00_Vran500E+01
                      
 Start
           0
 set_grid_done
 set_clumps_done
 Done
 TIME :    1.49728407664225       sec
          50 %           3   58.9994016394485     
 	 100 %           2   119.679890067084     
 Time :   119.842433804413     
 WOCIVL455M1NH220/N_atom300E+10_Vexp100E+03_Vemit200E+03_tauD000E+00_Vran500E+01
                      
 Start
           0
 set_grid_done
 set_clumps_done
 Done
 TIME :    1.48498950293288       sec
          50 %           3   55.4370831884444     
 	 100 %           1   108.462291930569     
 Time :   108.614486290375     
 WOCIVL455M1NH220/N_atom300E+10_Vexp200E+03_Vemit200E+03_tauD000E+00_Vran500E+01
                      
 Start
           0
 set_grid_done
 set_clumps_done
 Done
 TIME :    1.47561268322170       sec
          50 %           2   59.0235353461467     
 	 100 %           4   125.081545500085     
 Time :   125.239392141346     
 WOCIVL455M1NH220/N_atom300E+10_Vexp300E+03_Vemit200E+03_tauD000E+00_Vran500E+01
                      
 Start
           0
 set_grid_done
 set_clumps_done
 Done
 TIME :    1.47652327385731       sec
          50 %           3   62.2776247402653     
 	 100 %           1   120.352683470119     
 Time :   120.508632294834     
 WOCIVL455M1NH220/N_atom300E+10_Vexp500E+01_Vemit200E+03_tauD000E+00_Vran500E+01
                      
 Start
           0
 set_grid_done
 set_clumps_done
 Done
 TIME :    1.47800643672235       sec
          50 %           1   62.9557195219677     
 	 100 %           4   178.637276928872     
 Time :   178.790968317538     
 WOCIVL455M1NH220/N_atom300E+10_Vexp100E+02_Vemit300E+03_tauD000E+00_Vran118E+01
                      
 Start
           0
 set_grid_done
 set_clumps_done
 Done
 TIME :    1.46608935622498       sec
          50 %           4   51.0289846821688     
 	 100 %           4   97.5445806058124     
 Time :   97.6925880834460     
 WOCIVL455M1NH220/N_atom300E+10_Vexp200E+02_Vemit300E+03_tauD000E+00_Vran118E+01
                      
 Start
           0
 set_grid_done
 set_clumps_done
 Done
 TIME :    1.47437359136529       sec
          50 %           3   51.7484134547412     
 	 100 %           4   98.5229843768757     
 Time :   98.6915078447200     
 WOCIVL455M1NH220/N_atom300E+10_Vexp300E+02_Vemit300E+03_tauD000E+00_Vran118E+01
                      
 Start
           0
 set_grid_done
 set_clumps_done
 Done
 TIME :    1.47594665409997       sec
          50 %           3   49.7946706439834     
 	 100 %           4   96.5422774306498     
 Time :   96.7087619954254     
 WOCIVL455M1NH220/N_atom300E+10_Vexp400E+02_Vemit300E+03_tauD000E+00_Vran118E+01
                      
 Start
           0
 set_grid_done
 set_clumps_done
 Done
 TIME :    1.49125725729391       sec
          50 %           1   48.8045110271778     
 	 100 %           1   96.3640041481704     
 Time :   96.5258903931826     
 WOCIVL455M1NH220/N_atom300E+10_Vexp500E+02_Vemit300E+03_tauD000E+00_Vran118E+01
                      
 Start
           0
 set_grid_done
 set_clumps_done
 Done
 TIME :    1.49286344274879       sec
          50 %           2   51.4221468213946     
 	 100 %           2   101.813794323942     
 Time :   101.971061780583     
 WOCIVL455M1NH220/N_atom300E+10_Vexp600E+02_Vemit300E+03_tauD000E+00_Vran118E+01
                      
 Start
           0
 set_grid_done
 set_clumps_done
 Done
 TIME :    1.47326475614682       sec
          50 %           3   60.8107736145612     
 	 100 %           4   114.935441051610     
 Time :   115.084840930533     
 WOCIVL455M1NH220/N_atom300E+10_Vexp700E+02_Vemit300E+03_tauD000E+00_Vran118E+01
                      
 Start
           0
 set_grid_done
 set_clumps_done
 Done
 TIME :    1.48333543725312       sec
          50 %           3   55.7652534390800     
 	 100 %           4   109.362166661303     
 Time :   109.521986380918     
 WOCIVL455M1NH220/N_atom300E+10_Vexp800E+02_Vemit300E+03_tauD000E+00_Vran118E+01
                      
 Start
           0
 set_grid_done
 set_clumps_done
 Done
 TIME :    1.48319000215270       sec
          50 %           2   56.7739873765968     
 	 100 %           1   111.031482535414     
 Time :   111.191241009394     
 WOCIVL455M1NH220/N_atom300E+10_Vexp900E+02_Vemit300E+03_tauD000E+00_Vran118E+01
                      
 Start
           0
 set_grid_done
 set_clumps_done
 Done
 TIME :    1.49361226800829       sec
          50 %           2   57.4166126898490     
 	 100 %           3   110.002246483928     
 Time :   110.149399827234     
 WOCIVL455M1NH220/N_atom300E+10_Vexp100E+03_Vemit300E+03_tauD000E+00_Vran118E+01
                      
 Start
           0
 set_grid_done
 set_clumps_done
 Done
 TIME :    1.48051909497008       sec
          50 %           3   57.8152328431606     
 	 100 %           3   107.873645574553     
 Time :   108.033997520106     
 WOCIVL455M1NH220/N_atom300E+10_Vexp200E+03_Vemit300E+03_tauD000E+00_Vran118E+01
                      
 Start
           0
 set_grid_done
 set_clumps_done
 Done
 TIME :    1.47904382692650       sec
          50 %           4   52.8286237248685     
 	 100 %           1   104.363223384600     
 Time :   104.517466275487     
 WOCIVL455M1NH220/N_atom300E+10_Vexp300E+03_Vemit300E+03_tauD000E+00_Vran118E+01
                      
 Start
           0
 set_grid_done
 set_clumps_done
 Done
 TIME :    1.48517023446038       sec
          50 %           2   59.5095084251370     
 	 100 %           4   120.088173702126     
 Time :   120.246206324780     
 WOCIVL455M1NH220/N_atom300E+10_Vexp500E+01_Vemit300E+03_tauD000E+00_Vran118E+01
                      
 Start
           0
 set_grid_done
 set_clumps_done
 Done
 TIME :    1.47869424638338       sec
          50 %           2   50.4467521365732     
 	 100 %           1   149.716476317262     
 Time :   149.871969741536     
 WOCIVL455M1NH220/N_atom300E+10_Vexp100E+02_Vemit300E+03_tauD000E+00_Vran300E+01
                      
 Start
           0
 set_grid_done
 set_clumps_done
 Done
 TIME :    1.47906026802957       sec
          50 %           2   53.6934950980358     
 	 100 %           1   106.181840150617     
 Time :   106.336311883992     
 WOCIVL455M1NH220/N_atom300E+10_Vexp200E+02_Vemit300E+03_tauD000E+00_Vran300E+01
                      
 Start
           0
 set_grid_done
 set_clumps_done
 Done
 TIME :    1.48700765683316       sec
          50 %           2   53.4715117244050     
 	 100 %           2   105.463413111167     
 Time :   105.623967098538     
 WOCIVL455M1NH220/N_atom300E+10_Vexp300E+02_Vemit300E+03_tauD000E+00_Vran300E+01
                      
 Start
           0
 set_grid_done
 set_clumps_done
 Done
 TIME :    1.47330190637149       sec
          50 %           2   49.1090432177298     
 	 100 %           1   96.8704436237458     
 Time :   97.0290736353491     
 WOCIVL455M1NH220/N_atom300E+10_Vexp400E+02_Vemit300E+03_tauD000E+00_Vran300E+01
                      
 Start
           0
 set_grid_done
 set_clumps_done
 Done
 TIME :    1.48230261541903       sec
          50 %           4   49.9201947234105     
 	 100 %           3   96.9796453679446     
 Time :   97.1416826783679     
 WOCIVL455M1NH220/N_atom300E+10_Vexp500E+02_Vemit300E+03_tauD000E+00_Vran300E+01
                      
 Start
           0
 set_grid_done
 set_clumps_done
 Done
 TIME :    1.48522675107233       sec
          50 %           4   59.1494646212086     
 	 100 %           3   144.064290984767     
 Time :   144.327207622118     
 WOCIVL455M1NH220/N_atom300E+10_Vexp600E+02_Vemit300E+03_tauD000E+00_Vran300E+01
                      
 Start
           0
 set_grid_done
 set_clumps_done
 Done
 TIME :    5.21681627281941       sec
          50 %           3   77.9836106097791     
 	 100 %           3   135.432177294744     
 Time :   135.590315396665     
 WOCIVL455M1NH220/N_atom300E+10_Vexp700E+02_Vemit300E+03_tauD000E+00_Vran300E+01
                      
 Start
           0
 set_grid_done
 set_clumps_done
 Done
 TIME :    2.54513974487782       sec
          50 %           1   58.8658629744314     
 	 100 %           2   113.324557710439     
 Time :   113.493325890740     
 WOCIVL455M1NH220/N_atom300E+10_Vexp800E+02_Vemit300E+03_tauD000E+00_Vran300E+01
                      
 Start
           0
 set_grid_done
 set_clumps_done
 Done
 TIME :    2.54830980533734       sec
          50 %           3   60.2240515747108     
 	 100 %           4   111.485307071358     
 Time :   111.654108123621     
 WOCIVL455M1NH220/N_atom300E+10_Vexp900E+02_Vemit300E+03_tauD000E+00_Vran300E+01
                      
 Start
           0
 set_grid_done
 set_clumps_done
 Done
 TIME :    2.55745955603197       sec
          50 %           2   56.3008372900076     
 	 100 %           3   108.348203992471     
 Time :   108.520365124336     
 WOCIVL455M1NH220/N_atom300E+10_Vexp100E+03_Vemit300E+03_tauD000E+00_Vran300E+01
                      
 Start
           0
 set_grid_done
 set_clumps_done
 Done
 TIME :    2.55096138617955       sec
          50 %           4   58.4636792163365     
 	 100 %           3   116.401676293463     
 Time :   116.576484006830     
 WOCIVL455M1NH220/N_atom300E+10_Vexp200E+03_Vemit300E+03_tauD000E+00_Vran300E+01
                      
 Start
           0
 set_grid_done
 set_clumps_done
 Done
 TIME :    2.54314164887182       sec
          50 %           1   59.6670347708277     
 	 100 %           2   116.281822940335     
 Time :   116.453294308856     
 WOCIVL455M1NH220/N_atom300E+10_Vexp300E+03_Vemit300E+03_tauD000E+00_Vran300E+01
                      
 Start
           0
 set_grid_done
 set_clumps_done
 Done
 TIME :    2.56728021474555       sec
          50 %           1   57.6724474939983     
 	 100 %           4   161.097156719072     
 Time :   161.258292355575     
 WOCIVL455M1NH220/N_atom300E+10_Vexp500E+01_Vemit300E+03_tauD000E+00_Vran300E+01
                      
 Start
           0
 set_grid_done
 set_clumps_done
 Done
 TIME :    2.40992069407366       sec
          50 %           3   51.3829640557524     
 	 100 %           2   104.515261739492     
 Time :   104.687485770322     
 WOCIVL455M1NH220/N_atom300E+10_Vexp100E+02_Vemit300E+03_tauD000E+00_Vran500E+01
                      
 Start
           0
 set_grid_done
 set_clumps_done
 Done
 TIME :    2.24974488164298       sec
          50 %           3   52.0704865432344     
 	 100 %           1   100.518043375341     
 Time :   100.666009324370     
 WOCIVL455M1NH220/N_atom300E+10_Vexp200E+02_Vemit300E+03_tauD000E+00_Vran500E+01
                      
 Start
           0
 set_grid_done
 set_clumps_done
 Done
 TIME :    2.33964441926219       sec
          50 %           1   59.6932220382150     
 	 100 %           2   111.045723547461     
 Time :   111.206670026528     
 WOCIVL455M1NH220/N_atom300E+10_Vexp300E+02_Vemit300E+03_tauD000E+00_Vran500E+01
                      
 Start
           0
 set_grid_done
 set_clumps_done
 Done
 TIME :    1.60445600515231       sec
          50 %           3   46.9499612667132     
 	 100 %           2   99.1102233736310     
 Time :   99.2826204213779     
 WOCIVL455M1NH220/N_atom300E+10_Vexp400E+02_Vemit300E+03_tauD000E+00_Vran500E+01
                      
 Start
           0
 set_grid_done
 set_clumps_done
 Done
 TIME :    2.52867696410976       sec
          50 %           4   57.9557377325837     
 	 100 %           3   111.983704208862     
 Time :   112.148948770249     
 WOCIVL455M1NH220/N_atom300E+10_Vexp500E+02_Vemit300E+03_tauD000E+00_Vran500E+01
                      
 Start
           0
 set_grid_done
 set_clumps_done
 Done
 TIME :    2.55129892425612       sec
          50 %           2   53.8569283166435     
 	 100 %           3   101.430194244953     
 Time :   101.593780622818     
 WOCIVL455M1NH220/N_atom300E+10_Vexp600E+02_Vemit300E+03_tauD000E+00_Vran500E+01
                      
 Start
           0
 set_grid_done
 set_clumps_done
 Done
 TIME :    2.53753876080737       sec
          50 %           4   48.2469030658249     
 	 100 %           1   93.5385428951122     
 Time :   93.6899493259843     
 WOCIVL455M1NH220/N_atom300E+10_Vexp700E+02_Vemit300E+03_tauD000E+00_Vran500E+01
                      
 Start
           0
 set_grid_done
 set_clumps_done
 Done
 TIME :    1.46545114018954       sec
          50 %           4   46.5559852994047     
 	 100 %           3   91.6783496499993     
 Time :   91.8251296780072     
 WOCIVL455M1NH220/N_atom300E+10_Vexp800E+02_Vemit300E+03_tauD000E+00_Vran500E+01
                      
 Start
           0
 set_grid_done
 set_clumps_done
 Done
 TIME :    1.47003276855685       sec
          50 %           2   49.7888268206734     
 	 100 %           4   95.6871856288053     
 Time :   95.8260369233321     
 WOCIVL455M1NH220/N_atom300E+10_Vexp900E+02_Vemit300E+03_tauD000E+00_Vran500E+01
                      
 Start
           0
 set_grid_done
 set_clumps_done
 Done
 TIME :    1.47082808124833       sec
          50 %           1   48.0897316208575     
 	 100 %           1   92.9050588670652     
 Time :   93.0403082850389     
 WOCIVL455M1NH220/N_atom300E+10_Vexp100E+03_Vemit300E+03_tauD000E+00_Vran500E+01
                      
 Start
           0
 set_grid_done
 set_clumps_done
 Done
 TIME :    2.46095442539081       sec
          50 %           3   43.3507520612329     
 	 100 %           4   84.1369716103654     
 Time :   84.2849667447153     
 WOCIVL455M1NH220/N_atom300E+10_Vexp200E+03_Vemit300E+03_tauD000E+00_Vran500E+01
                      
 Start
           0
 set_grid_done
 set_clumps_done
 Done
 TIME :    2.52980317245238       sec
          50 %           1   46.4618862955831     
 	 100 %           1   94.9185886003543     
 Time :   95.0816075457260     
 WOCIVL455M1NH220/N_atom300E+10_Vexp300E+03_Vemit300E+03_tauD000E+00_Vran500E+01
                      
 Start
           0
 set_grid_done
 set_clumps_done
 Done
 TIME :    2.53266864735633       sec
          50 %           1   49.1062724015210     
 	 100 %           1   97.5993414302357     
 Time :   97.7666627462022     
 WOCIVL455M1NH220/N_atom300E+10_Vexp500E+01_Vemit300E+03_tauD000E+00_Vran500E+01
                      
 Start
           0
 set_grid_done
 set_clumps_done
 Done
 TIME :    2.54461800889112       sec
          50 %           1   49.3762154371943     
 	 100 %           4   94.5681528935675     
 Time :   94.7165482840501     
