 test_data/N_atom400E+10_Vexp000E+00_Vemit100E+03_tauD000E+00_Vran000E+00       
                      
 Start
           0
 set_grid_done
 set_clumps_done
 Done
 TIME :    4.27225708961487       sec
forrtl: error (78): process killed (SIGTERM)
Image              PC                Routine            Line        Source             
libpthread-2.31.s  00007F6D7C4A0420  Unknown               Unknown  Unknown
CIV.out (deleted)  00000000004592F6  Unknown               Unknown  Unknown
CIV.out (deleted)  0000000000405F82  Unknown               Unknown  Unknown
CIV.out (deleted)  000000000040536D  Unknown               Unknown  Unknown
libc-2.31.so       00007F6D7BD63083  __libc_start_main     Unknown  Unknown
CIV.out (deleted)  000000000040528E  Unknown               Unknown  Unknown
forrtl: error (78): process killed (SIGTERM)
Image              PC                Routine            Line        Source             
libpthread-2.31.s  00007FAC8294C420  Unknown               Unknown  Unknown
CIV.out (deleted)  0000000000459145  Unknown               Unknown  Unknown
CIV.out (deleted)  0000000000405F82  Unknown               Unknown  Unknown
CIV.out (deleted)  000000000040536D  Unknown               Unknown  Unknown
libc-2.31.so       00007FAC8220F083  __libc_start_main     Unknown  Unknown
CIV.out (deleted)  000000000040528E  Unknown               Unknown  Unknown
forrtl: error (78): process killed (SIGTERM)
Image              PC                Routine            Line        Source             
libpthread-2.31.s  00007FD5A4EFF420  Unknown               Unknown  Unknown
libmpi.so.12.0.0   00007FD5A5604FC2  Unknown               Unknown  Unknown
libmpi.so.12.0.0   00007FD5A52927F9  Unknown               Unknown  Unknown
libmpi.so.12.0.0   00007FD5A5292A9C  Unknown               Unknown  Unknown
libmpi.so.12.0.0   00007FD5A55D9420  Unknown               Unknown  Unknown
libmpi.so.12.0.0   00007FD5A5120D4F  Unknown               Unknown  Unknown
libmpifort.so.12.  00007FD5AF0221F9  pmpi_recv_            Unknown  Unknown
CIV.out (deleted)  000000000040628A  Unknown               Unknown  Unknown
CIV.out (deleted)  000000000040536D  Unknown               Unknown  Unknown
libc-2.31.so       00007FD5A47C2083  __libc_start_main     Unknown  Unknown
CIV.out (deleted)  000000000040528E  Unknown               Unknown  Unknown
