nohup: ignoring input
 WOCIVL440M0001NH220/N_atom400E+10_Vexp100E+02_Vemit100E+03_tauD000E+00_Vran118E
 +01                  
 Start
           0
 set_grid_done
 set_clumps_done
 Done
 TIME :    3.57931100041606       sec
          50 %           1   67.9303276268765     
 	 100 %           1   125.254027679563     
 Time :   125.402281105518     
 WOCIVL440M0001NH220/N_atom400E+10_Vexp200E+02_Vemit100E+03_tauD000E+00_Vran118E
 +01                  
 Start
           0
 set_grid_done
 set_clumps_done
 Done
 TIME :    3.59007291775197       sec
          50 %           2   59.1983294296078     
 	 100 %           1   114.536574137397     
 Time :   114.683132737409     
 WOCIVL440M0001NH220/N_atom400E+10_Vexp300E+02_Vemit100E+03_tauD000E+00_Vran118E
 +01                  
 Start
           0
 set_grid_done
 set_clumps_done
 Done
 TIME :    3.58973637106828       sec
          50 %           2   60.2558397548273     
 	 100 %           1   110.338372714352     
 Time :   110.481843633810     
 WOCIVL440M0001NH220/N_atom400E+10_Vexp400E+02_Vemit100E+03_tauD000E+00_Vran118E
 +01                  
 Start
           0
 set_grid_done
 set_clumps_done
 Done
 TIME :    3.59396087215282       sec
          50 %           4   56.4153220260050     
 	 100 %           2   115.214611822506     
 Time :   115.372366601368     
 WOCIVL440M0001NH220/N_atom400E+10_Vexp500E+02_Vemit100E+03_tauD000E+00_Vran118E
 +01                  
 Start
           0
 set_grid_done
 set_clumps_done
 Done
 TIME :    3.58755241986364       sec
          50 %           2   65.3086708739866     
 	 100 %           4   128.290388456080     
 Time :   128.446902056923     
 WOCIVL440M0001NH220/N_atom400E+10_Vexp600E+02_Vemit100E+03_tauD000E+00_Vran118E
 +01                  
 Start
           0
 set_grid_done
 set_clumps_done
 Done
 TIME :    3.61720339767635       sec
          50 %           3   61.8383026598021     
 	 100 %           3   125.349641412497     
 Time :   125.502863817848     
 WOCIVL440M0001NH220/N_atom400E+10_Vexp700E+02_Vemit100E+03_tauD000E+00_Vran118E
 +01                  
 Start
           0
 set_grid_done
 set_clumps_done
 Done
 TIME :    3.60940141952597       sec
          50 %           4   60.2841070450377     
 	 100 %           1   128.030988835962     
 Time :   128.175398811698     
 WOCIVL440M0001NH220/N_atom400E+10_Vexp800E+02_Vemit100E+03_tauD000E+00_Vran118E
 +01                  
 Start
           0
 set_grid_done
 set_clumps_done
 Done
 TIME :    3.49661354999989       sec
          50 %           2   59.8541194510181     
 	 100 %           3   112.681693206541     
 Time :   112.844989868347     
 WOCIVL440M0001NH220/N_atom400E+10_Vexp900E+02_Vemit100E+03_tauD000E+00_Vran118E
 +01                  
 Start
           0
 set_grid_done
 set_clumps_done
 Done
 TIME :    3.63311896356754       sec
          50 %           2   68.1408609815408     
 	 100 %           1   132.833147363272     
 Time :   132.983181688236     
 WOCIVL440M0001NH220/N_atom400E+10_Vexp100E+03_Vemit100E+03_tauD000E+00_Vran118E
 +01                  
 Start
           0
 set_grid_done
 set_clumps_done
 Done
 TIME :    2.00839231256396       sec
          50 %           3   57.4565456232522     
 	 100 %           2   116.719837014563     
 Time :   116.881295449333     
 WOCIVL440M0001NH220/N_atom400E+10_Vexp200E+03_Vemit100E+03_tauD000E+00_Vran118E
 +01                  
 Start
           0
 set_grid_done
 set_clumps_done
 Done
 TIME :    3.63352770661004       sec
          50 %           2   56.2315864018165     
 	 100 %           3   114.435595476069     
 Time :   114.573713670252     
 WOCIVL440M0001NH220/N_atom400E+10_Vexp300E+03_Vemit100E+03_tauD000E+00_Vran118E
 +01                  
 Start
           0
 set_grid_done
 set_clumps_done
 Done
 TIME :    2.02318195858970       sec
          50 %           3   66.5103606591001     
 	 100 %           4   126.450531094102     
 Time :   126.594023163430     
 WOCIVL440M0001NH220/N_atom400E+10_Vexp500E+01_Vemit100E+03_tauD000E+00_Vran118E
 +01                  
 Start
           0
 set_grid_done
 set_clumps_done
 Done
 TIME :    2.01407610392198       sec
          50 %           3   62.8039440959692     
 	 100 %           3   123.243307603989     
 Time :   123.381980457343     
 WOCIVL440M0001NH220/N_atom400E+10_Vexp100E+02_Vemit100E+03_tauD000E+00_Vran300E
 +01                  
 Start
           0
 set_grid_done
 set_clumps_done
 Done
 TIME :    2.01020539202727       sec
          50 %           2   70.0031204090919     
 	 100 %           1   131.010881607654     
 Time :   131.151432984276     
 WOCIVL440M0001NH220/N_atom400E+10_Vexp200E+02_Vemit100E+03_tauD000E+00_Vran300E
 +01                  
 Start
           0
 set_grid_done
 set_clumps_done
 Done
 TIME :    2.01295384112746       sec
          50 %           3   61.6942105253693     
 	 100 %           4   113.983080339152     
 Time :   114.128747362643     
 WOCIVL440M0001NH220/N_atom400E+10_Vexp300E+02_Vemit100E+03_tauD000E+00_Vran300E
 +01                  
 Start
           0
 set_grid_done
 set_clumps_done
 Done
 TIME :    2.00657427357510       sec
          50 %           3   59.1461453982629     
 	 100 %           3   111.894511264283     
 Time :   112.037759772968     
 WOCIVL440M0001NH220/N_atom400E+10_Vexp400E+02_Vemit100E+03_tauD000E+00_Vran300E
 +01                  
 Start
           0
 set_grid_done
 set_clumps_done
 Done
 TIME :    2.01081800088286       sec
          50 %           1   57.8040950973518     
 	 100 %           2   117.759758769302     
 Time :   117.901086133905     
 WOCIVL440M0001NH220/N_atom400E+10_Vexp500E+02_Vemit100E+03_tauD000E+00_Vran300E
 +01                  
 Start
           0
 set_grid_done
 set_clumps_done
 Done
 TIME :    2.00786934327334       sec
          50 %           2   65.0253088367172     
 	 100 %           3   128.294798748568     
 Time :   128.435186716262     
 WOCIVL440M0001NH220/N_atom400E+10_Vexp600E+02_Vemit100E+03_tauD000E+00_Vran300E
 +01                  
 Start
           0
 set_grid_done
 set_clumps_done
 Done
 TIME :    2.01821805885993       sec
          50 %           2   63.1847055237740     
 	 100 %           4   120.867580601480     
 Time :   121.011627310188     
 WOCIVL440M0001NH220/N_atom400E+10_Vexp700E+02_Vemit100E+03_tauD000E+00_Vran300E
 +01                  
 Start
           0
 set_grid_done
 set_clumps_done
 Done
 TIME :    2.01920011662878       sec
          50 %           4   62.6664350738283     
 	 100 %           4   119.689831813332     
 Time :   119.851563975681     
 WOCIVL440M0001NH220/N_atom400E+10_Vexp800E+02_Vemit100E+03_tauD000E+00_Vran300E
 +01                  
 Start
           0
 set_grid_done
 set_clumps_done
 Done
 TIME :    3.61122004943900       sec
          50 %           4   71.3937655317131     
 	 100 %           1   179.625053046271     
 Time :   179.765337097459     
 WOCIVL440M0001NH220/N_atom400E+10_Vexp900E+02_Vemit100E+03_tauD000E+00_Vran300E
 +01                  
 Start
           0
 set_grid_done
 set_clumps_done
 Done
 TIME :    2.00549426046200       sec
          50 %           3   69.3397278366610     
 	 100 %           1   136.552565840771     
 Time :   136.694246594096     
 WOCIVL440M0001NH220/N_atom400E+10_Vexp100E+03_Vemit100E+03_tauD000E+00_Vran300E
 +01                  
 Start
           0
 set_grid_done
 set_clumps_done
 Done
 TIME :    2.02845332981087       sec
          50 %           4   66.6283180769533     
 	 100 %           3   128.496032261522     
 Time :   128.638397178845     
 WOCIVL440M0001NH220/N_atom400E+10_Vexp200E+03_Vemit100E+03_tauD000E+00_Vran300E
 +01                  
 Start
           0
 set_grid_done
 set_clumps_done
 Done
 TIME :    2.02119336696342       sec
          50 %           2   64.4165031805169     
 	 100 %           1   121.408533417154     
 Time :   121.550612453604     
 WOCIVL440M0001NH220/N_atom400E+10_Vexp300E+03_Vemit100E+03_tauD000E+00_Vran300E
 +01                  
 Start
           0
 set_grid_done
 set_clumps_done
 Done
 TIME :    2.02138801501133       sec
          50 %           3   60.9722025156952     
 	 100 %           3   116.150650351774     
 Time :   116.307982831728     
 WOCIVL440M0001NH220/N_atom400E+10_Vexp500E+01_Vemit100E+03_tauD000E+00_Vran300E
 +01                  
 Start
           0
 set_grid_done
 set_clumps_done
 Done
 TIME :    3.63196085300297       sec
          50 %           2   72.7844463521615     
 	 100 %           3   137.965884452686     
 Time :   138.127603670582     
 WOCIVL440M0001NH220/N_atom400E+10_Vexp100E+02_Vemit100E+03_tauD000E+00_Vran500E
 +01                  
 Start
           0
 set_grid_done
 set_clumps_done
 Done
 TIME :    3.62923767161556       sec
          50 %           3   68.5348317560274     
 	 100 %           1   138.944674019702     
 Time :   139.107627722900     
 WOCIVL440M0001NH220/N_atom400E+10_Vexp200E+02_Vemit100E+03_tauD000E+00_Vran500E
 +01                  
 Start
           0
 set_grid_done
 set_clumps_done
 Done
 TIME :    3.62415714119561       sec
          50 %           2   63.6464638251346     
 	 100 %           3   124.841432705289     
 Time :   124.985069568735     
 WOCIVL440M0001NH220/N_atom400E+10_Vexp300E+02_Vemit100E+03_tauD000E+00_Vran500E
 +01                  
 Start
           0
 set_grid_done
 set_clumps_done
 Done
 TIME :    3.60501554305665       sec
          50 %           1   61.4317235450726     
 	 100 %           4   118.780393701280     
 Time :   118.935776723549     
 WOCIVL440M0001NH220/N_atom400E+10_Vexp400E+02_Vemit100E+03_tauD000E+00_Vran500E
 +01                  
 Start
           0
 set_grid_done
 set_clumps_done
 Done
 TIME :    2.97373612574302       sec
          50 %           3   59.8720629028976     
 	 100 %           4   114.318496782333     
 Time :   114.475300381891     
 WOCIVL440M0001NH220/N_atom400E+10_Vexp500E+02_Vemit100E+03_tauD000E+00_Vran500E
 +01                  
 Start
           0
 set_grid_done
 set_clumps_done
 Done
 TIME :    3.62273016199470       sec
          50 %           4   61.5987200455274     
 	 100 %           1   121.087433605222     
 Time :   121.235371624585     
 WOCIVL440M0001NH220/N_atom400E+10_Vexp600E+02_Vemit100E+03_tauD000E+00_Vran500E
 +01                  
 Start
           0
 set_grid_done
 set_clumps_done
 Done
 TIME :    3.59673623181880       sec
          50 %           1   69.0303249903955     
 	 100 %           3   132.382195252692     
 Time :   132.531433982542     
 WOCIVL440M0001NH220/N_atom400E+10_Vexp700E+02_Vemit100E+03_tauD000E+00_Vran500E
 +01                  
 Start
           0
 set_grid_done
 set_clumps_done
 Done
 TIME :    3.63015585858375       sec
          50 %           1   62.5320268275682     
 	 100 %           2   126.363447216339     
 Time :   126.514661763562     
 WOCIVL440M0001NH220/N_atom400E+10_Vexp800E+02_Vemit100E+03_tauD000E+00_Vran500E
 +01                  
 Start
           0
 set_grid_done
 set_clumps_done
 Done
 TIME :    3.60606951685622       sec
          50 %           4   69.9145804571453     
 	 100 %           2   135.323795560515     
 Time :   135.492632943206     
 WOCIVL440M0001NH220/N_atom400E+10_Vexp900E+02_Vemit100E+03_tauD000E+00_Vran500E
 +01                  
 Start
           0
 set_grid_done
 set_clumps_done
 Done
 TIME :    3.61199823138304       sec
          50 %           1   60.8442508722655     
 	 100 %           2   118.498035051860     
 Time :   118.629154467257     
 WOCIVL440M0001NH220/N_atom400E+10_Vexp100E+03_Vemit100E+03_tauD000E+00_Vran500E
 +01                  
 Start
           0
 set_grid_done
 set_clumps_done
 Done
 TIME :    2.78516474436037       sec
          50 %           4   59.2935238792561     
 	 100 %           1   118.751994521590     
 Time :   118.895785476314     
 WOCIVL440M0001NH220/N_atom400E+10_Vexp200E+03_Vemit100E+03_tauD000E+00_Vran500E
 +01                  
 Start
           0
 set_grid_done
 set_clumps_done
 Done
 TIME :    3.49912039190531       sec
          50 %           2   67.6487025450915     
 	 100 %           3   125.069632968633     
 Time :   125.215084344381     
 WOCIVL440M0001NH220/N_atom400E+10_Vexp300E+03_Vemit100E+03_tauD000E+00_Vran500E
 +01                  
 Start
           0
 set_grid_done
 set_clumps_done
 Done
 TIME :    1.99549940414727       sec
          50 %           3   61.6926087650936     
 	 100 %           1   122.997804680839     
 Time :   123.155156196794     
 WOCIVL440M0001NH220/N_atom400E+10_Vexp500E+01_Vemit100E+03_tauD000E+00_Vran500E
 +01                  
 Start
           0
 set_grid_done
 set_clumps_done
 Done
 TIME :    3.61681030411273       sec
          50 %           1   76.0344480113126     
 	 100 %           2   151.835923762526     
 Time :   151.978305421537     
 WOCIVL440M0001NH220/N_atom400E+10_Vexp100E+02_Vemit200E+03_tauD000E+00_Vran118E
 +01                  
 Start
           0
 set_grid_done
 set_clumps_done
 Done
 TIME :    3.29103307425976       sec
          50 %           1   63.0324807453435     
 	 100 %           4   118.383413503878     
 Time :   118.536280456930     
 WOCIVL440M0001NH220/N_atom400E+10_Vexp200E+02_Vemit200E+03_tauD000E+00_Vran118E
 +01                  
 Start
           0
 set_grid_done
 set_clumps_done
 Done
 TIME :    3.62189377006143       sec
          50 %           2   56.5890992728528     
 	 100 %           1   111.799854080891     
 Time :   111.955673268298     
 WOCIVL440M0001NH220/N_atom400E+10_Vexp300E+02_Vemit200E+03_tauD000E+00_Vran118E
 +01                  
 Start
           0
 set_grid_done
 set_clumps_done
 Done
 TIME :    3.61828213813715       sec
          50 %           4   65.9990402460098     
 	 100 %           3   126.836148487404     
 Time :   126.973564573564     
 WOCIVL440M0001NH220/N_atom400E+10_Vexp400E+02_Vemit200E+03_tauD000E+00_Vran118E
 +01                  
 Start
           0
 set_grid_done
 set_clumps_done
 Done
 TIME :    3.61454095132649       sec
          50 %           4   60.0685718690511     
 	 100 %           1   118.278648841195     
 Time :   118.417715579737     
 WOCIVL440M0001NH220/N_atom400E+10_Vexp500E+02_Vemit200E+03_tauD000E+00_Vran118E
 +01                  
 Start
           0
 set_grid_done
 set_clumps_done
 Done
 TIME :    3.60055303177796       sec
          50 %           1   58.0858294358477     
 	 100 %           3   112.168268613284     
 Time :   112.316415237263     
 WOCIVL440M0001NH220/N_atom400E+10_Vexp600E+02_Vemit200E+03_tauD000E+00_Vran118E
 +01                  
 Start
           0
 set_grid_done
 set_clumps_done
 Done
 TIME :    3.60871659405529       sec
          50 %           4   59.2826799068134     
 	 100 %           2   118.534892782103     
 Time :   118.679436410544     
 WOCIVL440M0001NH220/N_atom400E+10_Vexp700E+02_Vemit200E+03_tauD000E+00_Vran118E
 +01                  
 Start
           0
 set_grid_done
 set_clumps_done
 Done
 TIME :    3.59009634214453       sec
          50 %           2   64.5938235698268     
 	 100 %           3   122.915056725033     
 Time :   123.062331609894     
 WOCIVL440M0001NH220/N_atom400E+10_Vexp800E+02_Vemit200E+03_tauD000E+00_Vran118E
 +01                  
 Start
           0
 set_grid_done
 set_clumps_done
 Done
 TIME :    3.62286163074896       sec
          50 %           1   109.237829848891     
 	 100 %           3   173.859966665972     
 Time :   173.997658964479     
 WOCIVL440M0001NH220/N_atom400E+10_Vexp900E+02_Vemit200E+03_tauD000E+00_Vran118E
 +01                  
 Start
           0
 set_grid_done
 set_clumps_done
 Done
 TIME :    2.71332094469108       sec
          50 %           3   61.7574271957856     
 	 100 %           1   126.456990252249     
 Time :   126.608135708608     
 WOCIVL440M0001NH220/N_atom400E+10_Vexp100E+03_Vemit200E+03_tauD000E+00_Vran118E
 +01                  
 Start
           0
 set_grid_done
 set_clumps_done
 Done
 TIME :    3.54488555132411       sec
          50 %           1   65.8453949608374     
 	 100 %           1   132.998397370102     
 Time :   133.144161246950     
 WOCIVL440M0001NH220/N_atom400E+10_Vexp200E+03_Vemit200E+03_tauD000E+00_Vran118E
 +01                  
 Start
           0
 set_grid_done
 set_clumps_done
 Done
 TIME :    3.61033497541212       sec
          50 %           1   64.3093046140857     
 	 100 %           3   129.947499034461     
 Time :   130.112134909490     
 WOCIVL440M0001NH220/N_atom400E+10_Vexp300E+03_Vemit200E+03_tauD000E+00_Vran118E
 +01                  
 Start
           0
 set_grid_done
 set_clumps_done
 Done
 TIME :    3.62938135350123       sec
          50 %           1   62.9174145064317     
 	 100 %           1   121.361334465910     
 Time :   121.516486240784     
 WOCIVL440M0001NH220/N_atom400E+10_Vexp500E+01_Vemit200E+03_tauD000E+00_Vran118E
 +01                  
 Start
           0
 set_grid_done
 set_clumps_done
 Done
 TIME :    3.63164886273444       sec
          50 %           1   63.4110199497081     
 	 100 %           2   123.310656531015     
 Time :   123.456302344566     
 WOCIVL440M0001NH220/N_atom400E+10_Vexp100E+02_Vemit200E+03_tauD000E+00_Vran300E
 +01                  
 Start
           0
 set_grid_done
 set_clumps_done
 Done
 TIME :    3.58900922560133       sec
          50 %           2   60.0973899413366     
 	 100 %           1   119.204586143140     
 Time :   119.358962872066     
 WOCIVL440M0001NH220/N_atom400E+10_Vexp200E+02_Vemit200E+03_tauD000E+00_Vran300E
 +01                  
 Start
           0
 set_grid_done
 set_clumps_done
 Done
 TIME :    3.60505765280686       sec
          50 %           3   64.6385256682988     
 	 100 %           1   128.930715147173     
 Time :   129.082190387649     
 WOCIVL440M0001NH220/N_atom400E+10_Vexp300E+02_Vemit200E+03_tauD000E+00_Vran300E
 +01                  
 Start
           0
 set_grid_done
 set_clumps_done
 Done
 TIME :    3.52734546246938       sec
          50 %           3   68.0299610535149     
 	 100 %           2   124.114220090909     
 Time :   124.275183218764     
 WOCIVL440M0001NH220/N_atom400E+10_Vexp400E+02_Vemit200E+03_tauD000E+00_Vran300E
 +01                  
 Start
           0
 set_grid_done
 set_clumps_done
 Done
 TIME :    3.52560956892557       sec
          50 %           2   66.4656633494888     
 	 100 %           3   126.151311680907     
 Time :   126.295368188061     
 WOCIVL440M0001NH220/N_atom400E+10_Vexp500E+02_Vemit200E+03_tauD000E+00_Vran300E
 +01                  
 Start
           0
 set_grid_done
 set_clumps_done
 Done
 TIME :    3.61225812300108       sec
          50 %           4   62.3395329762716     
 	 100 %           4   122.647546252469     
 Time :   122.807436730945     
 WOCIVL440M0001NH220/N_atom400E+10_Vexp600E+02_Vemit200E+03_tauD000E+00_Vran300E
 +01                  
 Start
           0
 set_grid_done
 set_clumps_done
 Done
 TIME :    3.61981062940322       sec
          50 %           4   64.2320875301957     
 	 100 %           2   129.604926835047     
 Time :   129.756137885852     
 WOCIVL440M0001NH220/N_atom400E+10_Vexp700E+02_Vemit200E+03_tauD000E+00_Vran300E
 +01                  
 Start
           0
 set_grid_done
 set_clumps_done
 Done
 TIME :    3.60461677890271       sec
          50 %           2   64.9256737071555     
 	 100 %           1   129.638826229377     
 Time :   129.792589507764     
 WOCIVL440M0001NH220/N_atom400E+10_Vexp800E+02_Vemit200E+03_tauD000E+00_Vran300E
 +01                  
 Start
           0
 set_grid_done
 set_clumps_done
 Done
 TIME :    3.61433324846439       sec
          50 %           3   66.4000236054417     
 	 100 %           4   130.158707355848     
 Time :   130.313635758124     
 WOCIVL440M0001NH220/N_atom400E+10_Vexp900E+02_Vemit200E+03_tauD000E+00_Vran300E
 +01                  
 Start
           0
 set_grid_done
 set_clumps_done
 Done
 TIME :    3.59686388331465       sec
          50 %           4   65.3000215929933     
 	 100 %           3   130.396569495555     
 Time :   130.561549230944     
 WOCIVL440M0001NH220/N_atom400E+10_Vexp100E+03_Vemit200E+03_tauD000E+00_Vran300E
 +01                  
 Start
           0
 set_grid_done
 set_clumps_done
 Done
 TIME :    3.62091094092466       sec
          50 %           1   64.6488726306707     
 	 100 %           2   130.348947724327     
 Time :   130.491393524688     
 WOCIVL440M0001NH220/N_atom400E+10_Vexp200E+03_Vemit200E+03_tauD000E+00_Vran300E
 +01                  
 Start
           0
 set_grid_done
 set_clumps_done
 Done
 TIME :    3.63795885862783       sec
          50 %           4   66.3507034215145     
 	 100 %           1   126.516526831314     
 Time :   126.677579358220     
 WOCIVL440M0001NH220/N_atom400E+10_Vexp300E+03_Vemit200E+03_tauD000E+00_Vran300E
 +01                  
 Start
           0
 set_grid_done
 set_clumps_done
 Done
 TIME :    3.61930457223207       sec
          50 %           1   64.6561084375717     
 	 100 %           1   126.557033774210     
 Time :   126.719011671375     
 WOCIVL440M0001NH220/N_atom400E+10_Vexp500E+01_Vemit200E+03_tauD000E+00_Vran300E
 +01                  
 Start
           0
 set_grid_done
 set_clumps_done
 Done
 TIME :    3.62178237922490       sec
          50 %           1   71.9049170254730     
 	 100 %           4   144.816143654985     
 Time :   144.973424517317     
 WOCIVL440M0001NH220/N_atom400E+10_Vexp100E+02_Vemit200E+03_tauD000E+00_Vran500E
 +01                  
 Start
           0
 set_grid_done
 set_clumps_done
 Done
 TIME :    2.00471241166815       sec
          50 %           4   68.1403982362244     
 	 100 %           1   134.155493301339     
 Time :   134.305219072383     
 WOCIVL440M0001NH220/N_atom400E+10_Vexp200E+02_Vemit200E+03_tauD000E+00_Vran500E
 +01                  
 Start
           0
 set_grid_done
 set_clumps_done
 Done
 TIME :    3.47455017501488       sec
          50 %           2   67.7141688510310     
 	 100 %           2   128.665172777604     
 Time :   128.812467800686     
 WOCIVL440M0001NH220/N_atom400E+10_Vexp300E+02_Vemit200E+03_tauD000E+00_Vran500E
 +01                  
 Start
           0
 set_grid_done
 set_clumps_done
 Done
 TIME :    3.29966823849827       sec
          50 %           4   66.7474688726943     
 	 100 %           2   125.243976797443     
 Time :   125.398309823591     
 WOCIVL440M0001NH220/N_atom400E+10_Vexp400E+02_Vemit200E+03_tauD000E+00_Vran500E
 +01                  
 Start
           0
 set_grid_done
 set_clumps_done
 Done
 TIME :    3.47211814462207       sec
          50 %           1   59.9120221396443     
 	 100 %           4   117.835298610386     
 Time :   117.999463444576     
 WOCIVL440M0001NH220/N_atom400E+10_Vexp500E+02_Vemit200E+03_tauD000E+00_Vran500E
 +01                  
 Start
           0
 set_grid_done
 set_clumps_done
 Done
 TIME :    3.61213428876363       sec
          50 %           1   103.342923921766     
 	 100 %           4   180.081207417417     
 Time :   180.243731287308     
 WOCIVL440M0001NH220/N_atom400E+10_Vexp600E+02_Vemit200E+03_tauD000E+00_Vran500E
 +01                  
 Start
           0
 set_grid_done
 set_clumps_done
 Done
 TIME :    3.60515413526446       sec
          50 %           3   63.2601857720874     
 	 100 %           3   122.586684095673     
 Time :   122.752300765831     
 WOCIVL440M0001NH220/N_atom400E+10_Vexp700E+02_Vemit200E+03_tauD000E+00_Vran500E
 +01                  
 Start
           0
 set_grid_done
 set_clumps_done
 Done
 TIME :    3.60761267575435       sec
          50 %           2   64.0077797998674     
 	 100 %           2   127.765057781013     
 Time :   127.920432116836     
 WOCIVL440M0001NH220/N_atom400E+10_Vexp800E+02_Vemit200E+03_tauD000E+00_Vran500E
 +01                  
 Start
           0
 set_grid_done
 set_clumps_done
 Done
 TIME :    3.61100252810866       sec
          50 %           3   61.2978347411845     
 	 100 %           2   126.841070688330     
 Time :   127.006230023457     
 WOCIVL440M0001NH220/N_atom400E+10_Vexp900E+02_Vemit200E+03_tauD000E+00_Vran500E
 +01                  
 Start
           0
 set_grid_done
 set_clumps_done
 Done
 TIME :    3.61850524018519       sec
          50 %           4   67.3157001582440     
 	 100 %           1   122.394601542503     
 Time :   122.547005800297     
 WOCIVL440M0001NH220/N_atom400E+10_Vexp100E+03_Vemit200E+03_tauD000E+00_Vran500E
 +01                  
 Start
           0
 set_grid_done
 set_clumps_done
 Done
 TIME :    3.61307143163867       sec
          50 %           1   64.2915750266984     
 	 100 %           1   128.751423269045     
 Time :   128.914510183968     
 WOCIVL440M0001NH220/N_atom400E+10_Vexp200E+03_Vemit200E+03_tauD000E+00_Vran500E
 +01                  
 Start
           0
 set_grid_done
 set_clumps_done
 Done
 TIME :    3.62226091441698       sec
          50 %           2   64.1661278109532     
 	 100 %           2   126.043915009359     
 Time :   126.196936654858     
 WOCIVL440M0001NH220/N_atom400E+10_Vexp300E+03_Vemit200E+03_tauD000E+00_Vran500E
 +01                  
 Start
           0
 set_grid_done
 set_clumps_done
 Done
 TIME :    3.61506771785207       sec
          50 %           3   57.3017769530416     
 	 100 %           4   112.753828117158     
 Time :   112.910365693271     
 WOCIVL440M0001NH220/N_atom400E+10_Vexp500E+01_Vemit200E+03_tauD000E+00_Vran500E
 +01                  
 Start
           0
 set_grid_done
 set_clumps_done
 Done
 TIME :    3.60792861343361       sec
          50 %           1   72.0696698518004     
 	 100 %           2   145.478901817463     
 Time :   145.632012521382     
 WOCIVL440M0001NH220/N_atom400E+10_Vexp100E+02_Vemit300E+03_tauD000E+00_Vran118E
 +01                  
 Start
           0
 set_grid_done
 set_clumps_done
 Done
 TIME :    3.61501488788053       sec
          50 %           4   63.5343417450786     
 	 100 %           4   123.021378002129     
 Time :   123.167854266474     
 WOCIVL440M0001NH220/N_atom400E+10_Vexp200E+02_Vemit300E+03_tauD000E+00_Vran118E
 +01                  
 Start
           0
 set_grid_done
 set_clumps_done
 Done
 TIME :    3.62427696818486       sec
          50 %           3   55.9429962951690     
 	 100 %           4   109.707482152618     
 Time :   109.860995889176     
 WOCIVL440M0001NH220/N_atom400E+10_Vexp300E+02_Vemit300E+03_tauD000E+00_Vran118E
 +01                  
 Start
           0
 set_grid_done
 set_clumps_done
 Done
 TIME :    3.61673099407926       sec
          50 %           2   110.981885622721     
 	 100 %           3   163.511347109452     
 Time :   163.659906854853     
 WOCIVL440M0001NH220/N_atom400E+10_Vexp400E+02_Vemit300E+03_tauD000E+00_Vran118E
 +01                  
 Start
           0
 set_grid_done
 set_clumps_done
 Done
 TIME :    3.60112924175337       sec
          50 %           3   61.8206905445550     
 	 100 %           4   124.600216511171     
 Time :   124.755180941662     
 WOCIVL440M0001NH220/N_atom400E+10_Vexp500E+02_Vemit300E+03_tauD000E+00_Vran118E
 +01                  
 Start
           0
 set_grid_done
 set_clumps_done
 Done
 TIME :    3.51752933440730       sec
          50 %           3   66.4113725030329     
 	 100 %           2   125.115073894849     
 Time :   125.277569912141     
 WOCIVL440M0001NH220/N_atom400E+10_Vexp600E+02_Vemit300E+03_tauD000E+00_Vran118E
 +01                  
 Start
           0
 set_grid_done
 set_clumps_done
 Done
 TIME :    3.61566272331402       sec
          50 %           4   62.1765733121429     
 	 100 %           2   118.669003175106     
 Time :   118.819039092865     
 WOCIVL440M0001NH220/N_atom400E+10_Vexp700E+02_Vemit300E+03_tauD000E+00_Vran118E
 +01                  
 Start
           0
 set_grid_done
 set_clumps_done
 Done
 TIME :    3.60971273831092       sec
          50 %           2   62.1704901352059     
 	 100 %           2   175.389862044249     
 Time :   175.536412979709     
 WOCIVL440M0001NH220/N_atom400E+10_Vexp800E+02_Vemit300E+03_tauD000E+00_Vran118E
 +01                  
 Start
           0
 set_grid_done
 set_clumps_done
 Done
 TIME :    2.00912952702492       sec
          50 %           1   61.4483583916444     
 	 100 %           4   124.918429402402     
 Time :   125.071428435156     
 WOCIVL440M0001NH220/N_atom400E+10_Vexp900E+02_Vemit300E+03_tauD000E+00_Vran118E
 +01                  
 Start
           0
 set_grid_done
 set_clumps_done
 Done
 TIME :    2.03184932377189       sec
          50 %           2   63.3045867208857     
 	 100 %           3   123.753795051482     
 Time :   123.907361818012     
 WOCIVL440M0001NH220/N_atom400E+10_Vexp100E+03_Vemit300E+03_tauD000E+00_Vran118E
 +01                  
 Start
           0
 set_grid_done
 set_clumps_done
 Done
 TIME :    2.01482686423697       sec
          50 %           3   62.7682592845522     
 	 100 %           2   127.240936003160     
 Time :   127.394976305543     
 WOCIVL440M0001NH220/N_atom400E+10_Vexp200E+03_Vemit300E+03_tauD000E+00_Vran118E
 +01                  
 Start
           0
 set_grid_done
 set_clumps_done
 Done
 TIME :    2.01829398260452       sec
          50 %           3   63.9382763174362     
 	 100 %           3   127.325501296669     
 Time :   127.481626843568     
 WOCIVL440M0001NH220/N_atom400E+10_Vexp300E+03_Vemit300E+03_tauD000E+00_Vran118E
 +01                  
 Start
           0
 set_grid_done
 set_clumps_done
 Done
 TIME :    2.02508532907814       sec
          50 %           1   62.4823817389552     
 	 100 %           4   121.294538164046     
 Time :   121.445768381003     
 WOCIVL440M0001NH220/N_atom400E+10_Vexp500E+01_Vemit300E+03_tauD000E+00_Vran118E
 +01                  
 Start
           0
 set_grid_done
 set_clumps_done
 Done
 TIME :    2.02322915801778       sec
          50 %           4   63.2430219650269     
 	 100 %           3   122.618081136374     
 Time :   122.772964804200     
 WOCIVL440M0001NH220/N_atom400E+10_Vexp100E+02_Vemit300E+03_tauD000E+00_Vran300E
 +01                  
 Start
           0
 set_grid_done
 set_clumps_done
 Done
 TIME :    2.02627707342617       sec
          50 %           1   109.456686287420     
 	 100 %           3   163.749718582723     
 Time :   163.891261565266     
 WOCIVL440M0001NH220/N_atom400E+10_Vexp200E+02_Vemit300E+03_tauD000E+00_Vran300E
 +01                  
 Start
           0
 set_grid_done
 set_clumps_done
 Done
 TIME :    2.00353639712557       sec
          50 %           4   55.2602118509822     
 	 100 %           2   107.653922611848     
 Time :   107.802141873166     
 WOCIVL440M0001NH220/N_atom400E+10_Vexp300E+02_Vemit300E+03_tauD000E+00_Vran300E
 +01                  
 Start
           0
 set_grid_done
 set_clumps_done
 Done
 TIME :    2.00083955563605       sec
          50 %           1   55.4133615486789     
 	 100 %           3   115.061187705491     
 Time :   115.216189236147     
 WOCIVL440M0001NH220/N_atom400E+10_Vexp400E+02_Vemit300E+03_tauD000E+00_Vran300E
 +01                  
 Start
           0
 set_grid_done
 set_clumps_done
 Done
 TIME :    1.99436158197932       sec
          50 %           2   60.0087935223710     
 	 100 %           3   113.731806940632     
 Time :   113.877396447584     
 WOCIVL440M0001NH220/N_atom400E+10_Vexp500E+02_Vemit300E+03_tauD000E+00_Vran300E
 +01                  
 Start
           0
 set_grid_done
 set_clumps_done
 Done
 TIME :    2.00274712406099       sec
          50 %           1   52.2762144149747     
 	 100 %           2   103.146449510939     
 Time :   103.304495510645     
 WOCIVL440M0001NH220/N_atom400E+10_Vexp600E+02_Vemit300E+03_tauD000E+00_Vran300E
 +01                  
 Start
           0
 set_grid_done
 set_clumps_done
 Done
 TIME :    2.02254569507204       sec
          50 %           4   57.2954816750716     
 	 100 %           1   107.791778740473     
 Time :   107.944189690752     
 WOCIVL440M0001NH220/N_atom400E+10_Vexp700E+02_Vemit300E+03_tauD000E+00_Vran300E
 +01                  
 Start
           0
 set_grid_done
 set_clumps_done
 Done
 TIME :    2.00846768496558       sec
          50 %           1   52.6365521491971     
 	 100 %           3   102.573151210556     
 Time :   102.713991974713     
 WOCIVL440M0001NH220/N_atom400E+10_Vexp800E+02_Vemit300E+03_tauD000E+00_Vran300E
 +01                  
 Start
           0
 set_grid_done
 set_clumps_done
 Done
 TIME :    2.00303696235642       sec
          50 %           3   51.8422019074205     
 	 100 %           1   104.949596672086     
 Time :   105.095034081256     
 WOCIVL440M0001NH220/N_atom400E+10_Vexp900E+02_Vemit300E+03_tauD000E+00_Vran300E
 +01                  
 Start
           0
 set_grid_done
 set_clumps_done
 Done
 TIME :    1.99590402957983       sec
          50 %           2   57.8445636576507     
 	 100 %           2   113.301673300099     
 Time :   113.441493113060     
 WOCIVL440M0001NH220/N_atom400E+10_Vexp100E+03_Vemit300E+03_tauD000E+00_Vran300E
 +01                  
 Start
           0
 set_grid_done
 set_clumps_done
 Done
 TIME :    1.99774904968217       sec
          50 %           2   56.0782775329426     
 	 100 %           4   107.034425040707     
 Time :   107.174446755787     
 WOCIVL440M0001NH220/N_atom400E+10_Vexp200E+03_Vemit300E+03_tauD000E+00_Vran300E
 +01                  
 Start
           0
 set_grid_done
 set_clumps_done
 Done
 TIME :    1.99390379618853       sec
          50 %           1   53.5235672863200     
 	 100 %           3   102.967712512473     
 Time :   103.107204104541     
 WOCIVL440M0001NH220/N_atom400E+10_Vexp300E+03_Vemit300E+03_tauD000E+00_Vran300E
 +01                  
 Start
           0
 set_grid_done
 set_clumps_done
 Done
 TIME :    1.99789395369589       sec
          50 %           3   51.1080803037621     
 	 100 %           4   108.377260136185     
 Time :   108.533005884616     
 WOCIVL440M0001NH220/N_atom400E+10_Vexp500E+01_Vemit300E+03_tauD000E+00_Vran300E
 +01                  
 Start
           0
 set_grid_done
 set_clumps_done
 Done
 TIME :    2.00677157659084       sec
          50 %           2   61.1121044838801     
 	 100 %           3   115.495447150199     
 Time :   115.623330604285     
 WOCIVL440M0001NH220/N_atom400E+10_Vexp100E+02_Vemit300E+03_tauD000E+00_Vran500E
 +01                  
 Start
           0
 set_grid_done
 set_clumps_done
 Done
 TIME :    2.02162218815647       sec
          50 %           1   52.5468627831433     
 	 100 %           4   101.487239180831     
 Time :   101.614782802295     
 WOCIVL440M0001NH220/N_atom400E+10_Vexp200E+02_Vemit300E+03_tauD000E+00_Vran500E
 +01                  
 Start
           0
 set_grid_done
 set_clumps_done
 Done
 TIME :    2.02567788981833       sec
          50 %           1   46.6730690719560     
 	 100 %           2   91.4367209824268     
 Time :   91.5679877665825     
 WOCIVL440M0001NH220/N_atom400E+10_Vexp300E+02_Vemit300E+03_tauD000E+00_Vran500E
 +01                  
 Start
           0
 set_grid_done
 set_clumps_done
 Done
 TIME :    1.99906870583072       sec
          50 %           2   45.5843168492429     
 	 100 %           3   89.3650287117343     
 Time :   89.4980121029075     
 WOCIVL440M0001NH220/N_atom400E+10_Vexp400E+02_Vemit300E+03_tauD000E+00_Vran500E
 +01                  
 Start
           0
 set_grid_done
 set_clumps_done
 Done
 TIME :    1.99295091349632       sec
          50 %           1   45.8309136214666     
 	 100 %           1   89.7431066436693     
 Time :   89.8767444926780     
 WOCIVL440M0001NH220/N_atom400E+10_Vexp500E+02_Vemit300E+03_tauD000E+00_Vran500E
 +01                  
 Start
           0
 set_grid_done
 set_clumps_done
 Done
 TIME :    1.99123173160478       sec
          50 %           4   46.2089943287428     
 	 100 %           3   90.6941833291203     
 Time :   90.8229790190235     
 WOCIVL440M0001NH220/N_atom400E+10_Vexp600E+02_Vemit300E+03_tauD000E+00_Vran500E
 +01                  
 Start
           0
 set_grid_done
 set_clumps_done
 Done
 TIME :    1.99096115957946       sec
          50 %           4   47.3669664973859     
 	 100 %           3   92.5509840410668     
 Time :   92.6792391883209     
 WOCIVL440M0001NH220/N_atom400E+10_Vexp700E+02_Vemit300E+03_tauD000E+00_Vran500E
 +01                  
 Start
           0
 set_grid_done
 set_clumps_done
 Done
 TIME :    1.98547419067472       sec
          50 %           1   47.8184885059018     
 	 100 %           2   93.6462577194907     
 Time :   93.7767871287651     
 WOCIVL440M0001NH220/N_atom400E+10_Vexp800E+02_Vemit300E+03_tauD000E+00_Vran500E
 +01                  
 Start
           0
 set_grid_done
 set_clumps_done
 Done
 TIME :    1.96376160928048       sec
          50 %           1   48.3574212305248     
 	 100 %           3   94.8580592318904     
 Time :   94.9887795222457     
 WOCIVL440M0001NH220/N_atom400E+10_Vexp900E+02_Vemit300E+03_tauD000E+00_Vran500E
 +01                  
 Start
           0
 set_grid_done
 set_clumps_done
 Done
 TIME :    1.96388152590953       sec
          50 %           4   48.4924347116612     
 	 100 %           3   94.9756134671625     
 Time :   95.1050681937486     
 WOCIVL440M0001NH220/N_atom400E+10_Vexp100E+03_Vemit300E+03_tauD000E+00_Vran500E
 +01                  
 Start
           0
 set_grid_done
 set_clumps_done
 Done
 TIME :    1.95532190473750       sec
          50 %           4   48.3364746880252     
 	 100 %           4   94.6564360216726     
 Time :   94.7893340215087     
 WOCIVL440M0001NH220/N_atom400E+10_Vexp200E+03_Vemit300E+03_tauD000E+00_Vran500E
 +01                  
 Start
           0
 set_grid_done
 set_clumps_done
 Done
 TIME :    1.94095583981834       sec
          50 %           1   45.6734348549508     
 	 100 %           3   88.8369472736958     
 Time :   88.9647516082041     
 WOCIVL440M0001NH220/N_atom400E+10_Vexp300E+03_Vemit300E+03_tauD000E+00_Vran500E
 +01                  
 Start
           0
 set_grid_done
 set_clumps_done
 Done
 TIME :    1.94273605709895       sec
          50 %           3   45.0037729332689     
 	 100 %           4   88.1126619463321     
 Time :   88.2452290100046     
 WOCIVL440M0001NH220/N_atom400E+10_Vexp500E+01_Vemit300E+03_tauD000E+00_Vran500E
 +01                  
 Start
           0
 set_grid_done
 set_clumps_done
 Done
 TIME :    1.96863913536072       sec
          50 %           3   58.4827702182811     
 	 100 %           2   115.067752533592     
 Time :   115.198885704856     
