nohup: ignoring input
 WOCIVL440M0010NH220/N_atom400E+10_Vexp100E+02_Vemit100E+03_tauD000E+00_Vran118E
 +01                  
 Start
           0
 set_grid_done
 set_clumps_done
 Done
 TIME :    3.63498762436211       sec
          50 %           4   59.2830327490810     
 	 100 %           1   115.283461750485     
 Time :   115.449423349695     
 WOCIVL440M0010NH220/N_atom400E+10_Vexp200E+02_Vemit100E+03_tauD000E+00_Vran118E
 +01                  
 Start
           0
 set_grid_done
 set_clumps_done
 Done
 TIME :    3.64335489994846       sec
          50 %           1   53.8807632001117     
 	 100 %           3   110.158144882182     
 Time :   110.313210633583     
 WOCIVL440M0010NH220/N_atom400E+10_Vexp300E+02_Vemit100E+03_tauD000E+00_Vran118E
 +01                  
 Start
           0
 set_grid_done
 set_clumps_done
 Done
 TIME :    1.99889263836667       sec
          50 %           4   53.8370930950623     
 	 100 %           3   111.200304516358     
 Time :   111.370754675008     
 WOCIVL440M0010NH220/N_atom400E+10_Vexp400E+02_Vemit100E+03_tauD000E+00_Vran118E
 +01                  
 Start
           0
 set_grid_done
 set_clumps_done
 Done
 TIME :    3.73052024887875       sec
          50 %           2   61.0437619904988     
 	 100 %           4   119.617870595772     
 Time :   119.784663016442     
 WOCIVL440M0010NH220/N_atom400E+10_Vexp500E+02_Vemit100E+03_tauD000E+00_Vran118E
 +01                  
 Start
           0
 set_grid_done
 set_clumps_done
 Done
 TIME :    3.77585496194661       sec
          50 %           4   62.0698680323549     
 	 100 %           1   120.615896959556     
 Time :   120.796029490652     
 WOCIVL440M0010NH220/N_atom400E+10_Vexp600E+02_Vemit100E+03_tauD000E+00_Vran118E
 +01                  
 Start
           0
 set_grid_done
 set_clumps_done
 Done
 TIME :    3.81800806778483       sec
          50 %           1   64.4444145888556     
 	 100 %           2   124.233057116158     
 Time :   124.402024099603     
 WOCIVL440M0010NH220/N_atom400E+10_Vexp700E+02_Vemit100E+03_tauD000E+00_Vran118E
 +01                  
 Start
           0
 set_grid_done
 set_clumps_done
 Done
 TIME :    3.82481559296139       sec
          50 %           3   63.8469109183643     
 	 100 %           2   123.256991317496     
 Time :   123.429443612695     
 WOCIVL440M0010NH220/N_atom400E+10_Vexp800E+02_Vemit100E+03_tauD000E+00_Vran118E
 +01                  
 Start
           0
 set_grid_done
 set_clumps_done
 Done
 TIME :    3.79794618394226       sec
          50 %           3   64.5814363930840     
 	 100 %           4   126.481868144358     
 Time :   126.658709009876     
 WOCIVL440M0010NH220/N_atom400E+10_Vexp900E+02_Vemit100E+03_tauD000E+00_Vran118E
 +01                  
 Start
           0
 set_grid_done
 set_clumps_done
 Done
 TIME :    3.81226049712859       sec
          50 %           3   62.5231779539026     
 	 100 %           1   121.264080232009     
 Time :   121.439210582525     
 WOCIVL440M0010NH220/N_atom400E+10_Vexp100E+03_Vemit100E+03_tauD000E+00_Vran118E
 +01                  
 Start
           0
 set_grid_done
 set_clumps_done
 Done
 TIME :    3.81531961285509       sec
          50 %           4   63.6033166595735     
 	 100 %           1   126.167246408761     
 Time :   126.346208316041     
 WOCIVL440M0010NH220/N_atom400E+10_Vexp200E+03_Vemit100E+03_tauD000E+00_Vran118E
 +01                  
 Start
           0
 set_grid_done
 set_clumps_done
 Done
 TIME :    3.80646575731225       sec
          50 %           3   65.0881550684571     
 	 100 %           4   127.282393346773     
 Time :   127.453925041016     
 WOCIVL440M0010NH220/N_atom400E+10_Vexp300E+03_Vemit100E+03_tauD000E+00_Vran118E
 +01                  
 Start
           0
 set_grid_done
 set_clumps_done
 Done
 TIME :    3.81832384504378       sec
          50 %           2   66.9432023570407     
 	 100 %           1   129.113858213183     
 Time :   129.277058189269     
 WOCIVL440M0010NH220/N_atom400E+10_Vexp500E+01_Vemit100E+03_tauD000E+00_Vran118E
 +01                  
 Start
           0
 set_grid_done
 set_clumps_done
 Done
 TIME :    3.82400898751803       sec
          50 %           3   63.9557266053744     
 	 100 %           1   127.050076026702     
 Time :   127.224566476885     
 WOCIVL440M0010NH220/N_atom400E+10_Vexp100E+02_Vemit100E+03_tauD000E+00_Vran300E
 +01                  
 Start
           0
 set_grid_done
 set_clumps_done
 Done
 TIME :    3.82450049719773       sec
          50 %           1   67.1768585394602     
 	 100 %           4   130.688497365452     
 Time :   130.857849797932     
 WOCIVL440M0010NH220/N_atom400E+10_Vexp200E+02_Vemit100E+03_tauD000E+00_Vran300E
 +01                  
 Start
           0
 set_grid_done
 set_clumps_done
 Done
 TIME :    3.79919644864276       sec
          50 %           4   65.3290583777707     
 	 100 %           2   126.421276394976     
 Time :   126.585482954979     
 WOCIVL440M0010NH220/N_atom400E+10_Vexp300E+02_Vemit100E+03_tauD000E+00_Vran300E
 +01                  
 Start
           0
 set_grid_done
 set_clumps_done
 Done
 TIME :    3.79658001987264       sec
          50 %           1   62.4482180094346     
 	 100 %           1   123.706630396191     
 Time :   123.859557111980     
 WOCIVL440M0010NH220/N_atom400E+10_Vexp400E+02_Vemit100E+03_tauD000E+00_Vran300E
 +01                  
 Start
           0
 set_grid_done
 set_clumps_done
 Done
 TIME :    2.08250729204156       sec
          50 %           1   63.3103750685696     
 	 100 %           2   124.459984572371     
 Time :   124.624465701636     
 WOCIVL440M0010NH220/N_atom400E+10_Vexp500E+02_Vemit100E+03_tauD000E+00_Vran300E
 +01                  
 Start
           0
 set_grid_done
 set_clumps_done
 Done
 TIME :    2.92343027028255       sec
          50 %           2   63.3855943134986     
 	 100 %           1   123.208916211268     
 Time :   123.374228342203     
 WOCIVL440M0010NH220/N_atom400E+10_Vexp600E+02_Vemit100E+03_tauD000E+00_Vran300E
 +01                  
 Start
           0
 set_grid_done
 set_clumps_done
 Done
 TIME :    3.78801448969170       sec
          50 %           2   65.2237455057912     
 	 100 %           2   126.070088620763     
 Time :   126.249581912998     
 WOCIVL440M0010NH220/N_atom400E+10_Vexp700E+02_Vemit100E+03_tauD000E+00_Vran300E
 +01                  
 Start
           0
 set_grid_done
 set_clumps_done
 Done
 TIME :    3.78219923120923       sec
          50 %           3   66.2204414131120     
 	 100 %           4   128.108581576962     
 Time :   128.279696242418     
 WOCIVL440M0010NH220/N_atom400E+10_Vexp800E+02_Vemit100E+03_tauD000E+00_Vran300E
 +01                  
 Start
           0
 set_grid_done
 set_clumps_done
 Done
 TIME :    3.80134907993488       sec
          50 %           3   64.9874790161848     
 	 100 %           4   127.427073986735     
 Time :   127.596256507793     
 WOCIVL440M0010NH220/N_atom400E+10_Vexp900E+02_Vemit100E+03_tauD000E+00_Vran300E
 +01                  
 Start
           0
 set_grid_done
 set_clumps_done
 Done
 TIME :    3.79233315773308       sec
          50 %           3   66.7308341872413     
 	 100 %           2   130.103407523595     
 Time :   130.265332357958     
 WOCIVL440M0010NH220/N_atom400E+10_Vexp100E+03_Vemit100E+03_tauD000E+00_Vran300E
 +01                  
 Start
           0
 set_grid_done
 set_clumps_done
 Done
 TIME :    3.80081129283644       sec
          50 %           4   67.3175656739622     
 	 100 %           2   131.314327400643     
 Time :   131.471622508485     
 WOCIVL440M0010NH220/N_atom400E+10_Vexp200E+03_Vemit100E+03_tauD000E+00_Vran300E
 +01                  
 Start
           0
 set_grid_done
 set_clumps_done
 Done
 TIME :    3.83058803062886       sec
          50 %           1   65.0575208589435     
 	 100 %           1   128.348094215617     
 Time :   128.512585483957     
 WOCIVL440M0010NH220/N_atom400E+10_Vexp300E+03_Vemit100E+03_tauD000E+00_Vran300E
 +01                  
 Start
           0
 set_grid_done
 set_clumps_done
 Done
 TIME :    3.81335591897368       sec
          50 %           1   64.1601744650397     
 	 100 %           4   125.522174741374     
 Time :   125.684123911895     
 WOCIVL440M0010NH220/N_atom400E+10_Vexp500E+01_Vemit100E+03_tauD000E+00_Vran300E
 +01                  
 Start
           0
 set_grid_done
 set_clumps_done
 Done
 TIME :    3.80778202693909       sec
          50 %           1   73.5125719550997     
 	 100 %           1   143.616235217080     
 Time :   143.783004143275     
 WOCIVL440M0010NH220/N_atom400E+10_Vexp100E+02_Vemit100E+03_tauD000E+00_Vran500E
 +01                  
 Start
           0
 set_grid_done
 set_clumps_done
 Done
 TIME :    3.62414501747116       sec
          50 %           3   70.9416508683935     
 	 100 %           2   139.320294938749     
 Time :   139.482218079735     
 WOCIVL440M0010NH220/N_atom400E+10_Vexp200E+02_Vemit100E+03_tauD000E+00_Vran500E
 +01                  
 Start
           0
 set_grid_done
 set_clumps_done
 Done
 TIME :    3.79248968395405       sec
          50 %           2   65.1223327501211     
 	 100 %           3   126.755998927867     
 Time :   126.930325127440     
 WOCIVL440M0010NH220/N_atom400E+10_Vexp300E+02_Vemit100E+03_tauD000E+00_Vran500E
 +01                  
 Start
           0
 set_grid_done
 set_clumps_done
 Done
 TIME :    3.82128769066185       sec
          50 %           3   65.8549579607788     
 	 100 %           3   127.192556615453     
 Time :   127.354791375808     
 WOCIVL440M0010NH220/N_atom400E+10_Vexp400E+02_Vemit100E+03_tauD000E+00_Vran500E
 +01                  
 Start
           0
 set_grid_done
 set_clumps_done
 Done
 TIME :    3.78909722762182       sec
          50 %           3   64.6361898803152     
 	 100 %           4   125.667876973283     
 Time :   125.838468158618     
 WOCIVL440M0010NH220/N_atom400E+10_Vexp500E+02_Vemit100E+03_tauD000E+00_Vran500E
 +01                  
 Start
           0
 set_grid_done
 set_clumps_done
 Done
 TIME :    3.78623915207572       sec
          50 %           1   67.5266369180754     
 	 100 %           2   129.101503195474     
 Time :   129.274992943043     
 WOCIVL440M0010NH220/N_atom400E+10_Vexp600E+02_Vemit100E+03_tauD000E+00_Vran500E
 +01                  
 Start
           0
 set_grid_done
 set_clumps_done
 Done
 TIME :    3.78647058969364       sec
          50 %           1   69.3190326313488     
 	 100 %           3   133.108476029243     
 Time :   133.284977703355     
 WOCIVL440M0010NH220/N_atom400E+10_Vexp700E+02_Vemit100E+03_tauD000E+00_Vran500E
 +01                  
 Start
           0
 set_grid_done
 set_clumps_done
 Done
 TIME :    3.80250920425169       sec
          50 %           4   67.5588444033638     
 	 100 %           2   133.137426153757     
 Time :   133.304368277313     
 WOCIVL440M0010NH220/N_atom400E+10_Vexp800E+02_Vemit100E+03_tauD000E+00_Vran500E
 +01                  
 Start
           0
 set_grid_done
 set_clumps_done
 Done
 TIME :    3.82291108090430       sec
          50 %           2   68.8816988761537     
 	 100 %           2   133.957678877516     
 Time :   134.137393909041     
 WOCIVL440M0010NH220/N_atom400E+10_Vexp900E+02_Vemit100E+03_tauD000E+00_Vran500E
 +01                  
 Start
           0
 set_grid_done
 set_clumps_done
 Done
 TIME :    3.81871345173568       sec
          50 %           1   70.6015811720863     
 	 100 %           4   136.399958570022     
 Time :   136.570246702293     
 WOCIVL440M0010NH220/N_atom400E+10_Vexp100E+03_Vemit100E+03_tauD000E+00_Vran500E
 +01                  
 Start
           0
 set_grid_done
 set_clumps_done
 Done
 TIME :    3.79510092269629       sec
          50 %           4   69.3869997400325     
 	 100 %           3   135.835250978125     
 Time :   135.999356707325     
 WOCIVL440M0010NH220/N_atom400E+10_Vexp200E+03_Vemit100E+03_tauD000E+00_Vran500E
 +01                  
 Start
           0
 set_grid_done
 set_clumps_done
 Done
 TIME :    3.81116083730012       sec
          50 %           4   66.5010168657172     
 	 100 %           2   129.754213059554     
 Time :   129.927291849861     
 WOCIVL440M0010NH220/N_atom400E+10_Vexp300E+03_Vemit100E+03_tauD000E+00_Vran500E
 +01                  
 Start
           0
 set_grid_done
 set_clumps_done
 Done
 TIME :    3.79543707845733       sec
          50 %           3   64.5611730883829     
 	 100 %           4   125.374480572063     
 Time :   125.551224854775     
 WOCIVL440M0010NH220/N_atom400E+10_Vexp500E+01_Vemit100E+03_tauD000E+00_Vran500E
 +01                  
 Start
           0
 set_grid_done
 set_clumps_done
 Done
 TIME :    3.81534639373422       sec
          50 %           4   84.8040753568057     
 	 100 %           1   168.512524345657     
 Time :   168.690096153645     
 WOCIVL440M0010NH220/N_atom400E+10_Vexp100E+02_Vemit200E+03_tauD000E+00_Vran118E
 +01                  
 Start
           0
 set_grid_done
 set_clumps_done
 Done
 TIME :    3.79528999025933       sec
          50 %           4   64.8070260090753     
 	 100 %           2   125.637206595391     
 Time :   125.806143802358     
 WOCIVL440M0010NH220/N_atom400E+10_Vexp200E+02_Vemit200E+03_tauD000E+00_Vran118E
 +01                  
 Start
           0
 set_grid_done
 set_clumps_done
 Done
 TIME :    3.82374978740700       sec
          50 %           4   65.0948214170057     
 	 100 %           1   126.114102345658     
 Time :   126.281642620685     
 WOCIVL440M0010NH220/N_atom400E+10_Vexp300E+02_Vemit200E+03_tauD000E+00_Vran118E
 +01                  
 Start
           0
 set_grid_done
 set_clumps_done
 Done
 TIME :    3.82485081953928       sec
          50 %           3   64.8163999281824     
 	 100 %           2   121.438221882330     
 Time :   121.605847819475     
 WOCIVL440M0010NH220/N_atom400E+10_Vexp400E+02_Vemit200E+03_tauD000E+00_Vran118E
 +01                  
 Start
           0
 set_grid_done
 set_clumps_done
 Done
 TIME :    3.83318126550876       sec
          50 %           4   63.8226776050869     
 	 100 %           2   124.133269965183     
 Time :   124.309116760734     
 WOCIVL440M0010NH220/N_atom400E+10_Vexp500E+02_Vemit200E+03_tauD000E+00_Vran118E
 +01                  
 Start
           0
 set_grid_done
 set_clumps_done
 Done
 TIME :    3.82826374471188       sec
          50 %           2   65.2959000742994     
 	 100 %           3   124.414235936245     
 Time :   124.587537998799     
 WOCIVL440M0010NH220/N_atom400E+10_Vexp600E+02_Vemit200E+03_tauD000E+00_Vran118E
 +01                  
 Start
           0
 set_grid_done
 set_clumps_done
 Done
 TIME :    3.82025968632661       sec
          50 %           3   61.6644854275510     
 	 100 %           2   120.901629666332     
 Time :   121.075642322656     
 WOCIVL440M0010NH220/N_atom400E+10_Vexp700E+02_Vemit200E+03_tauD000E+00_Vran118E
 +01                  
 Start
           0
 set_grid_done
 set_clumps_done
 Done
 TIME :    3.79861508915201       sec
          50 %           3   64.8386830028612     
 	 100 %           3   126.077820784878     
 Time :   126.253947620047     
 WOCIVL440M0010NH220/N_atom400E+10_Vexp800E+02_Vemit200E+03_tauD000E+00_Vran118E
 +01                  
 Start
           0
 set_grid_done
 set_clumps_done
 Done
 TIME :    3.81497515155934       sec
          50 %           4   64.3987897969782     
 	 100 %           4   125.729359347140     
 Time :   125.903001863509     
 WOCIVL440M0010NH220/N_atom400E+10_Vexp900E+02_Vemit200E+03_tauD000E+00_Vran118E
 +01                  
 Start
           0
 set_grid_done
 set_clumps_done
 Done
 TIME :    3.81407327577472       sec
          50 %           3   65.0495550630149     
 	 100 %           4   126.374756510369     
 Time :   126.551446771016     
 WOCIVL440M0010NH220/N_atom400E+10_Vexp100E+03_Vemit200E+03_tauD000E+00_Vran118E
 +01                  
 Start
           0
 set_grid_done
 set_clumps_done
 Done
 TIME :    3.84449225827120       sec
          50 %           3   67.3939128222410     
 	 100 %           2   129.463727263268     
 Time :   129.645945759723     
 WOCIVL440M0010NH220/N_atom400E+10_Vexp200E+03_Vemit200E+03_tauD000E+00_Vran118E
 +01                  
 Start
           0
 set_grid_done
 set_clumps_done
 Done
 TIME :    3.77441758359782       sec
          50 %           2   64.9981790836900     
 	 100 %           3   124.660442285473     
 Time :   124.846499592299     
 WOCIVL440M0010NH220/N_atom400E+10_Vexp300E+03_Vemit200E+03_tauD000E+00_Vran118E
 +01                  
 Start
           0
 set_grid_done
 set_clumps_done
 Done
 TIME :    3.83999400050379       sec
          50 %           2   63.8143862332217     
 	 100 %           3   125.480342592578     
 Time :   125.669888828415     
 WOCIVL440M0010NH220/N_atom400E+10_Vexp500E+01_Vemit200E+03_tauD000E+00_Vran118E
 +01                  
 Start
           0
 set_grid_done
 set_clumps_done
 Done
 TIME :    3.82024375605397       sec
          50 %           2   64.5894390086178     
 	 100 %           1   124.298383590532     
 Time :   124.488164359936     
 WOCIVL440M0010NH220/N_atom400E+10_Vexp100E+02_Vemit200E+03_tauD000E+00_Vran300E
 +01                  
 Start
           0
 set_grid_done
 set_clumps_done
 Done
 TIME :    3.83308503334410       sec
          50 %           3   66.0174612794071     
 	 100 %           1   129.573502374813     
 Time :   129.758654900594     
 WOCIVL440M0010NH220/N_atom400E+10_Vexp200E+02_Vemit200E+03_tauD000E+00_Vran300E
 +01                  
 Start
           0
 set_grid_done
 set_clumps_done
 Done
 TIME :    3.84725424204953       sec
          50 %           4   64.3757976910565     
 	 100 %           1   126.776067003375     
 Time :   126.965711314464     
 WOCIVL440M0010NH220/N_atom400E+10_Vexp300E+02_Vemit200E+03_tauD000E+00_Vran300E
 +01                  
 Start
           0
 set_grid_done
 set_clumps_done
 Done
 TIME :    3.84451786661521       sec
          50 %           4   65.2615903830156     
 	 100 %           4   126.676117966184     
 Time :   126.858825186966     
 WOCIVL440M0010NH220/N_atom400E+10_Vexp400E+02_Vemit200E+03_tauD000E+00_Vran300E
 +01                  
 Start
           0
 set_grid_done
 set_clumps_done
 Done
 TIME :    3.81844586576335       sec
          50 %           4   64.7083292303141     
 	 100 %           4   124.211701205000     
 Time :   124.395660814596     
 WOCIVL440M0010NH220/N_atom400E+10_Vexp500E+02_Vemit200E+03_tauD000E+00_Vran300E
 +01                  
 Start
           0
 set_grid_done
 set_clumps_done
 Done
 TIME :    3.82893787976354       sec
          50 %           2   63.9519145956729     
 	 100 %           1   124.281774958130     
 Time :   124.458209966077     
 WOCIVL440M0010NH220/N_atom400E+10_Vexp600E+02_Vemit200E+03_tauD000E+00_Vran300E
 +01                  
 Start
           0
 set_grid_done
 set_clumps_done
 Done
 TIME :    3.82172128069215       sec
          50 %           2   64.2934330520220     
 	 100 %           2   120.867857391480     
 Time :   121.049618622987     
 WOCIVL440M0010NH220/N_atom400E+10_Vexp700E+02_Vemit200E+03_tauD000E+00_Vran300E
 +01                  
 Start
           0
 set_grid_done
 set_clumps_done
 Done
 TIME :    3.64302027691156       sec
          50 %           3   63.2942222780548     
 	 100 %           4   124.445860549109     
 Time :   124.625004190020     
 WOCIVL440M0010NH220/N_atom400E+10_Vexp800E+02_Vemit200E+03_tauD000E+00_Vran300E
 +01                  
 Start
           0
 set_grid_done
 set_clumps_done
 Done
 TIME :    3.82321359310299       sec
          50 %           1   65.7154577488545     
 	 100 %           1   128.623212737497     
 Time :   128.801625756547     
 WOCIVL440M0010NH220/N_atom400E+10_Vexp900E+02_Vemit200E+03_tauD000E+00_Vran300E
 +01                  
 Start
           0
 set_grid_done
 set_clumps_done
 Done
 TIME :    3.82718123728409       sec
          50 %           1   67.1889746049419     
 	 100 %           3   128.910500485217     
 Time :   129.091852092184     
 WOCIVL440M0010NH220/N_atom400E+10_Vexp100E+03_Vemit200E+03_tauD000E+00_Vran300E
 +01                  
 Start
           0
 set_grid_done
 set_clumps_done
 Done
 TIME :    3.82322447374463       sec
          50 %           3   68.2671842223499     
 	 100 %           1   131.207505895291     
 Time :   131.387326556724     
 WOCIVL440M0010NH220/N_atom400E+10_Vexp200E+03_Vemit200E+03_tauD000E+00_Vran300E
 +01                  
 Start
           0
 set_grid_done
 set_clumps_done
 Done
 TIME :    3.82925397739746       sec
          50 %           2   65.2594181045424     
 	 100 %           4   127.291541829705     
 Time :   127.465467932401     
 WOCIVL440M0010NH220/N_atom400E+10_Vexp300E+03_Vemit200E+03_tauD000E+00_Vran300E
 +01                  
 Start
           0
 set_grid_done
 set_clumps_done
 Done
 TIME :    3.82293392415158       sec
          50 %           1   65.6300129240844     
 	 100 %           2   126.951974273194     
 Time :   127.129883870250     
 WOCIVL440M0010NH220/N_atom400E+10_Vexp500E+01_Vemit200E+03_tauD000E+00_Vran300E
 +01                  
 Start
           0
 set_grid_done
 set_clumps_done
 Done
 TIME :    3.82335484027863       sec
          50 %           4   74.3606803333387     
 	 100 %           2   144.240486556431     
 Time :   144.419150089147     
 WOCIVL440M0010NH220/N_atom400E+10_Vexp100E+02_Vemit200E+03_tauD000E+00_Vran500E
 +01                  
 Start
           0
 set_grid_done
 set_clumps_done
 Done
 TIME :    3.65154176391661       sec
          50 %           4   71.4407832357101     
 	 100 %           4   140.311634104699     
 Time :   140.486638396513     
 WOCIVL440M0010NH220/N_atom400E+10_Vexp200E+02_Vemit200E+03_tauD000E+00_Vran500E
 +01                  
 Start
           0
 set_grid_done
 set_clumps_done
 Done
 TIME :    3.63990317145362       sec
          50 %           2   67.9746499315370     
 	 100 %           1   131.199661208317     
 Time :   131.381544480799     
 WOCIVL440M0010NH220/N_atom400E+10_Vexp300E+02_Vemit200E+03_tauD000E+00_Vran500E
 +01                  
 Start
           0
 set_grid_done
 set_clumps_done
 Done
 TIME :    3.63806741940789       sec
          50 %           1   65.7552571929991     
 	 100 %           3   128.542262262898     
 Time :   128.721786824055     
 WOCIVL440M0010NH220/N_atom400E+10_Vexp400E+02_Vemit200E+03_tauD000E+00_Vran500E
 +01                  
 Start
           0
 set_grid_done
 set_clumps_done
 Done
 TIME :    3.82023772480898       sec
          50 %           1   65.8822118970565     
 	 100 %           2   127.355102253845     
 Time :   127.531914385036     
 WOCIVL440M0010NH220/N_atom400E+10_Vexp500E+02_Vemit200E+03_tauD000E+00_Vran500E
 +01                  
 Start
           0
 set_grid_done
 set_clumps_done
 Done
 TIME :    3.63972269999795       sec
          50 %           2   65.9683395132888     
 	 100 %           1   127.886299486505     
 Time :   128.066314445343     
 WOCIVL440M0010NH220/N_atom400E+10_Vexp600E+02_Vemit200E+03_tauD000E+00_Vran500E
 +01                  
 Start
           0
 set_grid_done
 set_clumps_done
 Done
 TIME :    3.64236612990499       sec
          50 %           3   67.7765083692502     
 	 100 %           3   129.998153202469     
 Time :   130.175076223444     
 WOCIVL440M0010NH220/N_atom400E+10_Vexp700E+02_Vemit200E+03_tauD000E+00_Vran500E
 +01                  
 Start
           0
 set_grid_done
 set_clumps_done
 Done
 TIME :    3.81386343901977       sec
          50 %           3   69.6734257980715     
 	 100 %           2   133.804145514499     
 Time :   133.980837949319     
 WOCIVL440M0010NH220/N_atom400E+10_Vexp800E+02_Vemit200E+03_tauD000E+00_Vran500E
 +01                  
 Start
           0
 set_grid_done
 set_clumps_done
 Done
 TIME :    3.81691535096616       sec
          50 %           3   70.4520567611326     
 	 100 %           3   136.904839529889     
 Time :   137.080028921831     
 WOCIVL440M0010NH220/N_atom400E+10_Vexp900E+02_Vemit200E+03_tauD000E+00_Vran500E
 +01                  
 Start
           0
 set_grid_done
 set_clumps_done
 Done
 TIME :    3.81026952154934       sec
          50 %           3   69.6142831894103     
 	 100 %           4   136.445030255709     
 Time :   136.625042639673     
 WOCIVL440M0010NH220/N_atom400E+10_Vexp100E+03_Vemit200E+03_tauD000E+00_Vran500E
 +01                  
 Start
           0
 set_grid_done
 set_clumps_done
 Done
 TIME :    3.81140525965020       sec
          50 %           3   70.6799014722928     
 	 100 %           1   137.147387850331     
 Time :   137.329124255106     
 WOCIVL440M0010NH220/N_atom400E+10_Vexp200E+03_Vemit200E+03_tauD000E+00_Vran500E
 +01                  
 Start
           0
 set_grid_done
 set_clumps_done
 Done
 TIME :    3.83387190150097       sec
          50 %           4   66.7325846480671     
 	 100 %           1   126.502598532476     
 Time :   126.681049533421     
 WOCIVL440M0010NH220/N_atom400E+10_Vexp300E+03_Vemit200E+03_tauD000E+00_Vran500E
 +01                  
 Start
           0
 set_grid_done
 set_clumps_done
 Done
 TIME :    3.65585653460585       sec
          50 %           4   64.4921938052867     
 	 100 %           2   125.639215424657     
 Time :   125.818231995218     
 WOCIVL440M0010NH220/N_atom400E+10_Vexp500E+01_Vemit200E+03_tauD000E+00_Vran500E
 +01                  
 Start
           0
 set_grid_done
 set_clumps_done
 Done
 TIME :    3.64591392991133       sec
          50 %           2   85.5090023409575     
 	 100 %           1   167.743220984004     
 Time :   167.926067668712     
 WOCIVL440M0010NH220/N_atom400E+10_Vexp100E+02_Vemit300E+03_tauD000E+00_Vran118E
 +01                  
 Start
           0
 set_grid_done
 set_clumps_done
 Done
 TIME :    3.64008223009296       sec
          50 %           1   65.8250430517364     
 	 100 %           2   127.896416661562     
 Time :   128.079360329546     
 WOCIVL440M0010NH220/N_atom400E+10_Vexp200E+02_Vemit300E+03_tauD000E+00_Vran118E
 +01                  
 Start
           0
 set_grid_done
 set_clumps_done
 Done
 TIME :    3.78289569844492       sec
          50 %           2   65.6152472172398     
 	 100 %           3   126.847015240462     
 Time :   127.035228364868     
 WOCIVL440M0010NH220/N_atom400E+10_Vexp300E+02_Vemit300E+03_tauD000E+00_Vran118E
 +01                  
 Start
           0
 set_grid_done
 set_clumps_done
 Done
 TIME :    3.84075421839952       sec
          50 %           3   64.6294816427398     
 	 100 %           4   123.809832285624     
 Time :   123.992559734732     
 WOCIVL440M0010NH220/N_atom400E+10_Vexp400E+02_Vemit300E+03_tauD000E+00_Vran118E
 +01                  
 Start
           0
 set_grid_done
 set_clumps_done
 Done
 TIME :    3.84254986466840       sec
          50 %           1   62.8390502547845     
 	 100 %           1   123.110820439178     
 Time :   123.290403250605     
 WOCIVL440M0010NH220/N_atom400E+10_Vexp500E+02_Vemit300E+03_tauD000E+00_Vran118E
 +01                  
 Start
           0
 set_grid_done
 set_clumps_done
 Done
 TIME :    2.15275887143798       sec
          50 %           1   62.2660282372963     
 	 100 %           2   121.728879343718     
 Time :   121.903611541027     
 WOCIVL440M0010NH220/N_atom400E+10_Vexp600E+02_Vemit300E+03_tauD000E+00_Vran118E
 +01                  
 Start
           0
 set_grid_done
 set_clumps_done
 Done
 TIME :    3.83042431087233       sec
          50 %           2   63.8953058493789     
 	 100 %           1   124.508102769963     
 Time :   124.692905453965     
 WOCIVL440M0010NH220/N_atom400E+10_Vexp700E+02_Vemit300E+03_tauD000E+00_Vran118E
 +01                  
 Start
           0
 set_grid_done
 set_clumps_done
 Done
 TIME :    3.82158136623912       sec
          50 %           3   64.5720167974941     
 	 100 %           4   126.147233027034     
 Time :   126.328908336116     
 WOCIVL440M0010NH220/N_atom400E+10_Vexp800E+02_Vemit300E+03_tauD000E+00_Vran118E
 +01                  
 Start
           0
 set_grid_done
 set_clumps_done
 Done
 TIME :    3.83157413569279       sec
          50 %           2   66.2624387140386     
 	 100 %           4   127.974303511903     
 Time :   128.136911808746     
 WOCIVL440M0010NH220/N_atom400E+10_Vexp900E+02_Vemit300E+03_tauD000E+00_Vran118E
 +01                  
 Start
           0
 set_grid_done
 set_clumps_done
 Done
 TIME :    2.09317639074288       sec
          50 %           4   65.0824207430705     
 	 100 %           4   127.450922582531     
 Time :   127.634179603076     
 WOCIVL440M0010NH220/N_atom400E+10_Vexp100E+03_Vemit300E+03_tauD000E+00_Vran118E
 +01                  
 Start
           0
 set_grid_done
 set_clumps_done
 Done
 TIME :    3.72472879523411       sec
          50 %           3   67.9771806979552     
 	 100 %           4   131.495153133059     
 Time :   131.678366781678     
 WOCIVL440M0010NH220/N_atom400E+10_Vexp200E+03_Vemit300E+03_tauD000E+00_Vran118E
 +01                  
 Start
           0
 set_grid_done
 set_clumps_done
 Done
 TIME :    3.66364064696245       sec
          50 %           1   67.4323964177165     
 	 100 %           4   130.829580170568     
 Time :   131.023896247614     
 WOCIVL440M0010NH220/N_atom400E+10_Vexp300E+03_Vemit300E+03_tauD000E+00_Vran118E
 +01                  
 Start
           0
 set_grid_done
 set_clumps_done
 Done
 TIME :    3.63655657204799       sec
          50 %           3   65.1770377557259     
 	 100 %           2   126.351068037562     
 Time :   126.536449946929     
 WOCIVL440M0010NH220/N_atom400E+10_Vexp500E+01_Vemit300E+03_tauD000E+00_Vran118E
 +01                  
 Start
           0
 set_grid_done
 set_clumps_done
 Done
 TIME :    3.80636462615803       sec
          50 %           4   67.1477744616568     
 	 100 %           4   128.144014211837     
 Time :   128.307555012405     
 WOCIVL440M0010NH220/N_atom400E+10_Vexp100E+02_Vemit300E+03_tauD000E+00_Vran300E
 +01                  
 Start
           0
 set_grid_done
 set_clumps_done
 Done
 TIME :    2.07611105451360       sec
          50 %           1   62.1984974439256     
 	 100 %           3   123.400334828300     
 Time :   123.585420096759     
 WOCIVL440M0010NH220/N_atom400E+10_Vexp200E+02_Vemit300E+03_tauD000E+00_Vran300E
 +01                  
 Start
           0
 set_grid_done
 set_clumps_done
 Done
 TIME :    3.67861042986624       sec
          50 %           2   59.2668705610558     
 	 100 %           1   117.851094137179     
 Time :   118.032032121671     
 WOCIVL440M0010NH220/N_atom400E+10_Vexp300E+02_Vemit300E+03_tauD000E+00_Vran300E
 +01                  
 Start
           0
 set_grid_done
 set_clumps_done
 Done
 TIME :    2.10931293037720       sec
          50 %           2   57.9154600792099     
 	 100 %           2   116.571498721605     
 Time :   116.755628322717     
 WOCIVL440M0010NH220/N_atom400E+10_Vexp400E+02_Vemit300E+03_tauD000E+00_Vran300E
 +01                  
 Start
           0
 set_grid_done
 set_clumps_done
 Done
 TIME :    3.79673452232964       sec
          50 %           4   61.4212024575099     
 	 100 %           1   117.636088008061     
 Time :   117.817429946736     
 WOCIVL440M0010NH220/N_atom400E+10_Vexp500E+02_Vemit300E+03_tauD000E+00_Vran300E
 +01                  
 Start
           0
 set_grid_done
 set_clumps_done
 Done
 TIME :    3.82240921165794       sec
          50 %           2   60.4619917473756     
 	 100 %           2   118.742446634686     
 Time :   118.928884431254     
 WOCIVL440M0010NH220/N_atom400E+10_Vexp600E+02_Vemit300E+03_tauD000E+00_Vran300E
 +01                  
 Start
           0
 set_grid_done
 set_clumps_done
 Done
 TIME :    3.82500676461495       sec
          50 %           4   62.1309885520022     
 	 100 %           1   120.198062904645     
 Time :   120.391068583354     
 WOCIVL440M0010NH220/N_atom400E+10_Vexp700E+02_Vemit300E+03_tauD000E+00_Vran300E
 +01                  
 Start
           0
 set_grid_done
 set_clumps_done
 Done
 TIME :    3.77393539133482       sec
          50 %           1   57.0162147036754     
 	 100 %           2   117.319428919349     
 Time :   117.500424603000     
 WOCIVL440M0010NH220/N_atom400E+10_Vexp800E+02_Vemit300E+03_tauD000E+00_Vran300E
 +01                  
 Start
           0
 set_grid_done
 set_clumps_done
 Done
 TIME :    3.82037375192158       sec
          50 %           2   60.7307387182955     
 	 100 %           3   116.950602714904     
 Time :   117.139978428138     
 WOCIVL440M0010NH220/N_atom400E+10_Vexp900E+02_Vemit300E+03_tauD000E+00_Vran300E
 +01                  
 Start
           0
 set_grid_done
 set_clumps_done
 Done
 TIME :    3.81963832094334       sec
          50 %           2   62.3907200715039     
 	 100 %           1   120.705309258075     
 Time :   120.900532641215     
 WOCIVL440M0010NH220/N_atom400E+10_Vexp100E+03_Vemit300E+03_tauD000E+00_Vran300E
 +01                  
 Start
           0
 set_grid_done
 set_clumps_done
 Done
 TIME :    2.89256597519852       sec
          50 %           3   63.2325030663051     
 	 100 %           2   124.476838127943     
 Time :   124.669669416733     
 WOCIVL440M0010NH220/N_atom400E+10_Vexp200E+03_Vemit300E+03_tauD000E+00_Vran300E
 +01                  
 Start
           0
 set_grid_done
 set_clumps_done
 Done
 TIME :    3.78780034487136       sec
          50 %           3   65.1527682938613     
 	 100 %           2   120.204580130987     
 Time :   120.390265073627     
 WOCIVL440M0010NH220/N_atom400E+10_Vexp300E+03_Vemit300E+03_tauD000E+00_Vran300E
 +01                  
 Start
           0
 set_grid_done
 set_clumps_done
 Done
 TIME :    3.76698893355206       sec
          50 %           4   57.2296342619229     
 	 100 %           1   110.415277005406     
 Time :   110.603017395595     
 WOCIVL440M0010NH220/N_atom400E+10_Vexp500E+01_Vemit300E+03_tauD000E+00_Vran300E
 +01                  
 Start
           0
 set_grid_done
 set_clumps_done
 Done
 TIME :    3.78559819981456       sec
          50 %           2   65.2885644400958     
 	 100 %           4   130.352929573972     
 Time :   130.541277473094     
 WOCIVL440M0010NH220/N_atom400E+10_Vexp100E+02_Vemit300E+03_tauD000E+00_Vran500E
 +01                  
 Start
           0
 set_grid_done
 set_clumps_done
 Done
 TIME :    3.77779967035167       sec
          50 %           4   68.4984689794946     
 	 100 %           3   129.286457767012     
 Time :   129.467729873490     
 WOCIVL440M0010NH220/N_atom400E+10_Vexp200E+02_Vemit300E+03_tauD000E+00_Vran500E
 +01                  
 Start
           0
 set_grid_done
 set_clumps_done
 Done
 TIME :    2.10476342588663       sec
          50 %           4   57.5516564343125     
 	 100 %           2   119.346148558194     
 Time :   119.529336478096     
 WOCIVL440M0010NH220/N_atom400E+10_Vexp300E+02_Vemit300E+03_tauD000E+00_Vran500E
 +01                  
 Start
           0
 set_grid_done
 set_clumps_done
 Done
 TIME :    3.77125145518221       sec
          50 %           4   58.8226800372358     
 	 100 %           4   114.029507831670     
 Time :   114.216459590243     
 WOCIVL440M0010NH220/N_atom400E+10_Vexp400E+02_Vemit300E+03_tauD000E+00_Vran500E
 +01                  
 Start
           0
 set_grid_done
 set_clumps_done
 Done
 TIME :    3.79802848980762       sec
          50 %           1   55.0860107687768     
 	 100 %           4   109.188536526402     
 Time :   109.372281650314     
 WOCIVL440M0010NH220/N_atom400E+10_Vexp500E+02_Vemit300E+03_tauD000E+00_Vran500E
 +01                  
 Start
           0
 set_grid_done
 set_clumps_done
 Done
 TIME :    3.78625065367669       sec
          50 %           1   54.5675888585392     
 	 100 %           1   109.955020445399     
 Time :   110.124730995158     
 WOCIVL440M0010NH220/N_atom400E+10_Vexp600E+02_Vemit300E+03_tauD000E+00_Vran500E
 +01                  
 Start
           0
 set_grid_done
 set_clumps_done
 Done
 TIME :    3.20784675749019       sec
          50 %           1   57.9190055648796     
 	 100 %           1   114.121330900118     
 Time :   114.292345375987     
 WOCIVL440M0010NH220/N_atom400E+10_Vexp700E+02_Vemit300E+03_tauD000E+00_Vran500E
 +01                  
 Start
           0
 set_grid_done
 set_clumps_done
 Done
 TIME :    2.88834083429538       sec
          50 %           3   59.8579976214096     
 	 100 %           4   121.367092292523     
 Time :   121.547883890336     
 WOCIVL440M0010NH220/N_atom400E+10_Vexp800E+02_Vemit300E+03_tauD000E+00_Vran500E
 +01                  
 Start
           0
 set_grid_done
 set_clumps_done
 Done
 TIME :    3.78601444698870       sec
          50 %           2   60.7176382709295     
 	 100 %           1   117.541808493901     
 Time :   117.715173034696     
 WOCIVL440M0010NH220/N_atom400E+10_Vexp900E+02_Vemit300E+03_tauD000E+00_Vran500E
 +01                  
 Start
           0
 set_grid_done
 set_clumps_done
 Done
 TIME :    3.11245822580531       sec
          50 %           4   60.3428216567263     
 	 100 %           2   117.327547784895     
 Time :   117.482290926389     
 WOCIVL440M0010NH220/N_atom400E+10_Vexp100E+03_Vemit300E+03_tauD000E+00_Vran500E
 +01                  
 Start
           0
 set_grid_done
 set_clumps_done
 Done
 TIME :    2.60242777643725       sec
          50 %           1   60.6365527207963     
 	 100 %           4   116.307406774955     
 Time :   116.489251875319     
 WOCIVL440M0010NH220/N_atom400E+10_Vexp200E+03_Vemit300E+03_tauD000E+00_Vran500E
 +01                  
 Start
           0
 set_grid_done
 set_clumps_done
 Done
 TIME :    3.59753650170751       sec
          50 %           3   58.8089094425086     
 	 100 %           3   109.102728865342     
 Time :   109.286857724888     
 WOCIVL440M0010NH220/N_atom400E+10_Vexp300E+03_Vemit300E+03_tauD000E+00_Vran500E
 +01                  
 Start
           0
 set_grid_done
 set_clumps_done
 Done
 TIME :    3.59608695027418       sec
          50 %           2   58.3581838486716     
 	 100 %           4   111.277799164876     
 Time :   111.458567919442     
 WOCIVL440M0010NH220/N_atom400E+10_Vexp500E+01_Vemit300E+03_tauD000E+00_Vran500E
 +01                  
 Start
           0
 set_grid_done
 set_clumps_done
 Done
 TIME :    3.25730332639068       sec
          50 %           3   74.9017162241507     
 	 100 %           4   141.892133881338     
 Time :   142.075995004503     
