nohup: ignoring input
 WOCIVL440M0100NH220/N_atom400E+10_Vexp100E+02_Vemit100E+03_tauD000E+00_Vran118E
 +01                  
 Start
           0
 set_grid_done
 set_clumps_done
 Done
 TIME :    3.68328675697558       sec
          50 %           1   180.476177670760     
 	 100 %           1   368.371573095676     
 Time :   368.539183332119     
 WOCIVL440M0100NH220/N_atom400E+10_Vexp200E+02_Vemit100E+03_tauD000E+00_Vran118E
 +01                  
 Start
           0
 set_grid_done
 set_clumps_done
 Done
 TIME :    3.70062791253440       sec
          50 %           1   183.017062621191     
 	 100 %           1   390.197635297198     
 Time :   390.335574309342     
 WOCIVL440M0100NH220/N_atom400E+10_Vexp300E+02_Vemit100E+03_tauD000E+00_Vran118E
 +01                  
 Start
           0
 set_grid_done
 set_clumps_done
 Done
 TIME :    3.47618829039857       sec
          50 %           1   196.773195699323     
 	 100 %           1   383.571512111463     
 Time :   383.729867862770     
 WOCIVL440M0100NH220/N_atom400E+10_Vexp400E+02_Vemit100E+03_tauD000E+00_Vran118E
 +01                  
 Start
           0
 set_grid_done
 set_clumps_done
 Done
 TIME :    3.68354666093364       sec
          50 %           1   206.772049595136     
 	 100 %           1   398.226547616301     
 Time :   398.380756456638     
 WOCIVL440M0100NH220/N_atom400E+10_Vexp500E+02_Vemit100E+03_tauD000E+00_Vran118E
 +01                  
 Start
           0
 set_grid_done
 set_clumps_done
 Done
 TIME :    3.41853117966093       sec
          50 %           1   185.216917242855     
 	 100 %           1   369.876643508673     
 Time :   370.024176393868     
 WOCIVL440M0100NH220/N_atom400E+10_Vexp600E+02_Vemit100E+03_tauD000E+00_Vran118E
 +01                  
 Start
           0
 set_grid_done
 set_clumps_done
 Done
 TIME :    3.69326540594921       sec
          50 %           1   223.713100492489     
 	 100 %           1   426.737052839017     
 Time :   426.896874903934     
 WOCIVL440M0100NH220/N_atom400E+10_Vexp700E+02_Vemit100E+03_tauD000E+00_Vran118E
 +01                  
 Start
           0
 set_grid_done
 set_clumps_done
 Done
 TIME :    3.68080060626380       sec
          50 %           1   207.162418073276     
 	 100 %           1   395.768738535233     
 Time :   395.944642303279     
 WOCIVL440M0100NH220/N_atom400E+10_Vexp800E+02_Vemit100E+03_tauD000E+00_Vran118E
 +01                  
 Start
           0
 set_grid_done
 set_clumps_done
 Done
 TIME :    3.69570924504660       sec
          50 %           1   234.188809108688     
 	 100 %           1   440.694420413580     
 Time :   440.867597354110     
 WOCIVL440M0100NH220/N_atom400E+10_Vexp900E+02_Vemit100E+03_tauD000E+00_Vran118E
 +01                  
 Start
           0
 set_grid_done
 set_clumps_done
 Done
 TIME :    3.60559274349362       sec
          50 %           1   186.843882266898     
 	 100 %           1   369.661579195876     
 Time :   369.821687044809     
 WOCIVL440M0100NH220/N_atom400E+10_Vexp100E+03_Vemit100E+03_tauD000E+00_Vran118E
 +01                  
 Start
           0
 set_grid_done
 set_clumps_done
 Done
 TIME :    3.37452721339650       sec
          50 %           1   188.965538277058     
 	 100 %           1   410.444256877527     
 Time :   410.610710671404     
 WOCIVL440M0100NH220/N_atom400E+10_Vexp200E+03_Vemit100E+03_tauD000E+00_Vran118E
 +01                  
 Start
           0
 set_grid_done
 set_clumps_done
 Done
 TIME :    3.60107246856205       sec
          50 %           1   234.092308908934     
 	 100 %           1   425.290819995804     
 Time :   425.443972347537     
 WOCIVL440M0100NH220/N_atom400E+10_Vexp300E+03_Vemit100E+03_tauD000E+00_Vran118E
 +01                  
 Start
           0
 set_grid_done
 set_clumps_done
 Done
 TIME :    3.33075369382277       sec
          50 %           1   206.954994877102     
 	 100 %           1   412.901414014399     
 Time :   413.068577244179     
 WOCIVL440M0100NH220/N_atom400E+10_Vexp500E+01_Vemit100E+03_tauD000E+00_Vran118E
 +01                  
 Start
           0
 set_grid_done
 set_clumps_done
 Done
 TIME :    3.28808244154789       sec
          50 %           1   226.962171759224     
 	 100 %           1   424.287349946331     
 Time :   424.467621112941     
 WOCIVL440M0100NH220/N_atom400E+10_Vexp100E+02_Vemit100E+03_tauD000E+00_Vran300E
 +01                  
 Start
           0
 set_grid_done
 set_clumps_done
 Done
 TIME :    3.60578977549449       sec
          50 %           1   197.028861761326     
 	 100 %           1   408.229965131031     
 Time :   408.390894462820     
 WOCIVL440M0100NH220/N_atom400E+10_Vexp200E+02_Vemit100E+03_tauD000E+00_Vran300E
 +01                  
 Start
           0
 set_grid_done
 set_clumps_done
 Done
 TIME :    3.34977377485484       sec
          50 %           1   185.578369761351     
 	 100 %           1   399.482257323805     
 Time :   399.651289367117     
 WOCIVL440M0100NH220/N_atom400E+10_Vexp300E+02_Vemit100E+03_tauD000E+00_Vran300E
 +01                  
 Start
           0
 set_grid_done
 set_clumps_done
 Done
 TIME :    3.69647261500359       sec
          50 %           1   205.517068219837     
 	 100 %           1   410.657590654446     
 Time :   410.830334485276     
 WOCIVL440M0100NH220/N_atom400E+10_Vexp400E+02_Vemit100E+03_tauD000E+00_Vran300E
 +01                  
 Start
           0
 set_grid_done
 set_clumps_done
 Done
 TIME :    2.39475851249881       sec
          50 %           1   193.650395920966     
 	 100 %           1   431.392388388049     
 Time :   431.570778206689     
 WOCIVL440M0100NH220/N_atom400E+10_Vexp500E+02_Vemit100E+03_tauD000E+00_Vran300E
 +01                  
 Start
           0
 set_grid_done
 set_clumps_done
 Done
 TIME :    3.57870504679158       sec
          50 %           1   218.512891671620     
 	 100 %           1   422.751295493450     
 Time :   422.926669915207     
 WOCIVL440M0100NH220/N_atom400E+10_Vexp600E+02_Vemit100E+03_tauD000E+00_Vran300E
 +01                  
 Start
           0
 set_grid_done
 set_clumps_done
 Done
 TIME :    3.28742612921633       sec
          50 %           1   200.823714952450     
 	 100 %           1   405.058854885399     
 Time :   405.242400792195     
 WOCIVL440M0100NH220/N_atom400E+10_Vexp700E+02_Vemit100E+03_tauD000E+00_Vran300E
 +01                  
 Start
           0
 set_grid_done
 set_clumps_done
 Done
 TIME :    3.62125541432761       sec
          50 %           1   207.056159741944     
 	 100 %           1   415.791636701906     
 Time :   415.974021356786     
 WOCIVL440M0100NH220/N_atom400E+10_Vexp800E+02_Vemit100E+03_tauD000E+00_Vran300E
 +01                  
 Start
           0
 set_grid_done
 set_clumps_done
 Done
 TIME :    3.70953460317105       sec
          50 %           1   205.663741648663     
 	 100 %           1   414.239211665466     
 Time :   414.418885573978     
 WOCIVL440M0100NH220/N_atom400E+10_Vexp900E+02_Vemit100E+03_tauD000E+00_Vran300E
 +01                  
 Start
           0
 set_grid_done
 set_clumps_done
 Done
 TIME :    3.60945069417357       sec
          50 %           1   215.773855263367     
 	 100 %           1   401.394616083475     
 Time :   401.565307003679     
 WOCIVL440M0100NH220/N_atom400E+10_Vexp100E+03_Vemit100E+03_tauD000E+00_Vran300E
 +01                  
 Start
           0
 set_grid_done
 set_clumps_done
 Done
 TIME :    3.47664839262143       sec
          50 %           1   226.526490627090     
 	 100 %           1   452.500432318309     
 Time :   452.676604226232     
 WOCIVL440M0100NH220/N_atom400E+10_Vexp200E+03_Vemit100E+03_tauD000E+00_Vran300E
 +01                  
 Start
           0
 set_grid_done
 set_clumps_done
 Done
 TIME :    3.71150239859708       sec
          50 %           1   217.205834498163     
 	 100 %           1   422.170539261773     
 Time :   422.348621764453     
 WOCIVL440M0100NH220/N_atom400E+10_Vexp300E+03_Vemit100E+03_tauD000E+00_Vran300E
 +01                  
 Start
           0
 set_grid_done
 set_clumps_done
 Done
 TIME :    3.72838796093129       sec
          50 %           1   200.541692443658     
 	 100 %           1   405.031651486410     
 Time :   405.199947332265     
 WOCIVL440M0100NH220/N_atom400E+10_Vexp500E+01_Vemit100E+03_tauD000E+00_Vran300E
 +01                  
 Start
           0
 set_grid_done
 set_clumps_done
 Done
 TIME :    3.61175330937840       sec
          50 %           1   236.600226092851     
 	 100 %           1   480.956301358528     
 Time :   481.127448272659     
 WOCIVL440M0100NH220/N_atom400E+10_Vexp100E+02_Vemit100E+03_tauD000E+00_Vran500E
 +01                  
 Start
           0
 set_grid_done
 set_clumps_done
 Done
 TIME :    3.43180753360502       sec
          50 %           1   227.214722891571     
 	 100 %           1   495.201062776847     
 Time :   495.370438356418     
 WOCIVL440M0100NH220/N_atom400E+10_Vexp200E+02_Vemit100E+03_tauD000E+00_Vran500E
 +01                  
 Start
           0
 set_grid_done
 set_clumps_done
 Done
 TIME :    3.71911664330401       sec
          50 %           1   244.502729908098     
 	 100 %           1   484.801958030555     
 Time :   484.928443172947     
 WOCIVL440M0100NH220/N_atom400E+10_Vexp300E+02_Vemit100E+03_tauD000E+00_Vran500E
 +01                  
 Start
           0
 set_grid_done
 set_clumps_done
 Done
 TIME :    2.05814159172587       sec
          50 %           1   192.152192393085     
 	 100 %           1   390.837738105329     
 Time :   391.013662122888     
 WOCIVL440M0100NH220/N_atom400E+10_Vexp400E+02_Vemit100E+03_tauD000E+00_Vran500E
 +01                  
 Start
           0
 set_grid_done
 set_clumps_done
 Done
 TIME :    3.11868662294000       sec
          50 %           1   207.552222968545     
 	 100 %           1   394.882066664286     
 Time :   395.052577815950     
 WOCIVL440M0100NH220/N_atom400E+10_Vexp500E+02_Vemit100E+03_tauD000E+00_Vran500E
 +01                  
 Start
           0
 set_grid_done
 set_clumps_done
 Done
 TIME :    3.69036573357880       sec
          50 %           1   212.507148400182     
 	 100 %           1   427.336702937260     
 Time :   427.501129390206     
 WOCIVL440M0100NH220/N_atom400E+10_Vexp600E+02_Vemit100E+03_tauD000E+00_Vran500E
 +01                  
 Start
           0
 set_grid_done
 set_clumps_done
 Done
 TIME :    3.36780162225477       sec
          50 %           1   224.627114010509     
 	 100 %           1   408.074263586430     
 Time :   408.256312800804     
 WOCIVL440M0100NH220/N_atom400E+10_Vexp700E+02_Vemit100E+03_tauD000E+00_Vran500E
 +01                  
 Start
           0
 set_grid_done
 set_clumps_done
 Done
 TIME :    3.51768694887869       sec
          50 %           1   255.775504783727     
 	 100 %           1   447.895927864360     
 Time :   448.069158519153     
 WOCIVL440M0100NH220/N_atom400E+10_Vexp800E+02_Vemit100E+03_tauD000E+00_Vran500E
 +01                  
 Start
           0
 set_grid_done
 set_clumps_done
 Done
 TIME :    3.42207160498947       sec
          50 %           1   189.964938825462     
 	 100 %           1   375.449993743794     
 Time :   375.576994616073     
 WOCIVL440M0100NH220/N_atom400E+10_Vexp900E+02_Vemit100E+03_tauD000E+00_Vran500E
 +01                  
 Start
           0
 set_grid_done
 set_clumps_done
 Done
 TIME :    2.03067842894234       sec
          50 %           1   187.506932922406     
 	 100 %           1   365.772034903057     
 Time :   365.898915261729     
 WOCIVL440M0100NH220/N_atom400E+10_Vexp100E+03_Vemit100E+03_tauD000E+00_Vran500E
 +01                  
 Start
           0
 set_grid_done
 set_clumps_done
 Done
 TIME :    2.02120258472860       sec
          50 %           1   182.065762061626     
 	 100 %           1   361.777388260467     
 Time :   361.908159744227     
 WOCIVL440M0100NH220/N_atom400E+10_Vexp200E+03_Vemit100E+03_tauD000E+00_Vran500E
 +01                  
 Start
           0
 set_grid_done
 set_clumps_done
 Done
 TIME :    2.04757961118594       sec
          50 %           1   172.906105600530     
 	 100 %           1   343.345229173312     
 Time :   343.511761679780     
 WOCIVL440M0100NH220/N_atom400E+10_Vexp300E+03_Vemit100E+03_tauD000E+00_Vran500E
 +01                  
 Start
           0
 set_grid_done
 set_clumps_done
 Done
 TIME :    3.63948503276333       sec
          50 %           1   167.878352672094     
 	 100 %           1   334.815752138849     
 Time :   334.974478528835     
 WOCIVL440M0100NH220/N_atom400E+10_Vexp500E+01_Vemit100E+03_tauD000E+00_Vran500E
 +01                  
 Start
           0
 set_grid_done
 set_clumps_done
 Done
 TIME :    3.58213219209574       sec
          50 %           1   331.514520760393     
 	 100 %           1   650.019002724672     
 Time :   650.182898087893     
 WOCIVL440M0100NH220/N_atom400E+10_Vexp100E+02_Vemit200E+03_tauD000E+00_Vran118E
 +01                  
 Start
           0
 set_grid_done
 set_clumps_done
 Done
 TIME :    3.60627095866948       sec
          50 %           1   215.787626336562     
 	 100 %           1   378.057878080057     
 Time :   378.233865610557     
 WOCIVL440M0100NH220/N_atom400E+10_Vexp200E+02_Vemit200E+03_tauD000E+00_Vran118E
 +01                  
 Start
           0
 set_grid_done
 set_clumps_done
 Done
 TIME :    3.17519848281518       sec
          50 %           1   173.963531163055     
 	 100 %           1   368.599743572064     
 Time :   368.769168026280     
 WOCIVL440M0100NH220/N_atom400E+10_Vexp300E+02_Vemit200E+03_tauD000E+00_Vran118E
 +01                  
 Start
           0
 set_grid_done
 set_clumps_done
 Done
 TIME :    3.31659070099704       sec
          50 %           1   183.461696873885     
 	 100 %           1   411.953282038681     
 Time :   412.106089421548     
 WOCIVL440M0100NH220/N_atom400E+10_Vexp400E+02_Vemit200E+03_tauD000E+00_Vran118E
 +01                  
 Start
           0
 set_grid_done
 set_clumps_done
 Done
 TIME :    2.05528428126127       sec
          50 %           1   226.605554396752     
 	 100 %           1   409.488691007020     
 Time :   409.667952736374     
 WOCIVL440M0100NH220/N_atom400E+10_Vexp500E+02_Vemit200E+03_tauD000E+00_Vran118E
 +01                  
 Start
           0
 set_grid_done
 set_clumps_done
 Done
 TIME :    3.53139089141041       sec
          50 %           1   166.963288066210     
 	 100 %           1   331.046747559682     
 Time :   331.223089938285     
 WOCIVL440M0100NH220/N_atom400E+10_Vexp600E+02_Vemit200E+03_tauD000E+00_Vran118E
 +01                  
 Start
           0
 set_grid_done
 set_clumps_done
 Done
 TIME :    3.62876829225570       sec
          50 %           1   165.166700373404     
 	 100 %           1   325.848385469522     
 Time :   325.978836982977     
 WOCIVL440M0100NH220/N_atom400E+10_Vexp700E+02_Vemit200E+03_tauD000E+00_Vran118E
 +01                  
 Start
           0
 set_grid_done
 set_clumps_done
 Done
 TIME :    2.04264562414028       sec
          50 %           1   165.376446784707     
 	 100 %           1   357.765846006107     
 Time :   357.947230712045     
 WOCIVL440M0100NH220/N_atom400E+10_Vexp800E+02_Vemit200E+03_tauD000E+00_Vran118E
 +01                  
 Start
           0
 set_grid_done
 set_clumps_done
 Done
 TIME :    3.51391370221972       sec
          50 %           1   178.725094233407     
 	 100 %           1   391.917275213404     
 Time :   392.060929888627     
 WOCIVL440M0100NH220/N_atom400E+10_Vexp900E+02_Vemit200E+03_tauD000E+00_Vran118E
 +01                  
 Start
           0
 set_grid_done
 set_clumps_done
 Done
 TIME :    3.12628425518051       sec
          50 %           1   211.154485554667     
 	 100 %           1   413.074376749573     
 Time :   413.245652443497     
 WOCIVL440M0100NH220/N_atom400E+10_Vexp100E+03_Vemit200E+03_tauD000E+00_Vran118E
 +01                  
 Start
           0
 set_grid_done
 set_clumps_done
 Done
 TIME :    3.52082341071218       sec
          50 %           1   231.603677531239     
 	 100 %           1   442.638850872405     
 Time :   442.801222310401     
 WOCIVL440M0100NH220/N_atom400E+10_Vexp200E+03_Vemit200E+03_tauD000E+00_Vran118E
 +01                  
 Start
           0
 set_grid_done
 set_clumps_done
 Done
 TIME :    2.04189712274820       sec
          50 %           1   226.342494768091     
 	 100 %           1   450.590283613885     
 Time :   450.720019790111     
 WOCIVL440M0100NH220/N_atom400E+10_Vexp300E+03_Vemit200E+03_tauD000E+00_Vran118E
 +01                  
 Start
           0
 set_grid_done
 set_clumps_done
 Done
 TIME :    2.01368305389769       sec
          50 %           1   241.386940673226     
 	 100 %           1   471.742716106586     
 Time :   471.873680704739     
 WOCIVL440M0100NH220/N_atom400E+10_Vexp500E+01_Vemit200E+03_tauD000E+00_Vran118E
 +01                  
 Start
           0
 set_grid_done
 set_clumps_done
 Done
 TIME :    2.01287750178017       sec
          50 %           1   204.650705559878     
 	 100 %           1   412.805114483694     
 Time :   412.935115082888     
 WOCIVL440M0100NH220/N_atom400E+10_Vexp100E+02_Vemit200E+03_tauD000E+00_Vran300E
 +01                  
 Start
           0
 set_grid_done
 set_clumps_done
 Done
 TIME :    2.02573054470122       sec
          50 %           1   174.141665416304     
 	 100 %           1   396.049807254458     
 Time :   396.224908105796     
 WOCIVL440M0100NH220/N_atom400E+10_Vexp200E+02_Vemit200E+03_tauD000E+00_Vran300E
 +01                  
 Start
           0
 set_grid_done
 set_clumps_done
 Done
 TIME :    3.64882771880366       sec
          50 %           1   239.646373417461     
 	 100 %           1   445.289961537113     
 Time :   445.458573566051     
 WOCIVL440M0100NH220/N_atom400E+10_Vexp300E+02_Vemit200E+03_tauD000E+00_Vran300E
 +01                  
 Start
           0
 set_grid_done
 set_clumps_done
 Done
 TIME :    3.53817835310474       sec
          50 %           1   184.849959229119     
 	 100 %           1   423.466904482804     
 Time :   423.647102577845     
 WOCIVL440M0100NH220/N_atom400E+10_Vexp400E+02_Vemit200E+03_tauD000E+00_Vran300E
 +01                  
 Start
           0
 set_grid_done
 set_clumps_done
 Done
 TIME :    3.54597976035438       sec
          50 %           1   231.071125230053     
 	 100 %           1   401.380834961310     
 Time :   401.515909308568     
 WOCIVL440M0100NH220/N_atom400E+10_Vexp500E+02_Vemit200E+03_tauD000E+00_Vran300E
 +01                  
 Start
           0
 set_grid_done
 set_clumps_done
 Done
 TIME :    2.04564299620688       sec
          50 %           1   160.906397867948     
 	 100 %           1   320.819445940200     
 Time :   320.953190208413     
 WOCIVL440M0100NH220/N_atom400E+10_Vexp600E+02_Vemit200E+03_tauD000E+00_Vran300E
 +01                  
 Start
           0
 set_grid_done
 set_clumps_done
 Done
 TIME :    2.04419846506789       sec
          50 %           1   162.693348884583     
 	 100 %           1   367.853950614110     
 Time :   368.036356089637     
 WOCIVL440M0100NH220/N_atom400E+10_Vexp700E+02_Vemit200E+03_tauD000E+00_Vran300E
 +01                  
 Start
           0
 set_grid_done
 set_clumps_done
 Done
 TIME :    3.51893115136772       sec
          50 %           1   251.616686492227     
 	 100 %           1   481.931143266149     
 Time :   482.101580624469     
 WOCIVL440M0100NH220/N_atom400E+10_Vexp800E+02_Vemit200E+03_tauD000E+00_Vran300E
 +01                  
 Start
           0
 set_grid_done
 set_clumps_done
 Done
 TIME :    3.23817880568095       sec
          50 %           1   234.451481396100     
 	 100 %           1   407.739875858184     
 Time :   407.919491373701     
 WOCIVL440M0100NH220/N_atom400E+10_Vexp900E+02_Vemit200E+03_tauD000E+00_Vran300E
 +01                  
 Start
           0
 set_grid_done
 set_clumps_done
 Done
 TIME :    3.30653190636076       sec
          50 %           1   160.718071461422     
 	 100 %           1   381.591365967644     
 Time :   381.733142029960     
 WOCIVL440M0100NH220/N_atom400E+10_Vexp100E+03_Vemit200E+03_tauD000E+00_Vran300E
 +01                  
 Start
           0
 set_grid_done
 set_clumps_done
 Done
 TIME :    2.01297908881679       sec
          50 %           1   236.007184338756     
 	 100 %           1   458.437971437816     
 Time :   458.624600923620     
 WOCIVL440M0100NH220/N_atom400E+10_Vexp200E+03_Vemit200E+03_tauD000E+00_Vran300E
 +01                  
 Start
           0
 set_grid_done
 set_clumps_done
 Done
 TIME :    3.47060186811723       sec
          50 %           1   228.203494169051     
 	 100 %           1   469.914602032164     
 Time :   470.087224607822     
 WOCIVL440M0100NH220/N_atom400E+10_Vexp300E+03_Vemit200E+03_tauD000E+00_Vran300E
 +01                  
 Start
           0
 set_grid_done
 set_clumps_done
 Done
 TIME :    2.01279819803312       sec
          50 %           1   176.105439533712     
 	 100 %           1   335.601498989621     
 Time :   335.730442418717     
 WOCIVL440M0100NH220/N_atom400E+10_Vexp500E+01_Vemit200E+03_tauD000E+00_Vran300E
 +01                  
 Start
           0
 set_grid_done
 set_clumps_done
 Done
 TIME :    2.01579864625819       sec
          50 %           1   195.027015059022     
 	 100 %           1   427.696759158047     
 Time :   427.838201974286     
 WOCIVL440M0100NH220/N_atom400E+10_Vexp100E+02_Vemit200E+03_tauD000E+00_Vran500E
 +01                  
 Start
           0
 set_grid_done
 set_clumps_done
 Done
 TIME :    2.01098242728040       sec
          50 %           1   275.262012457009     
 	 100 %           1   520.858812583610     
 Time :   521.004648989299     
 WOCIVL440M0100NH220/N_atom400E+10_Vexp200E+02_Vemit200E+03_tauD000E+00_Vran500E
 +01                  
 Start
           0
 set_grid_done
 set_clumps_done
 Done
 TIME :    3.20519087999128       sec
          50 %           1   228.852453330066     
 	 100 %           1   443.220741583733     
 Time :   443.383002727991     
 WOCIVL440M0100NH220/N_atom400E+10_Vexp300E+02_Vemit200E+03_tauD000E+00_Vran500E
 +01                  
 Start
           0
 set_grid_done
 set_clumps_done
 Done
 TIME :    2.01141385384835       sec
          50 %           1   217.457278874237     
 	 100 %           1   430.300476344069     
 Time :   430.469636485912     
 WOCIVL440M0100NH220/N_atom400E+10_Vexp400E+02_Vemit200E+03_tauD000E+00_Vran500E
 +01                  
 Start
           0
 set_grid_done
 set_clumps_done
 Done
 TIME :    2.01954135345295       sec
          50 %           1   216.835717528826     
 	 100 %           1   428.476574657718     
 Time :   428.629034496611     
 WOCIVL440M0100NH220/N_atom400E+10_Vexp500E+02_Vemit200E+03_tauD000E+00_Vran500E
 +01                  
 Start
           0
 set_grid_done
 set_clumps_done
 Done
 TIME :    2.48882996267639       sec
          50 %           1   200.963182699168     
 	 100 %           1   409.299993671477     
 Time :   409.458466219483     
 WOCIVL440M0100NH220/N_atom400E+10_Vexp600E+02_Vemit200E+03_tauD000E+00_Vran500E
 +01                  
 Start
           0
 set_grid_done
 set_clumps_done
 Done
 TIME :    2.02007445716299       sec
          50 %           1   242.644395755138     
 	 100 %           1   486.051214444684     
 Time :   486.236689702608     
 WOCIVL440M0100NH220/N_atom400E+10_Vexp700E+02_Vemit200E+03_tauD000E+00_Vran500E
 +01                  
 Start
           0
 set_grid_done
 set_clumps_done
 Done
 TIME :    3.52803346142173       sec
          50 %           1   247.527090406977     
 	 100 %           1   429.995090171695     
 Time :   430.132546808571     
 WOCIVL440M0100NH220/N_atom400E+10_Vexp800E+02_Vemit200E+03_tauD000E+00_Vran500E
 +01                  
 Start
           0
 set_grid_done
 set_clumps_done
 Done
 TIME :    2.04524702834897       sec
          50 %           1   173.086493794341     
 	 100 %           1   344.279793209629     
 Time :   344.411786202108     
 WOCIVL440M0100NH220/N_atom400E+10_Vexp900E+02_Vemit200E+03_tauD000E+00_Vran500E
 +01                  
 Start
           0
 set_grid_done
 set_clumps_done
 Done
 TIME :    2.04059459711425       sec
          50 %           1   177.370088114170     
 	 100 %           1   402.409060593229     
 Time :   402.587946393760     
 WOCIVL440M0100NH220/N_atom400E+10_Vexp100E+03_Vemit200E+03_tauD000E+00_Vran500E
 +01                  
 Start
           0
 set_grid_done
 set_clumps_done
 Done
 TIME :    3.15308165713213       sec
          50 %           1   221.190546877915     
 	 100 %           1   403.412759836996     
 Time :   403.544134250144     
 WOCIVL440M0100NH220/N_atom400E+10_Vexp200E+03_Vemit200E+03_tauD000E+00_Vran500E
 +01                  
 Start
           0
 set_grid_done
 set_clumps_done
 Done
 TIME :    2.38758543343283       sec
          50 %           1   251.496843509609     
 	 100 %           1   489.128866689513     
 Time :   489.311482893536     
 WOCIVL440M0100NH220/N_atom400E+10_Vexp300E+03_Vemit200E+03_tauD000E+00_Vran500E
 +01                  
 Start
           0
 set_grid_done
 set_clumps_done
 Done
 TIME :    3.61502026394010       sec
          50 %           1   244.225694459397     
 	 100 %           1   444.985238801222     
 Time :   445.114896515384     
 WOCIVL440M0100NH220/N_atom400E+10_Vexp500E+01_Vemit200E+03_tauD000E+00_Vran500E
 +01                  
 Start
           0
 set_grid_done
 set_clumps_done
 Done
 TIME :    2.00897191883996       sec
          50 %           1   241.798690521391     
 	 100 %           1   482.473599080928     
 Time :   482.610887371236     
 WOCIVL440M0100NH220/N_atom400E+10_Vexp100E+02_Vemit300E+03_tauD000E+00_Vran118E
 +01                  
 Start
           0
 set_grid_done
 set_clumps_done
 Done
 TIME :    2.04737686808221       sec
          50 %           1   164.191599553684     
 	 100 %           1   328.134722345741     
 Time :   328.319926467957     
 WOCIVL440M0100NH220/N_atom400E+10_Vexp200E+02_Vemit300E+03_tauD000E+00_Vran118E
 +01                  
 Start
           0
 set_grid_done
 set_clumps_done
 Done
 TIME :    3.40083800163120       sec
          50 %           1   164.875845578266     
 	 100 %           1   323.460297071142     
 Time :   323.589743996505     
 WOCIVL440M0100NH220/N_atom400E+10_Vexp300E+02_Vemit300E+03_tauD000E+00_Vran118E
 +01                  
 Start
           0
 set_grid_done
 set_clumps_done
 Done
 TIME :    2.01619379222393       sec
          50 %           1   160.405632843962     
 	 100 %           1   320.344331664732     
 Time :   320.475274079945     
 WOCIVL440M0100NH220/N_atom400E+10_Vexp400E+02_Vemit300E+03_tauD000E+00_Vran118E
 +01                  
 Start
           0
 set_grid_done
 set_clumps_done
 Done
 TIME :    2.05688340193592       sec
          50 %           1   160.974010893609     
 	 100 %           1   319.216940925457     
 Time :   319.348821730353     
 WOCIVL440M0100NH220/N_atom400E+10_Vexp500E+02_Vemit300E+03_tauD000E+00_Vran118E
 +01                  
 Start
           0
 set_grid_done
 set_clumps_done
 Done
 TIME :    2.05356037826277       sec
          50 %           1   159.717858838383     
 	 100 %           1   317.844170590164     
 Time :   318.028680696618     
 WOCIVL440M0100NH220/N_atom400E+10_Vexp600E+02_Vemit300E+03_tauD000E+00_Vran118E
 +01                  
 Start
           0
 set_grid_done
 set_clumps_done
 Done
 TIME :    3.37135582393967       sec
          50 %           1   161.603316144785     
 	 100 %           1   317.860598013969     
 Time :   317.991968238959     
 WOCIVL440M0100NH220/N_atom400E+10_Vexp700E+02_Vemit300E+03_tauD000E+00_Vran118E
 +01                  
 Start
           0
 set_grid_done
 set_clumps_done
 Done
 TIME :    2.03422217047773       sec
          50 %           1   160.346920937998     
 	 100 %           1   318.941308036447     
 Time :   319.127395371208     
 WOCIVL440M0100NH220/N_atom400E+10_Vexp800E+02_Vemit300E+03_tauD000E+00_Vran118E
 +01                  
 Start
           0
 set_grid_done
 set_clumps_done
 Done
 TIME :    3.53456794214435       sec
          50 %           1   164.863869475899     
 	 100 %           1   326.460792654427     
 Time :   326.592165594455     
 WOCIVL440M0100NH220/N_atom400E+10_Vexp900E+02_Vemit300E+03_tauD000E+00_Vran118E
 +01                  
 Start
           0
 set_grid_done
 set_clumps_done
 Done
 TIME :    3.42833965900354       sec
          50 %           1   163.924418763723     
 	 100 %           1   322.143655813532     
 Time :   322.277693731245     
 WOCIVL440M0100NH220/N_atom400E+10_Vexp100E+03_Vemit300E+03_tauD000E+00_Vran118E
 +01                  
 Start
           0
 set_grid_done
 set_clumps_done
 Done
 TIME :    2.04255014890805       sec
          50 %           1   164.862662685802     
 	 100 %           1   328.771575302351     
 Time :   328.899290089030     
 WOCIVL440M0100NH220/N_atom400E+10_Vexp200E+03_Vemit300E+03_tauD000E+00_Vran118E
 +01                  
 Start
           0
 set_grid_done
 set_clumps_done
 Done
 TIME :    2.01695386599749       sec
          50 %           1   169.593012762256     
 	 100 %           1   335.762665461283     
 Time :   335.892265483504     
 WOCIVL440M0100NH220/N_atom400E+10_Vexp300E+03_Vemit300E+03_tauD000E+00_Vran118E
 +01                  
 Start
           0
 set_grid_done
 set_clumps_done
 Done
 TIME :    2.01206133910455       sec
          50 %           1   164.511887511471     
 	 100 %           1   327.640232770471     
 Time :   327.829264985397     
 WOCIVL440M0100NH220/N_atom400E+10_Vexp500E+01_Vemit300E+03_tauD000E+00_Vran118E
 +01                  
 Start
           0
 set_grid_done
 set_clumps_done
 Done
 TIME :    3.52485824446194       sec
          50 %           1   172.642509111203     
 	 100 %           1   339.970220125513     
 Time :   340.098844195483     
 WOCIVL440M0100NH220/N_atom400E+10_Vexp100E+02_Vemit300E+03_tauD000E+00_Vran300E
 +01                  
 Start
           0
 set_grid_done
 set_clumps_done
 Done
 TIME :    1.99896108708344       sec
          50 %           1   171.837172444444     
 	 100 %           1   343.259717901936     
 Time :   343.389238981064     
 WOCIVL440M0100NH220/N_atom400E+10_Vexp200E+02_Vemit300E+03_tauD000E+00_Vran300E
 +01                  
 Start
           0
 set_grid_done
 set_clumps_done
 Done
 TIME :    1.99888235446997       sec
          50 %           1   167.170181505149     
 	 100 %           1   330.969075198285     
 Time :   331.100284961984     
 WOCIVL440M0100NH220/N_atom400E+10_Vexp300E+02_Vemit300E+03_tauD000E+00_Vran300E
 +01                  
 Start
           0
 set_grid_done
 set_clumps_done
 Done
 TIME :    2.00784326018766       sec
          50 %           1   164.552346113138     
 	 100 %           1   328.041807959322     
 Time :   328.172509307042     
 WOCIVL440M0100NH220/N_atom400E+10_Vexp400E+02_Vemit300E+03_tauD000E+00_Vran300E
 +01                  
 Start
           0
 set_grid_done
 set_clumps_done
 Done
 TIME :    2.00629087002017       sec
          50 %           1   164.351156043587     
 	 100 %           1   327.792913848534     
 Time :   327.968160231831     
 WOCIVL440M0100NH220/N_atom400E+10_Vexp500E+02_Vemit300E+03_tauD000E+00_Vran300E
 +01                  
 Start
           0
 set_grid_done
 set_clumps_done
 Done
 TIME :    3.59182788268663       sec
          50 %           1   165.023555226391     
 	 100 %           1   326.178489280865     
 Time :   326.307046491187     
 WOCIVL440M0100NH220/N_atom400E+10_Vexp600E+02_Vemit300E+03_tauD000E+00_Vran300E
 +01                  
 Start
           0
 set_grid_done
 set_clumps_done
 Done
 TIME :    2.00137133081444       sec
          50 %           1   159.608554570936     
 	 100 %           1   316.666710022837     
 Time :   316.841644581640     
 WOCIVL440M0100NH220/N_atom400E+10_Vexp700E+02_Vemit300E+03_tauD000E+00_Vran300E
 +01                  
 Start
           0
 set_grid_done
 set_clumps_done
 Done
 TIME :    2.71833765180781       sec
          50 %           1   165.460206870222     
 	 100 %           1   327.937366310274     
 Time :   328.066893661860     
 WOCIVL440M0100NH220/N_atom400E+10_Vexp800E+02_Vemit300E+03_tauD000E+00_Vran300E
 +01                  
 Start
           0
 set_grid_done
 set_clumps_done
 Done
 TIME :    2.00149501045235       sec
          50 %           1   164.404620684683     
 	 100 %           1   327.046171459602     
 Time :   327.225741727278     
 WOCIVL440M0100NH220/N_atom400E+10_Vexp900E+02_Vemit300E+03_tauD000E+00_Vran300E
 +01                  
 Start
           0
 set_grid_done
 set_clumps_done
 Done
 TIME :    3.47925443598069       sec
          50 %           1   170.985261447262     
 	 100 %           1   338.273949193070     
 Time :   338.403710898943     
 WOCIVL440M0100NH220/N_atom400E+10_Vexp100E+03_Vemit300E+03_tauD000E+00_Vran300E
 +01                  
 Start
           0
 set_grid_done
 set_clumps_done
 Done
 TIME :    3.36612218548544       sec
          50 %           1   173.422052813694     
 	 100 %           1   343.055368726142     
 Time :   343.198141581379     
 WOCIVL440M0100NH220/N_atom400E+10_Vexp200E+03_Vemit300E+03_tauD000E+00_Vran300E
 +01                  
 Start
           0
 set_grid_done
 set_clumps_done
 Done
 TIME :    2.00207819137722       sec
          50 %           1   168.235856072977     
 	 100 %           1   332.702542777173     
 Time :   332.834740887396     
 WOCIVL440M0100NH220/N_atom400E+10_Vexp300E+03_Vemit300E+03_tauD000E+00_Vran300E
 +01                  
 Start
           0
 set_grid_done
 set_clumps_done
 Done
 TIME :    2.01375414174981       sec
          50 %           1   163.578530976316     
 	 100 %           1   323.382396176457     
 Time :   323.514572704677     
 WOCIVL440M0100NH220/N_atom400E+10_Vexp500E+01_Vemit300E+03_tauD000E+00_Vran300E
 +01                  
 Start
           0
 set_grid_done
 set_clumps_done
 Done
 TIME :    2.81433078832924       sec
          50 %           1   189.428559222724     
 	 100 %           1   376.159209566191     
 Time :   376.289420533227     
 WOCIVL440M0100NH220/N_atom400E+10_Vexp100E+02_Vemit300E+03_tauD000E+00_Vran500E
 +01                  
 Start
           0
 set_grid_done
 set_clumps_done
 Done
 TIME :    2.01136634149589       sec
          50 %           1   186.067787531996     
 	 100 %           1   378.743081771536     
 Time :   378.894846773008     
 WOCIVL440M0100NH220/N_atom400E+10_Vexp200E+02_Vemit300E+03_tauD000E+00_Vran500E
 +01                  
 Start
           0
 set_grid_done
 set_clumps_done
 Done
 TIME :    1.99598405463621       sec
          50 %           1   169.082713651471     
 	 100 %           1   335.812484794063     
 Time :   335.943296816433     
 WOCIVL440M0100NH220/N_atom400E+10_Vexp300E+02_Vemit300E+03_tauD000E+00_Vran500E
 +01                  
 Start
           0
 set_grid_done
 set_clumps_done
 Done
 TIME :    2.00561953824945       sec
          50 %           1   165.212578684324     
 	 100 %           1   328.867805458372     
 Time :   328.997822729871     
 WOCIVL440M0100NH220/N_atom400E+10_Vexp400E+02_Vemit300E+03_tauD000E+00_Vran500E
 +01                  
 Start
           0
 set_grid_done
 set_clumps_done
 Done
 TIME :    2.91950375540182       sec
          50 %           1   161.845896623097     
 	 100 %           1   320.217597469455     
 Time :   320.346008245833     
 WOCIVL440M0100NH220/N_atom400E+10_Vexp500E+02_Vemit300E+03_tauD000E+00_Vran500E
 +01                  
 Start
           0
 set_grid_done
 set_clumps_done
 Done
 TIME :    1.99527497938834       sec
          50 %           1   160.674877255224     
 	 100 %           1   320.393880212214     
 Time :   320.524610165507     
 WOCIVL440M0100NH220/N_atom400E+10_Vexp600E+02_Vemit300E+03_tauD000E+00_Vran500E
 +01                  
 Start
           0
 set_grid_done
 set_clumps_done
 Done
 TIME :    1.99670471181162       sec
          50 %           1   167.137772682356     
 	 100 %           1   331.234419577057     
 Time :   331.365168216638     
 WOCIVL440M0100NH220/N_atom400E+10_Vexp700E+02_Vemit300E+03_tauD000E+00_Vran500E
 +01                  
 Start
           0
 set_grid_done
 set_clumps_done
 Done
 TIME :    2.78020361368544       sec
          50 %           1   168.846489037387     
 	 100 %           1   334.583249131218     
 Time :   334.713350575883     
 WOCIVL440M0100NH220/N_atom400E+10_Vexp800E+02_Vemit300E+03_tauD000E+00_Vran500E
 +01                  
 Start
           0
 set_grid_done
 set_clumps_done
 Done
 TIME :    1.99464916600846       sec
          50 %           1   169.616149636218     
 	 100 %           1   337.721113050357     
 Time :   337.852035146207     
 WOCIVL440M0100NH220/N_atom400E+10_Vexp900E+02_Vemit300E+03_tauD000E+00_Vran500E
 +01                  
 Start
           0
 set_grid_done
 set_clumps_done
 Done
 TIME :    1.99488324974664       sec
          50 %           1   174.247018542374     
 	 100 %           1   347.350665938575     
 Time :   347.484173988691     
 WOCIVL440M0100NH220/N_atom400E+10_Vexp100E+03_Vemit300E+03_tauD000E+00_Vran500E
 +01                  
 Start
           0
 set_grid_done
 set_clumps_done
 Done
 TIME :    2.00859736232087       sec
          50 %           1   174.647901989752     
 	 100 %           1   346.930445986800     
 Time :   347.062925242120     
 WOCIVL440M0100NH220/N_atom400E+10_Vexp200E+03_Vemit300E+03_tauD000E+00_Vran500E
 +01                  
 Start
           0
 set_grid_done
 set_clumps_done
 Done
 TIME :    2.02197507256642       sec
          50 %           1   161.835647068452     
 	 100 %           1   321.657965921331     
 Time :   321.790760888718     
 WOCIVL440M0100NH220/N_atom400E+10_Vexp300E+03_Vemit300E+03_tauD000E+00_Vran500E
 +01                  
 Start
           0
 set_grid_done
 set_clumps_done
 Done
 TIME :    2.02096278988756       sec
          50 %           1   162.829491333105     
 	 100 %           1   323.274197402643     
 Time :   323.405542097986     
 WOCIVL440M0100NH220/N_atom400E+10_Vexp500E+01_Vemit300E+03_tauD000E+00_Vran500E
 +01                  
 Start
           0
 set_grid_done
 set_clumps_done
 Done
 TIME :    2.01551729044877       sec
          50 %           1   233.160174423363     
 	 100 %           1   466.115673929453     
 Time :   466.300922678085     
