nohup: ignoring input
 WOCIVL440M10NH220/N_atom400E+10_Vexp100E+02_Vemit100E+03_tauD000E+00_Vran118E+0
 1                    
 Start
           0
 set_grid_done
 set_clumps_done
 Done
 TIME :    2.39917993661948       sec
          50 %           1   71.2434812744614     
 	 100 %           1   140.231835725252     
 Time :   140.340023118537     
 WOCIVL440M10NH220/N_atom400E+10_Vexp200E+02_Vemit100E+03_tauD000E+00_Vran118E+0
 1                    
 Start
           0
 set_grid_done
 set_clumps_done
 Done
 TIME :    2.43444645637646       sec
          50 %           1   69.3453641531523     
 	 100 %           1   145.419048683718     
 Time :   145.568111696513     
 WOCIVL440M10NH220/N_atom400E+10_Vexp300E+02_Vemit100E+03_tauD000E+00_Vran118E+0
 1                    
 Start
           0
 set_grid_done
 set_clumps_done
 Done
 TIME :    4.17705371440388       sec
          50 %           1   78.9341100691818     
 	 100 %           1   140.657418269664     
 Time :   140.804118876578     
 WOCIVL440M10NH220/N_atom400E+10_Vexp400E+02_Vemit100E+03_tauD000E+00_Vran118E+0
 1                    
 Start
           0
 set_grid_done
 set_clumps_done
 Done
 TIME :    4.66322867851704       sec
          50 %           1   67.3928520320915     
 	 100 %           1   130.691171280574     
 Time :   130.809159189695     
 WOCIVL440M10NH220/N_atom400E+10_Vexp500E+02_Vemit100E+03_tauD000E+00_Vran118E+0
 1                    
 Start
           0
 set_grid_done
 set_clumps_done
 Done
 TIME :    4.49848639126867       sec
          50 %           1   76.1986924204975     
 	 100 %           1   165.494207516313     
 Time :   165.649434525752     
 WOCIVL440M10NH220/N_atom400E+10_Vexp600E+02_Vemit100E+03_tauD000E+00_Vran118E+0
 1                    
 Start
           0
 set_grid_done
 set_clumps_done
 Done
 TIME :    4.65285241673701       sec
          50 %           1   96.1145159548614     
 	 100 %           1   182.690967489267     
 Time :   182.844575975789     
 WOCIVL440M10NH220/N_atom400E+10_Vexp700E+02_Vemit100E+03_tauD000E+00_Vran118E+0
 1                    
 Start
           0
 set_grid_done
 set_clumps_done
 Done
 TIME :    2.77631984860636       sec
          50 %           1   63.9947821078822     
 	 100 %           1   123.538585042581     
 Time :   123.703351254808     
 WOCIVL440M10NH220/N_atom400E+10_Vexp800E+02_Vemit100E+03_tauD000E+00_Vran118E+0
 1                    
 Start
           0
 set_grid_done
 set_clumps_done
 Done
 TIME :    4.65394249279052       sec
          50 %           1   73.0202960148454     
 	 100 %           1   134.415108235786     
 Time :   134.571629897226     
 WOCIVL440M10NH220/N_atom400E+10_Vexp900E+02_Vemit100E+03_tauD000E+00_Vran118E+0
 1                    
 Start
           0
 set_grid_done
 set_clumps_done
 Done
 TIME :    4.63553946116008       sec
          50 %           1   66.3841458491515     
 	 100 %           1   127.538519253954     
 Time :   127.694976173341     
 WOCIVL440M10NH220/N_atom400E+10_Vexp100E+03_Vemit100E+03_tauD000E+00_Vran118E+0
 1                    
 Start
           0
 set_grid_done
 set_clumps_done
 Done
 TIME :    4.51936592441052       sec
          50 %           1   65.4151052935049     
 	 100 %           1   125.897715657949     
 Time :   126.015769421123     
 WOCIVL440M10NH220/N_atom400E+10_Vexp200E+03_Vemit100E+03_tauD000E+00_Vran118E+0
 1                    
 Start
           0
 set_grid_done
 set_clumps_done
 Done
 TIME :    3.31191314524040       sec
          50 %           1   63.8270208763424     
 	 100 %           1   123.187564286636     
 Time :   123.307880757609     
 WOCIVL440M10NH220/N_atom400E+10_Vexp300E+03_Vemit100E+03_tauD000E+00_Vran118E+0
 1                    
 Start
           0
 set_grid_done
 set_clumps_done
 Done
 TIME :    2.92074968200177       sec
          50 %           1   64.8490503598005     
 	 100 %           1   126.527452548500     
 Time :   126.684366379632     
 WOCIVL440M10NH220/N_atom400E+10_Vexp500E+01_Vemit100E+03_tauD000E+00_Vran118E+0
 1                    
 Start
           0
 set_grid_done
 set_clumps_done
 Done
 TIME :    4.65964289498515       sec
          50 %           1   84.3830582930241     
 	 100 %           1   164.159133427776     
 Time :   164.292973927921     
 WOCIVL440M10NH220/N_atom400E+10_Vexp100E+02_Vemit100E+03_tauD000E+00_Vran300E+0
 1                    
 Start
           0
 set_grid_done
 set_clumps_done
 Done
 TIME :    2.51194533496164       sec
          50 %           1   93.0187440256122     
 	 100 %           1   184.736597349169     
 Time :   184.861090678722     
 WOCIVL440M10NH220/N_atom400E+10_Vexp200E+02_Vemit100E+03_tauD000E+00_Vran300E+0
 1                    
 Start
           0
 set_grid_done
 set_clumps_done
 Done
 TIME :    4.62249393458478       sec
          50 %           1   76.8949637485202     
 	 100 %           1   149.627095938427     
 Time :   149.785975336796     
 WOCIVL440M10NH220/N_atom400E+10_Vexp300E+02_Vemit100E+03_tauD000E+00_Vran300E+0
 1                    
 Start
           0
 set_grid_done
 set_clumps_done
 Done
 TIME :    4.65176625805907       sec
          50 %           1   73.3248658950906     
 	 100 %           1   141.340859287186     
 Time :   141.494037552271     
 WOCIVL440M10NH220/N_atom400E+10_Vexp400E+02_Vemit100E+03_tauD000E+00_Vran300E+0
 1                    
 Start
           0
 set_grid_done
 set_clumps_done
 Done
 TIME :    4.62638516421430       sec
          50 %           1   70.1120835903566     
 	 100 %           1   135.779611293226     
 Time :   135.932672778144     
 WOCIVL440M10NH220/N_atom400E+10_Vexp500E+02_Vemit100E+03_tauD000E+00_Vran300E+0
 1                    
 Start
           0
 set_grid_done
 set_clumps_done
 Done
 TIME :    4.64043283089995       sec
          50 %           1   68.6539387155790     
 	 100 %           1   132.300849067047     
 Time :   132.466011566808     
 WOCIVL440M10NH220/N_atom400E+10_Vexp600E+02_Vemit100E+03_tauD000E+00_Vran300E+0
 1                    
 Start
           0
 set_grid_done
 set_clumps_done
 Done
 TIME :    4.08181427372620       sec
          50 %           1   67.5250674670096     
 	 100 %           1   131.264297351940     
 Time :   131.417106180219     
 WOCIVL440M10NH220/N_atom400E+10_Vexp700E+02_Vemit100E+03_tauD000E+00_Vran300E+0
 1                    
 Start
           0
 set_grid_done
 set_clumps_done
 Done
 TIME :    4.64837999083102       sec
          50 %           1   67.2516636122018     
 	 100 %           1   130.220314079197     
 Time :   130.377186241560     
 WOCIVL440M10NH220/N_atom400E+10_Vexp800E+02_Vemit100E+03_tauD000E+00_Vran300E+0
 1                    
 Start
           0
 set_grid_done
 set_clumps_done
 Done
 TIME :    3.15541420667432       sec
          50 %           1   64.7314689375926     
 	 100 %           1   125.967451503733     
 Time :   126.124312154483     
 WOCIVL440M10NH220/N_atom400E+10_Vexp900E+02_Vemit100E+03_tauD000E+00_Vran300E+0
 1                    
 Start
           0
 set_grid_done
 set_clumps_done
 Done
 TIME :    3.43917614873499       sec
          50 %           1   65.0427882485092     
 	 100 %           1   126.023639485706     
 Time :   126.185970905470     
 WOCIVL440M10NH220/N_atom400E+10_Vexp100E+03_Vemit100E+03_tauD000E+00_Vran300E+0
 1                    
 Start
           0
 set_grid_done
 set_clumps_done
 Done
 TIME :    4.05840629152954       sec
          50 %           1   64.5193061258178     
 	 100 %           1   124.764057390159     
 Time :   124.929435877362     
 WOCIVL440M10NH220/N_atom400E+10_Vexp200E+03_Vemit100E+03_tauD000E+00_Vran300E+0
 1                    
 Start
           0
 set_grid_done
 set_clumps_done
 Done
 TIME :    2.56900611286983       sec
          50 %           1   63.5741396013182     
 	 100 %           1   124.531361779431     
 Time :   124.694645194802     
 WOCIVL440M10NH220/N_atom400E+10_Vexp300E+03_Vemit100E+03_tauD000E+00_Vran300E+0
 1                    
 Start
           0
 set_grid_done
 set_clumps_done
 Done
 TIME :    4.65237454534508       sec
          50 %           1   66.5490487189963     
 	 100 %           1   128.474602635717     
 Time :   128.594673643820     
 WOCIVL440M10NH220/N_atom400E+10_Vexp500E+01_Vemit100E+03_tauD000E+00_Vran300E+0
 1                    
 Start
           0
 set_grid_done
 set_clumps_done
 Done
 TIME :    2.51554897218011       sec
          50 %           1   136.784098528558     
 	 100 %           1   270.421923171030     
 Time :   270.543645754457     
 WOCIVL440M10NH220/N_atom400E+10_Vexp100E+02_Vemit100E+03_tauD000E+00_Vran500E+0
 1                    
 Start
           0
 set_grid_done
 set_clumps_done
 Done
 TIME :    2.52368418662809       sec
          50 %           1   130.462728541577     
 	 100 %           1   255.343935148790     
 Time :   255.463593919296     
 WOCIVL440M10NH220/N_atom400E+10_Vexp200E+02_Vemit100E+03_tauD000E+00_Vran500E+0
 1                    
 Start
           0
 set_grid_done
 set_clumps_done
 Done
 TIME :    2.51106090657413       sec
          50 %           1   88.1111997987609     
 	 100 %           1   176.304709480377     
 Time :   176.423118072795     
 WOCIVL440M10NH220/N_atom400E+10_Vexp300E+02_Vemit100E+03_tauD000E+00_Vran500E+0
 1                    
 Start
           0
 set_grid_done
 set_clumps_done
 Done
 TIME :    2.51695573562756       sec
          50 %           1   78.8099254621193     
 	 100 %           1   154.625989959342     
 Time :   154.744679712225     
 WOCIVL440M10NH220/N_atom400E+10_Vexp400E+02_Vemit100E+03_tauD000E+00_Vran500E+0
 1                    
 Start
           0
 set_grid_done
 set_clumps_done
 Done
 TIME :    2.52149505750276       sec
          50 %           1   73.3864968132693     
 	 100 %           1   145.028674839996     
 Time :   145.193050365429     
 WOCIVL440M10NH220/N_atom400E+10_Vexp500E+02_Vemit100E+03_tauD000E+00_Vran500E+0
 1                    
 Start
           0
 set_grid_done
 set_clumps_done
 Done
 TIME :    3.57135344203562       sec
          50 %           1   78.8115041197743     
 	 100 %           1   146.185196062084     
 Time :   146.342790246475     
 WOCIVL440M10NH220/N_atom400E+10_Vexp600E+02_Vemit100E+03_tauD000E+00_Vran500E+0
 1                    
 Start
           0
 set_grid_done
 set_clumps_done
 Done
 TIME :    2.54826605319977       sec
          50 %           1   69.4672255683690     
 	 100 %           1   136.457052483922     
 Time :   136.622828310588     
 WOCIVL440M10NH220/N_atom400E+10_Vexp700E+02_Vemit100E+03_tauD000E+00_Vran500E+0
 1                    
 Start
           0
 set_grid_done
 set_clumps_done
 Done
 TIME :    2.61551849450916       sec
          50 %           1   67.8984262468293     
 	 100 %           1   133.666692172410     
 Time :   133.825255464530     
 WOCIVL440M10NH220/N_atom400E+10_Vexp800E+02_Vemit100E+03_tauD000E+00_Vran500E+0
 1                    
 Start
           0
 set_grid_done
 set_clumps_done
 Done
 TIME :    2.88690787949599       sec
          50 %           1   67.0415243471507     
 	 100 %           1   130.769924685359     
 Time :   130.928368131630     
 WOCIVL440M10NH220/N_atom400E+10_Vexp900E+02_Vemit100E+03_tauD000E+00_Vran500E+0
 1                    
 Start
           0
 set_grid_done
 set_clumps_done
 Done
 TIME :    2.50964412419125       sec
          50 %           1   66.8542849761434     
 	 100 %           1   145.862194285495     
 Time :   146.016749397619     
 WOCIVL440M10NH220/N_atom400E+10_Vexp100E+03_Vemit100E+03_tauD000E+00_Vran500E+0
 1                    
 Start
           0
 set_grid_done
 set_clumps_done
 Done
 TIME :    4.22201683418825       sec
          50 %           1   83.4192135075573     
 	 100 %           1   147.247989835218     
 Time :   147.405614406802     
 WOCIVL440M10NH220/N_atom400E+10_Vexp200E+03_Vemit100E+03_tauD000E+00_Vran500E+0
 1                    
 Start
           0
 set_grid_done
 set_clumps_done
 Done
 TIME :    4.62072629039176       sec
          50 %           1   78.0538191031665     
 	 100 %           1   177.131843632087     
 Time :   177.291567593580     
 WOCIVL440M10NH220/N_atom400E+10_Vexp300E+03_Vemit100E+03_tauD000E+00_Vran500E+0
 1                    
 Start
           0
 set_grid_done
 set_clumps_done
 Done
 TIME :    4.63209599582478       sec
          50 %           1   107.366144412197     
 	 100 %           1   209.598502790090     
 Time :   209.727694892325     
 WOCIVL440M10NH220/N_atom400E+10_Vexp500E+01_Vemit100E+03_tauD000E+00_Vran500E+0
 1                    
 Start
           0
 set_grid_done
 set_clumps_done
 Done
 TIME :    3.36066789645702       sec
          50 %           1   264.280748398509     
 	 100 %           1   492.443810967263     
 Time :   492.604254947044     
 WOCIVL440M10NH220/N_atom400E+10_Vexp100E+02_Vemit200E+03_tauD000E+00_Vran118E+0
 1                    
 Start
           0
 set_grid_done
 set_clumps_done
 Done
 TIME :    4.64609120390378       sec
          50 %           1   108.461095520761     
 	 100 %           1   209.194535276154     
 Time :   209.320626930334     
 WOCIVL440M10NH220/N_atom400E+10_Vexp200E+02_Vemit200E+03_tauD000E+00_Vran118E+0
 1                    
 Start
           0
 set_grid_done
 set_clumps_done
 Done
 TIME :    3.37203264259733       sec
          50 %           1   89.2849052934907     
 	 100 %           1   153.043181363493     
 Time :   153.162124964874     
 WOCIVL440M10NH220/N_atom400E+10_Vexp300E+02_Vemit200E+03_tauD000E+00_Vran118E+0
 1                    
 Start
           0
 set_grid_done
 set_clumps_done
 Done
 TIME :    2.51540678390302       sec
          50 %           1   65.5739191083703     
 	 100 %           1   127.508932016557     
 Time :   127.673285229830     
 WOCIVL440M10NH220/N_atom400E+10_Vexp400E+02_Vemit200E+03_tauD000E+00_Vran118E+0
 1                    
 Start
           0
 set_grid_done
 set_clumps_done
 Done
 TIME :    4.66302716825157       sec
          50 %           1   66.5519095652271     
 	 100 %           1   128.254416009411     
 Time :   128.373851048062     
 WOCIVL440M10NH220/N_atom400E+10_Vexp500E+02_Vemit200E+03_tauD000E+00_Vran118E+0
 1                    
 Start
           0
 set_grid_done
 set_clumps_done
 Done
 TIME :    2.52042304538190       sec
          50 %           1   64.2491797129624     
 	 100 %           1   126.587750502629     
 Time :   126.708229179727     
 WOCIVL440M10NH220/N_atom400E+10_Vexp600E+02_Vemit200E+03_tauD000E+00_Vran118E+0
 1                    
 Start
           0
 set_grid_done
 set_clumps_done
 Done
 TIME :    2.52143089659512       sec
          50 %           1   83.6181325290818     
 	 100 %           1   176.210499030538     
 Time :   176.335071559530     
 WOCIVL440M10NH220/N_atom400E+10_Vexp700E+02_Vemit200E+03_tauD000E+00_Vran118E+0
 1                    
 Start
           0
 set_grid_done
 set_clumps_done
 Done
 TIME :    4.23364417557605       sec
          50 %           1   101.789640703239     
 	 100 %           1   197.889164730208     
 Time :   198.018288453575     
 WOCIVL440M10NH220/N_atom400E+10_Vexp800E+02_Vemit200E+03_tauD000E+00_Vran118E+0
 1                    
 Start
           0
 set_grid_done
 set_clumps_done
 Done
 TIME :    2.52950186003000       sec
          50 %           1   95.4629104556516     
 	 100 %           1   185.673426077003     
 Time :   185.802281824872     
 WOCIVL440M10NH220/N_atom400E+10_Vexp900E+02_Vemit200E+03_tauD000E+00_Vran118E+0
 1                    
 Start
           0
 set_grid_done
 set_clumps_done
 Done
 TIME :    3.86123932502232       sec
          50 %           1   74.0688105344307     
 	 100 %           1   136.088032968808     
 Time :   136.248609638773     
 WOCIVL440M10NH220/N_atom400E+10_Vexp100E+03_Vemit200E+03_tauD000E+00_Vran118E+0
 1                    
 Start
           0
 set_grid_done
 set_clumps_done
 Done
 TIME :    4.21364480280317       sec
          50 %           1   64.1025201333687     
 	 100 %           1   124.075980748981     
 Time :   124.193739916431     
 WOCIVL440M10NH220/N_atom400E+10_Vexp200E+03_Vemit200E+03_tauD000E+00_Vran118E+0
 1                    
 Start
           0
 set_grid_done
 set_clumps_done
 Done
 TIME :    3.37050429009832       sec
          50 %           1   68.0718714995310     
 	 100 %           1   159.750577082857     
 Time :   159.879435706185     
 WOCIVL440M10NH220/N_atom400E+10_Vexp300E+03_Vemit200E+03_tauD000E+00_Vran118E+0
 1                    
 Start
           0
 set_grid_done
 set_clumps_done
 Done
 TIME :    2.52305663307197       sec
          50 %           1   95.4714814524632     
 	 100 %           1   187.361556220334     
 Time :   187.526221822947     
 WOCIVL440M10NH220/N_atom400E+10_Vexp500E+01_Vemit200E+03_tauD000E+00_Vran118E+0
 1                    
 Start
           0
 set_grid_done
 set_clumps_done
 Done
 TIME :    4.47533873002976       sec
          50 %           1   132.814398374408     
 	 100 %           1   261.537459022133     
 Time :   261.701321279397     
 WOCIVL440M10NH220/N_atom400E+10_Vexp100E+02_Vemit200E+03_tauD000E+00_Vran300E+0
 1                    
 Start
           0
 set_grid_done
 set_clumps_done
 Done
 TIME :    4.49183113826439       sec
          50 %           1   140.831435320899     
 	 100 %           1   255.229372180067     
 Time :   255.349582861643     
 WOCIVL440M10NH220/N_atom400E+10_Vexp200E+02_Vemit200E+03_tauD000E+00_Vran300E+0
 1                    
 Start
           0
 set_grid_done
 set_clumps_done
 Done
 TIME :    2.96500049810857       sec
          50 %           1   101.556556219002     
 	 100 %           1   187.367076723138     
 Time :   187.535929002566     
 WOCIVL440M10NH220/N_atom400E+10_Vexp300E+02_Vemit200E+03_tauD000E+00_Vran300E+0
 1                    
 Start
           0
 set_grid_done
 set_clumps_done
 Done
 TIME :    3.58105022204109       sec
          50 %           1   71.3134069684893     
 	 100 %           1   139.623928530142     
 Time :   139.782155487919     
 WOCIVL440M10NH220/N_atom400E+10_Vexp400E+02_Vemit200E+03_tauD000E+00_Vran300E+0
 1                    
 Start
           0
 set_grid_done
 set_clumps_done
 Done
 TIME :    4.61975489812903       sec
          50 %           1   71.6091349606868     
 	 100 %           1   138.336283371784     
 Time :   138.496077655815     
 WOCIVL440M10NH220/N_atom400E+10_Vexp500E+02_Vemit200E+03_tauD000E+00_Vran300E+0
 1                    
 Start
           0
 set_grid_done
 set_clumps_done
 Done
 TIME :    4.52143979608081       sec
          50 %           1   70.2138159382157     
 	 100 %           1   136.260299117537     
 Time :   136.416108364938     
 WOCIVL440M10NH220/N_atom400E+10_Vexp600E+02_Vemit200E+03_tauD000E+00_Vran300E+0
 1                    
 Start
           0
 set_grid_done
 set_clumps_done
 Done
 TIME :    4.65374306682497       sec
          50 %           1   69.2266301871277     
 	 100 %           1   133.160674501210     
 Time :   133.315921428148     
 WOCIVL440M10NH220/N_atom400E+10_Vexp700E+02_Vemit200E+03_tauD000E+00_Vran300E+0
 1                    
 Start
           0
 set_grid_done
 set_clumps_done
 Done
 TIME :    4.65345468278974       sec
          50 %           1   68.5891331892926     
 	 100 %           1   132.510604948970     
 Time :   132.677175324177     
 WOCIVL440M10NH220/N_atom400E+10_Vexp800E+02_Vemit200E+03_tauD000E+00_Vran300E+0
 1                    
 Start
           0
 set_grid_done
 set_clumps_done
 Done
 TIME :    4.49433871801011       sec
          50 %           1   68.1887577206362     
 	 100 %           1   131.354628184112     
 Time :   131.477722815238     
 WOCIVL440M10NH220/N_atom400E+10_Vexp900E+02_Vemit200E+03_tauD000E+00_Vran300E+0
 1                    
 Start
           0
 set_grid_done
 set_clumps_done
 Done
 TIME :    2.52991018025205       sec
          50 %           1   63.8878530382644     
 	 100 %           1   125.560492637567     
 Time :   125.680890762713     
 WOCIVL440M10NH220/N_atom400E+10_Vexp100E+03_Vemit200E+03_tauD000E+00_Vran300E+0
 1                    
 Start
           0
 set_grid_done
 set_clumps_done
 Done
 TIME :    2.52237395546399       sec
          50 %           1   63.3291643487755     
 	 100 %           1   125.264769894769     
 Time :   125.425669503864     
 WOCIVL440M10NH220/N_atom400E+10_Vexp200E+03_Vemit200E+03_tauD000E+00_Vran300E+0
 1                    
 Start
           0
 set_grid_done
 set_clumps_done
 Done
 TIME :    4.66263855528086       sec
          50 %           1   66.7158147834707     
 	 100 %           1   127.700560205849     
 Time :   127.865742563037     
 WOCIVL440M10NH220/N_atom400E+10_Vexp300E+03_Vemit200E+03_tauD000E+00_Vran300E+0
 1                    
 Start
           0
 set_grid_done
 set_clumps_done
 Done
 TIME :    3.63069867901504       sec
          50 %           1   64.9222375857644     
 	 100 %           1   126.583451213315     
 Time :   126.742679019226     
 WOCIVL440M10NH220/N_atom400E+10_Vexp500E+01_Vemit200E+03_tauD000E+00_Vran300E+0
 1                    
 Start
           0
 set_grid_done
 set_clumps_done
 Done
 TIME :    2.97608583746478       sec
          50 %           1   136.734646712663     
 	 100 %           1   270.755385878962     
 Time :   270.913089750102     
 WOCIVL440M10NH220/N_atom400E+10_Vexp100E+02_Vemit200E+03_tauD000E+00_Vran500E+0
 1                    
 Start
           0
 set_grid_done
 set_clumps_done
 Done
 TIME :    4.63765982049517       sec
          50 %           1   169.429822088219     
 	 100 %           1   342.967744140187     
 Time :   343.095196831739     
 WOCIVL440M10NH220/N_atom400E+10_Vexp200E+02_Vemit200E+03_tauD000E+00_Vran500E+0
 1                    
 Start
           0
 set_grid_done
 set_clumps_done
 Done
 TIME :    2.51498289429583       sec
          50 %           1   124.848935457179     
 	 100 %           1   239.688146458240     
 Time :   239.845924679656     
 WOCIVL440M10NH220/N_atom400E+10_Vexp300E+02_Vemit200E+03_tauD000E+00_Vran500E+0
 1                    
 Start
           0
 set_grid_done
 set_clumps_done
 Done
 TIME :    4.25708713359199       sec
          50 %           1   82.0839096754789     
 	 100 %           1   159.628505400848     
 Time :   159.783267613500     
 WOCIVL440M10NH220/N_atom400E+10_Vexp400E+02_Vemit200E+03_tauD000E+00_Vran500E+0
 1                    
 Start
           0
 set_grid_done
 set_clumps_done
 Done
 TIME :    3.33274666126817       sec
          50 %           1   106.096550051589     
 	 100 %           1   217.560416683089     
 Time :   217.686463573016     
 WOCIVL440M10NH220/N_atom400E+10_Vexp500E+02_Vemit200E+03_tauD000E+00_Vran500E+0
 1                    
 Start
           0
 set_grid_done
 set_clumps_done
 Done
 TIME :    2.52500614011660       sec
          50 %           1   109.768853876274     
 	 100 %           1   217.647157243453     
 Time :   217.776788474061     
 WOCIVL440M10NH220/N_atom400E+10_Vexp600E+02_Vemit200E+03_tauD000E+00_Vran500E+0
 1                    
 Start
           0
 set_grid_done
 set_clumps_done
 Done
 TIME :    2.51992907375097       sec
          50 %           1   107.444135959959     
 	 100 %           1   210.899906619918     
 Time :   211.063986006659     
 WOCIVL440M10NH220/N_atom400E+10_Vexp700E+02_Vemit200E+03_tauD000E+00_Vran500E+0
 1                    
 Start
           0
 set_grid_done
 set_clumps_done
 Done
 TIME :    4.50463333562948       sec
          50 %           1   107.193048919318     
 	 100 %           1   208.318580408581     
 Time :   208.448541781865     
 WOCIVL440M10NH220/N_atom400E+10_Vexp800E+02_Vemit200E+03_tauD000E+00_Vran500E+0
 1                    
 Start
           0
 set_grid_done
 set_clumps_done
 Done
 TIME :    2.54173632664606       sec
          50 %           1   101.413474528119     
 	 100 %           1   199.815312352497     
 Time :   199.942389074946     
 WOCIVL440M10NH220/N_atom400E+10_Vexp900E+02_Vemit200E+03_tauD000E+00_Vran500E+0
 1                    
 Start
           0
 set_grid_done
 set_clumps_done
 Done
 TIME :    2.52274088747799       sec
          50 %           1   100.438995574368     
 	 100 %           1   198.699363308027     
 Time :   198.829153508414     
 WOCIVL440M10NH220/N_atom400E+10_Vexp100E+03_Vemit200E+03_tauD000E+00_Vran500E+0
 1                    
 Start
           0
 set_grid_done
 set_clumps_done
 Done
 TIME :    2.53075338061899       sec
          50 %           1   100.016526472522     
 	 100 %           1   191.350122820120     
 Time :   191.516375245759     
 WOCIVL440M10NH220/N_atom400E+10_Vexp200E+03_Vemit200E+03_tauD000E+00_Vran500E+0
 1                    
 Start
           0
 set_grid_done
 set_clumps_done
 Done
 TIME :    4.52604153589346       sec
          50 %           1   69.1436511417851     
 	 100 %           1   133.775400488172     
 Time :   133.941954893293     
 WOCIVL440M10NH220/N_atom400E+10_Vexp300E+03_Vemit200E+03_tauD000E+00_Vran500E+0
 1                    
 Start
           0
 set_grid_done
 set_clumps_done
 Done
 TIME :    4.49722555303015       sec
          50 %           1   71.0380473246332     
 	 100 %           1   136.824069922790     
 Time :   136.948132880498     
 WOCIVL440M10NH220/N_atom400E+10_Vexp500E+01_Vemit200E+03_tauD000E+00_Vran500E+0
 1                    
 Start
           0
 set_grid_done
 set_clumps_done
 Done
 TIME :    2.52947805519216       sec
          50 %           1   214.229202111717     
 	 100 %           1   493.760672403267     
 Time :   493.887901082169     
 WOCIVL440M10NH220/N_atom400E+10_Vexp100E+02_Vemit300E+03_tauD000E+00_Vran118E+0
 1                    
 Start
           0
 set_grid_done
 set_clumps_done
 Done
 TIME :    4.37872382509522       sec
          50 %           1   114.518276924733     
 	 100 %           1   218.935727807228     
 Time :   219.092884245794     
 WOCIVL440M10NH220/N_atom400E+10_Vexp200E+02_Vemit300E+03_tauD000E+00_Vran118E+0
 1                    
 Start
           0
 set_grid_done
 set_clumps_done
 Done
 TIME :    4.65958149917424       sec
          50 %           1   70.2559898465406     
 	 100 %           1   158.219037770992     
 Time :   158.339517580112     
 WOCIVL440M10NH220/N_atom400E+10_Vexp300E+02_Vemit300E+03_tauD000E+00_Vran118E+0
 1                    
 Start
           0
 set_grid_done
 set_clumps_done
 Done
 TIME :    2.52953222719952       sec
          50 %           1   64.6844286900014     
 	 100 %           1   127.156289942563     
 Time :   127.322753346059     
 WOCIVL440M10NH220/N_atom400E+10_Vexp400E+02_Vemit300E+03_tauD000E+00_Vran118E+0
 1                    
 Start
           0
 set_grid_done
 set_clumps_done
 Done
 TIME :    4.48898189398460       sec
          50 %           1   68.5833452721126     
 	 100 %           1   131.958892147522     
 Time :   132.113176829414     
 WOCIVL440M10NH220/N_atom400E+10_Vexp500E+02_Vemit300E+03_tauD000E+00_Vran118E+0
 1                    
 Start
           0
 set_grid_done
 set_clumps_done
 Done
 TIME :    4.63180276285857       sec
          50 %           1   63.6344187299255     
 	 100 %           1   122.893964989344     
 Time :   123.048356643179     
 WOCIVL440M10NH220/N_atom400E+10_Vexp600E+02_Vemit300E+03_tauD000E+00_Vran118E+0
 1                    
 Start
           0
 set_grid_done
 set_clumps_done
 Done
 TIME :    4.65020516351797       sec
          50 %           1   66.3049526747782     
 	 100 %           1   125.836255060742     
 Time :   125.955985857174     
 WOCIVL440M10NH220/N_atom400E+10_Vexp700E+02_Vemit300E+03_tauD000E+00_Vran118E+0
 1                    
 Start
           0
 set_grid_done
 set_clumps_done
 Done
 TIME :    2.51675611897372       sec
          50 %           1   62.5406397324987     
 	 100 %           1   121.622454624623     
 Time :   121.742954441579     
 WOCIVL440M10NH220/N_atom400E+10_Vexp800E+02_Vemit300E+03_tauD000E+00_Vran118E+0
 1                    
 Start
           0
 set_grid_done
 set_clumps_done
 Done
 TIME :    2.51856186497025       sec
          50 %           1   62.7421496508177     
 	 100 %           1   122.724965802627     
 Time :   122.853174800752     
 WOCIVL440M10NH220/N_atom400E+10_Vexp900E+02_Vemit300E+03_tauD000E+00_Vran118E+0
 1                    
 Start
           0
 set_grid_done
 set_clumps_done
 Done
 TIME :    2.51751040155068       sec
          50 %           1   92.9840772168245     
 	 100 %           1   183.455551959574     
 Time :   183.580000214046     
 WOCIVL440M10NH220/N_atom400E+10_Vexp100E+03_Vemit300E+03_tauD000E+00_Vran118E+0
 1                    
 Start
           0
 set_grid_done
 set_clumps_done
 Done
 TIME :    2.51961486111395       sec
          50 %           1   93.5163616926875     
 	 100 %           1   185.410835868679     
 Time :   185.577818140853     
 WOCIVL440M10NH220/N_atom400E+10_Vexp200E+03_Vemit300E+03_tauD000E+00_Vran118E+0
 1                    
 Start
           0
 set_grid_done
 set_clumps_done
 Done
 TIME :    4.49910720228218       sec
          50 %           1   96.9963561631739     
 	 100 %           1   188.941884417553     
 Time :   189.101481169229     
 WOCIVL440M10NH220/N_atom400E+10_Vexp300E+03_Vemit300E+03_tauD000E+00_Vran118E+0
 1                    
 Start
           0
 set_grid_done
 set_clumps_done
 Done
 TIME :    3.53017484070733       sec
          50 %           1   97.5345289453398     
 	 100 %           1   187.126055077650     
 Time :   187.245870243292     
 WOCIVL440M10NH220/N_atom400E+10_Vexp500E+01_Vemit300E+03_tauD000E+00_Vran118E+0
 1                    
 Start
           0
 set_grid_done
 set_clumps_done
 Done
 TIME :    2.52220419514924       sec
          50 %           1   82.4791457504034     
 	 100 %           1   162.327040581731     
 Time :   162.447183264885     
 WOCIVL440M10NH220/N_atom400E+10_Vexp100E+02_Vemit300E+03_tauD000E+00_Vran300E+0
 1                    
 Start
           0
 set_grid_done
 set_clumps_done
 Done
 TIME :    2.52185146976262       sec
          50 %           1   94.0906512483489     
 	 100 %           1   187.454451349098     
 Time :   187.619375048438     
 WOCIVL440M10NH220/N_atom400E+10_Vexp200E+02_Vemit300E+03_tauD000E+00_Vran300E+0
 1                    
 Start
           0
 set_grid_done
 set_clumps_done
 Done
 TIME :    4.49758283724077       sec
          50 %           1   86.1953144732397     
 	 100 %           1   160.330443136860     
 Time :   160.495499496348     
 WOCIVL440M10NH220/N_atom400E+10_Vexp300E+02_Vemit300E+03_tauD000E+00_Vran300E+0
 1                    
 Start
           0
 set_grid_done
 set_clumps_done
 Done
 TIME :    4.50266596488655       sec
          50 %           1   73.1665705479681     
 	 100 %           1   143.069015938556     
 Time :   143.237383634085     
 WOCIVL440M10NH220/N_atom400E+10_Vexp400E+02_Vemit300E+03_tauD000E+00_Vran300E+0
 1                    
 Start
           0
 set_grid_done
 set_clumps_done
 Done
 TIME :    4.50189599255100       sec
          50 %           1   72.5620096544735     
 	 100 %           1   144.247928865952     
 Time :   144.410848945845     
 WOCIVL440M10NH220/N_atom400E+10_Vexp500E+02_Vemit300E+03_tauD000E+00_Vran300E+0
 1                    
 Start
           0
 set_grid_done
 set_clumps_done
 Done
 TIME :    4.48565336572938       sec
          50 %           1   99.3471842382569     
 	 100 %           1   194.149739691522     
 Time :   194.278684918070     
 WOCIVL440M10NH220/N_atom400E+10_Vexp600E+02_Vemit300E+03_tauD000E+00_Vran300E+0
 1                    
 Start
           0
 set_grid_done
 set_clumps_done
 Done
 TIME :    2.56647131172940       sec
          50 %           1   97.5030700075440     
 	 100 %           1   187.566239163512     
 Time :   187.686214400921     
 WOCIVL440M10NH220/N_atom400E+10_Vexp700E+02_Vemit300E+03_tauD000E+00_Vran300E+0
 1                    
 Start
           0
 set_grid_done
 set_clumps_done
 Done
 TIME :    2.52374154492281       sec
          50 %           1   64.7873189821839     
 	 100 %           1   126.927215642296     
 Time :   127.046491721179     
 WOCIVL440M10NH220/N_atom400E+10_Vexp800E+02_Vemit300E+03_tauD000E+00_Vran300E+0
 1                    
 Start
           0
 set_grid_done
 set_clumps_done
 Done
 TIME :    2.51950013474561       sec
          50 %           1   65.3231279957108     
 	 100 %           1   127.992527925875     
 Time :   128.112164023565     
 WOCIVL440M10NH220/N_atom400E+10_Vexp900E+02_Vemit300E+03_tauD000E+00_Vran300E+0
 1                    
 Start
           0
 set_grid_done
 set_clumps_done
 Done
 TIME :    2.52994465501979       sec
          50 %           1   64.9211749513634     
 	 100 %           1   128.583964844933     
 Time :   128.744647214189     
 WOCIVL440M10NH220/N_atom400E+10_Vexp100E+03_Vemit300E+03_tauD000E+00_Vran300E+0
 1                    
 Start
           0
 set_grid_done
 set_clumps_done
 Done
 TIME :    4.50944748613983       sec
          50 %           1   68.5549756612163     
 	 100 %           1   132.471603975398     
 Time :   132.638662932208     
 WOCIVL440M10NH220/N_atom400E+10_Vexp200E+03_Vemit300E+03_tauD000E+00_Vran300E+0
 1                    
 Start
           0
 set_grid_done
 set_clumps_done
 Done
 TIME :    4.66654055542313       sec
          50 %           1   67.5819257632829     
 	 100 %           1   130.961124536814     
 Time :   131.124638226582     
 WOCIVL440M10NH220/N_atom400E+10_Vexp300E+03_Vemit300E+03_tauD000E+00_Vran300E+0
 1                    
 Start
           0
 set_grid_done
 set_clumps_done
 Done
 TIME :    4.50313671259210       sec
          50 %           1   69.3199492555577     
 	 100 %           1   133.688537026057     
 Time :   133.809708109125     
 WOCIVL440M10NH220/N_atom400E+10_Vexp500E+01_Vemit300E+03_tauD000E+00_Vran300E+0
 1                    
 Start
           0
 set_grid_done
 set_clumps_done
 Done
 TIME :    2.52471715491265       sec
          50 %           1   137.781004844699     
 	 100 %           1   273.717783878092     
 Time :   273.873583387351     
 WOCIVL440M10NH220/N_atom400E+10_Vexp100E+02_Vemit300E+03_tauD000E+00_Vran500E+0
 1                    
 Start
           0
 set_grid_done
 set_clumps_done
 Done
 TIME :    4.51003454346210       sec
          50 %           1   131.056353087071     
 	 100 %           1   259.336519266479     
 Time :   259.491570915328     
 WOCIVL440M10NH220/N_atom400E+10_Vexp200E+02_Vemit300E+03_tauD000E+00_Vran500E+0
 1                    
 Start
           0
 set_grid_done
 set_clumps_done
 Done
 TIME :    4.50038846884854       sec
          50 %           1   114.896544423187     
 	 100 %           1   237.648054183228     
 Time :   237.814902733080     
 WOCIVL440M10NH220/N_atom400E+10_Vexp300E+02_Vemit300E+03_tauD000E+00_Vran500E+0
 1                    
 Start
           0
 set_grid_done
 set_clumps_done
 Done
 TIME :    4.48867642786354       sec
          50 %           1   119.119686840568     
 	 100 %           1   232.860309292329     
 Time :   232.985794312321     
 WOCIVL440M10NH220/N_atom400E+10_Vexp400E+02_Vemit300E+03_tauD000E+00_Vran500E+0
 1                    
 Start
           0
 set_grid_done
 set_clumps_done
 Done
 TIME :    2.52117201825604       sec
          50 %           1   107.983715826413     
 	 100 %           1   213.466269366909     
 Time :   213.629758299794     
 WOCIVL440M10NH220/N_atom400E+10_Vexp500E+02_Vemit300E+03_tauD000E+00_Vran500E+0
 1                    
 Start
           0
 set_grid_done
 set_clumps_done
 Done
 TIME :    4.49492098623887       sec
          50 %           1   106.285107899690     
 	 100 %           1   207.601024774369     
 Time :   207.763774763560     
 WOCIVL440M10NH220/N_atom400E+10_Vexp600E+02_Vemit300E+03_tauD000E+00_Vran500E+0
 1                    
 Start
           0
 set_grid_done
 set_clumps_done
 Done
 TIME :    4.49238424166106       sec
          50 %           1   103.368117929203     
 	 100 %           1   201.556044173427     
 Time :   201.718599024694     
 WOCIVL440M10NH220/N_atom400E+10_Vexp700E+02_Vemit300E+03_tauD000E+00_Vran500E+0
 1                    
 Start
           0
 set_grid_done
 set_clumps_done
 Done
 TIME :    4.65666904556565       sec
          50 %           1   102.436971589457     
 	 100 %           1   200.871469868347     
 Time :   201.035304182908     
 WOCIVL440M10NH220/N_atom400E+10_Vexp800E+02_Vemit300E+03_tauD000E+00_Vran500E+0
 1                    
 Start
           0
 set_grid_done
 set_clumps_done
 Done
 TIME :    4.65488609275781       sec
          50 %           1   103.764270001790     
 	 100 %           1   202.208092107205     
 Time :   202.369532756740     
 WOCIVL440M10NH220/N_atom400E+10_Vexp900E+02_Vemit300E+03_tauD000E+00_Vran500E+0
 1                    
 Start
           0
 set_grid_done
 set_clumps_done
 Done
 TIME :    4.50512311956845       sec
          50 %           1   97.1482114128303     
 	 100 %           1   190.891634859610     
 Time :   191.053740924224     
 WOCIVL440M10NH220/N_atom400E+10_Vexp100E+03_Vemit300E+03_tauD000E+00_Vran500E+0
 1                    
 Start
           0
 set_grid_done
 set_clumps_done
 Done
 TIME :    4.49334816960618       sec
          50 %           1   104.433390207123     
 	 100 %           1   204.360665584216     
 Time :   204.523832089035     
 WOCIVL440M10NH220/N_atom400E+10_Vexp200E+03_Vemit300E+03_tauD000E+00_Vran500E+0
 1                    
 Start
           0
 set_grid_done
 set_clumps_done
 Done
 TIME :    4.66062701120973       sec
          50 %           1   91.0382243664935     
 	 100 %           1   177.720439231722     
 Time :   177.883489768021     
 WOCIVL440M10NH220/N_atom400E+10_Vexp300E+03_Vemit300E+03_tauD000E+00_Vran500E+0
 1                    
 Start
           0
 set_grid_done
 set_clumps_done
 Done
 TIME :    4.66090088780038       sec
          50 %           1   107.550436784979     
 	 100 %           1   210.143608719809     
 Time :   210.306645720266     
 WOCIVL440M10NH220/N_atom400E+10_Vexp500E+01_Vemit300E+03_tauD000E+00_Vran500E+0
 1                    
 Start
           0
 set_grid_done
 set_clumps_done
 Done
 TIME :    3.71137314732186       sec
          50 %           1   306.404016455868     
 	 100 %           1   609.829237593804     
 Time :   609.992771872319     
