nohup: ignoring input
 WOCIVL440M1NH220/N_atom400E+10_Vexp100E+02_Vemit100E+03_tauD000E+00_Vran118E+01
                      
 Start
           0
 set_grid_done
 set_clumps_done
 Done
 TIME :    4.60965170897543       sec
          50 %           1   224.542561648414     
 	 100 %           1   439.327996239997     
 Time :   439.476788714528     
 WOCIVL440M1NH220/N_atom400E+10_Vexp200E+02_Vemit100E+03_tauD000E+00_Vran118E+01
                      
 Start
           0
 set_grid_done
 set_clumps_done
 Done
 TIME :    4.44961750647053       sec
          50 %           1   221.575025377329     
 	 100 %           1   445.923969419673     
 Time :   446.049961105920     
 WOCIVL440M1NH220/N_atom400E+10_Vexp300E+02_Vemit100E+03_tauD000E+00_Vran118E+01
                      
 Start
           0
 set_grid_done
 set_clumps_done
 Done
 TIME :    3.77980902465060       sec
          50 %           1   208.885192192160     
 	 100 %           1   402.525472759269     
 Time :   402.669760415331     
 WOCIVL440M1NH220/N_atom400E+10_Vexp400E+02_Vemit100E+03_tauD000E+00_Vran118E+01
                      
 Start
           0
 set_grid_done
 set_clumps_done
 Done
 TIME :    4.67902561929077       sec
          50 %           1   215.912771382369     
 	 100 %           1   409.321773513220     
 Time :   409.431408904959     
 WOCIVL440M1NH220/N_atom400E+10_Vexp500E+02_Vemit100E+03_tauD000E+00_Vran118E+01
                      
 Start
           0
 set_grid_done
 set_clumps_done
 Done
 TIME :    3.72132087545469       sec
          50 %           1   210.849438753445     
 	 100 %           1   424.259445365518     
 Time :   424.395547370426     
 WOCIVL440M1NH220/N_atom400E+10_Vexp600E+02_Vemit100E+03_tauD000E+00_Vran118E+01
                      
 Start
           0
 set_grid_done
 set_clumps_done
 Done
 TIME :    3.35498365620151       sec
          50 %           1   211.008923211601     
 	 100 %           1   411.616839735769     
 Time :   411.765903626103     
 WOCIVL440M1NH220/N_atom400E+10_Vexp700E+02_Vemit100E+03_tauD000E+00_Vran118E+01
                      
 Start
           0
 set_grid_done
 set_clumps_done
 Done
 TIME :    4.52739479253069       sec
          50 %           1   230.000857561827     
 	 100 %           1   437.833092733752     
 Time :   437.987443308346     
 WOCIVL440M1NH220/N_atom400E+10_Vexp800E+02_Vemit100E+03_tauD000E+00_Vran118E+01
                      
 Start
           0
 set_grid_done
 set_clumps_done
 Done
 TIME :    4.54764182865620       sec
          50 %           1   198.862642989960     
 	 100 %           1   403.742330146488     
 Time :   403.893746626563     
 WOCIVL440M1NH220/N_atom400E+10_Vexp900E+02_Vemit100E+03_tauD000E+00_Vran118E+01
                      
 Start
           0
 set_grid_done
 set_clumps_done
 Done
 TIME :    4.39254216151312       sec
          50 %           1   223.214390480425     
 	 100 %           1   442.278928756248     
 Time :   442.434548591729     
 WOCIVL440M1NH220/N_atom400E+10_Vexp100E+03_Vemit100E+03_tauD000E+00_Vran118E+01
                      
 Start
           0
 set_grid_done
 set_clumps_done
 Done
 TIME :    4.67327672755346       sec
          50 %           1   219.868506792933     
 	 100 %           1   418.047466511372     
 Time :   418.187843297143     
 WOCIVL440M1NH220/N_atom400E+10_Vexp200E+03_Vemit100E+03_tauD000E+00_Vran118E+01
                      
 Start
           0
 set_grid_done
 set_clumps_done
 Done
 TIME :    4.34972687857226       sec
          50 %           1   196.777250428218     
 	 100 %           1   401.346762696281     
 Time :   401.497626967262     
 WOCIVL440M1NH220/N_atom400E+10_Vexp300E+03_Vemit100E+03_tauD000E+00_Vran118E+01
                      
 Start
           0
 set_grid_done
 set_clumps_done
 Done
 TIME :    4.69237872865051       sec
          50 %           1   214.125668609049     
 	 100 %           1   444.353620798793     
 Time :   444.511611759197     
 WOCIVL440M1NH220/N_atom400E+10_Vexp500E+01_Vemit100E+03_tauD000E+00_Vran118E+01
                      
 Start
           0
 set_grid_done
 set_clumps_done
 Done
 TIME :    4.68130205431953       sec
          50 %           1   224.464146069717     
 	 100 %           1   417.878489898983     
 Time :   418.019798044581     
 WOCIVL440M1NH220/N_atom400E+10_Vexp100E+02_Vemit100E+03_tauD000E+00_Vran300E+01
                      
 Start
           0
 set_grid_done
 set_clumps_done
 Done
 TIME :    4.36688025714830       sec
          50 %           1   241.684970580507     
 	 100 %           1   446.868432606570     
 Time :   447.018419310451     
 WOCIVL440M1NH220/N_atom400E+10_Vexp200E+02_Vemit100E+03_tauD000E+00_Vran300E+01
                      
 Start
           0
 set_grid_done
 set_clumps_done
 Done
 TIME :    4.44336585933343       sec
          50 %           1   199.055254454724     
 	 100 %           1   393.022597815376     
 Time :   393.179856094066     
 WOCIVL440M1NH220/N_atom400E+10_Vexp300E+02_Vemit100E+03_tauD000E+00_Vran300E+01
                      
 Start
           0
 set_grid_done
 set_clumps_done
 Done
 TIME :    4.29832144547254       sec
          50 %           1   183.701749167871     
 	 100 %           1   399.854802171700     
 Time :   400.015744409058     
 WOCIVL440M1NH220/N_atom400E+10_Vexp400E+02_Vemit100E+03_tauD000E+00_Vran300E+01
                      
 Start
           0
 set_grid_done
 set_clumps_done
 Done
 TIME :    4.66146021801978       sec
          50 %           1   211.746770608239     
 	 100 %           1   424.929835402872     
 Time :   425.094051750377     
 WOCIVL440M1NH220/N_atom400E+10_Vexp500E+02_Vemit100E+03_tauD000E+00_Vran300E+01
                      
 Start
           0
 set_grid_done
 set_clumps_done
 Done
 TIME :    4.61876920051873       sec
          50 %           1   217.933253393508     
 	 100 %           1   426.203129872214     
 Time :   426.352944258600     
 WOCIVL440M1NH220/N_atom400E+10_Vexp600E+02_Vemit100E+03_tauD000E+00_Vran300E+01
                      
 Start
           0
 set_grid_done
 set_clumps_done
 Done
 TIME :    4.69386323913932       sec
          50 %           1   226.882195302751     
 	 100 %           1   414.961714286357     
 Time :   415.080830871128     
 WOCIVL440M1NH220/N_atom400E+10_Vexp700E+02_Vemit100E+03_tauD000E+00_Vran300E+01
                      
 Start
           0
 set_grid_done
 set_clumps_done
 Done
 TIME :    2.78545585367829       sec
          50 %           1   172.290762740653     
 	 100 %           1   412.638886941597     
 Time :   412.813262210228     
 WOCIVL440M1NH220/N_atom400E+10_Vexp800E+02_Vemit100E+03_tauD000E+00_Vran300E+01
                      
 Start
           0
 set_grid_done
 set_clumps_done
 Done
 TIME :    4.82795443339273       sec
          50 %           1   229.085006704088     
 	 100 %           1   461.707318980712     
 Time :   461.882038923912     
 WOCIVL440M1NH220/N_atom400E+10_Vexp900E+02_Vemit100E+03_tauD000E+00_Vran300E+01
                      
 Start
           0
 set_grid_done
 set_clumps_done
 Done
 TIME :    4.79903424903750       sec
          50 %           1   243.987386446446     
 	 100 %           1   471.648639379069     
 Time :   471.812004560139     
 WOCIVL440M1NH220/N_atom400E+10_Vexp100E+03_Vemit100E+03_tauD000E+00_Vran300E+01
                      
 Start
           0
 set_grid_done
 set_clumps_done
 Done
 TIME :    4.77626373851672       sec
          50 %           1   238.806374373380     
 	 100 %           1   466.994013526011     
 Time :   467.160243980121     
 WOCIVL440M1NH220/N_atom400E+10_Vexp200E+03_Vemit100E+03_tauD000E+00_Vran300E+01
                      
 Start
           0
 set_grid_done
 set_clumps_done
 Done
 TIME :    4.80045169219375       sec
          50 %           1   251.498117507435     
 	 100 %           1   499.294519307092     
 Time :   499.458852897398     
 WOCIVL440M1NH220/N_atom400E+10_Vexp300E+03_Vemit100E+03_tauD000E+00_Vran300E+01
                      
 Start
           0
 set_grid_done
 set_clumps_done
 Done
 TIME :    4.78167712315917       sec
          50 %           1   219.166489719413     
 	 100 %           1   460.503250590526     
 Time :   460.661810181569     
 WOCIVL440M1NH220/N_atom400E+10_Vexp500E+01_Vemit100E+03_tauD000E+00_Vran300E+01
                      
 Start
           0
 set_grid_done
 set_clumps_done
 Done
 TIME :    4.78394410014153       sec
          50 %           1   299.421633978840     
 	 100 %           1   600.982015546411     
 Time :   601.155760767870     
 WOCIVL440M1NH220/N_atom400E+10_Vexp100E+02_Vemit100E+03_tauD000E+00_Vran500E+01
                      
 Start
           0
 set_grid_done
 set_clumps_done
 Done
 TIME :    4.60006789118052       sec
          50 %           1   286.097287006211     
 	 100 %           1   567.924558855128     
 Time :   568.085645026062     
 WOCIVL440M1NH220/N_atom400E+10_Vexp200E+02_Vemit100E+03_tauD000E+00_Vran500E+01
                      
 Start
           0
 set_grid_done
 set_clumps_done
 Done
 TIME :    4.59925796231255       sec
          50 %           1   252.250595950987     
 	 100 %           1   507.316191874910     
 Time :   507.473984909710     
 WOCIVL440M1NH220/N_atom400E+10_Vexp300E+02_Vemit100E+03_tauD000E+00_Vran500E+01
                      
 Start
           0
 set_grid_done
 set_clumps_done
 Done
 TIME :    5.08521921001375       sec
          50 %           1   245.895384684671     
 	 100 %           1   491.724140232895     
 Time :   491.885484554339     
 WOCIVL440M1NH220/N_atom400E+10_Vexp400E+02_Vemit100E+03_tauD000E+00_Vran500E+01
                      
 Start
           0
 set_grid_done
 set_clumps_done
 Done
 TIME :    4.78893620427698       sec
          50 %           1   242.820666313171     
 	 100 %           1   480.185099250637     
 Time :   480.349509406835     
 WOCIVL440M1NH220/N_atom400E+10_Vexp500E+02_Vemit100E+03_tauD000E+00_Vran500E+01
                      
 Start
           0
 set_grid_done
 set_clumps_done
 Done
 TIME :    4.58843867713585       sec
          50 %           1   234.344741399400     
 	 100 %           1   473.734387116041     
 Time :   473.895186963025     
 WOCIVL440M1NH220/N_atom400E+10_Vexp600E+02_Vemit100E+03_tauD000E+00_Vran500E+01
                      
 Start
           0
 set_grid_done
 set_clumps_done
 Done
 TIME :    4.79870039457455       sec
          50 %           1   237.748186605517     
 	 100 %           1   477.035695577040     
 Time :   477.197598570026     
 WOCIVL440M1NH220/N_atom400E+10_Vexp700E+02_Vemit100E+03_tauD000E+00_Vran500E+01
                      
 Start
           0
 set_grid_done
 set_clumps_done
 Done
 TIME :    4.76186584448442       sec
          50 %           1   252.208825833630     
 	 100 %           1   488.441731739324     
 Time :   488.606807700358     
 WOCIVL440M1NH220/N_atom400E+10_Vexp800E+02_Vemit100E+03_tauD000E+00_Vran500E+01
                      
 Start
           0
 set_grid_done
 set_clumps_done
 Done
 TIME :    4.76679289527237       sec
          50 %           1   237.558230696246     
 	 100 %           1   481.596727735829     
 Time :   481.763128674123     
 WOCIVL440M1NH220/N_atom400E+10_Vexp900E+02_Vemit100E+03_tauD000E+00_Vran500E+01
                      
 Start
           0
 set_grid_done
 set_clumps_done
 Done
 TIME :    4.76806687517092       sec
          50 %           1   246.252128848340     
 	 100 %           1   488.891098111868     
 Time :   489.057820711285     
 WOCIVL440M1NH220/N_atom400E+10_Vexp100E+03_Vemit100E+03_tauD000E+00_Vran500E+01
                      
 Start
           0
 set_grid_done
 set_clumps_done
 Done
 TIME :    4.76748004090041       sec
          50 %           1   249.904342760332     
 	 100 %           1   495.536218394991     
 Time :   495.700123040471     
 WOCIVL440M1NH220/N_atom400E+10_Vexp200E+03_Vemit100E+03_tauD000E+00_Vran500E+01
                      
 Start
           0
 set_grid_done
 set_clumps_done
 Done
 TIME :    4.56459858408198       sec
          50 %           1   249.548474109732     
 	 100 %           1   493.469979241025     
 Time :   493.631791200954     
 WOCIVL440M1NH220/N_atom400E+10_Vexp300E+03_Vemit100E+03_tauD000E+00_Vran500E+01
                      
 Start
           0
 set_grid_done
 set_clumps_done
 Done
 TIME :    4.76631620945409       sec
          50 %           1   242.634808078408     
 	 100 %           1   488.092490189709     
 Time :   488.272366699763     
 WOCIVL440M1NH220/N_atom400E+10_Vexp500E+01_Vemit100E+03_tauD000E+00_Vran500E+01
                      
 Start
           0
 set_grid_done
 set_clumps_done
 Done
 TIME :    5.05296994093806       sec
          50 %           1   365.153431955725     
 	 100 %           1   725.209603154100     
 Time :   725.384459597059     
 WOCIVL440M1NH220/N_atom400E+10_Vexp100E+02_Vemit200E+03_tauD000E+00_Vran118E+01
                      
 Start
           0
 set_grid_done
 set_clumps_done
 Done
 TIME :    4.80734168225899       sec
          50 %           1   227.129508673679     
 	 100 %           1   468.686572750099     
 Time :   468.861334512476     
 WOCIVL440M1NH220/N_atom400E+10_Vexp200E+02_Vemit200E+03_tauD000E+00_Vran118E+01
                      
 Start
           0
 set_grid_done
 set_clumps_done
 Done
 TIME :    4.81913652084768       sec
          50 %           1   235.765997095034     
 	 100 %           1   462.639430221170     
 Time :   462.822771944571     
 WOCIVL440M1NH220/N_atom400E+10_Vexp300E+02_Vemit200E+03_tauD000E+00_Vran118E+01
                      
 Start
           0
 set_grid_done
 set_clumps_done
 Done
 TIME :    4.80668766936287       sec
          50 %           1   232.192204882856     
 	 100 %           1   465.082113745622     
 Time :   465.257852654438     
 WOCIVL440M1NH220/N_atom400E+10_Vexp400E+02_Vemit200E+03_tauD000E+00_Vran118E+01
                      
 Start
           0
 set_grid_done
 set_clumps_done
 Done
 TIME :    4.42251882283017       sec
          50 %           1   234.939266162459     
 	 100 %           1   469.826646218542     
 Time :   469.999796159100     
 WOCIVL440M1NH220/N_atom400E+10_Vexp500E+02_Vemit200E+03_tauD000E+00_Vran118E+01
                      
 Start
           0
 set_grid_done
 set_clumps_done
 Done
 TIME :    4.78100501606241       sec
          50 %           1   228.986076871864     
 	 100 %           1   469.300034230575     
 Time :   469.476861286908     
 WOCIVL440M1NH220/N_atom400E+10_Vexp600E+02_Vemit200E+03_tauD000E+00_Vran118E+01
                      
 Start
           0
 set_grid_done
 set_clumps_done
 Done
 TIME :    4.81253693206236       sec
          50 %           1   237.508636323735     
 	 100 %           1   472.247165193781     
 Time :   472.421549359336     
 WOCIVL440M1NH220/N_atom400E+10_Vexp700E+02_Vemit200E+03_tauD000E+00_Vran118E+01
                      
 Start
           0
 set_grid_done
 set_clumps_done
 Done
 TIME :    4.58251829957590       sec
          50 %           1   226.201999506913     
 	 100 %           1   455.847124276683     
 Time :   456.021486900747     
 WOCIVL440M1NH220/N_atom400E+10_Vexp800E+02_Vemit200E+03_tauD000E+00_Vran118E+01
                      
 Start
           0
 set_grid_done
 set_clumps_done
 Done
 TIME :    4.80214211344719       sec
          50 %           1   237.701121157967     
 	 100 %           1   471.320442411117     
 Time :   471.483360412531     
 WOCIVL440M1NH220/N_atom400E+10_Vexp900E+02_Vemit200E+03_tauD000E+00_Vran118E+01
                      
 Start
           0
 set_grid_done
 set_clumps_done
 Done
 TIME :    4.43748596822843       sec
          50 %           1   231.785935057327     
 	 100 %           1   470.031387408264     
 Time :   470.201208063401     
 WOCIVL440M1NH220/N_atom400E+10_Vexp100E+03_Vemit200E+03_tauD000E+00_Vran118E+01
                      
 Start
           0
 set_grid_done
 set_clumps_done
 Done
 TIME :    4.77870641881600       sec
          50 %           1   242.441664943472     
 	 100 %           1   467.790583796799     
 Time :   467.963367200922     
 WOCIVL440M1NH220/N_atom400E+10_Vexp200E+03_Vemit200E+03_tauD000E+00_Vran118E+01
                      
 Start
           0
 set_grid_done
 set_clumps_done
 Done
 TIME :    4.78430686891079       sec
          50 %           1   244.238347066566     
 	 100 %           1   481.037069363520     
 Time :   481.204277756158     
 WOCIVL440M1NH220/N_atom400E+10_Vexp300E+03_Vemit200E+03_tauD000E+00_Vran118E+01
                      
 Start
           0
 set_grid_done
 set_clumps_done
 Done
 TIME :    4.72309579700232       sec
          50 %           1   247.241607989185     
 	 100 %           1   492.738798180129     
 Time :   492.914235797245     
 WOCIVL440M1NH220/N_atom400E+10_Vexp500E+01_Vemit200E+03_tauD000E+00_Vran118E+01
                      
 Start
           0
 set_grid_done
 set_clumps_done
 Done
 TIME :    4.80025723250583       sec
          50 %           1   231.880212882534     
 	 100 %           1   480.483140035998     
 Time :   480.654987762682     
 WOCIVL440M1NH220/N_atom400E+10_Vexp100E+02_Vemit200E+03_tauD000E+00_Vran300E+01
                      
 Start
           0
 set_grid_done
 set_clumps_done
 Done
 TIME :    4.78274539252743       sec
          50 %           1   257.027515945956     
 	 100 %           1   509.344637826551     
 Time :   509.510182908736     
 WOCIVL440M1NH220/N_atom400E+10_Vexp200E+02_Vemit200E+03_tauD000E+00_Vran300E+01
                      
 Start
           0
 set_grid_done
 set_clumps_done
 Done
 TIME :    4.77631536638364       sec
          50 %           1   230.004101725295     
 	 100 %           1   474.141208509449     
 Time :   474.325939722825     
 WOCIVL440M1NH220/N_atom400E+10_Vexp300E+02_Vemit200E+03_tauD000E+00_Vran300E+01
                      
 Start
           0
 set_grid_done
 set_clumps_done
 Done
 TIME :    5.00562745705247       sec
          50 %           1   236.898291885853     
 	 100 %           1   459.982657116372     
 Time :   460.162607016042     
 WOCIVL440M1NH220/N_atom400E+10_Vexp400E+02_Vemit200E+03_tauD000E+00_Vran300E+01
                      
 Start
           0
 set_grid_done
 set_clumps_done
 Done
 TIME :    5.00993795599788       sec
          50 %           1   230.232390130870     
 	 100 %           1   462.356746451464     
 Time :   462.532478848007     
 WOCIVL440M1NH220/N_atom400E+10_Vexp500E+02_Vemit200E+03_tauD000E+00_Vran300E+01
                      
 Start
           0
 set_grid_done
 set_clumps_done
 Done
 TIME :    4.75091302534565       sec
          50 %           1   216.112737119198     
 	 100 %           1   440.172758769710     
 Time :   440.349264655728     
 WOCIVL440M1NH220/N_atom400E+10_Vexp600E+02_Vemit200E+03_tauD000E+00_Vran300E+01
                      
 Start
           0
 set_grid_done
 set_clumps_done
 Done
 TIME :    4.79499594680965       sec
          50 %           1   221.410359575879     
 	 100 %           1   445.137392294127     
 Time :   445.315430792514     
 WOCIVL440M1NH220/N_atom400E+10_Vexp700E+02_Vemit200E+03_tauD000E+00_Vran300E+01
                      
 Start
           0
 set_grid_done
 set_clumps_done
 Done
 TIME :    4.77289625070989       sec
          50 %           1   239.077194954734     
 	 100 %           1   460.398439514451     
 Time :   460.580024860799     
 WOCIVL440M1NH220/N_atom400E+10_Vexp800E+02_Vemit200E+03_tauD000E+00_Vran300E+01
                      
 Start
           0
 set_grid_done
 set_clumps_done
 Done
 TIME :    4.78652880061418       sec
          50 %           1   237.814305151813     
 	 100 %           1   456.948593041860     
 Time :   457.138545304537     
 WOCIVL440M1NH220/N_atom400E+10_Vexp900E+02_Vemit200E+03_tauD000E+00_Vran300E+01
                      
 Start
           0
 set_grid_done
 set_clumps_done
 Done
 TIME :    2.80438733054325       sec
          50 %           1   216.798809219617     
 	 100 %           1   435.384250197560     
 Time :   435.521470046137     
 WOCIVL440M1NH220/N_atom400E+10_Vexp100E+03_Vemit200E+03_tauD000E+00_Vran300E+01
                      
 Start
           0
 set_grid_done
 set_clumps_done
 Done
 TIME :    2.62648326857015       sec
          50 %           1   229.174775341991     
 	 100 %           1   467.211827441584     
 Time :   467.391829460394     
 WOCIVL440M1NH220/N_atom400E+10_Vexp200E+03_Vemit200E+03_tauD000E+00_Vran300E+01
                      
 Start
           0
 set_grid_done
 set_clumps_done
 Done
 TIME :    4.79596465732902       sec
          50 %           1   224.743496326264     
 	 100 %           1   449.910051815212     
 Time :   450.085198569112     
 WOCIVL440M1NH220/N_atom400E+10_Vexp300E+03_Vemit200E+03_tauD000E+00_Vran300E+01
                      
 Start
           0
 set_grid_done
 set_clumps_done
 Done
 TIME :    4.76688703382388       sec
          50 %           1   232.475415052380     
 	 100 %           1   438.783321454190     
 Time :   438.924194503110     
 WOCIVL440M1NH220/N_atom400E+10_Vexp500E+01_Vemit200E+03_tauD000E+00_Vran300E+01
                      
 Start
           0
 set_grid_done
 set_clumps_done
 Done
 TIME :    3.28490961575881       sec
          50 %           1   285.786277381703     
 	 100 %           1   581.623696567025     
 Time :   581.798449994065     
 WOCIVL440M1NH220/N_atom400E+10_Vexp100E+02_Vemit200E+03_tauD000E+00_Vran500E+01
                      
 Start
           0
 set_grid_done
 set_clumps_done
 Done
 TIME :    4.75654314225540       sec
          50 %           1   287.462598355487     
 	 100 %           1   557.991717235185     
 Time :   558.182043458335     
 WOCIVL440M1NH220/N_atom400E+10_Vexp200E+02_Vemit200E+03_tauD000E+00_Vran500E+01
                      
 Start
           0
 set_grid_done
 set_clumps_done
 Done
 TIME :    5.10389869846404       sec
          50 %           1   257.345063541550     
 	 100 %           1   507.907245323062     
 Time :   508.088788940571     
 WOCIVL440M1NH220/N_atom400E+10_Vexp300E+02_Vemit200E+03_tauD000E+00_Vran500E+01
                      
 Start
           0
 set_grid_done
 set_clumps_done
 Done
 TIME :    4.79926203191280       sec
          50 %           1   239.482877093367     
 	 100 %           1   469.034102176782     
 Time :   469.213361243717     
 WOCIVL440M1NH220/N_atom400E+10_Vexp400E+02_Vemit200E+03_tauD000E+00_Vran500E+01
                      
 Start
           0
 set_grid_done
 set_clumps_done
 Done
 TIME :    4.78602640610188       sec
          50 %           1   224.929405657575     
 	 100 %           1   461.076626824681     
 Time :   461.259377374779     
 WOCIVL440M1NH220/N_atom400E+10_Vexp500E+02_Vemit200E+03_tauD000E+00_Vran500E+01
                      
 Start
           0
 set_grid_done
 set_clumps_done
 Done
 TIME :    4.76198592269793       sec
          50 %           1   236.719965710770     
 	 100 %           1   466.845137462020     
 Time :   467.028274196200     
 WOCIVL440M1NH220/N_atom400E+10_Vexp600E+02_Vemit200E+03_tauD000E+00_Vran500E+01
                      
 Start
           0
 set_grid_done
 set_clumps_done
 Done
 TIME :    4.77568339603022       sec
          50 %           1   213.689445566852     
 	 100 %           1   443.545182850678     
 Time :   443.720217111055     
 WOCIVL440M1NH220/N_atom400E+10_Vexp700E+02_Vemit200E+03_tauD000E+00_Vran500E+01
                      
 Start
           0
 set_grid_done
 set_clumps_done
 Done
 TIME :    4.78446915745735       sec
          50 %           1   238.501118540298     
 	 100 %           1   446.038409129251     
 Time :   446.208205367904     
 WOCIVL440M1NH220/N_atom400E+10_Vexp800E+02_Vemit200E+03_tauD000E+00_Vran500E+01
                      
 Start
           0
 set_grid_done
 set_clumps_done
 Done
 TIME :    4.36521446285769       sec
          50 %           1   240.231377268210     
 	 100 %           1   474.350164446514     
 Time :   474.535501330625     
 WOCIVL440M1NH220/N_atom400E+10_Vexp900E+02_Vemit200E+03_tauD000E+00_Vran500E+01
                      
 Start
           0
 set_grid_done
 set_clumps_done
 Done
 TIME :    4.78247576020658       sec
          50 %           1   244.352409288753     
 	 100 %           1   469.218948508613     
 Time :   469.400085994508     
 WOCIVL440M1NH220/N_atom400E+10_Vexp100E+03_Vemit200E+03_tauD000E+00_Vran500E+01
                      
 Start
           0
 set_grid_done
 set_clumps_done
 Done
 TIME :    4.76189519045874       sec
          50 %           1   236.298543909099     
 	 100 %           1   461.764155251905     
 Time :   461.956019517034     
 WOCIVL440M1NH220/N_atom400E+10_Vexp200E+03_Vemit200E+03_tauD000E+00_Vran500E+01
                      
 Start
           0
 set_grid_done
 set_clumps_done
 Done
 TIME :    4.67461814591661       sec
          50 %           1   227.701228781138     
 	 100 %           1   468.793269678950     
 Time :   468.951536714099     
 WOCIVL440M1NH220/N_atom400E+10_Vexp300E+03_Vemit200E+03_tauD000E+00_Vran500E+01
                      
 Start
           0
 set_grid_done
 set_clumps_done
 Done
 TIME :    2.77664981316775       sec
          50 %           1   230.956541366410     
 	 100 %           1   468.214452347253     
 Time :   468.404167148750     
 WOCIVL440M1NH220/N_atom400E+10_Vexp500E+01_Vemit200E+03_tauD000E+00_Vran500E+01
                      
 Start
           0
 set_grid_done
 set_clumps_done
 Done
 TIME :    4.77413818007335       sec
          50 %           1   364.943765969947     
 	 100 %           1   711.529987832066     
 Time :   711.716686853673     
 WOCIVL440M1NH220/N_atom400E+10_Vexp100E+02_Vemit300E+03_tauD000E+00_Vran118E+01
                      
 Start
           0
 set_grid_done
 set_clumps_done
 Done
 TIME :    4.77494091494009       sec
          50 %           1   239.751690931618     
 	 100 %           1   473.069167081732     
 Time :   473.257199526764     
 WOCIVL440M1NH220/N_atom400E+10_Vexp200E+02_Vemit300E+03_tauD000E+00_Vran118E+01
                      
 Start
           0
 set_grid_done
 set_clumps_done
 Done
 TIME :    4.76458820654079       sec
          50 %           1   227.665427072905     
 	 100 %           1   453.630946500693     
 Time :   453.812453748658     
 WOCIVL440M1NH220/N_atom400E+10_Vexp300E+02_Vemit300E+03_tauD000E+00_Vran118E+01
                      
 Start
           0
 set_grid_done
 set_clumps_done
 Done
 TIME :    4.76022242195904       sec
          50 %           1   232.605642425828     
 	 100 %           1   452.633525591344     
 Time :   452.821802260354     
 WOCIVL440M1NH220/N_atom400E+10_Vexp400E+02_Vemit300E+03_tauD000E+00_Vran118E+01
                      
 Start
           0
 set_grid_done
 set_clumps_done
 Done
 TIME :    4.57764579216018       sec
          50 %           1   230.578264052980     
 	 100 %           1   457.320423847996     
 Time :   457.502506589517     
 WOCIVL440M1NH220/N_atom400E+10_Vexp500E+02_Vemit300E+03_tauD000E+00_Vran118E+01
                      
 Start
           0
 set_grid_done
 set_clumps_done
 Done
 TIME :    4.77835923945531       sec
          50 %           1   226.687784660142     
 	 100 %           1   456.138843271416     
 Time :   456.322059165686     
 WOCIVL440M1NH220/N_atom400E+10_Vexp600E+02_Vemit300E+03_tauD000E+00_Vran118E+01
                      
 Start
           0
 set_grid_done
 set_clumps_done
 Done
 TIME :    4.75862419558689       sec
          50 %           1   231.731970352121     
 	 100 %           1   432.573513854761     
 Time :   432.754257021472     
 WOCIVL440M1NH220/N_atom400E+10_Vexp700E+02_Vemit300E+03_tauD000E+00_Vran118E+01
                      
 Start
           0
 set_grid_done
 set_clumps_done
 Done
 TIME :    4.61816293932498       sec
          50 %           1   234.396748736035     
 	 100 %           1   466.341662290506     
 Time :   466.526709934697     
 WOCIVL440M1NH220/N_atom400E+10_Vexp800E+02_Vemit300E+03_tauD000E+00_Vran118E+01
                      
 Start
           0
 set_grid_done
 set_clumps_done
 Done
 TIME :    4.77018074132502       sec
          50 %           1   227.923159006983     
 	 100 %           1   458.657556842081     
 Time :   458.842727730982     
 WOCIVL440M1NH220/N_atom400E+10_Vexp900E+02_Vemit300E+03_tauD000E+00_Vran118E+01
                      
 Start
           0
 set_grid_done
 set_clumps_done
 Done
 TIME :    4.75525954365730       sec
          50 %           1   228.024812955409     
 	 100 %           1   445.299674928654     
 Time :   445.476361327805     
 WOCIVL440M1NH220/N_atom400E+10_Vexp100E+03_Vemit300E+03_tauD000E+00_Vran118E+01
                      
 Start
           0
 set_grid_done
 set_clumps_done
 Done
 TIME :    4.33639142289758       sec
          50 %           1   217.593498858158     
 	 100 %           1   433.045683320612     
 Time :   433.240848847199     
 WOCIVL440M1NH220/N_atom400E+10_Vexp200E+03_Vemit300E+03_tauD000E+00_Vran118E+01
                      
 Start
           0
 set_grid_done
 set_clumps_done
 Done
 TIME :    4.75342675112188       sec
          50 %           1   230.031865733210     
 	 100 %           1   467.938037298154     
 Time :   468.115797237027     
 WOCIVL440M1NH220/N_atom400E+10_Vexp300E+03_Vemit300E+03_tauD000E+00_Vran118E+01
                      
 Start
           0
 set_grid_done
 set_clumps_done
 Done
 TIME :    3.41411256277934       sec
          50 %           1   229.269368716050     
 	 100 %           1   450.382260955404     
 Time :   450.565637394786     
 WOCIVL440M1NH220/N_atom400E+10_Vexp500E+01_Vemit300E+03_tauD000E+00_Vran118E+01
                      
 Start
           0
 set_grid_done
 set_clumps_done
 Done
 TIME :    4.75905543519184       sec
          50 %           1   227.416156333871     
 	 100 %           1   467.848670303356     
 Time :   468.028930753004     
 WOCIVL440M1NH220/N_atom400E+10_Vexp100E+02_Vemit300E+03_tauD000E+00_Vran300E+01
                      
 Start
           0
 set_grid_done
 set_clumps_done
 Done
 TIME :    4.75364627828822       sec
          50 %           1   238.342031256761     
 	 100 %           1   479.261266167741     
 Time :   479.442430795170     
 WOCIVL440M1NH220/N_atom400E+10_Vexp200E+02_Vemit300E+03_tauD000E+00_Vran300E+01
                      
 Start
           0
 set_grid_done
 set_clumps_done
 Done
 TIME :    4.60510924877599       sec
          50 %           1   231.871116119437     
 	 100 %           1   467.912422653753     
 Time :   468.105428848416     
 WOCIVL440M1NH220/N_atom400E+10_Vexp300E+02_Vemit300E+03_tauD000E+00_Vran300E+01
                      
 Start
           0
 set_grid_done
 set_clumps_done
 Done
 TIME :    4.75990512920544       sec
          50 %           1   230.681256464217     
 	 100 %           1   458.772220376879     
 Time :   458.953554406296     
 WOCIVL440M1NH220/N_atom400E+10_Vexp400E+02_Vemit300E+03_tauD000E+00_Vran300E+01
                      
 Start
           0
 set_grid_done
 set_clumps_done
 Done
 TIME :    4.57256084168330       sec
          50 %           1   200.952741443180     
 	 100 %           1   416.322621859144     
 Time :   416.521048030816     
 WOCIVL440M1NH220/N_atom400E+10_Vexp500E+02_Vemit300E+03_tauD000E+00_Vran300E+01
                      
 Start
           0
 set_grid_done
 set_clumps_done
 Done
 TIME :    4.99320086836815       sec
          50 %           1   208.103861242998     
 	 100 %           1   413.813123595901     
 Time :   413.993016697466     
 WOCIVL440M1NH220/N_atom400E+10_Vexp600E+02_Vemit300E+03_tauD000E+00_Vran300E+01
                      
 Start
           0
 set_grid_done
 set_clumps_done
 Done
 TIME :    4.78199340403080       sec
          50 %           1   235.136569791939     
 	 100 %           1   454.334678161889     
 Time :   454.525959128514     
 WOCIVL440M1NH220/N_atom400E+10_Vexp700E+02_Vemit300E+03_tauD000E+00_Vran300E+01
                      
 Start
           0
 set_grid_done
 set_clumps_done
 Done
 TIME :    4.79640807956457       sec
          50 %           1   232.629199401010     
 	 100 %           1   458.433794375043     
 Time :   458.613584180363     
 WOCIVL440M1NH220/N_atom400E+10_Vexp800E+02_Vemit300E+03_tauD000E+00_Vran300E+01
                      
 Start
           0
 set_grid_done
 set_clumps_done
 Done
 TIME :    4.78075902862474       sec
          50 %           1   231.240162596572     
 	 100 %           1   457.412498557009     
 Time :   457.589544609189     
 WOCIVL440M1NH220/N_atom400E+10_Vexp900E+02_Vemit300E+03_tauD000E+00_Vran300E+01
                      
 Start
           0
 set_grid_done
 set_clumps_done
 Done
 TIME :    4.79091579513624       sec
          50 %           1   234.271784350742     
 	 100 %           1   467.715536748059     
 Time :   467.907809258904     
 WOCIVL440M1NH220/N_atom400E+10_Vexp100E+03_Vemit300E+03_tauD000E+00_Vran300E+01
                      
 Start
           0
 set_grid_done
 set_clumps_done
 Done
 TIME :    5.09976951405406       sec
          50 %           1   243.292335377540     
 	 100 %           1   477.404402778950     
 Time :   477.593027780298     
 WOCIVL440M1NH220/N_atom400E+10_Vexp200E+03_Vemit300E+03_tauD000E+00_Vran300E+01
                      
 Start
           0
 set_grid_done
 set_clumps_done
 Done
 TIME :    4.77317905751988       sec
          50 %           1   245.763725640718     
 	 100 %           1   486.153481556103     
 Time :   486.334396639373     
 WOCIVL440M1NH220/N_atom400E+10_Vexp300E+03_Vemit300E+03_tauD000E+00_Vran300E+01
                      
 Start
           0
 set_grid_done
 set_clumps_done
 Done
 TIME :    4.10416553635150       sec
          50 %           1   241.672271283809     
 	 100 %           1   480.507529101800     
 Time :   480.696937330533     
 WOCIVL440M1NH220/N_atom400E+10_Vexp500E+01_Vemit300E+03_tauD000E+00_Vran300E+01
                      
 Start
           0
 set_grid_done
 set_clumps_done
 Done
 TIME :    4.72845103079453       sec
          50 %           1   303.860018874519     
 	 100 %           1   606.669139631093     
 Time :   606.857371054124     
 WOCIVL440M1NH220/N_atom400E+10_Vexp100E+02_Vemit300E+03_tauD000E+00_Vran500E+01
                      
 Start
           0
 set_grid_done
 set_clumps_done
 Done
 TIME :    4.65408125892282       sec
          50 %           1   286.379042372108     
 	 100 %           1   572.329268062487     
 Time :   572.508964309935     
 WOCIVL440M1NH220/N_atom400E+10_Vexp200E+02_Vemit300E+03_tauD000E+00_Vran500E+01
                      
 Start
           0
 set_grid_done
 set_clumps_done
 Done
 TIME :    4.78175273677334       sec
          50 %           1   254.290054254234     
 	 100 %           1   513.134441529866     
 Time :   513.325319000054     
 WOCIVL440M1NH220/N_atom400E+10_Vexp300E+02_Vemit300E+03_tauD000E+00_Vran500E+01
                      
 Start
           0
 set_grid_done
 set_clumps_done
 Done
 TIME :    4.81878962134942       sec
          50 %           1   247.143103063572     
 	 100 %           1   487.950177846011     
 Time :   488.298708725721     
 WOCIVL440M1NH220/N_atom400E+10_Vexp400E+02_Vemit300E+03_tauD000E+00_Vran500E+01
                      
 Start
           0
 set_grid_done
 set_clumps_done
 Done
 TIME :    9.02895174687728       sec
          50 %           1   399.553936589044     
 	 100 %           1   618.374928120524     
 Time :   618.533769576810     
 WOCIVL440M1NH220/N_atom400E+10_Vexp500E+02_Vemit300E+03_tauD000E+00_Vran500E+01
                      
 Start
           0
 set_grid_done
 set_clumps_done
 Done
 TIME :    4.78351670783013       sec
          50 %           1   230.726065765135     
 	 100 %           1   448.304456289858     
 Time :   448.488653799053     
 WOCIVL440M1NH220/N_atom400E+10_Vexp600E+02_Vemit300E+03_tauD000E+00_Vran500E+01
                      
 Start
           0
 set_grid_done
 set_clumps_done
 Done
 TIME :    4.77576258638874       sec
          50 %           1   357.049087843858     
 	 100 %           1   742.391825215891     
 Time :   742.569228206761     
 WOCIVL440M1NH220/N_atom400E+10_Vexp700E+02_Vemit300E+03_tauD000E+00_Vran500E+01
                      
 Start
           0
 set_grid_done
 set_clumps_done
 Done
 TIME :    4.39507508324459       sec
          50 %           1   537.504679298494     
 	 100 %           1   959.813151941169     
 Time :   959.979452869389     
 WOCIVL440M1NH220/N_atom400E+10_Vexp800E+02_Vemit300E+03_tauD000E+00_Vran500E+01
                      
 Start
           0
 set_grid_done
 set_clumps_done
 Done
 TIME :    3.26963437488303       sec
          50 %           1   224.188101023436     
 	 100 %           1   445.038610432763     
 Time :   445.229358487297     
 WOCIVL440M1NH220/N_atom400E+10_Vexp900E+02_Vemit300E+03_tauD000E+00_Vran500E+01
                      
 Start
           0
 set_grid_done
 set_clumps_done
 Done
 TIME :    4.68498786678538       sec
          50 %           1   232.903732224833     
 	 100 %           1   450.217568944208     
 Time :   450.405701980460     
 WOCIVL440M1NH220/N_atom400E+10_Vexp100E+03_Vemit300E+03_tauD000E+00_Vran500E+01
                      
 Start
           0
 set_grid_done
 set_clumps_done
 Done
 TIME :    4.77681973436847       sec
          50 %           1   241.023581705056     
 	 100 %           1   457.509800055996     
 Time :   457.710376032162     
 WOCIVL440M1NH220/N_atom400E+10_Vexp200E+03_Vemit300E+03_tauD000E+00_Vran500E+01
                      
 Start
           0
 set_grid_done
 set_clumps_done
 Done
 TIME :    4.81548518361524       sec
          50 %           1   239.632923901081     
 	 100 %           1   470.802512176801     
 Time :   470.987766002771     
 WOCIVL440M1NH220/N_atom400E+10_Vexp300E+03_Vemit300E+03_tauD000E+00_Vran500E+01
                      
 Start
           0
 set_grid_done
 set_clumps_done
 Done
 TIME :    4.78491332102567       sec
          50 %           1   234.195403147489     
 	 100 %           1   457.916859000921     
 Time :   458.110437262338     
 WOCIVL440M1NH220/N_atom400E+10_Vexp500E+01_Vemit300E+03_tauD000E+00_Vran500E+01
                      
 Start
           0
 set_grid_done
 set_clumps_done
 Done
 TIME :    2.70111022889614       sec
          50 %           1   327.973404149991     
 	 100 %           1   660.596651908010     
 Time :   660.784035009332     
