nohup: ignoring input
 WOCIVL455M0001NH220/N_atom400E+10_Vexp100E+02_Vemit100E+03_tauD000E+00_Vran118E
 +01                  
 Start
           0
 set_grid_done
 set_clumps_done
 Done
 TIME :    2.30482644238509       sec
          50 %           2   51.8345614038408     
 	 100 %           4   96.4026984879747     
 Time :   96.5522962147370     
 WOCIVL455M0001NH220/N_atom400E+10_Vexp200E+02_Vemit100E+03_tauD000E+00_Vran118E
 +01                  
 Start
           0
 set_grid_done
 set_clumps_done
 Done
 TIME :    2.33337735733949       sec
          50 %           3   48.3431886734907     
 	 100 %           2   92.5688196753617     
 Time :   92.7090133675374     
 WOCIVL455M0001NH220/N_atom400E+10_Vexp300E+02_Vemit100E+03_tauD000E+00_Vran118E
 +01                  
 Start
           0
 set_grid_done
 set_clumps_done
 Done
 TIME :    1.36606403929181       sec
          50 %           1   48.7303456186783     
 	 100 %           4   94.8215958108194     
 Time :   94.9596125558019     
 WOCIVL455M0001NH220/N_atom400E+10_Vexp400E+02_Vemit100E+03_tauD000E+00_Vran118E
 +01                  
 Start
           0
 set_grid_done
 set_clumps_done
 Done
 TIME :    1.35297907330096       sec
          50 %           1   43.8992623286322     
 	 100 %           2   87.8297920394689     
 Time :   87.9682950139977     
 WOCIVL455M0001NH220/N_atom400E+10_Vexp500E+02_Vemit100E+03_tauD000E+00_Vran118E
 +01                  
 Start
           0
 set_grid_done
 set_clumps_done
 Done
 TIME :    1.35928857559338       sec
          50 %           1   54.1978262339253     
 	 100 %           4   103.472237390932     
 Time :   103.613518379396     
 WOCIVL455M0001NH220/N_atom400E+10_Vexp600E+02_Vemit100E+03_tauD000E+00_Vran118E
 +01                  
 Start
           0
 set_grid_done
 set_clumps_done
 Done
 TIME :    1.35752893774770       sec
          50 %           3   50.9279851405881     
 	 100 %           4   102.857527761487     
 Time :   103.002470975742     
 WOCIVL455M0001NH220/N_atom400E+10_Vexp700E+02_Vemit100E+03_tauD000E+00_Vran118E
 +01                  
 Start
           0
 set_grid_done
 set_clumps_done
 Done
 TIME :    1.36696258839220       sec
          50 %           3   56.2102400097065     
 	 100 %           3   109.977975772927     
 Time :   110.130367834587     
 WOCIVL455M0001NH220/N_atom400E+10_Vexp800E+02_Vemit100E+03_tauD000E+00_Vran118E
 +01                  
 Start
           0
 set_grid_done
 set_clumps_done
 Done
 TIME :    2.34194647311233       sec
          50 %           3   52.8524621019606     
 	 100 %           3   97.7506404749583     
 Time :   97.8973933015950     
 WOCIVL455M0001NH220/N_atom400E+10_Vexp900E+02_Vemit100E+03_tauD000E+00_Vran118E
 +01                  
 Start
           0
 set_grid_done
 set_clumps_done
 Done
 TIME :    2.34586134669371       sec
          50 %           1   48.7013701004907     
 	 100 %           4   93.1480662573595     
 Time :   93.3052890647668     
 WOCIVL455M0001NH220/N_atom400E+10_Vexp100E+03_Vemit100E+03_tauD000E+00_Vran118E
 +01                  
 Start
           0
 set_grid_done
 set_clumps_done
 Done
 TIME :    2.34986738301814       sec
          50 %           2   51.3216321298387     
 	 100 %           2   105.447692571441     
 Time :   105.600733890664     
 WOCIVL455M0001NH220/N_atom400E+10_Vexp200E+03_Vemit100E+03_tauD000E+00_Vran118E
 +01                  
 Start
           0
 set_grid_done
 set_clumps_done
 Done
 TIME :    2.35114926728420       sec
          50 %           2   49.6767195365392     
 	 100 %           2   100.401619255077     
 Time :   100.554087360390     
 WOCIVL455M0001NH220/N_atom400E+10_Vexp300E+03_Vemit100E+03_tauD000E+00_Vran118E
 +01                  
 Start
           0
 set_grid_done
 set_clumps_done
 Done
 TIME :    2.36370222736150       sec
          50 %           3   51.3348205618095     
 	 100 %           4   103.306188201299     
 Time :   103.449144778540     
 WOCIVL455M0001NH220/N_atom400E+10_Vexp500E+01_Vemit100E+03_tauD000E+00_Vran118E
 +01                  
 Start
           0
 set_grid_done
 set_clumps_done
 Done
 TIME :    2.33593715843745       sec
          50 %           2   48.9671921492554     
 	 100 %           1   96.6716833380051     
 Time :   96.8277032703627     
 WOCIVL455M0001NH220/N_atom400E+10_Vexp100E+02_Vemit100E+03_tauD000E+00_Vran300E
 +01                  
 Start
           0
 set_grid_done
 set_clumps_done
 Done
 TIME :    2.36093048518524       sec
          50 %           2   54.6949849526864     
 	 100 %           3   104.615542441607     
 Time :   104.773075696081     
 WOCIVL455M0001NH220/N_atom400E+10_Vexp200E+02_Vemit100E+03_tauD000E+00_Vran300E
 +01                  
 Start
           0
 set_grid_done
 set_clumps_done
 Done
 TIME :    2.36283546802588       sec
          50 %           3   48.7614456745796     
 	 100 %           1   95.2650081051979     
 Time :   95.4122924371623     
 WOCIVL455M0001NH220/N_atom400E+10_Vexp300E+02_Vemit100E+03_tauD000E+00_Vran300E
 +01                  
 Start
           0
 set_grid_done
 set_clumps_done
 Done
 TIME :    2.36822809628211       sec
          50 %           2   45.8208644727711     
 	 100 %           2   94.5996791352518     
 Time :   94.7561097044963     
 WOCIVL455M0001NH220/N_atom400E+10_Vexp400E+02_Vemit100E+03_tauD000E+00_Vran300E
 +01                  
 Start
           0
 set_grid_done
 set_clumps_done
 Done
 TIME :    2.35484858322889       sec
          50 %           1   52.4441085197031     
 	 100 %           4   98.8089346846100     
 Time :   98.9503549262881     
 WOCIVL455M0001NH220/N_atom400E+10_Vexp500E+02_Vemit100E+03_tauD000E+00_Vran300E
 +01                  
 Start
           0
 set_grid_done
 set_clumps_done
 Done
 TIME :    2.29575300263241       sec
          50 %           1   46.0083135536406     
 	 100 %           2   94.8782156994566     
 Time :   95.0371927344240     
 WOCIVL455M0001NH220/N_atom400E+10_Vexp600E+02_Vemit100E+03_tauD000E+00_Vran300E
 +01                  
 Start
           0
 set_grid_done
 set_clumps_done
 Done
 TIME :    2.35315961926244       sec
          50 %           1   56.9625569297932     
 	 100 %           2   104.007353293942     
 Time :   104.165662986692     
 WOCIVL455M0001NH220/N_atom400E+10_Vexp700E+02_Vemit100E+03_tauD000E+00_Vran300E
 +01                  
 Start
           0
 set_grid_done
 set_clumps_done
 Done
 TIME :    2.06769769801758       sec
          50 %           1   46.8731488166377     
 	 100 %           3   94.9950990574434     
 Time :   95.1396127394401     
 WOCIVL455M0001NH220/N_atom400E+10_Vexp800E+02_Vemit100E+03_tauD000E+00_Vran300E
 +01                  
 Start
           0
 set_grid_done
 set_clumps_done
 Done
 TIME :    2.25636543356813       sec
          50 %           2   55.6286492340732     
 	 100 %           4   105.870847475249     
 Time :   106.030959266238     
 WOCIVL455M0001NH220/N_atom400E+10_Vexp900E+02_Vemit100E+03_tauD000E+00_Vran300E
 +01                  
 Start
           0
 set_grid_done
 set_clumps_done
 Done
 TIME :    2.35682238615118       sec
          50 %           3   53.7918907047715     
 	 100 %           1   104.824906167109     
 Time :   104.988393722335     
 WOCIVL455M0001NH220/N_atom400E+10_Vexp100E+03_Vemit100E+03_tauD000E+00_Vran300E
 +01                  
 Start
           0
 set_grid_done
 set_clumps_done
 Done
 TIME :    2.36102422256954       sec
          50 %           3   53.9376677861437     
 	 100 %           2   107.166908405721     
 Time :   107.310588882072     
 WOCIVL455M0001NH220/N_atom400E+10_Vexp200E+03_Vemit100E+03_tauD000E+00_Vran300E
 +01                  
 Start
           0
 set_grid_done
 set_clumps_done
 Done
 TIME :    2.30064204870723       sec
          50 %           2   53.6482337829657     
 	 100 %           4   101.721192962723     
 Time :   101.885681430576     
 WOCIVL455M0001NH220/N_atom400E+10_Vexp300E+03_Vemit100E+03_tauD000E+00_Vran300E
 +01                  
 Start
           0
 set_grid_done
 set_clumps_done
 Done
 TIME :    2.35074845934287       sec
          50 %           1   50.7914332458749     
 	 100 %           4   106.912842840888     
 Time :   107.070263702888     
 WOCIVL455M0001NH220/N_atom400E+10_Vexp500E+01_Vemit100E+03_tauD000E+00_Vran300E
 +01                  
 Start
           0
 set_grid_done
 set_clumps_done
 Done
 TIME :    1.40234195743687       sec
          50 %           3   54.9750196298119     
 	 100 %           4   151.262749210233     
 Time :   151.406546086771     
 WOCIVL455M0001NH220/N_atom400E+10_Vexp100E+02_Vemit100E+03_tauD000E+00_Vran500E
 +01                  
 Start
           0
 set_grid_done
 set_clumps_done
 Done
 TIME :    1.36393448174931       sec
          50 %           1   49.6139130778611     
 	 100 %           4   100.576739429729     
 Time :   100.720242851181     
 WOCIVL455M0001NH220/N_atom400E+10_Vexp200E+02_Vemit100E+03_tauD000E+00_Vran500E
 +01                  
 Start
           0
 set_grid_done
 set_clumps_done
 Done
 TIME :    2.09763045655563       sec
          50 %           2   48.5283755662385     
 	 100 %           3   99.6922041103244     
 Time :   99.8503172714263     
 WOCIVL455M0001NH220/N_atom400E+10_Vexp300E+02_Vemit100E+03_tauD000E+00_Vran500E
 +01                  
 Start
           0
 set_grid_done
 set_clumps_done
 Done
 TIME :    2.35151749360375       sec
          50 %           1   51.9233137508854     
 	 100 %           4   100.213012785651     
 Time :   100.369446130004     
 WOCIVL455M0001NH220/N_atom400E+10_Vexp400E+02_Vemit100E+03_tauD000E+00_Vran500E
 +01                  
 Start
           0
 set_grid_done
 set_clumps_done
 Done
 TIME :    2.35326896584593       sec
          50 %           2   46.6920166022610     
 	 100 %           4   86.5137967693154     
 Time :   86.6434128670953     
 WOCIVL455M0001NH220/N_atom400E+10_Vexp500E+02_Vemit100E+03_tauD000E+00_Vran500E
 +01                  
 Start
           0
 set_grid_done
 set_clumps_done
 Done
 TIME :    1.83631432941183       sec
          50 %           3   51.1143075008877     
 	 100 %           1   98.8897123101633     
 Time :   99.0384160664398     
 WOCIVL455M0001NH220/N_atom400E+10_Vexp600E+02_Vemit100E+03_tauD000E+00_Vran500E
 +01                  
 Start
           0
 set_grid_done
 set_clumps_done
 Done
 TIME :    2.35836154711433       sec
          50 %           4   51.3606371155474     
 	 100 %           1   95.5821890830994     
 Time :   95.7407204953488     
 WOCIVL455M0001NH220/N_atom400E+10_Vexp700E+02_Vemit100E+03_tauD000E+00_Vran500E
 +01                  
 Start
           0
 set_grid_done
 set_clumps_done
 Done
 TIME :    2.36470166733488       sec
          50 %           3   46.6719097867608     
 	 100 %           4   99.6729955833871     
 Time :   99.8388662654907     
 WOCIVL455M0001NH220/N_atom400E+10_Vexp800E+02_Vemit100E+03_tauD000E+00_Vran500E
 +01                  
 Start
           0
 set_grid_done
 set_clumps_done
 Done
 TIME :    2.35744167724624       sec
          50 %           2   52.4228346869349     
 	 100 %           4   102.676404934609     
 Time :   102.823222794337     
 WOCIVL455M0001NH220/N_atom400E+10_Vexp900E+02_Vemit100E+03_tauD000E+00_Vran500E
 +01                  
 Start
           0
 set_grid_done
 set_clumps_done
 Done
 TIME :    2.28757955529727       sec
          50 %           4   56.2558501269668     
 	 100 %           4   109.440545903984     
 Time :   109.590841270285     
 WOCIVL455M0001NH220/N_atom400E+10_Vexp100E+03_Vemit100E+03_tauD000E+00_Vran500E
 +01                  
 Start
           0
 set_grid_done
 set_clumps_done
 Done
 TIME :    2.31007651099935       sec
          50 %           4   55.1834141022991     
 	 100 %           3   101.699582823785     
 Time :   101.862933349796     
 WOCIVL455M0001NH220/N_atom400E+10_Vexp200E+03_Vemit100E+03_tauD000E+00_Vran500E
 +01                  
 Start
           0
 set_grid_done
 set_clumps_done
 Done
 TIME :    2.36134071135893       sec
          50 %           3   59.5673853913322     
 	 100 %           2   115.126361280447     
 Time :   115.288665347500     
 WOCIVL455M0001NH220/N_atom400E+10_Vexp300E+03_Vemit100E+03_tauD000E+00_Vran500E
 +01                  
 Start
           0
 set_grid_done
 set_clumps_done
 Done
 TIME :    2.36279581300914       sec
          50 %           4   54.9341609687544     
 	 100 %           1   109.788039739011     
 Time :   109.937626274768     
 WOCIVL455M0001NH220/N_atom400E+10_Vexp500E+01_Vemit100E+03_tauD000E+00_Vran500E
 +01                  
 Start
           0
 set_grid_done
 set_clumps_done
 Done
 TIME :    1.38037812989205       sec
          50 %           3   54.6680519173387     
 	 100 %           4   103.708785597235     
 Time :   103.848401055904     
 WOCIVL455M0001NH220/N_atom400E+10_Vexp100E+02_Vemit200E+03_tauD000E+00_Vran118E
 +01                  
 Start
           0
 set_grid_done
 set_clumps_done
 Done
 TIME :    2.35421044658870       sec
          50 %           3   55.6884818586987     
 	 100 %           3   105.056803978747     
 Time :   105.206306635868     
 WOCIVL455M0001NH220/N_atom400E+10_Vexp200E+02_Vemit200E+03_tauD000E+00_Vran118E
 +01                  
 Start
           0
 set_grid_done
 set_clumps_done
 Done
 TIME :    1.51455700676888       sec
          50 %           4   47.5149556319229     
 	 100 %           2   89.7996555448044     
 Time :   89.9420546377078     
 WOCIVL455M0001NH220/N_atom400E+10_Vexp300E+02_Vemit200E+03_tauD000E+00_Vran118E
 +01                  
 Start
           0
 set_grid_done
 set_clumps_done
 Done
 TIME :    2.36743728094734       sec
          50 %           4   42.8441863451153     
 	 100 %           1   87.1476382305846     
 Time :   87.2928341527004     
 WOCIVL455M0001NH220/N_atom400E+10_Vexp400E+02_Vemit200E+03_tauD000E+00_Vran118E
 +01                  
 Start
           0
 set_grid_done
 set_clumps_done
 Done
 TIME :    2.15338273416273       sec
          50 %           4   52.4842484218534     
 	 100 %           3   100.893943561241     
 Time :   101.046614029445     
 WOCIVL455M0001NH220/N_atom400E+10_Vexp500E+02_Vemit200E+03_tauD000E+00_Vran118E
 +01                  
 Start
           0
 set_grid_done
 set_clumps_done
 Done
 TIME :    2.36109961522743       sec
          50 %           3   54.0518195182085     
 	 100 %           3   103.323812051211     
 Time :   103.470070352545     
 WOCIVL455M0001NH220/N_atom400E+10_Vexp600E+02_Vemit200E+03_tauD000E+00_Vran118E
 +01                  
 Start
           0
 set_grid_done
 set_clumps_done
 Done
 TIME :    2.32041775831021       sec
          50 %           3   56.8673911937512     
 	 100 %           2   109.024051927030     
 Time :   109.184471850516     
 WOCIVL455M0001NH220/N_atom400E+10_Vexp700E+02_Vemit200E+03_tauD000E+00_Vran118E
 +01                  
 Start
           0
 set_grid_done
 set_clumps_done
 Done
 TIME :    2.35428621969186       sec
          50 %           2   50.8190235041548     
 	 100 %           2   99.0209129645955     
 Time :   99.1838964766357     
 WOCIVL455M0001NH220/N_atom400E+10_Vexp800E+02_Vemit200E+03_tauD000E+00_Vran118E
 +01                  
 Start
           0
 set_grid_done
 set_clumps_done
 Done
 TIME :    2.04640296567231       sec
          50 %           2   54.3723483672366     
 	 100 %           4   106.274051418295     
 Time :   106.432927512331     
 WOCIVL455M0001NH220/N_atom400E+10_Vexp900E+02_Vemit200E+03_tauD000E+00_Vran118E
 +01                  
 Start
           0
 set_grid_done
 set_clumps_done
 Done
 TIME :    2.35020740609616       sec
          50 %           2   53.0638311598450     
 	 100 %           1   108.687277484220     
 Time :   108.840975184925     
 WOCIVL455M0001NH220/N_atom400E+10_Vexp100E+03_Vemit200E+03_tauD000E+00_Vran118E
 +01                  
 Start
           0
 set_grid_done
 set_clumps_done
 Done
 TIME :    2.35613270197064       sec
          50 %           1   54.9092065151781     
 	 100 %           2   102.747900536284     
 Time :   102.908069184748     
 WOCIVL455M0001NH220/N_atom400E+10_Vexp200E+03_Vemit200E+03_tauD000E+00_Vran118E
 +01                  
 Start
           0
 set_grid_done
 set_clumps_done
 Done
 TIME :    2.35396818839945       sec
          50 %           1   50.2400416426826     
 	 100 %           3   96.3144085253589     
 Time :   96.4663378817495     
 WOCIVL455M0001NH220/N_atom400E+10_Vexp300E+03_Vemit200E+03_tauD000E+00_Vran118E
 +01                  
 Start
           0
 set_grid_done
 set_clumps_done
 Done
 TIME :    2.36060638236813       sec
          50 %           4   53.1171342257876     
 	 100 %           4   105.342860193923     
 Time :   105.501105054282     
 WOCIVL455M0001NH220/N_atom400E+10_Vexp500E+01_Vemit200E+03_tauD000E+00_Vran118E
 +01                  
 Start
           0
 set_grid_done
 set_clumps_done
 Done
 TIME :    2.36484425701201       sec
          50 %           2   51.5571391773410     
 	 100 %           3   100.078923157416     
 Time :   100.240985016339     
 WOCIVL455M0001NH220/N_atom400E+10_Vexp100E+02_Vemit200E+03_tauD000E+00_Vran300E
 +01                  
 Start
           0
 set_grid_done
 set_clumps_done
 Done
 TIME :    2.36107001919299       sec
          50 %           2   53.0128485020250     
 	 100 %           2   101.617296445183     
 Time :   101.788860274013     
 WOCIVL455M0001NH220/N_atom400E+10_Vexp200E+02_Vemit200E+03_tauD000E+00_Vran300E
 +01                  
 Start
           0
 set_grid_done
 set_clumps_done
 Done
 TIME :    2.38461629976518       sec
          50 %           4   50.4329334066715     
 	 100 %           4   97.8658037600107     
 Time :   98.0235513700172     
 WOCIVL455M0001NH220/N_atom400E+10_Vexp300E+02_Vemit200E+03_tauD000E+00_Vran300E
 +01                  
 Start
           0
 set_grid_done
 set_clumps_done
 Done
 TIME :    2.36071664094925       sec
          50 %           2   55.0126476015430     
 	 100 %           3   111.058183625573     
 Time :   111.224994846387     
 WOCIVL455M0001NH220/N_atom400E+10_Vexp400E+02_Vemit200E+03_tauD000E+00_Vran300E
 +01                  
 Start
           0
 set_grid_done
 set_clumps_done
 Done
 TIME :    2.11508648912422       sec
          50 %           2   55.7732195635326     
 	 100 %           3   103.785571994493     
 Time :   103.951792227570     
 WOCIVL455M0001NH220/N_atom400E+10_Vexp500E+02_Vemit200E+03_tauD000E+00_Vran300E
 +01                  
 Start
           0
 set_grid_done
 set_clumps_done
 Done
 TIME :    2.37635344313458       sec
          50 %           4   56.2982958997600     
 	 100 %           2   157.097908403492     
 Time :   157.266539486125     
 WOCIVL455M0001NH220/N_atom400E+10_Vexp600E+02_Vemit200E+03_tauD000E+00_Vran300E
 +01                  
 Start
           0
 set_grid_done
 set_clumps_done
 Done
 TIME :    2.35029940982349       sec
          50 %           4   55.3576626484282     
 	 100 %           1   110.328457819298     
 Time :   110.498509748839     
 WOCIVL455M0001NH220/N_atom400E+10_Vexp700E+02_Vemit200E+03_tauD000E+00_Vran300E
 +01                  
 Start
           0
 set_grid_done
 set_clumps_done
 Done
 TIME :    2.36894966103137       sec
          50 %           4   51.2388276010752     
 	 100 %           3   100.628544452600     
 Time :   100.796362657798     
 WOCIVL455M0001NH220/N_atom400E+10_Vexp800E+02_Vemit200E+03_tauD000E+00_Vran300E
 +01                  
 Start
           0
 set_grid_done
 set_clumps_done
 Done
 TIME :    2.36510167387314       sec
          50 %           2   51.1404992942698     
 	 100 %           2   98.7853653607890     
 Time :   98.9554858198389     
 WOCIVL455M0001NH220/N_atom400E+10_Vexp900E+02_Vemit200E+03_tauD000E+00_Vran300E
 +01                  
 Start
           0
 set_grid_done
 set_clumps_done
 Done
 TIME :    2.36027299193665       sec
          50 %           4   48.6922489609569     
 	 100 %           1   91.9591442665551     
 Time :   92.1233093431219     
 WOCIVL455M0001NH220/N_atom400E+10_Vexp100E+03_Vemit200E+03_tauD000E+00_Vran300E
 +01                  
 Start
           0
 set_grid_done
 set_clumps_done
 Done
 TIME :    2.36874534469098       sec
          50 %           2   45.2245973413810     
 	 100 %           3   91.5408746013418     
 Time :   91.7029400470201     
 WOCIVL455M0001NH220/N_atom400E+10_Vexp200E+03_Vemit200E+03_tauD000E+00_Vran300E
 +01                  
 Start
           0
 set_grid_done
 set_clumps_done
 Done
 TIME :    2.36209015850909       sec
          50 %           1   48.7051113860216     
 	 100 %           1   98.2375264763832     
 Time :   98.3937332220376     
 WOCIVL455M0001NH220/N_atom400E+10_Vexp300E+03_Vemit200E+03_tauD000E+00_Vran300E
 +01                  
 Start
           0
 set_grid_done
 set_clumps_done
 Done
 TIME :    2.36765826889314       sec
          50 %           3   49.8824337602127     
 	 100 %           1   100.768314383458     
 Time :   100.933335669106     
 WOCIVL455M0001NH220/N_atom400E+10_Vexp500E+01_Vemit200E+03_tauD000E+00_Vran300E
 +01                  
 Start
           0
 set_grid_done
 set_clumps_done
 Done
 TIME :    2.34275353956036       sec
          50 %           1   52.7003443893045     
 	 100 %           2   100.015831900295     
 Time :   100.176319211256     
 WOCIVL455M0001NH220/N_atom400E+10_Vexp100E+02_Vemit200E+03_tauD000E+00_Vran500E
 +01                  
 Start
           0
 set_grid_done
 set_clumps_done
 Done
 TIME :    2.21115236729383       sec
          50 %           1   50.5422691707499     
 	 100 %           2   101.253573968774     
 Time :   101.405800918117     
 WOCIVL455M0001NH220/N_atom400E+10_Vexp200E+02_Vemit200E+03_tauD000E+00_Vran500E
 +01                  
 Start
           0
 set_grid_done
 set_clumps_done
 Done
 TIME :    2.33317446359433       sec
          50 %           3   48.8987177014351     
 	 100 %           3   94.1603599716909     
 Time :   94.3229040727019     
 WOCIVL455M0001NH220/N_atom400E+10_Vexp300E+02_Vemit200E+03_tauD000E+00_Vran500E
 +01                  
 Start
           0
 set_grid_done
 set_clumps_done
 Done
 TIME :    2.36261407937855       sec
          50 %           3   45.8104803746101     
 	 100 %           2   97.3340347064659     
 Time :   97.4879139505792     
 WOCIVL455M0001NH220/N_atom400E+10_Vexp400E+02_Vemit200E+03_tauD000E+00_Vran500E
 +01                  
 Start
           0
 set_grid_done
 set_clumps_done
 Done
 TIME :    2.27980599389412       sec
          50 %           1   45.3313443397637     
 	 100 %           3   92.1553328754380     
 Time :   92.3293102085590     
 WOCIVL455M0001NH220/N_atom400E+10_Vexp500E+02_Vemit200E+03_tauD000E+00_Vran500E
 +01                  
 Start
           0
 set_grid_done
 set_clumps_done
 Done
 TIME :    2.36878685327247       sec
          50 %           1   49.6496428395621     
 	 100 %           1   101.812341260957     
 Time :   101.964932429139     
 WOCIVL455M0001NH220/N_atom400E+10_Vexp600E+02_Vemit200E+03_tauD000E+00_Vran500E
 +01                  
 Start
           0
 set_grid_done
 set_clumps_done
 Done
 TIME :    2.36249464354478       sec
          50 %           3   49.1089041428640     
 	 100 %           1   97.4272595318034     
 Time :   97.5877042824868     
 WOCIVL455M0001NH220/N_atom400E+10_Vexp700E+02_Vemit200E+03_tauD000E+00_Vran500E
 +01                  
 Start
           0
 set_grid_done
 set_clumps_done
 Done
 TIME :    1.69016684754752       sec
          50 %           2   51.7227062750608     
 	 100 %           4   99.5369985979050     
 Time :   99.6900142987724     
 WOCIVL455M0001NH220/N_atom400E+10_Vexp800E+02_Vemit200E+03_tauD000E+00_Vran500E
 +01                  
 Start
           0
 set_grid_done
 set_clumps_done
 Done
 TIME :    1.95836110226810       sec
          50 %           3   51.8805094298441     
 	 100 %           4   98.9471948000137     
 Time :   99.0984362054151     
 WOCIVL455M0001NH220/N_atom400E+10_Vexp900E+02_Vemit200E+03_tauD000E+00_Vran500E
 +01                  
 Start
           0
 set_grid_done
 set_clumps_done
 Done
 TIME :    2.33706466061994       sec
          50 %           1   48.7592167092953     
 	 100 %           2   96.1597061345819     
 Time :   96.3123184826691     
 WOCIVL455M0001NH220/N_atom400E+10_Vexp100E+03_Vemit200E+03_tauD000E+00_Vran500E
 +01                  
 Start
           0
 set_grid_done
 set_clumps_done
 Done
 TIME :    2.24859859491698       sec
          50 %           4   47.4796286921483     
 	 100 %           3   92.4924946704414     
 Time :   92.6435610749759     
 WOCIVL455M0001NH220/N_atom400E+10_Vexp200E+03_Vemit200E+03_tauD000E+00_Vran500E
 +01                  
 Start
           0
 set_grid_done
 set_clumps_done
 Done
 TIME :    1.89953083358705       sec
          50 %           1   50.3005224829540     
 	 100 %           1   98.5290390304290     
 Time :   98.7000394237693     
 WOCIVL455M0001NH220/N_atom400E+10_Vexp300E+03_Vemit200E+03_tauD000E+00_Vran500E
 +01                  
 Start
           0
 set_grid_done
 set_clumps_done
 Done
 TIME :    2.36320686037652       sec
          50 %           1   51.0135089319665     
 	 100 %           1   103.206195356324     
 Time :   103.360491148196     
 WOCIVL455M0001NH220/N_atom400E+10_Vexp500E+01_Vemit200E+03_tauD000E+00_Vran500E
 +01                  
 Start
           0
 set_grid_done
 set_clumps_done
 Done
 TIME :    2.36214311863296       sec
          50 %           3   46.7540783826262     
 	 100 %           1   93.5270491940901     
 Time :   93.6866109247785     
 WOCIVL455M0001NH220/N_atom400E+10_Vexp100E+02_Vemit300E+03_tauD000E+00_Vran118E
 +01                  
 Start
           0
 set_grid_done
 set_clumps_done
 Done
 TIME :    2.37974874419160       sec
          50 %           1   48.0644429537933     
 	 100 %           1   95.9402767529245     
 Time :   96.1111007025465     
 WOCIVL455M0001NH220/N_atom400E+10_Vexp200E+02_Vemit300E+03_tauD000E+00_Vran118E
 +01                  
 Start
           0
 set_grid_done
 set_clumps_done
 Done
 TIME :    2.36927109886892       sec
          50 %           2   49.7585535896942     
 	 100 %           3   94.1276237815619     
 Time :   94.2737733272370     
 WOCIVL455M0001NH220/N_atom400E+10_Vexp300E+02_Vemit300E+03_tauD000E+00_Vran118E
 +01                  
 Start
           0
 set_grid_done
 set_clumps_done
 Done
 TIME :    1.39001227985136       sec
          50 %           2   45.9296260508709     
 	 100 %           2   90.8767427755520     
 Time :   91.0354230392259     
 WOCIVL455M0001NH220/N_atom400E+10_Vexp400E+02_Vemit300E+03_tauD000E+00_Vran118E
 +01                  
 Start
           0
 set_grid_done
 set_clumps_done
 Done
 TIME :    2.35481301625259       sec
          50 %           1   52.9145781949628     
 	 100 %           1   98.2720589935780     
 Time :   98.4296048921533     
 WOCIVL455M0001NH220/N_atom400E+10_Vexp500E+02_Vemit300E+03_tauD000E+00_Vran118E
 +01                  
 Start
           0
 set_grid_done
 set_clumps_done
 Done
 TIME :    2.36690617632121       sec
          50 %           1   52.5402925715316     
 	 100 %           1   104.275361777283     
 Time :   104.427093289560     
 WOCIVL455M0001NH220/N_atom400E+10_Vexp600E+02_Vemit300E+03_tauD000E+00_Vran118E
 +01                  
 Start
           0
 set_grid_done
 set_clumps_done
 Done
 TIME :    1.92143771331757       sec
          50 %           4   49.9008833817206     
 	 100 %           3   100.470984176965     
 Time :   100.630818513222     
 WOCIVL455M0001NH220/N_atom400E+10_Vexp700E+02_Vemit300E+03_tauD000E+00_Vran118E
 +01                  
 Start
           0
 set_grid_done
 set_clumps_done
 Done
 TIME :    1.37172255059704       sec
          50 %           1   47.7691261852160     
 	 100 %           3   95.6796570830047     
 Time :   95.8272253319155     
 WOCIVL455M0001NH220/N_atom400E+10_Vexp800E+02_Vemit300E+03_tauD000E+00_Vran118E
 +01                  
 Start
           0
 set_grid_done
 set_clumps_done
 Done
 TIME :    2.03824534825981       sec
          50 %           2   49.1747053551953     
 	 100 %           4   97.9702164037153     
 Time :   98.1452181341592     
 WOCIVL455M0001NH220/N_atom400E+10_Vexp900E+02_Vemit300E+03_tauD000E+00_Vran118E
 +01                  
 Start
           0
 set_grid_done
 set_clumps_done
 Done
 TIME :    2.37317355931737       sec
          50 %           1   52.8125173691660     
 	 100 %           1   154.362403418636     
 Time :   154.529090995668     
 WOCIVL455M0001NH220/N_atom400E+10_Vexp100E+03_Vemit300E+03_tauD000E+00_Vran118E
 +01                  
 Start
           0
 set_grid_done
 set_clumps_done
 Done
 TIME :    2.35265667806379       sec
          50 %           2   52.3455161536112     
 	 100 %           4   100.290575561114     
 Time :   100.456297852565     
 WOCIVL455M0001NH220/N_atom400E+10_Vexp200E+03_Vemit300E+03_tauD000E+00_Vran118E
 +01                  
 Start
           0
 set_grid_done
 set_clumps_done
 Done
 TIME :    2.35704139037989       sec
          50 %           2   50.6953755430877     
 	 100 %           2   97.9958131918684     
 Time :   98.1625528873410     
 WOCIVL455M0001NH220/N_atom400E+10_Vexp300E+03_Vemit300E+03_tauD000E+00_Vran118E
 +01                  
 Start
           0
 set_grid_done
 set_clumps_done
 Done
 TIME :    2.36185926175676       sec
          50 %           3   51.5089863410685     
 	 100 %           4   96.5782449285034     
 Time :   96.7282532718964     
 WOCIVL455M0001NH220/N_atom400E+10_Vexp500E+01_Vemit300E+03_tauD000E+00_Vran118E
 +01                  
 Start
           0
 set_grid_done
 set_clumps_done
 Done
 TIME :    2.34541759779677       sec
          50 %           2   47.0741985689383     
 	 100 %           1   91.1918646092527     
 Time :   91.3411510374863     
 WOCIVL455M0001NH220/N_atom400E+10_Vexp100E+02_Vemit300E+03_tauD000E+00_Vran300E
 +01                  
 Start
           0
 set_grid_done
 set_clumps_done
 Done
 TIME :    1.72513566981070       sec
          50 %           1   46.7797074418049     
 	 100 %           3   87.3409845039714     
 Time :   87.4932820366230     
 WOCIVL455M0001NH220/N_atom400E+10_Vexp200E+02_Vemit300E+03_tauD000E+00_Vran300E
 +01                  
 Start
           0
 set_grid_done
 set_clumps_done
 Done
 TIME :    1.55036168009974       sec
          50 %           1   52.4496374560986     
 	 100 %           3   101.703414430143     
 Time :   101.874277513940     
 WOCIVL455M0001NH220/N_atom400E+10_Vexp300E+02_Vemit300E+03_tauD000E+00_Vran300E
 +01                  
 Start
           0
 set_grid_done
 set_clumps_done
 Done
 TIME :    2.35650803172030       sec
          50 %           3   48.6462523927912     
 	 100 %           1   92.6406401509885     
 Time :   92.8057386528235     
 WOCIVL455M0001NH220/N_atom400E+10_Vexp400E+02_Vemit300E+03_tauD000E+00_Vran300E
 +01                  
 Start
           0
 set_grid_done
 set_clumps_done
 Done
 TIME :    2.36751246312633       sec
          50 %           1   51.4553788094781     
 	 100 %           4   97.9662556331605     
 Time :   98.1105516734533     
 WOCIVL455M0001NH220/N_atom400E+10_Vexp500E+02_Vemit300E+03_tauD000E+00_Vran300E
 +01                  
 Start
           0
 set_grid_done
 set_clumps_done
 Done
 TIME :    2.29342140327208       sec
          50 %           2   53.1968222404830     
 	 100 %           3   101.628049401101     
 Time :   101.797917733435     
 WOCIVL455M0001NH220/N_atom400E+10_Vexp600E+02_Vemit300E+03_tauD000E+00_Vran300E
 +01                  
 Start
           0
 set_grid_done
 set_clumps_done
 Done
 TIME :    2.36767901806161       sec
          50 %           4   57.6026608245447     
 	 100 %           2   101.856002953136     
 Time :   102.010979762999     
 WOCIVL455M0001NH220/N_atom400E+10_Vexp700E+02_Vemit300E+03_tauD000E+00_Vran300E
 +01                  
 Start
           0
 set_grid_done
 set_clumps_done
 Done
 TIME :    2.36911202804185       sec
          50 %           3   55.4952807195950     
 	 100 %           1   105.376554956893     
 Time :   105.538909729570     
 WOCIVL455M0001NH220/N_atom400E+10_Vexp800E+02_Vemit300E+03_tauD000E+00_Vran300E
 +01                  
 Start
           0
 set_grid_done
 set_clumps_done
 Done
 TIME :    2.36470097606070       sec
          50 %           3   54.6538322654087     
 	 100 %           3   101.506867283024     
 Time :   101.673480740050     
 WOCIVL455M0001NH220/N_atom400E+10_Vexp900E+02_Vemit300E+03_tauD000E+00_Vran300E
 +01                  
 Start
           0
 set_grid_done
 set_clumps_done
 Done
 TIME :    2.36642664973624       sec
          50 %           1   53.8995301809628     
 	 100 %           3   106.639623262221     
 Time :   106.812024314422     
 WOCIVL455M0001NH220/N_atom400E+10_Vexp100E+03_Vemit300E+03_tauD000E+00_Vran300E
 +01                  
 Start
           0
 set_grid_done
 set_clumps_done
 Done
 TIME :    2.28276399825700       sec
          50 %           2   53.7681426729541     
 	 100 %           4   154.583765425254     
 Time :   154.738817417063     
 WOCIVL455M0001NH220/N_atom400E+10_Vexp200E+03_Vemit300E+03_tauD000E+00_Vran300E
 +01                  
 Start
           0
 set_grid_done
 set_clumps_done
 Done
 TIME :    2.36266669887118       sec
          50 %           4   52.1546478765085     
 	 100 %           4   104.897793891374     
 Time :   105.045678448398     
 WOCIVL455M0001NH220/N_atom400E+10_Vexp300E+03_Vemit300E+03_tauD000E+00_Vran300E
 +01                  
 Start
           0
 set_grid_done
 set_clumps_done
 Done
 TIME :    1.63545590918511       sec
          50 %           1   51.0622051856481     
 	 100 %           2   99.7354987384751     
 Time :   99.8902186723426     
 WOCIVL455M0001NH220/N_atom400E+10_Vexp500E+01_Vemit300E+03_tauD000E+00_Vran300E
 +01                  
 Start
           0
 set_grid_done
 set_clumps_done
 Done
 TIME :    2.36801012442447       sec
          50 %           2   47.3678197709378     
 	 100 %           3   91.8663934178185     
 Time :   92.0316285579465     
 WOCIVL455M0001NH220/N_atom400E+10_Vexp100E+02_Vemit300E+03_tauD000E+00_Vran500E
 +01                  
 Start
           0
 set_grid_done
 set_clumps_done
 Done
 TIME :    2.35486629698426       sec
          50 %           3   56.0358747229911     
 	 100 %           3   105.096228828654     
 Time :   105.268749056151     
 WOCIVL455M0001NH220/N_atom400E+10_Vexp200E+02_Vemit300E+03_tauD000E+00_Vran500E
 +01                  
 Start
           0
 set_grid_done
 set_clumps_done
 Done
 TIME :    2.36794289713725       sec
          50 %           2   49.1608869719785     
 	 100 %           3   147.869324688334     
 Time :   148.039052304579     
 WOCIVL455M0001NH220/N_atom400E+10_Vexp300E+02_Vemit300E+03_tauD000E+00_Vran500E
 +01                  
 Start
           0
 set_grid_done
 set_clumps_done
 Done
 TIME :    2.32176425470971       sec
          50 %           4   53.6180656794459     
 	 100 %           4   104.631755243056     
 Time :   104.792841216316     
 WOCIVL455M0001NH220/N_atom400E+10_Vexp400E+02_Vemit300E+03_tauD000E+00_Vran500E
 +01                  
 Start
           0
 set_grid_done
 set_clumps_done
 Done
 TIME :    2.34930671262555       sec
          50 %           4   50.0674777324311     
 	 100 %           2   98.9625339491758     
 Time :   99.1177806896158     
 WOCIVL455M0001NH220/N_atom400E+10_Vexp500E+02_Vemit300E+03_tauD000E+00_Vran500E
 +01                  
 Start
           0
 set_grid_done
 set_clumps_done
 Done
 TIME :    2.35842240205966       sec
          50 %           1   49.3718833350576     
 	 100 %           1   93.6364662521519     
 Time :   93.7676358378958     
 WOCIVL455M0001NH220/N_atom400E+10_Vexp600E+02_Vemit300E+03_tauD000E+00_Vran500E
 +01                  
 Start
           0
 set_grid_done
 set_clumps_done
 Done
 TIME :    1.72517710831016       sec
          50 %           1   52.9804040938616     
 	 100 %           3   106.321021517506     
 Time :   106.455806640908     
 WOCIVL455M0001NH220/N_atom400E+10_Vexp700E+02_Vemit300E+03_tauD000E+00_Vran500E
 +01                  
 Start
           0
 set_grid_done
 set_clumps_done
 Done
 TIME :    2.22676724777557       sec
          50 %           4   47.6887787433807     
 	 100 %           2   97.8750885692425     
 Time :   98.0202565987129     
 WOCIVL455M0001NH220/N_atom400E+10_Vexp800E+02_Vemit300E+03_tauD000E+00_Vran500E
 +01                  
 Start
           0
 set_grid_done
 set_clumps_done
 Done
 TIME :    2.10669118189253       sec
          50 %           2   53.8094389217440     
 	 100 %           4   108.571636616252     
 Time :   108.716422222555     
 WOCIVL455M0001NH220/N_atom400E+10_Vexp900E+02_Vemit300E+03_tauD000E+00_Vran500E
 +01                  
 Start
           0
 set_grid_done
 set_clumps_done
 Done
 TIME :    2.28195117088035       sec
          50 %           3   56.1997639674228     
 	 100 %           4   106.243105403613     
 Time :   106.401859647362     
 WOCIVL455M0001NH220/N_atom400E+10_Vexp100E+03_Vemit300E+03_tauD000E+00_Vran500E
 +01                  
 Start
           0
 set_grid_done
 set_clumps_done
 Done
 TIME :    2.36004015151411       sec
          50 %           2   48.1406075851992     
 	 100 %           4   141.476514694514     
 Time :   141.621534333332     
 WOCIVL455M0001NH220/N_atom400E+10_Vexp200E+03_Vemit300E+03_tauD000E+00_Vran500E
 +01                  
 Start
           0
 set_grid_done
 set_clumps_done
 Done
 TIME :    2.12272165855393       sec
          50 %           3   46.3428444832098     
 	 100 %           2   88.5295166175347     
 Time :   88.6940546093974     
 WOCIVL455M0001NH220/N_atom400E+10_Vexp300E+03_Vemit300E+03_tauD000E+00_Vran500E
 +01                  
 Start
           0
 set_grid_done
 set_clumps_done
 Done
 TIME :    1.58111523068510       sec
          50 %           1   45.9997069670353     
 	 100 %           3   89.2906136426609     
 Time :   89.4372912270483     
 WOCIVL455M0001NH220/N_atom400E+10_Vexp500E+01_Vemit300E+03_tauD000E+00_Vran500E
 +01                  
 Start
           0
 set_grid_done
 set_clumps_done
 Done
 TIME :    2.18639706028625       sec
          50 %           1   50.1564988177270     
 	 100 %           2   93.1552251263056     
 Time :   93.3215505783446     
