nohup: ignoring input
 WOCIVL455M0100NH220/N_atom400E+10_Vexp100E+02_Vemit100E+03_tauD000E+00_Vran118E
 +01                  
 Start
           0
 set_grid_done
 set_clumps_done
 Done
 TIME :    2.21436867606826       sec
          50 %           1   181.273374701617     
 	 100 %           1   354.715086032404     
 Time :   354.875444474164     
 WOCIVL455M0100NH220/N_atom400E+10_Vexp200E+02_Vemit100E+03_tauD000E+00_Vran118E
 +01                  
 Start
           0
 set_grid_done
 set_clumps_done
 Done
 TIME :    2.36503341165371       sec
          50 %           1   167.740475660190     
 	 100 %           1   325.949514970882     
 Time :   326.097671776079     
 WOCIVL455M0100NH220/N_atom400E+10_Vexp300E+02_Vemit100E+03_tauD000E+00_Vran118E
 +01                  
 Start
           0
 set_grid_done
 set_clumps_done
 Done
 TIME :    2.36628429568373       sec
          50 %           1   185.251912294654     
 	 100 %           1   387.991226394894     
 Time :   388.146111950278     
 WOCIVL455M0100NH220/N_atom400E+10_Vexp400E+02_Vemit100E+03_tauD000E+00_Vran118E
 +01                  
 Start
           0
 set_grid_done
 set_clumps_done
 Done
 TIME :    2.24823690205812       sec
          50 %           1   169.808496446814     
 	 100 %           1   350.544783953112     
 Time :   350.687422273681     
 WOCIVL455M0100NH220/N_atom400E+10_Vexp500E+02_Vemit100E+03_tauD000E+00_Vran118E
 +01                  
 Start
           0
 set_grid_done
 set_clumps_done
 Done
 TIME :    2.43533248989843       sec
          50 %           1   183.919854671462     
 	 100 %           1   363.923643869348     
 Time :   364.081846403191     
 WOCIVL455M0100NH220/N_atom400E+10_Vexp600E+02_Vemit100E+03_tauD000E+00_Vran118E
 +01                  
 Start
           0
 set_grid_done
 set_clumps_done
 Done
 TIME :    2.43995306431316       sec
          50 %           1   157.109483421082     
 	 100 %           1   316.327889946988     
 Time :   316.482246587286     
 WOCIVL455M0100NH220/N_atom400E+10_Vexp700E+02_Vemit100E+03_tauD000E+00_Vran118E
 +01                  
 Start
           0
 set_grid_done
 set_clumps_done
 Done
 TIME :    2.43566374178044       sec
          50 %           1   164.082527763909     
 	 100 %           1   315.424546844559     
 Time :   315.570484098280     
 WOCIVL455M0100NH220/N_atom400E+10_Vexp800E+02_Vemit100E+03_tauD000E+00_Vran118E
 +01                  
 Start
           0
 set_grid_done
 set_clumps_done
 Done
 TIME :    2.42997526773252       sec
          50 %           1   195.196205603657     
 	 100 %           1   350.784950902220     
 Time :   350.943676349241     
 WOCIVL455M0100NH220/N_atom400E+10_Vexp900E+02_Vemit100E+03_tauD000E+00_Vran118E
 +01                  
 Start
           0
 set_grid_done
 set_clumps_done
 Done
 TIME :    2.44438215810806       sec
          50 %           1   159.742771676043     
 	 100 %           1   303.492251373827     
 Time :   303.651701174676     
 WOCIVL455M0100NH220/N_atom400E+10_Vexp100E+03_Vemit100E+03_tauD000E+00_Vran118E
 +01                  
 Start
           0
 set_grid_done
 set_clumps_done
 Done
 TIME :    2.48678744863719       sec
          50 %           1   163.974470430752     
 	 100 %           1   346.948055599118     
 Time :   347.098046789411     
 WOCIVL455M0100NH220/N_atom400E+10_Vexp200E+03_Vemit100E+03_tauD000E+00_Vran118E
 +01                  
 Start
           0
 set_grid_done
 set_clumps_done
 Done
 TIME :    2.44327809847891       sec
          50 %           1   175.987312339246     
 	 100 %           1   324.750169551233     
 Time :   324.906353041995     
 WOCIVL455M0100NH220/N_atom400E+10_Vexp300E+03_Vemit100E+03_tauD000E+00_Vran118E
 +01                  
 Start
           0
 set_grid_done
 set_clumps_done
 Done
 TIME :    2.50190375372767       sec
          50 %           1   154.198347062105     
 	 100 %           1   344.575088913087     
 Time :   344.725659045158     
 WOCIVL455M0100NH220/N_atom400E+10_Vexp500E+01_Vemit100E+03_tauD000E+00_Vran118E
 +01                  
 Start
           0
 set_grid_done
 set_clumps_done
 Done
 TIME :    2.49470078456216       sec
          50 %           1   194.817629550351     
 	 100 %           1   388.082080618944     
 Time :   388.237597026862     
 WOCIVL455M0100NH220/N_atom400E+10_Vexp100E+02_Vemit100E+03_tauD000E+00_Vran300E
 +01                  
 Start
           0
 set_grid_done
 set_clumps_done
 Done
 TIME :    2.50411582062952       sec
          50 %           1   158.665702625643     
 	 100 %           1   342.602580167120     
 Time :   342.751127689378     
 WOCIVL455M0100NH220/N_atom400E+10_Vexp200E+02_Vemit100E+03_tauD000E+00_Vran300E
 +01                  
 Start
           0
 set_grid_done
 set_clumps_done
 Done
 TIME :    2.48367745149881       sec
          50 %           1   172.299494535429     
 	 100 %           1   358.145308370702     
 Time :   358.304106748896     
 WOCIVL455M0100NH220/N_atom400E+10_Vexp300E+02_Vemit100E+03_tauD000E+00_Vran300E
 +01                  
 Start
           0
 set_grid_done
 set_clumps_done
 Done
 TIME :    2.49213113472797       sec
          50 %           1   181.778057347285     
 	 100 %           1   363.121672533685     
 Time :   363.277945437701     
 WOCIVL455M0100NH220/N_atom400E+10_Vexp400E+02_Vemit100E+03_tauD000E+00_Vran300E
 +01                  
 Start
           0
 set_grid_done
 set_clumps_done
 Done
 TIME :    2.44370531616732       sec
          50 %           1   186.759199088905     
 	 100 %           1   335.773425089195     
 Time :   335.935838823905     
 WOCIVL455M0100NH220/N_atom400E+10_Vexp500E+02_Vemit100E+03_tauD000E+00_Vran300E
 +01                  
 Start
           0
 set_grid_done
 set_clumps_done
 Done
 TIME :    2.42662400286645       sec
          50 %           1   178.521202391712     
 	 100 %           1   364.647684366675     
 Time :   364.809201583965     
 WOCIVL455M0100NH220/N_atom400E+10_Vexp600E+02_Vemit100E+03_tauD000E+00_Vran300E
 +01                  
 Start
           0
 set_grid_done
 set_clumps_done
 Done
 TIME :    2.49805347202346       sec
          50 %           1   165.443078286014     
 	 100 %           1   326.192746609217     
 Time :   326.352088651154     
 WOCIVL455M0100NH220/N_atom400E+10_Vexp700E+02_Vemit100E+03_tauD000E+00_Vran300E
 +01                  
 Start
           0
 set_grid_done
 set_clumps_done
 Done
 TIME :    2.48767631128430       sec
          50 %           1   183.322712139925     
 	 100 %           1   340.460131039843     
 Time :   340.606880667852     
 WOCIVL455M0100NH220/N_atom400E+10_Vexp800E+02_Vemit100E+03_tauD000E+00_Vran300E
 +01                  
 Start
           0
 set_grid_done
 set_clumps_done
 Done
 TIME :    2.00188769190572       sec
          50 %           1   149.138377964497     
 	 100 %           1   305.845487582497     
 Time :   305.993573650718     
 WOCIVL455M0100NH220/N_atom400E+10_Vexp900E+02_Vemit100E+03_tauD000E+00_Vran300E
 +01                  
 Start
           0
 set_grid_done
 set_clumps_done
 Done
 TIME :    2.28466162271798       sec
          50 %           1   161.872236900730     
 	 100 %           1   350.214615873527     
 Time :   350.373085484607     
 WOCIVL455M0100NH220/N_atom400E+10_Vexp100E+03_Vemit100E+03_tauD000E+00_Vran300E
 +01                  
 Start
           0
 set_grid_done
 set_clumps_done
 Done
 TIME :    2.38028619135730       sec
          50 %           1   193.711572121130     
 	 100 %           1   350.566205417505     
 Time :   350.723497085972     
 WOCIVL455M0100NH220/N_atom400E+10_Vexp200E+03_Vemit100E+03_tauD000E+00_Vran300E
 +01                  
 Start
           0
 set_grid_done
 set_clumps_done
 Done
 TIME :    2.48429736285470       sec
          50 %           1   200.978154905839     
 	 100 %           1   384.095952395117     
 Time :   384.248056900920     
 WOCIVL455M0100NH220/N_atom400E+10_Vexp300E+03_Vemit100E+03_tauD000E+00_Vran300E
 +01                  
 Start
           0
 set_grid_done
 set_clumps_done
 Done
 TIME :    2.50524330581538       sec
          50 %           1   193.390001683496     
 	 100 %           1   378.461377441650     
 Time :   378.624096227810     
 WOCIVL455M0100NH220/N_atom400E+10_Vexp500E+01_Vemit100E+03_tauD000E+00_Vran300E
 +01                  
 Start
           0
 set_grid_done
 set_clumps_done
 Done
 TIME :    2.45586215611547       sec
          50 %           1   185.649941077456     
 	 100 %           1   350.691140549723     
 Time :   350.857848286163     
 WOCIVL455M0100NH220/N_atom400E+10_Vexp100E+02_Vemit100E+03_tauD000E+00_Vran500E
 +01                  
 Start
           0
 set_grid_done
 set_clumps_done
 Done
 TIME :    2.45865445747040       sec
          50 %           1   162.074775596848     
 	 100 %           1   310.695000860840     
 Time :   310.844431244070     
 WOCIVL455M0100NH220/N_atom400E+10_Vexp200E+02_Vemit100E+03_tauD000E+00_Vran500E
 +01                  
 Start
           0
 set_grid_done
 set_clumps_done
 Done
 TIME :    2.30456914287060       sec
          50 %           1   151.219601016724     
 	 100 %           1   330.564209093573     
 Time :   330.731141244993     
 WOCIVL455M0100NH220/N_atom400E+10_Vexp300E+02_Vemit100E+03_tauD000E+00_Vran500E
 +01                  
 Start
           0
 set_grid_done
 set_clumps_done
 Done
 TIME :    2.45369415450841       sec
          50 %           1   198.542482657591     
 	 100 %           1   388.458032436669     
 Time :   388.601843079086     
 WOCIVL455M0100NH220/N_atom400E+10_Vexp400E+02_Vemit100E+03_tauD000E+00_Vran500E
 +01                  
 Start
           0
 set_grid_done
 set_clumps_done
 Done
 TIME :    1.98305056570098       sec
          50 %           1   192.240144030424     
 	 100 %           1   367.338940191315     
 Time :   367.485086840810     
 WOCIVL455M0100NH220/N_atom400E+10_Vexp500E+02_Vemit100E+03_tauD000E+00_Vran500E
 +01                  
 Start
           0
 set_grid_done
 set_clumps_done
 Done
 TIME :    2.25388363539241       sec
          50 %           1   185.247285668505     
 	 100 %           1   386.898234667256     
 Time :   387.048518203897     
 WOCIVL455M0100NH220/N_atom400E+10_Vexp600E+02_Vemit100E+03_tauD000E+00_Vran500E
 +01                  
 Start
           0
 set_grid_done
 set_clumps_done
 Done
 TIME :    2.26098167104647       sec
          50 %           1   164.335884173866     
 	 100 %           1   343.679478526348     
 Time :   343.828733980656     
 WOCIVL455M0100NH220/N_atom400E+10_Vexp700E+02_Vemit100E+03_tauD000E+00_Vran500E
 +01                  
 Start
           0
 set_grid_done
 set_clumps_done
 Done
 TIME :    2.24754067277536       sec
          50 %           1   151.962264715228     
 	 100 %           1   335.031383205438     
 Time :   335.184017868713     
 WOCIVL455M0100NH220/N_atom400E+10_Vexp800E+02_Vemit100E+03_tauD000E+00_Vran500E
 +01                  
 Start
           0
 set_grid_done
 set_clumps_done
 Done
 TIME :    2.30813091574237       sec
          50 %           1   196.569399768952     
 	 100 %           1   379.156925891992     
 Time :   379.308113621082     
 WOCIVL455M0100NH220/N_atom400E+10_Vexp900E+02_Vemit100E+03_tauD000E+00_Vran500E
 +01                  
 Start
           0
 set_grid_done
 set_clumps_done
 Done
 TIME :    2.23169796005823       sec
          50 %           1   204.923097111983     
 	 100 %           1   401.251929455670     
 Time :   401.402987834066     
 WOCIVL455M0100NH220/N_atom400E+10_Vexp100E+03_Vemit100E+03_tauD000E+00_Vran500E
 +01                  
 Start
           0
 set_grid_done
 set_clumps_done
 Done
 TIME :    2.27842554706149       sec
          50 %           1   151.170725116041     
 	 100 %           1   331.395389867015     
 Time :   331.557722274214     
 WOCIVL455M0100NH220/N_atom400E+10_Vexp200E+03_Vemit100E+03_tauD000E+00_Vran500E
 +01                  
 Start
           0
 set_grid_done
 set_clumps_done
 Done
 TIME :    2.33453506650403       sec
          50 %           1   169.999702921603     
 	 100 %           1   354.584313056897     
 Time :   354.749076635810     
 WOCIVL455M0100NH220/N_atom400E+10_Vexp300E+03_Vemit100E+03_tauD000E+00_Vran500E
 +01                  
 Start
           0
 set_grid_done
 set_clumps_done
 Done
 TIME :    2.46399747207761       sec
          50 %           1   204.665454144590     
 	 100 %           1   391.473586585606     
 Time :   391.636072620517     
 WOCIVL455M0100NH220/N_atom400E+10_Vexp500E+01_Vemit100E+03_tauD000E+00_Vran500E
 +01                  
 Start
           0
 set_grid_done
 set_clumps_done
 Done
 TIME :    2.32864042255096       sec
          50 %           1   141.968401761493     
 	 100 %           1   283.601169069298     
 Time :   283.773519040551     
 WOCIVL455M0100NH220/N_atom400E+10_Vexp100E+02_Vemit200E+03_tauD000E+00_Vran118E
 +01                  
 Start
           0
 set_grid_done
 set_clumps_done
 Done
 TIME :    2.46094828285277       sec
          50 %           1   141.057678776793     
 	 100 %           1   274.716171105392     
 Time :   274.887534203939     
 WOCIVL455M0100NH220/N_atom400E+10_Vexp200E+02_Vemit200E+03_tauD000E+00_Vran118E
 +01                  
 Start
           0
 set_grid_done
 set_clumps_done
 Done
 TIME :    2.18909274181351       sec
          50 %           1   133.815110391472     
 	 100 %           1   323.099751952104     
 Time :   323.270652273670     
 WOCIVL455M0100NH220/N_atom400E+10_Vexp300E+02_Vemit200E+03_tauD000E+00_Vran118E
 +01                  
 Start
           0
 set_grid_done
 set_clumps_done
 Done
 TIME :    2.47776142624207       sec
          50 %           1   188.827468407108     
 	 100 %           1   376.993942910340     
 Time :   377.168617286021     
 WOCIVL455M0100NH220/N_atom400E+10_Vexp400E+02_Vemit200E+03_tauD000E+00_Vran118E
 +01                  
 Start
           0
 set_grid_done
 set_clumps_done
 Done
 TIME :    2.45165057410486       sec
          50 %           1   192.695047304733     
 	 100 %           1   356.503199814353     
 Time :   356.663492077729     
 WOCIVL455M0100NH220/N_atom400E+10_Vexp500E+02_Vemit200E+03_tauD000E+00_Vran118E
 +01                  
 Start
           0
 set_grid_done
 set_clumps_done
 Done
 TIME :    1.42731606261805       sec
          50 %           1   182.896855918458     
 	 100 %           1   366.441973957233     
 Time :   366.568993398454     
 WOCIVL455M0100NH220/N_atom400E+10_Vexp600E+02_Vemit200E+03_tauD000E+00_Vran118E
 +01                  
 Start
           0
 set_grid_done
 set_clumps_done
 Done
 TIME :    1.42172698094510       sec
          50 %           1   141.715016405331     
 	 100 %           1   272.279258773895     
 Time :   272.458403793629     
 WOCIVL455M0100NH220/N_atom400E+10_Vexp700E+02_Vemit200E+03_tauD000E+00_Vran118E
 +01                  
 Start
           0
 set_grid_done
 set_clumps_done
 Done
 TIME :    2.45666219666600       sec
          50 %           1   133.626217340352     
 	 100 %           1   264.927955873078     
 Time :   265.108865462476     
 WOCIVL455M0100NH220/N_atom400E+10_Vexp800E+02_Vemit200E+03_tauD000E+00_Vran118E
 +01                  
 Start
           0
 set_grid_done
 set_clumps_done
 Done
 TIME :    2.37971809040755       sec
          50 %           1   132.036057719961     
 	 100 %           1   261.282120350283     
 Time :   261.412170855794     
 WOCIVL455M0100NH220/N_atom400E+10_Vexp900E+02_Vemit200E+03_tauD000E+00_Vran118E
 +01                  
 Start
           0
 set_grid_done
 set_clumps_done
 Done
 TIME :    1.43674088758416       sec
          50 %           1   133.404827640858     
 	 100 %           1   267.135258324677     
 Time :   267.276529636001     
 WOCIVL455M0100NH220/N_atom400E+10_Vexp100E+03_Vemit200E+03_tauD000E+00_Vran118E
 +01                  
 Start
           0
 set_grid_done
 set_clumps_done
 Done
 TIME :    2.05336096626706       sec
          50 %           1   138.445082743419     
 	 100 %           1   311.242315536831     
 Time :   311.408992854413     
 WOCIVL455M0100NH220/N_atom400E+10_Vexp200E+03_Vemit200E+03_tauD000E+00_Vran118E
 +01                  
 Start
           0
 set_grid_done
 set_clumps_done
 Done
 TIME :    1.84672697307542       sec
          50 %           1   142.231797427405     
 	 100 %           1   280.056597273797     
 Time :   280.232717531733     
 WOCIVL455M0100NH220/N_atom400E+10_Vexp300E+03_Vemit200E+03_tauD000E+00_Vran118E
 +01                  
 Start
           0
 set_grid_done
 set_clumps_done
 Done
 TIME :    1.96223311196081       sec
          50 %           1   139.218711662106     
 	 100 %           1   277.149499431252     
 Time :   277.320146392100     
 WOCIVL455M0100NH220/N_atom400E+10_Vexp500E+01_Vemit200E+03_tauD000E+00_Vran118E
 +01                  
 Start
           0
 set_grid_done
 set_clumps_done
 Done
 TIME :    2.46043053944595       sec
          50 %           1   133.336538167205     
 	 100 %           1   263.158407189883     
 Time :   263.285295557231     
 WOCIVL455M0100NH220/N_atom400E+10_Vexp100E+02_Vemit200E+03_tauD000E+00_Vran300E
 +01                  
 Start
           0
 set_grid_done
 set_clumps_done
 Done
 TIME :    1.42577761108987       sec
          50 %           1   154.055230034050     
 	 100 %           1   346.533700596774     
 Time :   346.712672751630     
 WOCIVL455M0100NH220/N_atom400E+10_Vexp200E+02_Vemit200E+03_tauD000E+00_Vran300E
 +01                  
 Start
           0
 set_grid_done
 set_clumps_done
 Done
 TIME :    2.40989492251538       sec
          50 %           1   193.195994891925     
 	 100 %           1   350.159804149298     
 Time :   350.291409007274     
 WOCIVL455M0100NH220/N_atom400E+10_Vexp300E+02_Vemit200E+03_tauD000E+00_Vran300E
 +01                  
 Start
           0
 set_grid_done
 set_clumps_done
 Done
 TIME :    1.43185149203055       sec
          50 %           1   134.406321648275     
 	 100 %           1   290.910116395913     
 Time :   291.039170340169     
 WOCIVL455M0100NH220/N_atom400E+10_Vexp400E+02_Vemit200E+03_tauD000E+00_Vran300E
 +01                  
 Start
           0
 set_grid_done
 set_clumps_done
 Done
 TIME :    1.45196593343280       sec
          50 %           1   131.811330933357     
 	 100 %           1   261.950559953926     
 Time :   262.076581922127     
 WOCIVL455M0100NH220/N_atom400E+10_Vexp500E+02_Vemit200E+03_tauD000E+00_Vran300E
 +01                  
 Start
           0
 set_grid_done
 set_clumps_done
 Done
 TIME :    2.43653468973935       sec
          50 %           1   165.491192189977     
 	 100 %           1   348.241323859431     
 Time :   348.372203692328     
 WOCIVL455M0100NH220/N_atom400E+10_Vexp600E+02_Vemit200E+03_tauD000E+00_Vran300E
 +01                  
 Start
           0
 set_grid_done
 set_clumps_done
 Done
 TIME :    1.42654975736514       sec
          50 %           1   187.361413900275     
 	 100 %           1   336.763560854131     
 Time :   336.891823895508     
 WOCIVL455M0100NH220/N_atom400E+10_Vexp700E+02_Vemit200E+03_tauD000E+00_Vran300E
 +01                  
 Start
           0
 set_grid_done
 set_clumps_done
 Done
 TIME :    2.40614431374706       sec
          50 %           1   137.106560651911     
 	 100 %           1   271.215728351148     
 Time :   271.388777377084     
 WOCIVL455M0100NH220/N_atom400E+10_Vexp800E+02_Vemit200E+03_tauD000E+00_Vran300E
 +01                  
 Start
           0
 set_grid_done
 set_clumps_done
 Done
 TIME :    2.46974017121829       sec
          50 %           1   136.696223025210     
 	 100 %           1   271.049574127421     
 Time :   271.176825818839     
 WOCIVL455M0100NH220/N_atom400E+10_Vexp900E+02_Vemit200E+03_tauD000E+00_Vran300E
 +01                  
 Start
           0
 set_grid_done
 set_clumps_done
 Done
 TIME :    2.31229193951003       sec
          50 %           1   135.432878115913     
 	 100 %           1   267.655060131336     
 Time :   267.781082860893     
 WOCIVL455M0100NH220/N_atom400E+10_Vexp100E+03_Vemit200E+03_tauD000E+00_Vran300E
 +01                  
 Start
           0
 set_grid_done
 set_clumps_done
 Done
 TIME :    1.43043305305764       sec
          50 %           1   135.510506367777     
 	 100 %           1   270.393132906174     
 Time :   270.521370398114     
 WOCIVL455M0100NH220/N_atom400E+10_Vexp200E+03_Vemit200E+03_tauD000E+00_Vran300E
 +01                  
 Start
           0
 set_grid_done
 set_clumps_done
 Done
 TIME :    1.42816032865085       sec
          50 %           1   138.854873871198     
 	 100 %           1   277.065803149482     
 Time :   277.195657604840     
 WOCIVL455M0100NH220/N_atom400E+10_Vexp300E+03_Vemit200E+03_tauD000E+00_Vran300E
 +01                  
 Start
           0
 set_grid_done
 set_clumps_done
 Done
 TIME :    1.95492471847683       sec
          50 %           1   155.539226101246     
 	 100 %           1   323.601360349916     
 Time :   323.780303989537     
 WOCIVL455M0100NH220/N_atom400E+10_Vexp500E+01_Vemit200E+03_tauD000E+00_Vran300E
 +01                  
 Start
           0
 set_grid_done
 set_clumps_done
 Done
 TIME :    2.46099036443047       sec
          50 %           1   172.805683059851     
 	 100 %           1   341.112995679723     
 Time :   341.272634346504     
 WOCIVL455M0100NH220/N_atom400E+10_Vexp100E+02_Vemit200E+03_tauD000E+00_Vran500E
 +01                  
 Start
           0
 set_grid_done
 set_clumps_done
 Done
 TIME :    1.42244286835194       sec
          50 %           1   164.293806859059     
 	 100 %           1   358.105747943278     
 Time :   358.283329813741     
 WOCIVL455M0100NH220/N_atom400E+10_Vexp200E+02_Vemit200E+03_tauD000E+00_Vran500E
 +01                  
 Start
           0
 set_grid_done
 set_clumps_done
 Done
 TIME :    2.44294352992438       sec
          50 %           1   188.210706874728     
 	 100 %           1   367.859324206132     
 Time :   368.041458789492     
 WOCIVL455M0100NH220/N_atom400E+10_Vexp300E+02_Vemit200E+03_tauD000E+00_Vran500E
 +01                  
 Start
           0
 set_grid_done
 set_clumps_done
 Done
 TIME :    2.38466079905629       sec
          50 %           1   187.380751416087     
 	 100 %           1   368.252928093309     
 Time :   368.414704823634     
 WOCIVL455M0100NH220/N_atom400E+10_Vexp400E+02_Vemit200E+03_tauD000E+00_Vran500E
 +01                  
 Start
           0
 set_grid_done
 set_clumps_done
 Done
 TIME :    2.27430040272884       sec
          50 %           1   168.866302271606     
 	 100 %           1   331.468694159295     
 Time :   331.597452761140     
 WOCIVL455M0100NH220/N_atom400E+10_Vexp500E+02_Vemit200E+03_tauD000E+00_Vran500E
 +01                  
 Start
           0
 set_grid_done
 set_clumps_done
 Done
 TIME :    1.89137241523713       sec
          50 %           1   191.627180147683     
 	 100 %           1   366.801993067842     
 Time :   366.934052646859     
 WOCIVL455M0100NH220/N_atom400E+10_Vexp600E+02_Vemit200E+03_tauD000E+00_Vran500E
 +01                  
 Start
           0
 set_grid_done
 set_clumps_done
 Done
 TIME :    1.42275011376478       sec
          50 %           1   137.631371235475     
 	 100 %           1   272.673174595460     
 Time :   272.804612319451     
 WOCIVL455M0100NH220/N_atom400E+10_Vexp700E+02_Vemit200E+03_tauD000E+00_Vran500E
 +01                  
 Start
           0
 set_grid_done
 set_clumps_done
 Done
 TIME :    1.42805692832917       sec
          50 %           1   135.841249812860     
 	 100 %           1   269.307916015852     
 Time :   269.452833132586     
 WOCIVL455M0100NH220/N_atom400E+10_Vexp800E+02_Vemit200E+03_tauD000E+00_Vran500E
 +01                  
 Start
           0
 set_grid_done
 set_clumps_done
 Done
 TIME :    2.40617528371513       sec
          50 %           1   132.651612674119     
 	 100 %           1   260.947972437600     
 Time :   261.132202381967     
 WOCIVL455M0100NH220/N_atom400E+10_Vexp900E+02_Vemit200E+03_tauD000E+00_Vran500E
 +01                  
 Start
           0
 set_grid_done
 set_clumps_done
 Done
 TIME :    1.87915324466303       sec
          50 %           1   134.066501703346     
 	 100 %           1   266.134935878217     
 Time :   266.267139456235     
 WOCIVL455M0100NH220/N_atom400E+10_Vexp100E+03_Vemit200E+03_tauD000E+00_Vran500E
 +01                  
 Start
           0
 set_grid_done
 set_clumps_done
 Done
 TIME :    1.42229532240890       sec
          50 %           1   131.073848846601     
 	 100 %           1   260.445510625839     
 Time :   260.578360065585     
 WOCIVL455M0100NH220/N_atom400E+10_Vexp200E+03_Vemit200E+03_tauD000E+00_Vran500E
 +01                  
 Start
           0
 set_grid_done
 set_clumps_done
 Done
 TIME :    1.43717608111911       sec
          50 %           1   132.805862517562     
 	 100 %           1   264.182932320982     
 Time :   264.317669769749     
 WOCIVL455M0100NH220/N_atom400E+10_Vexp300E+03_Vemit200E+03_tauD000E+00_Vran500E
 +01                  
 Start
           0
 set_grid_done
 set_clumps_done
 Done
 TIME :    1.43879287433811       sec
          50 %           1   135.356205415446     
 	 100 %           1   270.304572377587     
 Time :   270.473563970299     
 WOCIVL455M0100NH220/N_atom400E+10_Vexp500E+01_Vemit200E+03_tauD000E+00_Vran500E
 +01                  
 Start
           0
 set_grid_done
 set_clumps_done
 Done
 TIME :    1.57648401730694       sec
          50 %           1   136.907293265453     
 	 100 %           1   269.907577819424     
 Time :   270.040234535700     
 WOCIVL455M0100NH220/N_atom400E+10_Vexp100E+02_Vemit300E+03_tauD000E+00_Vran118E
 +01                  
 Start
           0
 set_grid_done
 set_clumps_done
 Done
 TIME :    1.42001189710572       sec
          50 %           1   128.286216205452     
 	 100 %           1   255.621933190851     
 Time :   255.808667778969     
 WOCIVL455M0100NH220/N_atom400E+10_Vexp200E+02_Vemit300E+03_tauD000E+00_Vran118E
 +01                  
 Start
           0
 set_grid_done
 set_clumps_done
 Done
 TIME :    2.46373916137964       sec
          50 %           1   131.807301203953     
 	 100 %           1   261.793752504047     
 Time :   261.926079371013     
 WOCIVL455M0100NH220/N_atom400E+10_Vexp300E+02_Vemit300E+03_tauD000E+00_Vran118E
 +01                  
 Start
           0
 set_grid_done
 set_clumps_done
 Done
 TIME :    1.43332856451161       sec
          50 %           1   128.918137477478     
 	 100 %           1   256.059645890025     
 Time :   256.189549741335     
 WOCIVL455M0100NH220/N_atom400E+10_Vexp400E+02_Vemit300E+03_tauD000E+00_Vran118E
 +01                  
 Start
           0
 set_grid_done
 set_clumps_done
 Done
 TIME :    1.42478104983456       sec
          50 %           1   129.890189396450     
 	 100 %           1   257.857280843891     
 Time :   257.989277871791     
 WOCIVL455M0100NH220/N_atom400E+10_Vexp500E+02_Vemit300E+03_tauD000E+00_Vran118E
 +01                  
 Start
           0
 set_grid_done
 set_clumps_done
 Done
 TIME :    1.43374225636944       sec
          50 %           1   129.754415448988     
 	 100 %           1   258.765927474480     
 Time :   258.949834332569     
 WOCIVL455M0100NH220/N_atom400E+10_Vexp600E+02_Vemit300E+03_tauD000E+00_Vran118E
 +01                  
 Start
           0
 set_grid_done
 set_clumps_done
 Done
 TIME :    2.39644039771520       sec
          50 %           1   133.289895093767     
 	 100 %           1   264.440384688787     
 Time :   264.572556976229     
 WOCIVL455M0100NH220/N_atom400E+10_Vexp700E+02_Vemit300E+03_tauD000E+00_Vran118E
 +01                  
 Start
           0
 set_grid_done
 set_clumps_done
 Done
 TIME :    1.42381698125973       sec
          50 %           1   131.008704147302     
 	 100 %           1   261.198513271287     
 Time :   261.327156539541     
 WOCIVL455M0100NH220/N_atom400E+10_Vexp800E+02_Vemit300E+03_tauD000E+00_Vran118E
 +01                  
 Start
           0
 set_grid_done
 set_clumps_done
 Done
 TIME :    1.41832033894025       sec
          50 %           1   133.232671545586     
 	 100 %           1   265.941669200780     
 Time :   266.075763082365     
 WOCIVL455M0100NH220/N_atom400E+10_Vexp900E+02_Vemit300E+03_tauD000E+00_Vran118E
 +01                  
 Start
           0
 set_grid_done
 set_clumps_done
 Done
 TIME :    1.44064853060991       sec
          50 %           1   133.141256825533     
 	 100 %           1   264.398474157089     
 Time :   264.530798248714     
 WOCIVL455M0100NH220/N_atom400E+10_Vexp100E+03_Vemit300E+03_tauD000E+00_Vran118E
 +01                  
 Start
           0
 set_grid_done
 set_clumps_done
 Done
 TIME :    1.43000883120112       sec
          50 %           1   131.802904172800     
 	 100 %           1   262.748840336921     
 Time :   262.881720887031     
 WOCIVL455M0100NH220/N_atom400E+10_Vexp200E+03_Vemit300E+03_tauD000E+00_Vran118E
 +01                  
 Start
           0
 set_grid_done
 set_clumps_done
 Done
 TIME :    1.42795974994078       sec
          50 %           1   134.943655972369     
 	 100 %           1   268.596020595636     
 Time :   268.730174593627     
 WOCIVL455M0100NH220/N_atom400E+10_Vexp300E+03_Vemit300E+03_tauD000E+00_Vran118E
 +01                  
 Start
           0
 set_grid_done
 set_clumps_done
 Done
 TIME :    1.42865764256567       sec
          50 %           1   138.925101771485     
 	 100 %           1   276.454295168165     
 Time :   276.585355360527     
 WOCIVL455M0100NH220/N_atom400E+10_Vexp500E+01_Vemit300E+03_tauD000E+00_Vran118E
 +01                  
 Start
           0
 set_grid_done
 set_clumps_done
 Done
 TIME :    2.37319946708158       sec
          50 %           1   131.669641632121     
 	 100 %           1   260.688853018917     
 Time :   260.820154017769     
 WOCIVL455M0100NH220/N_atom400E+10_Vexp100E+02_Vemit300E+03_tauD000E+00_Vran300E
 +01                  
 Start
           0
 set_grid_done
 set_clumps_done
 Done
 TIME :    1.42871983302757       sec
          50 %           1   137.470308057964     
 	 100 %           1   278.996054711752     
 Time :   279.131000734633     
 WOCIVL455M0100NH220/N_atom400E+10_Vexp200E+02_Vemit300E+03_tauD000E+00_Vran300E
 +01                  
 Start
           0
 set_grid_done
 set_clumps_done
 Done
 TIME :    1.43308759760112       sec
          50 %           1   127.466099053388     
 	 100 %           1   253.485401541460     
 Time :   253.618732203962     
 WOCIVL455M0100NH220/N_atom400E+10_Vexp300E+02_Vemit300E+03_tauD000E+00_Vran300E
 +01                  
 Start
           0
 set_grid_done
 set_clumps_done
 Done
 TIME :    1.43012535665184       sec
          50 %           1   131.011523571331     
 	 100 %           1   260.530645786319     
 Time :   260.661379585974     
 WOCIVL455M0100NH220/N_atom400E+10_Vexp400E+02_Vemit300E+03_tauD000E+00_Vran300E
 +01                  
 Start
           0
 set_grid_done
 set_clumps_done
 Done
 TIME :    1.42078695935197       sec
          50 %           1   132.260488983709     
 	 100 %           1   262.295162998606     
 Time :   262.424518016167     
 WOCIVL455M0100NH220/N_atom400E+10_Vexp500E+02_Vemit300E+03_tauD000E+00_Vran300E
 +01                  
 Start
           0
 set_grid_done
 set_clumps_done
 Done
 TIME :    1.41775210760534       sec
          50 %           1   132.243077821098     
 	 100 %           1   262.811513506109     
 Time :   262.986695385538     
 WOCIVL455M0100NH220/N_atom400E+10_Vexp600E+02_Vemit300E+03_tauD000E+00_Vran300E
 +01                  
 Start
           0
 set_grid_done
 set_clumps_done
 Done
 TIME :    2.45626775221899       sec
          50 %           1   133.951462880243     
 	 100 %           1   266.077322063735     
 Time :   266.252632722724     
 WOCIVL455M0100NH220/N_atom400E+10_Vexp700E+02_Vemit300E+03_tauD000E+00_Vran300E
 +01                  
 Start
           0
 set_grid_done
 set_clumps_done
 Done
 TIME :    2.44520782819018       sec
          50 %           1   135.608525878051     
 	 100 %           1   270.468031117693     
 Time :   270.601713561919     
 WOCIVL455M0100NH220/N_atom400E+10_Vexp800E+02_Vemit300E+03_tauD000E+00_Vran300E
 +01                  
 Start
           0
 set_grid_done
 set_clumps_done
 Done
 TIME :    1.46442813496105       sec
          50 %           1   131.264163372805     
 	 100 %           1   264.586009537103     
 Time :   264.730145880720     
 WOCIVL455M0100NH220/N_atom400E+10_Vexp900E+02_Vemit300E+03_tauD000E+00_Vran300E
 +01                  
 Start
           0
 set_grid_done
 set_clumps_done
 Done
 TIME :    1.42744460166432       sec
          50 %           1   135.031760186655     
 	 100 %           1   269.488315877505     
 Time :   269.618057243992     
 WOCIVL455M0100NH220/N_atom400E+10_Vexp100E+03_Vemit300E+03_tauD000E+00_Vran300E
 +01                  
 Start
           0
 set_grid_done
 set_clumps_done
 Done
 TIME :    2.37276610732079       sec
          50 %           1   136.012911349535     
 	 100 %           1   269.752170532942     
 Time :   269.881971494760     
 WOCIVL455M0100NH220/N_atom400E+10_Vexp200E+03_Vemit300E+03_tauD000E+00_Vran300E
 +01                  
 Start
           0
 set_grid_done
 set_clumps_done
 Done
 TIME :    1.42004365869798       sec
          50 %           1   138.768394966610     
 	 100 %           1   276.268269393593     
 Time :   276.401071541710     
 WOCIVL455M0100NH220/N_atom400E+10_Vexp300E+03_Vemit300E+03_tauD000E+00_Vran300E
 +01                  
 Start
           0
 set_grid_done
 set_clumps_done
 Done
 TIME :    1.42125335312448       sec
          50 %           1   140.945910421899     
 	 100 %           1   280.648833737243     
 Time :   280.780145597411     
 WOCIVL455M0100NH220/N_atom400E+10_Vexp500E+01_Vemit300E+03_tauD000E+00_Vran300E
 +01                  
 Start
           0
 set_grid_done
 set_clumps_done
 Done
 TIME :    1.42122336500324       sec
          50 %           1   133.526552992407     
 	 100 %           1   264.703888624674     
 Time :   264.833621434635     
 WOCIVL455M0100NH220/N_atom400E+10_Vexp100E+02_Vemit300E+03_tauD000E+00_Vran500E
 +01                  
 Start
           0
 set_grid_done
 set_clumps_done
 Done
 TIME :    1.44911284442060       sec
          50 %           1   134.594985144679     
 	 100 %           1   267.781069875928     
 Time :   267.911991589703     
 WOCIVL455M0100NH220/N_atom400E+10_Vexp200E+02_Vemit300E+03_tauD000E+00_Vran500E
 +01                  
 Start
           0
 set_grid_done
 set_clumps_done
 Done
 TIME :    1.44809471117333       sec
          50 %           1   131.457637011306     
 	 100 %           1   258.561238531023     
 Time :   258.689622707199     
 WOCIVL455M0100NH220/N_atom400E+10_Vexp300E+02_Vemit300E+03_tauD000E+00_Vran500E
 +01                  
 Start
           0
 set_grid_done
 set_clumps_done
 Done
 TIME :    1.44650758546777       sec
          50 %           1   131.667118242010     
 	 100 %           1   263.441295071505     
 Time :   263.573385700816     
 WOCIVL455M0100NH220/N_atom400E+10_Vexp400E+02_Vemit300E+03_tauD000E+00_Vran500E
 +01                  
 Start
           0
 set_grid_done
 set_clumps_done
 Done
 TIME :    1.43798040971160       sec
          50 %           1   133.712226734962     
 	 100 %           1   267.169226825237     
 Time :   267.336395715363     
 WOCIVL455M0100NH220/N_atom400E+10_Vexp500E+02_Vemit300E+03_tauD000E+00_Vran500E
 +01                  
 Start
           0
 set_grid_done
 set_clumps_done
 Done
 TIME :    2.22345436387695       sec
          50 %           1   136.416882097488     
 	 100 %           1   269.594376761466     
 Time :   269.756271129707     
 WOCIVL455M0100NH220/N_atom400E+10_Vexp600E+02_Vemit300E+03_tauD000E+00_Vran500E
 +01                  
 Start
           0
 set_grid_done
 set_clumps_done
 Done
 TIME :    2.20800973265432       sec
          50 %           1   134.614640666638     
 	 100 %           1   267.385962154251     
 Time :   267.568198555149     
 WOCIVL455M0100NH220/N_atom400E+10_Vexp700E+02_Vemit300E+03_tauD000E+00_Vran500E
 +01                  
 Start
           0
 set_grid_done
 set_clumps_done
 Done
 TIME :    2.40007328824140       sec
          50 %           1   135.919431237038     
 	 100 %           1   268.732448039344     
 Time :   268.864797520218     
 WOCIVL455M0100NH220/N_atom400E+10_Vexp800E+02_Vemit300E+03_tauD000E+00_Vran500E
 +01                  
 Start
           0
 set_grid_done
 set_clumps_done
 Done
 TIME :    1.43041825457476       sec
          50 %           1   134.310207069851     
 	 100 %           1   267.932602222776     
 Time :   268.117266478715     
 WOCIVL455M0100NH220/N_atom400E+10_Vexp900E+02_Vemit300E+03_tauD000E+00_Vran500E
 +01                  
 Start
           0
 set_grid_done
 set_clumps_done
 Done
 TIME :    2.40082590677775       sec
          50 %           1   135.939519507578     
 	 100 %           1   271.637922255322     
 Time :   271.825375015382     
 WOCIVL455M0100NH220/N_atom400E+10_Vexp100E+03_Vemit300E+03_tauD000E+00_Vran500E
 +01                  
 Start
           0
 set_grid_done
 set_clumps_done
 Done
 TIME :    2.20324105094187       sec
          50 %           1   137.318132364191     
 	 100 %           1   272.047546850285     
 Time :   272.182868601289     
 WOCIVL455M0100NH220/N_atom400E+10_Vexp200E+03_Vemit300E+03_tauD000E+00_Vran500E
 +01                  
 Start
           0
 set_grid_done
 set_clumps_done
 Done
 TIME :    1.45038175350055       sec
          50 %           1   137.636283595581     
 	 100 %           1   272.766191781266     
 Time :   272.903634973569     
 WOCIVL455M0100NH220/N_atom400E+10_Vexp300E+03_Vemit300E+03_tauD000E+00_Vran500E
 +01                  
 Start
           0
 set_grid_done
 set_clumps_done
 Done
 TIME :    1.44700848590583       sec
          50 %           1   137.963192959782     
 	 100 %           1   274.942133857170     
 Time :   275.078339380911     
 WOCIVL455M0100NH220/N_atom400E+10_Vexp500E+01_Vemit300E+03_tauD000E+00_Vran500E
 +01                  
 Start
           0
 set_grid_done
 set_clumps_done
 Done
 TIME :    1.43202271382324       sec
          50 %           1   136.841759372037     
 	 100 %           1   272.256860787049     
 Time :   272.429875897011     
