nohup: ignoring input
 WOCIVL455M10NH220/N_atom400E+10_Vexp100E+02_Vemit100E+03_tauD000E+00_Vran118E+0
 1                    
 Start
           0
 set_grid_done
 set_clumps_done
 Done
 TIME :    5.36476245149970       sec
          50 %           1   209.609368329868     
 	 100 %           1   405.542397507466     
 Time :   405.697758579161     
 WOCIVL455M10NH220/N_atom400E+10_Vexp200E+02_Vemit100E+03_tauD000E+00_Vran118E+0
 1                    
 Start
           0
 set_grid_done
 set_clumps_done
 Done
 TIME :    5.53947234433144       sec
          50 %           1   208.232550641522     
 	 100 %           1   399.772231135052     
 Time :   399.943689400330     
 WOCIVL455M10NH220/N_atom400E+10_Vexp300E+02_Vemit100E+03_tauD000E+00_Vran118E+0
 1                    
 Start
           0
 set_grid_done
 set_clumps_done
 Done
 TIME :    3.03844451857731       sec
          50 %           1   185.550692179706     
 	 100 %           1   413.574032073840     
 Time :   413.708833334036     
 WOCIVL455M10NH220/N_atom400E+10_Vexp400E+02_Vemit100E+03_tauD000E+00_Vran118E+0
 1                    
 Start
           0
 set_grid_done
 set_clumps_done
 Done
 TIME :    4.08964152773842       sec
          50 %           1   235.957369219512     
 	 100 %           1   461.452219683677     
 Time :   461.618809539359     
 WOCIVL455M10NH220/N_atom400E+10_Vexp500E+02_Vemit100E+03_tauD000E+00_Vran118E+0
 1                    
 Start
           0
 set_grid_done
 set_clumps_done
 Done
 TIME :    5.48523842543364       sec
          50 %           1   209.224110014271     
 	 100 %           1   439.827138342429     
 Time :   439.962316067889     
 WOCIVL455M10NH220/N_atom400E+10_Vexp600E+02_Vemit100E+03_tauD000E+00_Vran118E+0
 1                    
 Start
           0
 set_grid_done
 set_clumps_done
 Done
 TIME :    3.04225314455107       sec
          50 %           1   205.445973948576     
 	 100 %           1   448.161119149067     
 Time :   448.323096310720     
 WOCIVL455M10NH220/N_atom400E+10_Vexp700E+02_Vemit100E+03_tauD000E+00_Vran118E+0
 1                    
 Start
           0
 set_grid_done
 set_clumps_done
 Done
 TIME :    5.25243579130620       sec
          50 %           1   205.838535810821     
 	 100 %           1   402.943063017912     
 Time :   403.112408068031     
 WOCIVL455M10NH220/N_atom400E+10_Vexp800E+02_Vemit100E+03_tauD000E+00_Vran118E+0
 1                    
 Start
           0
 set_grid_done
 set_clumps_done
 Done
 TIME :    5.39758624415845       sec
          50 %           1   223.196394967381     
 	 100 %           1   468.966705544852     
 Time :   469.134465593379     
 WOCIVL455M10NH220/N_atom400E+10_Vexp900E+02_Vemit100E+03_tauD000E+00_Vran118E+0
 1                    
 Start
           0
 set_grid_done
 set_clumps_done
 Done
 TIME :    5.46341042406857       sec
          50 %           1   232.272608989850     
 	 100 %           1   480.180076170713     
 Time :   480.307419090997     
 WOCIVL455M10NH220/N_atom400E+10_Vexp100E+03_Vemit100E+03_tauD000E+00_Vran118E+0
 1                    
 Start
           0
 set_grid_done
 set_clumps_done
 Done
 TIME :    5.10793673573062       sec
          50 %           1   248.315330854617     
 	 100 %           1   488.081315638032     
 Time :   488.244728177320     
 WOCIVL455M10NH220/N_atom400E+10_Vexp200E+03_Vemit100E+03_tauD000E+00_Vran118E+0
 1                    
 Start
           0
 set_grid_done
 set_clumps_done
 Done
 TIME :    4.77229264238849       sec
          50 %           1   236.054266214836     
 	 100 %           1   449.160281296354     
 Time :   449.325778856874     
 WOCIVL455M10NH220/N_atom400E+10_Vexp300E+03_Vemit100E+03_tauD000E+00_Vran118E+0
 1                    
 Start
           0
 set_grid_done
 set_clumps_done
 Done
 TIME :    4.82255739113316       sec
          50 %           1   238.736927758437     
 	 100 %           1   466.199402008671     
 Time :   466.373616340104     
 WOCIVL455M10NH220/N_atom400E+10_Vexp500E+01_Vemit100E+03_tauD000E+00_Vran118E+0
 1                    
 Start
           0
 set_grid_done
 set_clumps_done
 Done
 TIME :    4.23492911085486       sec
          50 %           1   218.967730107717     
 	 100 %           1   435.256435341667     
 Time :   435.422840446234     
 WOCIVL455M10NH220/N_atom400E+10_Vexp100E+02_Vemit100E+03_tauD000E+00_Vran300E+0
 1                    
 Start
           0
 set_grid_done
 set_clumps_done
 Done
 TIME :    5.12490986334160       sec
          50 %           1   223.810644845944     
 	 100 %           1   471.449182244949     
 Time :   471.625952492468     
 WOCIVL455M10NH220/N_atom400E+10_Vexp200E+02_Vemit100E+03_tauD000E+00_Vran300E+0
 1                    
 Start
           0
 set_grid_done
 set_clumps_done
 Done
 TIME :    5.27571969851851       sec
          50 %           1   226.587109016255     
 	 100 %           1   451.375913687050     
 Time :   451.547429491300     
 WOCIVL455M10NH220/N_atom400E+10_Vexp300E+02_Vemit100E+03_tauD000E+00_Vran300E+0
 1                    
 Start
           0
 set_grid_done
 set_clumps_done
 Done
 TIME :    5.56835813494399       sec
          50 %           1   237.254904137924     
 	 100 %           1   440.650017277338     
 Time :   440.827820287086     
 WOCIVL455M10NH220/N_atom400E+10_Vexp400E+02_Vemit100E+03_tauD000E+00_Vran300E+0
 1                    
 Start
           0
 set_grid_done
 set_clumps_done
 Done
 TIME :    5.35330192744732       sec
          50 %           1   239.744521965738     
 	 100 %           1   461.152406395413     
 Time :   461.325633330736     
 WOCIVL455M10NH220/N_atom400E+10_Vexp500E+02_Vemit100E+03_tauD000E+00_Vran300E+0
 1                    
 Start
           0
 set_grid_done
 set_clumps_done
 Done
 TIME :    5.44302837969735       sec
          50 %           1   229.144609834999     
 	 100 %           1   461.973120327573     
 Time :   462.108529222198     
 WOCIVL455M10NH220/N_atom400E+10_Vexp600E+02_Vemit100E+03_tauD000E+00_Vran300E+0
 1                    
 Start
           0
 set_grid_done
 set_clumps_done
 Done
 TIME :    4.14799080602825       sec
          50 %           1   216.362326667644     
 	 100 %           1   461.196597073693     
 Time :   461.375852202065     
 WOCIVL455M10NH220/N_atom400E+10_Vexp700E+02_Vemit100E+03_tauD000E+00_Vran300E+0
 1                    
 Start
           0
 set_grid_done
 set_clumps_done
 Done
 TIME :    5.68899833038449       sec
          50 %           1   269.701106606983     
 	 100 %           1   535.243538530078     
 Time :   535.381364236120     
 WOCIVL455M10NH220/N_atom400E+10_Vexp800E+02_Vemit100E+03_tauD000E+00_Vran300E+0
 1                    
 Start
           0
 set_grid_done
 set_clumps_done
 Done
 TIME :    5.90132385957986       sec
          50 %           1   279.623072581831     
 	 100 %           1   537.411092305556     
 Time :   537.603415411897     
 WOCIVL455M10NH220/N_atom400E+10_Vexp900E+02_Vemit100E+03_tauD000E+00_Vran300E+0
 1                    
 Start
           0
 set_grid_done
 set_clumps_done
 Done
 TIME :    5.97963846009225       sec
          50 %           1   268.978148662951     
 	 100 %           1   538.476263754535     
 Time :   538.652594797313     
 WOCIVL455M10NH220/N_atom400E+10_Vexp100E+03_Vemit100E+03_tauD000E+00_Vran300E+0
 1                    
 Start
           0
 set_grid_done
 set_clumps_done
 Done
 TIME :    5.71402090089396       sec
          50 %           1   266.644352622330     
 	 100 %           1   540.634825506248     
 Time :   540.805244877469     
 WOCIVL455M10NH220/N_atom400E+10_Vexp200E+03_Vemit100E+03_tauD000E+00_Vran300E+0
 1                    
 Start
           0
 set_grid_done
 set_clumps_done
 Done
 TIME :    5.63098204461858       sec
          50 %           1   258.693249939010     
 	 100 %           1   512.590707698371     
 Time :   512.769471723586     
 WOCIVL455M10NH220/N_atom400E+10_Vexp300E+03_Vemit100E+03_tauD000E+00_Vran300E+0
 1                    
 Start
           0
 set_grid_done
 set_clumps_done
 Done
 TIME :    5.63825843902305       sec
          50 %           1   254.500969877467     
 	 100 %           1   490.346321463585     
 Time :   490.520340493880     
 WOCIVL455M10NH220/N_atom400E+10_Vexp500E+01_Vemit100E+03_tauD000E+00_Vran300E+0
 1                    
 Start
           0
 set_grid_done
 set_clumps_done
 Done
 TIME :    5.65493968222290       sec
          50 %           1   291.464492264204     
 	 100 %           1   573.023737428244     
 Time :   573.212172427680     
 WOCIVL455M10NH220/N_atom400E+10_Vexp100E+02_Vemit100E+03_tauD000E+00_Vran500E+0
 1                    
 Start
           0
 set_grid_done
 set_clumps_done
 Done
 TIME :    5.66845063120127       sec
          50 %           1   288.655023628846     
 	 100 %           1   567.570485083386     
 Time :   567.751149740070     
 WOCIVL455M10NH220/N_atom400E+10_Vexp200E+02_Vemit100E+03_tauD000E+00_Vran500E+0
 1                    
 Start
           0
 set_grid_done
 set_clumps_done
 Done
 TIME :    5.51527603389695       sec
          50 %           1   259.674734981265     
 	 100 %           1   513.024600825738     
 Time :   513.206430756021     
 WOCIVL455M10NH220/N_atom400E+10_Vexp300E+02_Vemit100E+03_tauD000E+00_Vran500E+0
 1                    
 Start
           0
 set_grid_done
 set_clumps_done
 Done
 TIME :    5.64243929227814       sec
          50 %           1   255.782152958680     
 	 100 %           1   507.632017206401     
 Time :   507.814288695809     
 WOCIVL455M10NH220/N_atom400E+10_Vexp400E+02_Vemit100E+03_tauD000E+00_Vran500E+0
 1                    
 Start
           0
 set_grid_done
 set_clumps_done
 Done
 TIME :    5.67597762215883       sec
          50 %           1   268.543923303951     
 	 100 %           1   530.052652688231     
 Time :   530.236718066037     
 WOCIVL455M10NH220/N_atom400E+10_Vexp500E+02_Vemit100E+03_tauD000E+00_Vran500E+0
 1                    
 Start
           0
 set_grid_done
 set_clumps_done
 Done
 TIME :    5.67059292178601       sec
          50 %           1   279.327800020576     
 	 100 %           1   556.699530035723     
 Time :   556.879161799792     
 WOCIVL455M10NH220/N_atom400E+10_Vexp600E+02_Vemit100E+03_tauD000E+00_Vran500E+0
 1                    
 Start
           0
 set_grid_done
 set_clumps_done
 Done
 TIME :    5.67019952461123       sec
          50 %           1   285.753164439928     
 	 100 %           1   558.773753081448     
 Time :   558.956084484700     
 WOCIVL455M10NH220/N_atom400E+10_Vexp700E+02_Vemit100E+03_tauD000E+00_Vran500E+0
 1                    
 Start
           0
 set_grid_done
 set_clumps_done
 Done
 TIME :    5.28834920329973       sec
          50 %           1   289.880947983824     
 	 100 %           1   570.978859285358     
 Time :   571.162358397152     
 WOCIVL455M10NH220/N_atom400E+10_Vexp800E+02_Vemit100E+03_tauD000E+00_Vran500E+0
 1                    
 Start
           0
 set_grid_done
 set_clumps_done
 Done
 TIME :    5.68006028886884       sec
          50 %           1   284.790509743150     
 	 100 %           1   560.967956889421     
 Time :   561.150989104062     
 WOCIVL455M10NH220/N_atom400E+10_Vexp900E+02_Vemit100E+03_tauD000E+00_Vran500E+0
 1                    
 Start
           0
 set_grid_done
 set_clumps_done
 Done
 TIME :    5.66016979888082       sec
          50 %           1   280.530256989878     
 	 100 %           1   554.313304714859     
 Time :   554.495510158595     
 WOCIVL455M10NH220/N_atom400E+10_Vexp100E+03_Vemit100E+03_tauD000E+00_Vran500E+0
 1                    
 Start
           0
 set_grid_done
 set_clumps_done
 Done
 TIME :    5.66599467536435       sec
          50 %           1   282.760170172434     
 	 100 %           1   558.838373814709     
 Time :   559.020588636398     
 WOCIVL455M10NH220/N_atom400E+10_Vexp200E+03_Vemit100E+03_tauD000E+00_Vran500E+0
 1                    
 Start
           0
 set_grid_done
 set_clumps_done
 Done
 TIME :    5.69157178001478       sec
          50 %           1   261.954339392949     
 	 100 %           1   516.113187951036     
 Time :   516.299703143071     
 WOCIVL455M10NH220/N_atom400E+10_Vexp300E+03_Vemit100E+03_tauD000E+00_Vran500E+0
 1                    
 Start
           0
 set_grid_done
 set_clumps_done
 Done
 TIME :    5.67525419779122       sec
          50 %           1   248.599263180513     
 	 100 %           1   508.937455029693     
 Time :   509.124857717659     
 WOCIVL455M10NH220/N_atom400E+10_Vexp500E+01_Vemit100E+03_tauD000E+00_Vran500E+0
 1                    
 Start
           0
 set_grid_done
 set_clumps_done
 Done
 TIME :    5.66051677800715       sec
          50 %           1   334.525371064898     
 	 100 %           1   656.319070518948     
 Time :   656.508126287721     
 WOCIVL455M10NH220/N_atom400E+10_Vexp100E+02_Vemit200E+03_tauD000E+00_Vran118E+0
 1                    
 Start
           0
 set_grid_done
 set_clumps_done
 Done
 TIME :    5.65959932515398       sec
          50 %           1   254.294300674926     
 	 100 %           1   508.786864511669     
 Time :   508.959745489527     
 WOCIVL455M10NH220/N_atom400E+10_Vexp200E+02_Vemit200E+03_tauD000E+00_Vran118E+0
 1                    
 Start
           0
 set_grid_done
 set_clumps_done
 Done
 TIME :    5.49687165720388       sec
          50 %           1   250.822348671034     
 	 100 %           1   498.785167444963     
 Time :   498.944487328175     
 WOCIVL455M10NH220/N_atom400E+10_Vexp300E+02_Vemit200E+03_tauD000E+00_Vran118E+0
 1                    
 Start
           0
 set_grid_done
 set_clumps_done
 Done
 TIME :    3.78036547126248       sec
          50 %           1   240.230580924079     
 	 100 %           1   481.152478015982     
 Time :   481.346742501017     
 WOCIVL455M10NH220/N_atom400E+10_Vexp400E+02_Vemit200E+03_tauD000E+00_Vran118E+0
 1                    
 Start
           0
 set_grid_done
 set_clumps_done
 Done
 TIME :    3.33564644539729       sec
          50 %           1   246.325463677756     
 	 100 %           1   485.655328903813     
 Time :   485.826802768279     
 WOCIVL455M10NH220/N_atom400E+10_Vexp500E+02_Vemit200E+03_tauD000E+00_Vran118E+0
 1                    
 Start
           0
 set_grid_done
 set_clumps_done
 Done
 TIME :    5.14213233487681       sec
          50 %           1   247.421349751763     
 	 100 %           1   497.381756040733     
 Time :   497.562319024000     
 WOCIVL455M10NH220/N_atom400E+10_Vexp600E+02_Vemit200E+03_tauD000E+00_Vran118E+0
 1                    
 Start
           0
 set_grid_done
 set_clumps_done
 Done
 TIME :    5.64825325831771       sec
          50 %           1   249.316814192105     
 	 100 %           1   497.676162225660     
 Time :   497.858222393319     
 WOCIVL455M10NH220/N_atom400E+10_Vexp700E+02_Vemit200E+03_tauD000E+00_Vran118E+0
 1                    
 Start
           0
 set_grid_done
 set_clumps_done
 Done
 TIME :    5.67916513839737       sec
          50 %           1   262.755539660808     
 	 100 %           1   522.976042140741     
 Time :   523.122573667206     
 WOCIVL455M10NH220/N_atom400E+10_Vexp800E+02_Vemit200E+03_tauD000E+00_Vran118E+0
 1                    
 Start
           0
 set_grid_done
 set_clumps_done
 Done
 TIME :    4.13981613470241       sec
          50 %           1   269.212119035423     
 	 100 %           1   531.685952018481     
 Time :   531.876415151171     
 WOCIVL455M10NH220/N_atom400E+10_Vexp900E+02_Vemit200E+03_tauD000E+00_Vran118E+0
 1                    
 Start
           0
 set_grid_done
 set_clumps_done
 Done
 TIME :    5.67262910027057       sec
          50 %           1   270.949902515858     
 	 100 %           1   522.314002966508     
 Time :   522.500974986237     
 WOCIVL455M10NH220/N_atom400E+10_Vexp100E+03_Vemit200E+03_tauD000E+00_Vran118E+0
 1                    
 Start
           0
 set_grid_done
 set_clumps_done
 Done
 TIME :    5.66828658990562       sec
          50 %           1   266.157273686491     
 	 100 %           1   522.838611655403     
 Time :   523.033712759614     
 WOCIVL455M10NH220/N_atom400E+10_Vexp200E+03_Vemit200E+03_tauD000E+00_Vran118E+0
 1                    
 Start
           0
 set_grid_done
 set_clumps_done
 Done
 TIME :    5.85790304420516       sec
          50 %           1   256.876979019027     
 	 100 %           1   506.114438184071     
 Time :   506.308634690009     
 WOCIVL455M10NH220/N_atom400E+10_Vexp300E+03_Vemit200E+03_tauD000E+00_Vran118E+0
 1                    
 Start
           0
 set_grid_done
 set_clumps_done
 Done
 TIME :    4.95981453731656       sec
          50 %           1   246.003025865182     
 	 100 %           1   486.727082097437     
 Time :   486.913574296050     
 WOCIVL455M10NH220/N_atom400E+10_Vexp500E+01_Vemit200E+03_tauD000E+00_Vran118E+0
 1                    
 Start
           0
 set_grid_done
 set_clumps_done
 Done
 TIME :    5.62539723375812       sec
          50 %           1   257.034181228839     
 	 100 %           1   496.599663465749     
 Time :   496.776672336273     
 WOCIVL455M10NH220/N_atom400E+10_Vexp100E+02_Vemit200E+03_tauD000E+00_Vran300E+0
 1                    
 Start
           0
 set_grid_done
 set_clumps_done
 Done
 TIME :    5.60283506801352       sec
          50 %           1   248.015466660261     
 	 100 %           1   507.084651330952     
 Time :   507.270537477918     
 WOCIVL455M10NH220/N_atom400E+10_Vexp200E+02_Vemit200E+03_tauD000E+00_Vran300E+0
 1                    
 Start
           0
 set_grid_done
 set_clumps_done
 Done
 TIME :    5.63441294291988       sec
          50 %           1   239.904915038031     
 	 100 %           1   472.177662020084     
 Time :   472.358374677598     
 WOCIVL455M10NH220/N_atom400E+10_Vexp300E+02_Vemit200E+03_tauD000E+00_Vran300E+0
 1                    
 Start
           0
 set_grid_done
 set_clumps_done
 Done
 TIME :    5.61060356767848       sec
          50 %           1   218.537313074805     
 	 100 %           1   453.721593094990     
 Time :   453.906854935922     
 WOCIVL455M10NH220/N_atom400E+10_Vexp400E+02_Vemit200E+03_tauD000E+00_Vran300E+0
 1                    
 Start
           0
 set_grid_done
 set_clumps_done
 Done
 TIME :    5.01775725325570       sec
          50 %           1   236.423302650917     
 	 100 %           1   473.538875081576     
 Time :   473.726433204953     
 WOCIVL455M10NH220/N_atom400E+10_Vexp500E+02_Vemit200E+03_tauD000E+00_Vran300E+0
 1                    
 Start
           0
 set_grid_done
 set_clumps_done
 Done
 TIME :    5.64277241518721       sec
          50 %           1   250.787081717048     
 	 100 %           1   503.849802592304     
 Time :   504.031973480247     
 WOCIVL455M10NH220/N_atom400E+10_Vexp600E+02_Vemit200E+03_tauD000E+00_Vran300E+0
 1                    
 Start
           0
 set_grid_done
 set_clumps_done
 Done
 TIME :    5.62060280516744       sec
          50 %           1   266.566699388437     
 	 100 %           1   518.360440536868     
 Time :   518.539625121281     
 WOCIVL455M10NH220/N_atom400E+10_Vexp700E+02_Vemit200E+03_tauD000E+00_Vran300E+0
 1                    
 Start
           0
 set_grid_done
 set_clumps_done
 Done
 TIME :    5.59722085157409       sec
          50 %           1   258.740644945297     
 	 100 %           1   510.036470820196     
 Time :   510.220187004190     
 WOCIVL455M10NH220/N_atom400E+10_Vexp800E+02_Vemit200E+03_tauD000E+00_Vran300E+0
 1                    
 Start
           0
 set_grid_done
 set_clumps_done
 Done
 TIME :    5.60730258608237       sec
          50 %           1   262.570222555194     
 	 100 %           1   522.336810909677     
 Time :   522.516818176955     
 WOCIVL455M10NH220/N_atom400E+10_Vexp900E+02_Vemit200E+03_tauD000E+00_Vran300E+0
 1                    
 Start
           0
 set_grid_done
 set_clumps_done
 Done
 TIME :    5.45796970697120       sec
          50 %           1   258.503040328156     
 	 100 %           1   511.176312345546     
 Time :   511.364727677777     
 WOCIVL455M10NH220/N_atom400E+10_Vexp100E+03_Vemit200E+03_tauD000E+00_Vran300E+0
 1                    
 Start
           0
 set_grid_done
 set_clumps_done
 Done
 TIME :    5.63414249895141       sec
          50 %           1   262.752035042271     
 	 100 %           1   508.580734823830     
 Time :   508.753571067005     
 WOCIVL455M10NH220/N_atom400E+10_Vexp200E+03_Vemit200E+03_tauD000E+00_Vran300E+0
 1                    
 Start
           0
 set_grid_done
 set_clumps_done
 Done
 TIME :    5.60672865528613       sec
          50 %           1   250.383506060112     
 	 100 %           1   494.472012471873     
 Time :   494.652450337540     
 WOCIVL455M10NH220/N_atom400E+10_Vexp300E+03_Vemit200E+03_tauD000E+00_Vran300E+0
 1                    
 Start
           0
 set_grid_done
 set_clumps_done
 Done
 TIME :    5.44531198823825       sec
          50 %           1   259.990947566461     
 	 100 %           1   502.440228348598     
 Time :   502.613663409837     
 WOCIVL455M10NH220/N_atom400E+10_Vexp500E+01_Vemit200E+03_tauD000E+00_Vran300E+0
 1                    
 Start
           0
 set_grid_done
 set_clumps_done
 Done
 TIME :    4.85014350246638       sec
          50 %           1   264.848506367300     
 	 100 %           1   520.606994665693     
 Time :   520.791666375007     
 WOCIVL455M10NH220/N_atom400E+10_Vexp100E+02_Vemit200E+03_tauD000E+00_Vran500E+0
 1                    
 Start
           0
 set_grid_done
 set_clumps_done
 Done
 TIME :    5.61122523853555       sec
          50 %           1   244.654993305914     
 	 100 %           1   508.880576816387     
 Time :   509.068454396445     
 WOCIVL455M10NH220/N_atom400E+10_Vexp200E+02_Vemit200E+03_tauD000E+00_Vran500E+0
 1                    
 Start
           0
 set_grid_done
 set_clumps_done
 Done
 TIME :    5.36611952958629       sec
          50 %           1   247.001020484138     
 	 100 %           1   499.361321194563     
 Time :   499.546330595855     
 WOCIVL455M10NH220/N_atom400E+10_Vexp300E+02_Vemit200E+03_tauD000E+00_Vran500E+0
 1                    
 Start
           0
 set_grid_done
 set_clumps_done
 Done
 TIME :    5.63399544963613       sec
          50 %           1   231.831337644253     
 	 100 %           1   473.418233894277     
 Time :   473.611811714247     
 WOCIVL455M10NH220/N_atom400E+10_Vexp400E+02_Vemit200E+03_tauD000E+00_Vran500E+0
 1                    
 Start
           0
 set_grid_done
 set_clumps_done
 Done
 TIME :    5.78660606592894       sec
          50 %           1   241.678021680098     
 	 100 %           1   501.565281499177     
 Time :   501.756079798564     
 WOCIVL455M10NH220/N_atom400E+10_Vexp500E+02_Vemit200E+03_tauD000E+00_Vran500E+0
 1                    
 Start
           0
 set_grid_done
 set_clumps_done
 Done
 TIME :    5.63842401374131       sec
          50 %           1   268.353827279061     
 	 100 %           1   524.196927031036     
 Time :   524.381997628603     
 WOCIVL455M10NH220/N_atom400E+10_Vexp600E+02_Vemit200E+03_tauD000E+00_Vran500E+0
 1                    
 Start
           0
 set_grid_done
 set_clumps_done
 Done
 TIME :    5.62151845451444       sec
          50 %           1   275.497311109677     
 	 100 %           1   531.692984770518     
 Time :   531.842574166600     
 WOCIVL455M10NH220/N_atom400E+10_Vexp700E+02_Vemit200E+03_tauD000E+00_Vran500E+0
 1                    
 Start
           0
 set_grid_done
 set_clumps_done
 Done
 TIME :    3.05312330694869       sec
          50 %           1   261.220926785376     
 	 100 %           1   535.087531491183     
 Time :   535.286543816328     
 WOCIVL455M10NH220/N_atom400E+10_Vexp800E+02_Vemit200E+03_tauD000E+00_Vran500E+0
 1                    
 Start
           0
 set_grid_done
 set_clumps_done
 Done
 TIME :    4.87872896203771       sec
          50 %           1   257.095834464766     
 	 100 %           1   522.474890448153     
 Time :   522.656566586345     
 WOCIVL455M10NH220/N_atom400E+10_Vexp900E+02_Vemit200E+03_tauD000E+00_Vran500E+0
 1                    
 Start
           0
 set_grid_done
 set_clumps_done
 Done
 TIME :    5.61682104039937       sec
          50 %           1   248.487929777242     
 	 100 %           1   494.251422340982     
 Time :   494.427961980458     
 WOCIVL455M10NH220/N_atom400E+10_Vexp100E+03_Vemit200E+03_tauD000E+00_Vran500E+0
 1                    
 Start
           0
 set_grid_done
 set_clumps_done
 Done
 TIME :    5.60298855928704       sec
          50 %           1   263.767305373214     
 	 100 %           1   525.358032075223     
 Time :   525.544540334027     
 WOCIVL455M10NH220/N_atom400E+10_Vexp200E+03_Vemit200E+03_tauD000E+00_Vran500E+0
 1                    
 Start
           0
 set_grid_done
 set_clumps_done
 Done
 TIME :    5.60850573144853       sec
          50 %           1   217.007068699226     
 	 100 %           1   450.181734765414     
 Time :   450.319849841297     
 WOCIVL455M10NH220/N_atom400E+10_Vexp300E+03_Vemit200E+03_tauD000E+00_Vran500E+0
 1                    
 Start
           0
 set_grid_done
 set_clumps_done
 Done
 TIME :    3.07231014035642       sec
          50 %           1   246.032262051478     
 	 100 %           1   473.735466857906     
 Time :   473.931169425137     
 WOCIVL455M10NH220/N_atom400E+10_Vexp500E+01_Vemit200E+03_tauD000E+00_Vran500E+0
 1                    
 Start
           0
 set_grid_done
 set_clumps_done
 Done
 TIME :    5.98906605178490       sec
          50 %           1   329.198162070941     
 	 100 %           1   635.569812161848     
 Time :   635.710995958187     
 WOCIVL455M10NH220/N_atom400E+10_Vexp100E+02_Vemit300E+03_tauD000E+00_Vran118E+0
 1                    
 Start
           0
 set_grid_done
 set_clumps_done
 Done
 TIME :    5.54510194016621       sec
          50 %           1   241.061867001932     
 	 100 %           1   477.874344189186     
 Time :   478.059982554987     
 WOCIVL455M10NH220/N_atom400E+10_Vexp200E+02_Vemit300E+03_tauD000E+00_Vran118E+0
 1                    
 Start
           0
 set_grid_done
 set_clumps_done
 Done
 TIME :    5.62052242225036       sec
          50 %           1   241.675425427500     
 	 100 %           1   485.572279036511     
 Time :   485.755592605565     
 WOCIVL455M10NH220/N_atom400E+10_Vexp300E+02_Vemit300E+03_tauD000E+00_Vran118E+0
 1                    
 Start
           0
 set_grid_done
 set_clumps_done
 Done
 TIME :    5.61081090103835       sec
          50 %           1   232.545048319735     
 	 100 %           1   463.925062180031     
 Time :   464.105295196176     
 WOCIVL455M10NH220/N_atom400E+10_Vexp400E+02_Vemit300E+03_tauD000E+00_Vran118E+0
 1                    
 Start
           0
 set_grid_done
 set_clumps_done
 Done
 TIME :    5.60640953900293       sec
          50 %           1   216.713417899329     
 	 100 %           1   459.197479702532     
 Time :   459.382579625584     
 WOCIVL455M10NH220/N_atom400E+10_Vexp500E+02_Vemit300E+03_tauD000E+00_Vran118E+0
 1                    
 Start
           0
 set_grid_done
 set_clumps_done
 Done
 TIME :    5.36654183221981       sec
          50 %           1   243.459072735161     
 	 100 %           1   476.986348628532     
 Time :   477.169344474096     
 WOCIVL455M10NH220/N_atom400E+10_Vexp600E+02_Vemit300E+03_tauD000E+00_Vran118E+0
 1                    
 Start
           0
 set_grid_done
 set_clumps_done
 Done
 TIME :    5.70145130995661       sec
          50 %           1   249.652351923287     
 	 100 %           1   486.917478643823     
 Time :   487.062187577598     
 WOCIVL455M10NH220/N_atom400E+10_Vexp700E+02_Vemit300E+03_tauD000E+00_Vran118E+0
 1                    
 Start
           0
 set_grid_done
 set_clumps_done
 Done
 TIME :    4.52573647815734       sec
          50 %           1   250.064733711071     
 	 100 %           1   471.457100859378     
 Time :   471.599585086573     
 WOCIVL455M10NH220/N_atom400E+10_Vexp800E+02_Vemit300E+03_tauD000E+00_Vran118E+0
 1                    
 Start
           0
 set_grid_done
 set_clumps_done
 Done
 TIME :    3.10511911427602       sec
          50 %           1   264.318397718947     
 	 100 %           1   518.482853930909     
 Time :   518.669430279173     
 WOCIVL455M10NH220/N_atom400E+10_Vexp900E+02_Vemit300E+03_tauD000E+00_Vran118E+0
 1                    
 Start
           0
 set_grid_done
 set_clumps_done
 Done
 TIME :    5.40074260067195       sec
          50 %           1   258.976011910941     
 	 100 %           1   493.897574021015     
 Time :   494.043924704194     
 WOCIVL455M10NH220/N_atom400E+10_Vexp100E+03_Vemit300E+03_tauD000E+00_Vran118E+0
 1                    
 Start
           0
 set_grid_done
 set_clumps_done
 Done
 TIME :    3.07824298180640       sec
          50 %           1   228.183390635997     
 	 100 %           1   475.673926585354     
 Time :   475.864499296062     
 WOCIVL455M10NH220/N_atom400E+10_Vexp200E+03_Vemit300E+03_tauD000E+00_Vran118E+0
 1                    
 Start
           0
 set_grid_done
 set_clumps_done
 Done
 TIME :    5.23502331925556       sec
          50 %           1   248.855396179948     
 	 100 %           1   500.477033316623     
 Time :   500.665506588761     
 WOCIVL455M10NH220/N_atom400E+10_Vexp300E+03_Vemit300E+03_tauD000E+00_Vran118E+0
 1                    
 Start
           0
 set_grid_done
 set_clumps_done
 Done
 TIME :    5.59335007704794       sec
          50 %           1   244.052671428770     
 	 100 %           1   467.707499727607     
 Time :   467.875447603408     
 WOCIVL455M10NH220/N_atom400E+10_Vexp500E+01_Vemit300E+03_tauD000E+00_Vran118E+0
 1                    
 Start
           0
 set_grid_done
 set_clumps_done
 Done
 TIME :    3.17911300621927       sec
          50 %           1   249.330489003100     
 	 100 %           1   496.889791172463     
 Time :   497.078266408294     
 WOCIVL455M10NH220/N_atom400E+10_Vexp100E+02_Vemit300E+03_tauD000E+00_Vran300E+0
 1                    
 Start
           0
 set_grid_done
 set_clumps_done
 Done
 TIME :    5.65007404750213       sec
          50 %           1   251.832252837252     
 	 100 %           1   503.973431766033     
 Time :   504.157338462304     
 WOCIVL455M10NH220/N_atom400E+10_Vexp200E+02_Vemit300E+03_tauD000E+00_Vran300E+0
 1                    
 Start
           0
 set_grid_done
 set_clumps_done
 Done
 TIME :    5.40224411338568       sec
          50 %           1   249.694372628815     
 	 100 %           1   483.559858029243     
 Time :   483.757674252149     
 WOCIVL455M10NH220/N_atom400E+10_Vexp300E+02_Vemit300E+03_tauD000E+00_Vran300E+0
 1                    
 Start
           0
 set_grid_done
 set_clumps_done
 Done
 TIME :    5.99369573779404       sec
          50 %           1   250.049846056383     
 	 100 %           1   489.370087537915     
 Time :   489.555440551601     
 WOCIVL455M10NH220/N_atom400E+10_Vexp400E+02_Vemit300E+03_tauD000E+00_Vran300E+0
 1                    
 Start
           0
 set_grid_done
 set_clumps_done
 Done
 TIME :    4.33281172905117       sec
          50 %           1   235.192218402866     
 	 100 %           1   481.846738888882     
 Time :   482.044373276178     
 WOCIVL455M10NH220/N_atom400E+10_Vexp500E+02_Vemit300E+03_tauD000E+00_Vran300E+0
 1                    
 Start
           0
 set_grid_done
 set_clumps_done
 Done
 TIME :    5.98516072193161       sec
          50 %           1   260.502857869491     
 	 100 %           1   505.790295652580     
 Time :   505.984443145338     
 WOCIVL455M10NH220/N_atom400E+10_Vexp600E+02_Vemit300E+03_tauD000E+00_Vran300E+0
 1                    
 Start
           0
 set_grid_done
 set_clumps_done
 Done
 TIME :    4.61558358976617       sec
          50 %           1   258.299044273794     
 	 100 %           1   515.281015979592     
 Time :   515.470070666168     
 WOCIVL455M10NH220/N_atom400E+10_Vexp700E+02_Vemit300E+03_tauD000E+00_Vran300E+0
 1                    
 Start
           0
 set_grid_done
 set_clumps_done
 Done
 TIME :    5.65632853098214       sec
          50 %           1   272.585673903581     
 	 100 %           1   518.145791833755     
 Time :   518.338037743699     
 WOCIVL455M10NH220/N_atom400E+10_Vexp800E+02_Vemit300E+03_tauD000E+00_Vran300E+0
 1                    
 Start
           0
 set_grid_done
 set_clumps_done
 Done
 TIME :    5.58159233862534       sec
          50 %           1   266.645318317227     
 	 100 %           1   521.201331692282     
 Time :   521.399639538955     
 WOCIVL455M10NH220/N_atom400E+10_Vexp900E+02_Vemit300E+03_tauD000E+00_Vran300E+0
 1                    
 Start
           0
 set_grid_done
 set_clumps_done
 Done
 TIME :    6.03147466434166       sec
          50 %           1   267.659821170382     
 	 100 %           1   529.686037873384     
 Time :   529.867089685518     
 WOCIVL455M10NH220/N_atom400E+10_Vexp100E+03_Vemit300E+03_tauD000E+00_Vran300E+0
 1                    
 Start
           0
 set_grid_done
 set_clumps_done
 Done
 TIME :    5.63006748724729       sec
          50 %           1   255.832073653582     
 	 100 %           1   623.394705584738     
 Time :   623.637959885877     
 WOCIVL455M10NH220/N_atom400E+10_Vexp200E+03_Vemit300E+03_tauD000E+00_Vran300E+0
 1                    
 Start
           0
 set_grid_done
 set_clumps_done
 Done
 TIME :    9.82830597925931       sec
          50 %           1   305.016635436099     
 	 100 %           1   547.920269658323     
 Time :   548.116077034734     
 WOCIVL455M10NH220/N_atom400E+10_Vexp300E+03_Vemit300E+03_tauD000E+00_Vran300E+0
 1                    
 Start
           0
 set_grid_done
 set_clumps_done
 Done
 TIME :    5.51389749487862       sec
          50 %           1   241.780565854628     
 	 100 %           1   484.288324359339     
 Time :   484.473837176803     
 WOCIVL455M10NH220/N_atom400E+10_Vexp500E+01_Vemit300E+03_tauD000E+00_Vran300E+0
 1                    
 Start
           0
 set_grid_done
 set_clumps_done
 Done
 TIME :    5.63750247284770       sec
          50 %           1   539.122319591697     
 	 100 %           1   1009.94604317192     
 Time :   1010.36251834733     
 WOCIVL455M10NH220/N_atom400E+10_Vexp100E+02_Vemit300E+03_tauD000E+00_Vran500E+0
 1                    
 Start
           0
 set_grid_done
 set_clumps_done
 Done
 TIME :    9.46494208043441       sec
          50 %           1   557.662922714371     
 	 100 %           1   824.135974761099     
 Time :   824.320323677268     
 WOCIVL455M10NH220/N_atom400E+10_Vexp200E+02_Vemit300E+03_tauD000E+00_Vran500E+0
 1                    
 Start
           0
 set_grid_done
 set_clumps_done
 Done
 TIME :    5.41261877398938       sec
          50 %           1   234.988409433980     
 	 100 %           1   485.396675906610     
 Time :   485.532626119442     
 WOCIVL455M10NH220/N_atom400E+10_Vexp300E+02_Vemit300E+03_tauD000E+00_Vran500E+0
 1                    
 Start
           0
 set_grid_done
 set_clumps_done
 Done
 TIME :    3.16352828685194       sec
          50 %           1   240.028842799831     
 	 100 %           1   473.729640278034     
 Time :   473.915312889498     
 WOCIVL455M10NH220/N_atom400E+10_Vexp400E+02_Vemit300E+03_tauD000E+00_Vran500E+0
 1                    
 Start
           0
 set_grid_done
 set_clumps_done
 Done
 TIME :    5.63400476751849       sec
          50 %           1   255.810990978498     
 	 100 %           1   508.331467718817     
 Time :   508.529231612105     
 WOCIVL455M10NH220/N_atom400E+10_Vexp500E+02_Vemit300E+03_tauD000E+00_Vran500E+0
 1                    
 Start
           0
 set_grid_done
 set_clumps_done
 Done
 TIME :    6.10363505268469       sec
          50 %           1   266.535397487227     
 	 100 %           1   524.753915248439     
 Time :   524.943339236546     
 WOCIVL455M10NH220/N_atom400E+10_Vexp600E+02_Vemit300E+03_tauD000E+00_Vran500E+0
 1                    
 Start
           0
 set_grid_done
 set_clumps_done
 Done
 TIME :    5.65784063329920       sec
          50 %           1   269.920767232310     
 	 100 %           1   539.429882583674     
 Time :   539.577385105193     
 WOCIVL455M10NH220/N_atom400E+10_Vexp700E+02_Vemit300E+03_tauD000E+00_Vran500E+0
 1                    
 Start
           0
 set_grid_done
 set_clumps_done
 Done
 TIME :    3.21493832068518       sec
          50 %           1   270.327887794469     
 	 100 %           1   538.990140453447     
 Time :   539.184555884916     
 WOCIVL455M10NH220/N_atom400E+10_Vexp800E+02_Vemit300E+03_tauD000E+00_Vran500E+0
 1                    
 Start
           0
 set_grid_done
 set_clumps_done
 Done
 TIME :    5.84851502766833       sec
          50 %           1   256.896197552793     
 	 100 %           1   513.925734979101     
 Time :   514.106446835212     
 WOCIVL455M10NH220/N_atom400E+10_Vexp900E+02_Vemit300E+03_tauD000E+00_Vran500E+0
 1                    
 Start
           0
 set_grid_done
 set_clumps_done
 Done
 TIME :    5.63245257828385       sec
          50 %           1   253.638227214571     
 	 100 %           1   494.142554802354     
 Time :   494.312791185919     
 WOCIVL455M10NH220/N_atom400E+10_Vexp100E+03_Vemit300E+03_tauD000E+00_Vran500E+0
 1                    
 Start
           0
 set_grid_done
 set_clumps_done
 Done
 TIME :    3.09641471691430       sec
          50 %           1   246.803060398437     
 	 100 %           1   484.541789941024     
 Time :   484.725278832950     
 WOCIVL455M10NH220/N_atom400E+10_Vexp200E+03_Vemit300E+03_tauD000E+00_Vran500E+0
 1                    
 Start
           0
 set_grid_done
 set_clumps_done
 Done
 TIME :    4.54887492908165       sec
          50 %           1   231.210752558894     
 	 100 %           1   453.632080639247     
 Time :   453.773619550280     
 WOCIVL455M10NH220/N_atom400E+10_Vexp300E+03_Vemit300E+03_tauD000E+00_Vran500E+0
 1                    
 Start
           0
 set_grid_done
 set_clumps_done
 Done
 TIME :    3.09838667325675       sec
          50 %           1   221.569191187620     
 	 100 %           1   462.327852896880     
 Time :   462.478243034799     
 WOCIVL455M10NH220/N_atom400E+10_Vexp500E+01_Vemit300E+03_tauD000E+00_Vran500E+0
 1                    
 Start
           0
 set_grid_done
 set_clumps_done
 Done
 TIME :    3.93485526787117       sec
          50 %           1   314.958112048917     
 	 100 %           1   611.910197962541     
 Time :   612.091374782380     
