nohup: ignoring input
 WOCIVL455M0010NH220/N_atom400E+10_Vexp100E+02_Vemit100E+03_tauD000E+00_Vran118E
 +01                  
 Start
           0
 set_grid_done
 set_clumps_done
 Done
 TIME :    1.40960009046830       sec
          50 %           2   43.1689949627034     
 	 100 %           1   77.8739243063610     
 Time :   78.0034136164468     
 WOCIVL455M0010NH220/N_atom400E+10_Vexp200E+02_Vemit100E+03_tauD000E+00_Vran118E
 +01                  
 Start
           0
 set_grid_done
 set_clumps_done
 Done
 TIME :    1.36382194072939       sec
          50 %           2   35.3129905026872     
 	 100 %           1   69.3272555163130     
 Time :   69.4574645294342     
 WOCIVL455M0010NH220/N_atom400E+10_Vexp300E+02_Vemit100E+03_tauD000E+00_Vran118E
 +01                  
 Start
           0
 set_grid_done
 set_clumps_done
 Done
 TIME :    1.34003428369761       sec
          50 %           4   35.4498861313332     
 	 100 %           1   69.7576948755886     
 Time :   69.8882426805794     
 WOCIVL455M0010NH220/N_atom400E+10_Vexp400E+02_Vemit100E+03_tauD000E+00_Vran118E
 +01                  
 Start
           0
 set_grid_done
 set_clumps_done
 Done
 TIME :    1.34154370287433       sec
          50 %           1   35.9072612908203     
 	 100 %           3   70.3760654721409     
 Time :   70.5075282200705     
 WOCIVL455M0010NH220/N_atom400E+10_Vexp500E+02_Vemit100E+03_tauD000E+00_Vran118E
 +01                  
 Start
           0
 set_grid_done
 set_clumps_done
 Done
 TIME :    1.34491360583343       sec
          50 %           2   35.8906113235280     
 	 100 %           4   70.2368705484550     
 Time :   70.3708667850588     
 WOCIVL455M0010NH220/N_atom400E+10_Vexp600E+02_Vemit100E+03_tauD000E+00_Vran118E
 +01                  
 Start
           0
 set_grid_done
 set_clumps_done
 Done
 TIME :    1.34175575431436       sec
          50 %           1   35.5199183213990     
 	 100 %           1   69.9469906270970     
 Time :   70.0804963547271     
 WOCIVL455M0010NH220/N_atom400E+10_Vexp700E+02_Vemit100E+03_tauD000E+00_Vran118E
 +01                  
 Start
           0
 set_grid_done
 set_clumps_done
 Done
 TIME :    1.37779219215736       sec
          50 %           3   39.5536201607902     
 	 100 %           3   76.1019372167066     
 Time :   76.2396301354747     
 WOCIVL455M0010NH220/N_atom400E+10_Vexp800E+02_Vemit100E+03_tauD000E+00_Vran118E
 +01                  
 Start
           0
 set_grid_done
 set_clumps_done
 Done
 TIME :    1.38423530641012       sec
          50 %           3   37.2862169768196     
 	 100 %           1   78.5764260685537     
 Time :   78.7358845842537     
 WOCIVL455M0010NH220/N_atom400E+10_Vexp900E+02_Vemit100E+03_tauD000E+00_Vran118E
 +01                  
 Start
           0
 set_grid_done
 set_clumps_done
 Done
 TIME :    1.38452786044218       sec
          50 %           1   50.8014014982618     
 	 100 %           1   102.720796575537     
 Time :   102.897679104703     
 WOCIVL455M0010NH220/N_atom400E+10_Vexp100E+03_Vemit100E+03_tauD000E+00_Vran118E
 +01                  
 Start
           0
 set_grid_done
 set_clumps_done
 Done
 TIME :    2.41705833072774       sec
          50 %           4   50.8648510903586     
 	 100 %           3   95.8686398770660     
 Time :   96.0473474932369     
 WOCIVL455M0010NH220/N_atom400E+10_Vexp200E+03_Vemit100E+03_tauD000E+00_Vran118E
 +01                  
 Start
           0
 set_grid_done
 set_clumps_done
 Done
 TIME :    2.27977563906461       sec
          50 %           4   50.9140481962822     
 	 100 %           2   99.5447958768345     
 Time :   99.7324987309985     
 WOCIVL455M0010NH220/N_atom400E+10_Vexp300E+03_Vemit100E+03_tauD000E+00_Vran118E
 +01                  
 Start
           0
 set_grid_done
 set_clumps_done
 Done
 TIME :    2.46832125959918       sec
          50 %           4   55.9871206921525     
 	 100 %           1   108.300503544742     
 Time :   108.488235894823     
 WOCIVL455M0010NH220/N_atom400E+10_Vexp500E+01_Vemit100E+03_tauD000E+00_Vran118E
 +01                  
 Start
           0
 set_grid_done
 set_clumps_done
 Done
 TIME :    2.47712690872140       sec
          50 %           3   53.4573283179197     
 	 100 %           4   104.533335686428     
 Time :   104.717626978876     
 WOCIVL455M0010NH220/N_atom400E+10_Vexp100E+02_Vemit100E+03_tauD000E+00_Vran300E
 +01                  
 Start
           0
 set_grid_done
 set_clumps_done
 Done
 TIME :    2.42314354702830       sec
          50 %           4   52.1906123789959     
 	 100 %           1   102.446607625345     
 Time :   102.631223091623     
 WOCIVL455M0010NH220/N_atom400E+10_Vexp200E+02_Vemit100E+03_tauD000E+00_Vran300E
 +01                  
 Start
           0
 set_grid_done
 set_clumps_done
 Done
 TIME :    2.42346866289154       sec
          50 %           3   53.0626601639669     
 	 100 %           3   104.934051605873     
 Time :   105.119873186806     
 WOCIVL455M0010NH220/N_atom400E+10_Vexp300E+02_Vemit100E+03_tauD000E+00_Vran300E
 +01                  
 Start
           0
 set_grid_done
 set_clumps_done
 Done
 TIME :    2.50054090772755       sec
          50 %           4   53.9069892254192     
 	 100 %           4   106.221233139047     
 Time :   106.387140139239     
 WOCIVL455M0010NH220/N_atom400E+10_Vexp400E+02_Vemit100E+03_tauD000E+00_Vran300E
 +01                  
 Start
           0
 set_grid_done
 set_clumps_done
 Done
 TIME :    1.46361499209888       sec
          50 %           2   53.4059802480042     
 	 100 %           2   104.839945556363     
 Time :   105.012329885270     
 WOCIVL455M0010NH220/N_atom400E+10_Vexp500E+02_Vemit100E+03_tauD000E+00_Vran300E
 +01                  
 Start
           0
 set_grid_done
 set_clumps_done
 Done
 TIME :    1.45340708689764       sec
          50 %           3   53.4254729896784     
 	 100 %           2   105.812669034349     
 Time :   105.968474019784     
 WOCIVL455M0010NH220/N_atom400E+10_Vexp600E+02_Vemit100E+03_tauD000E+00_Vran300E
 +01                  
 Start
           0
 set_grid_done
 set_clumps_done
 Done
 TIME :    1.47742818598635       sec
          50 %           1   53.2636898506898     
 	 100 %           4   104.465150013566     
 Time :   104.655777126784     
 WOCIVL455M0010NH220/N_atom400E+10_Vexp700E+02_Vemit100E+03_tauD000E+00_Vran300E
 +01                  
 Start
           0
 set_grid_done
 set_clumps_done
 Done
 TIME :    2.47854026569985       sec
          50 %           1   56.4467372871004     
 	 100 %           1   110.017689233413     
 Time :   110.182256475789     
 WOCIVL455M0010NH220/N_atom400E+10_Vexp800E+02_Vemit100E+03_tauD000E+00_Vran300E
 +01                  
 Start
           0
 set_grid_done
 set_clumps_done
 Done
 TIME :    1.45528344088234       sec
          50 %           1   54.5802310153376     
 	 100 %           2   107.423188763438     
 Time :   107.608662254876     
 WOCIVL455M0010NH220/N_atom400E+10_Vexp900E+02_Vemit100E+03_tauD000E+00_Vran300E
 +01                  
 Start
           0
 set_grid_done
 set_clumps_done
 Done
 TIME :    2.47737609059550       sec
          50 %           1   54.9138737090398     
 	 100 %           3   103.484482338419     
 Time :   103.676170471124     
 WOCIVL455M0010NH220/N_atom400E+10_Vexp100E+03_Vemit100E+03_tauD000E+00_Vran300E
 +01                  
 Start
           0
 set_grid_done
 set_clumps_done
 Done
 TIME :    2.48177335946821       sec
          50 %           4   53.7919577003922     
 	 100 %           4   105.487765714061     
 Time :   105.673837088048     
 WOCIVL455M0010NH220/N_atom400E+10_Vexp200E+03_Vemit100E+03_tauD000E+00_Vran300E
 +01                  
 Start
           0
 set_grid_done
 set_clumps_done
 Done
 TIME :    2.47556838649325       sec
          50 %           1   55.5171753827017     
 	 100 %           1   106.631594127510     
 Time :   106.818049879745     
 WOCIVL455M0010NH220/N_atom400E+10_Vexp300E+03_Vemit100E+03_tauD000E+00_Vran300E
 +01                  
 Start
           0
 set_grid_done
 set_clumps_done
 Done
 TIME :    2.48436958738603       sec
          50 %           2   57.9015755348373     
 	 100 %           4   113.147885602666     
 Time :   113.336652341997     
 WOCIVL455M0010NH220/N_atom400E+10_Vexp500E+01_Vemit100E+03_tauD000E+00_Vran300E
 +01                  
 Start
           0
 set_grid_done
 set_clumps_done
 Done
 TIME :    2.45827128365636       sec
          50 %           2   53.8375503793359     
 	 100 %           1   105.073118447093     
 Time :   105.262432533083     
 WOCIVL455M0010NH220/N_atom400E+10_Vexp100E+02_Vemit100E+03_tauD000E+00_Vran500E
 +01                  
 Start
           0
 set_grid_done
 set_clumps_done
 Done
 TIME :    2.48421146790497       sec
          50 %           1   52.9333730668295     
 	 100 %           3   104.107808711706     
 Time :   104.291219646344     
 WOCIVL455M0010NH220/N_atom400E+10_Vexp200E+02_Vemit100E+03_tauD000E+00_Vran500E
 +01                  
 Start
           0
 set_grid_done
 set_clumps_done
 Done
 TIME :    2.47956943535246       sec
          50 %           4   54.8964299282525     
 	 100 %           2   105.235786932753     
 Time :   105.426734623266     
 WOCIVL455M0010NH220/N_atom400E+10_Vexp300E+02_Vemit100E+03_tauD000E+00_Vran500E
 +01                  
 Start
           0
 set_grid_done
 set_clumps_done
 Done
 TIME :    2.49367098556831       sec
          50 %           3   48.7927469189744     
 	 100 %           4   96.0146398406941     
 Time :   96.1991130674724     
 WOCIVL455M0010NH220/N_atom400E+10_Vexp400E+02_Vemit100E+03_tauD000E+00_Vran500E
 +01                  
 Start
           0
 set_grid_done
 set_clumps_done
 Done
 TIME :    2.48839005245827       sec
          50 %           4   50.2654238953255     
 	 100 %           1   103.186697343830     
 Time :   103.376453888137     
 WOCIVL455M0010NH220/N_atom400E+10_Vexp500E+02_Vemit100E+03_tauD000E+00_Vran500E
 +01                  
 Start
           0
 set_grid_done
 set_clumps_done
 Done
 TIME :    2.48245631344616       sec
          50 %           1   54.3842537081800     
 	 100 %           2   107.736860719975     
 Time :   107.926933312789     
 WOCIVL455M0010NH220/N_atom400E+10_Vexp600E+02_Vemit100E+03_tauD000E+00_Vran500E
 +01                  
 Start
           0
 set_grid_done
 set_clumps_done
 Done
 TIME :    2.48744210693985       sec
          50 %           4   52.1531528255437     
 	 100 %           2   104.971472095232     
 Time :   105.163890381111     
 WOCIVL455M0010NH220/N_atom400E+10_Vexp700E+02_Vemit100E+03_tauD000E+00_Vran500E
 +01                  
 Start
           0
 set_grid_done
 set_clumps_done
 Done
 TIME :    2.48891584854573       sec
          50 %           4   53.9052728845272     
 	 100 %           4   106.579809029819     
 Time :   106.768278456060     
 WOCIVL455M0010NH220/N_atom400E+10_Vexp800E+02_Vemit100E+03_tauD000E+00_Vran500E
 +01                  
 Start
           0
 set_grid_done
 set_clumps_done
 Done
 TIME :    2.48077942710370       sec
          50 %           2   50.5851128087379     
 	 100 %           3   101.534624146996     
 Time :   101.726048921002     
 WOCIVL455M0010NH220/N_atom400E+10_Vexp900E+02_Vemit100E+03_tauD000E+00_Vran500E
 +01                  
 Start
           0
 set_grid_done
 set_clumps_done
 Done
 TIME :    2.47907553962432       sec
          50 %           2   55.1556749630254     
 	 100 %           4   107.852422479307     
 Time :   108.040844034869     
 WOCIVL455M0010NH220/N_atom400E+10_Vexp100E+03_Vemit100E+03_tauD000E+00_Vran500E
 +01                  
 Start
           0
 set_grid_done
 set_clumps_done
 Done
 TIME :    2.48372521693818       sec
          50 %           1   54.7123566691298     
 	 100 %           3   106.621481433045     
 Time :   106.812014828669     
 WOCIVL455M0010NH220/N_atom400E+10_Vexp200E+03_Vemit100E+03_tauD000E+00_Vran500E
 +01                  
 Start
           0
 set_grid_done
 set_clumps_done
 Done
 TIME :    2.47708022035658       sec
          50 %           2   55.2348539184313     
 	 100 %           2   107.646821744274     
 Time :   107.828202904202     
 WOCIVL455M0010NH220/N_atom400E+10_Vexp300E+03_Vemit100E+03_tauD000E+00_Vran500E
 +01                  
 Start
           0
 set_grid_done
 set_clumps_done
 Done
 TIME :    2.48579253256321       sec
          50 %           3   55.2525591545273     
 	 100 %           4   109.895014360780     
 Time :   110.077160770539     
 WOCIVL455M0010NH220/N_atom400E+10_Vexp500E+01_Vemit100E+03_tauD000E+00_Vran500E
 +01                  
 Start
           0
 set_grid_done
 set_clumps_done
 Done
 TIME :    2.47735680406913       sec
          50 %           3   54.5909560800064     
 	 100 %           1   107.830162706552     
 Time :   108.012822218006     
 WOCIVL455M0010NH220/N_atom400E+10_Vexp100E+02_Vemit200E+03_tauD000E+00_Vran118E
 +01                  
 Start
           0
 set_grid_done
 set_clumps_done
 Done
 TIME :    2.48175271064974       sec
          50 %           3   53.9886142543983     
 	 100 %           1   104.130332444562     
 Time :   104.314243035857     
 WOCIVL455M0010NH220/N_atom400E+10_Vexp200E+02_Vemit200E+03_tauD000E+00_Vran118E
 +01                  
 Start
           0
 set_grid_done
 set_clumps_done
 Done
 TIME :    2.48616668116301       sec
          50 %           4   53.1171871351544     
 	 100 %           3   102.859716027509     
 Time :   103.041917691939     
 WOCIVL455M0010NH220/N_atom400E+10_Vexp300E+02_Vemit200E+03_tauD000E+00_Vran118E
 +01                  
 Start
           0
 set_grid_done
 set_clumps_done
 Done
 TIME :    2.48166126734577       sec
          50 %           3   54.2312595068943     
 	 100 %           1   105.216420981102     
 Time :   105.401029794710     
 WOCIVL455M0010NH220/N_atom400E+10_Vexp400E+02_Vemit200E+03_tauD000E+00_Vran118E
 +01                  
 Start
           0
 set_grid_done
 set_clumps_done
 Done
 TIME :    2.48005500505678       sec
          50 %           1   51.2571730203927     
 	 100 %           3   103.012392326957     
 Time :   103.192583282711     
 WOCIVL455M0010NH220/N_atom400E+10_Vexp500E+02_Vemit200E+03_tauD000E+00_Vran118E
 +01                  
 Start
           0
 set_grid_done
 set_clumps_done
 Done
 TIME :    2.48403061507270       sec
          50 %           4   55.1768202248495     
 	 100 %           3   108.343830852304     
 Time :   108.523663880071     
 WOCIVL455M0010NH220/N_atom400E+10_Vexp600E+02_Vemit200E+03_tauD000E+00_Vran118E
 +01                  
 Start
           0
 set_grid_done
 set_clumps_done
 Done
 TIME :    2.48953018197790       sec
          50 %           4   53.1931759379804     
 	 100 %           2   106.274687458761     
 Time :   106.460622013547     
 WOCIVL455M0010NH220/N_atom400E+10_Vexp700E+02_Vemit200E+03_tauD000E+00_Vran118E
 +01                  
 Start
           0
 set_grid_done
 set_clumps_done
 Done
 TIME :    2.47582180658355       sec
          50 %           2   55.5241870440077     
 	 100 %           4   105.826898196246     
 Time :   106.005775714293     
 WOCIVL455M0010NH220/N_atom400E+10_Vexp800E+02_Vemit200E+03_tauD000E+00_Vran118E
 +01                  
 Start
           0
 set_grid_done
 set_clumps_done
 Done
 TIME :    2.47942813741975       sec
          50 %           1   52.7900965719018     
 	 100 %           4   104.329138449626     
 Time :   104.508927834686     
 WOCIVL455M0010NH220/N_atom400E+10_Vexp900E+02_Vemit200E+03_tauD000E+00_Vran118E
 +01                  
 Start
           0
 set_grid_done
 set_clumps_done
 Done
 TIME :    2.47927500749938       sec
          50 %           2   54.6345222101081     
 	 100 %           3   106.443212548038     
 Time :   106.622728945920     
 WOCIVL455M0010NH220/N_atom400E+10_Vexp100E+03_Vemit200E+03_tauD000E+00_Vran118E
 +01                  
 Start
           0
 set_grid_done
 set_clumps_done
 Done
 TIME :    2.48103796667419       sec
          50 %           1   53.5230255271308     
 	 100 %           2   105.727554105222     
 Time :   105.915876182495     
 WOCIVL455M0010NH220/N_atom400E+10_Vexp200E+03_Vemit200E+03_tauD000E+00_Vran118E
 +01                  
 Start
           0
 set_grid_done
 set_clumps_done
 Done
 TIME :    2.48686771909706       sec
          50 %           4   55.9088768777438     
 	 100 %           2   108.090392426122     
 Time :   108.276380772935     
 WOCIVL455M0010NH220/N_atom400E+10_Vexp300E+03_Vemit200E+03_tauD000E+00_Vran118E
 +01                  
 Start
           0
 set_grid_done
 set_clumps_done
 Done
 TIME :    1.51569206290878       sec
          50 %           4   54.0664216619916     
 	 100 %           3   109.481787243625     
 Time :   109.665853068931     
 WOCIVL455M0010NH220/N_atom400E+10_Vexp500E+01_Vemit200E+03_tauD000E+00_Vran118E
 +01                  
 Start
           0
 set_grid_done
 set_clumps_done
 Done
 TIME :    2.48223074595444       sec
          50 %           4   51.7604766346049     
 	 100 %           1   103.267033531331     
 Time :   103.451804051176     
 WOCIVL455M0010NH220/N_atom400E+10_Vexp100E+02_Vemit200E+03_tauD000E+00_Vran300E
 +01                  
 Start
           0
 set_grid_done
 set_clumps_done
 Done
 TIME :    2.48067474877462       sec
          50 %           3   52.0863203259651     
 	 100 %           4   102.106477002380     
 Time :   102.284195274580     
 WOCIVL455M0010NH220/N_atom400E+10_Vexp200E+02_Vemit200E+03_tauD000E+00_Vran300E
 +01                  
 Start
           0
 set_grid_done
 set_clumps_done
 Done
 TIME :    2.47974307416007       sec
          50 %           2   55.2014601861592     
 	 100 %           4   105.182041892549     
 Time :   105.354567569215     
 WOCIVL455M0010NH220/N_atom400E+10_Vexp300E+02_Vemit200E+03_tauD000E+00_Vran300E
 +01                  
 Start
           0
 set_grid_done
 set_clumps_done
 Done
 TIME :    2.45816277805716       sec
          50 %           1   53.8046091240831     
 	 100 %           4   104.375218120636     
 Time :   104.556958901929     
 WOCIVL455M0010NH220/N_atom400E+10_Vexp400E+02_Vemit200E+03_tauD000E+00_Vran300E
 +01                  
 Start
           0
 set_grid_done
 set_clumps_done
 Done
 TIME :    2.46949946135283       sec
          50 %           3   54.9058084124699     
 	 100 %           1   107.865722992457     
 Time :   108.055584545480     
 WOCIVL455M0010NH220/N_atom400E+10_Vexp500E+02_Vemit200E+03_tauD000E+00_Vran300E
 +01                  
 Start
           0
 set_grid_done
 set_clumps_done
 Done
 TIME :    2.47489308752120       sec
          50 %           1   55.5890274604317     
 	 100 %           4   104.676909754751     
 Time :   104.855457427911     
 WOCIVL455M0010NH220/N_atom400E+10_Vexp600E+02_Vemit200E+03_tauD000E+00_Vran300E
 +01                  
 Start
           0
 set_grid_done
 set_clumps_done
 Done
 TIME :    2.47912977240048       sec
          50 %           1   55.8321362307761     
 	 100 %           1   107.619669584325     
 Time :   107.806409103796     
 WOCIVL455M0010NH220/N_atom400E+10_Vexp700E+02_Vemit200E+03_tauD000E+00_Vran300E
 +01                  
 Start
           0
 set_grid_done
 set_clumps_done
 Done
 TIME :    2.47380701033399       sec
          50 %           1   51.0799085479230     
 	 100 %           1   100.332084556576     
 Time :   100.514228751883     
 WOCIVL455M0010NH220/N_atom400E+10_Vexp800E+02_Vemit200E+03_tauD000E+00_Vran300E
 +01                  
 Start
           0
 set_grid_done
 set_clumps_done
 Done
 TIME :    2.47944691288285       sec
          50 %           3   53.2914397227578     
 	 100 %           2   104.595780936070     
 Time :   104.779696736950     
 WOCIVL455M0010NH220/N_atom400E+10_Vexp900E+02_Vemit200E+03_tauD000E+00_Vran300E
 +01                  
 Start
           0
 set_grid_done
 set_clumps_done
 Done
 TIME :    2.48936590086669       sec
          50 %           3   52.9619623688050     
 	 100 %           3   103.843984152656     
 Time :   104.017679925542     
 WOCIVL455M0010NH220/N_atom400E+10_Vexp100E+03_Vemit200E+03_tauD000E+00_Vran300E
 +01                  
 Start
           0
 set_grid_done
 set_clumps_done
 Done
 TIME :    2.47802784526721       sec
          50 %           4   53.5344312412199     
 	 100 %           4   105.625878428109     
 Time :   105.803892159835     
 WOCIVL455M0010NH220/N_atom400E+10_Vexp200E+03_Vemit200E+03_tauD000E+00_Vran300E
 +01                  
 Start
           0
 set_grid_done
 set_clumps_done
 Done
 TIME :    2.47032476449385       sec
          50 %           3   55.7858063860331     
 	 100 %           3   108.221409730380     
 Time :   108.403614260256     
 WOCIVL455M0010NH220/N_atom400E+10_Vexp300E+03_Vemit200E+03_tauD000E+00_Vran300E
 +01                  
 Start
           0
 set_grid_done
 set_clumps_done
 Done
 TIME :    2.42104057362303       sec
          50 %           3   55.6966796577908     
 	 100 %           1   107.547271562740     
 Time :   107.730835326947     
 WOCIVL455M0010NH220/N_atom400E+10_Vexp500E+01_Vemit200E+03_tauD000E+00_Vran300E
 +01                  
 Start
           0
 set_grid_done
 set_clumps_done
 Done
 TIME :    2.42150377109647       sec
          50 %           2   50.0647837261204     
 	 100 %           2   97.1470311607700     
 Time :   97.3311888198368     
 WOCIVL455M0010NH220/N_atom400E+10_Vexp100E+02_Vemit200E+03_tauD000E+00_Vran500E
 +01                  
 Start
           0
 set_grid_done
 set_clumps_done
 Done
 TIME :    2.47864494402893       sec
          50 %           2   50.8261451059952     
 	 100 %           3   103.183089560131     
 Time :   103.367293276591     
 WOCIVL455M0010NH220/N_atom400E+10_Vexp200E+02_Vemit200E+03_tauD000E+00_Vran500E
 +01                  
 Start
           0
 set_grid_done
 set_clumps_done
 Done
 TIME :    2.42955933930352       sec
          50 %           4   50.2478605378419     
 	 100 %           2   97.2362151169218     
 Time :   97.4196216634009     
 WOCIVL455M0010NH220/N_atom400E+10_Vexp300E+02_Vemit200E+03_tauD000E+00_Vran500E
 +01                  
 Start
           0
 set_grid_done
 set_clumps_done
 Done
 TIME :    2.41919197211973       sec
          50 %           1   50.2566790212877     
 	 100 %           4   95.3478991347365     
 Time :   95.5319279197138     
 WOCIVL455M0010NH220/N_atom400E+10_Vexp400E+02_Vemit200E+03_tauD000E+00_Vran500E
 +01                  
 Start
           0
 set_grid_done
 set_clumps_done
 Done
 TIME :    2.42154414742254       sec
          50 %           2   53.0276977703907     
 	 100 %           2   106.330789573723     
 Time :   106.510400049854     
 WOCIVL455M0010NH220/N_atom400E+10_Vexp500E+02_Vemit200E+03_tauD000E+00_Vran500E
 +01                  
 Start
           0
 set_grid_done
 set_clumps_done
 Done
 TIME :    2.32712363242172       sec
          50 %           2   52.6885713597294     
 	 100 %           1   105.205604703631     
 Time :   105.377095530042     
 WOCIVL455M0010NH220/N_atom400E+10_Vexp600E+02_Vemit200E+03_tauD000E+00_Vran500E
 +01                  
 Start
           0
 set_grid_done
 set_clumps_done
 Done
 TIME :    1.45593697880395       sec
          50 %           3   53.1154107004404     
 	 100 %           4   105.398237876594     
 Time :   105.577322626952     
 WOCIVL455M0010NH220/N_atom400E+10_Vexp700E+02_Vemit200E+03_tauD000E+00_Vran500E
 +01                  
 Start
           0
 set_grid_done
 set_clumps_done
 Done
 TIME :    1.49320628191344       sec
          50 %           1   51.9560291271191     
 	 100 %           2   104.031761147548     
 Time :   104.196793751325     
 WOCIVL455M0010NH220/N_atom400E+10_Vexp800E+02_Vemit200E+03_tauD000E+00_Vran500E
 +01                  
 Start
           0
 set_grid_done
 set_clumps_done
 Done
 TIME :    1.47811301308684       sec
          50 %           3   52.4426080523990     
 	 100 %           2   105.777769630309     
 Time :   105.963030659361     
 WOCIVL455M0010NH220/N_atom400E+10_Vexp900E+02_Vemit200E+03_tauD000E+00_Vran500E
 +01                  
 Start
           0
 set_grid_done
 set_clumps_done
 Done
 TIME :    2.48221762105823       sec
          50 %           4   53.7864586045034     
 	 100 %           4   106.118558169110     
 Time :   106.302234496688     
 WOCIVL455M0010NH220/N_atom400E+10_Vexp100E+03_Vemit200E+03_tauD000E+00_Vran500E
 +01                  
 Start
           0
 set_grid_done
 set_clumps_done
 Done
 TIME :    2.48077586037107       sec
          50 %           4   55.4016498522833     
 	 100 %           2   107.576627416769     
 Time :   107.753989704652     
 WOCIVL455M0010NH220/N_atom400E+10_Vexp200E+03_Vemit200E+03_tauD000E+00_Vran500E
 +01                  
 Start
           0
 set_grid_done
 set_clumps_done
 Done
 TIME :    2.47092636395246       sec
          50 %           4   56.7006619942840     
 	 100 %           3   107.912100848043     
 Time :   108.091781136580     
 WOCIVL455M0010NH220/N_atom400E+10_Vexp300E+03_Vemit200E+03_tauD000E+00_Vran500E
 +01                  
 Start
           0
 set_grid_done
 set_clumps_done
 Done
 TIME :    2.47759037651122       sec
          50 %           4   58.0099823116325     
 	 100 %           4   113.129003397189     
 Time :   113.314556519501     
 WOCIVL455M0010NH220/N_atom400E+10_Vexp500E+01_Vemit200E+03_tauD000E+00_Vran500E
 +01                  
 Start
           0
 set_grid_done
 set_clumps_done
 Done
 TIME :    2.48090650769882       sec
          50 %           4   56.1347163780592     
 	 100 %           2   108.440635172650     
 Time :   108.621787318960     
 WOCIVL455M0010NH220/N_atom400E+10_Vexp100E+02_Vemit300E+03_tauD000E+00_Vran118E
 +01                  
 Start
           0
 set_grid_done
 set_clumps_done
 Done
 TIME :    2.47748192120343       sec
          50 %           1   53.9119464252144     
 	 100 %           3   104.167913818732     
 Time :   104.342796119163     
 WOCIVL455M0010NH220/N_atom400E+10_Vexp200E+02_Vemit300E+03_tauD000E+00_Vran118E
 +01                  
 Start
           0
 set_grid_done
 set_clumps_done
 Done
 TIME :    2.47389573836699       sec
          50 %           1   53.5752377139870     
 	 100 %           2   104.296558588976     
 Time :   104.475094359601     
 WOCIVL455M0010NH220/N_atom400E+10_Vexp300E+02_Vemit300E+03_tauD000E+00_Vran118E
 +01                  
 Start
           0
 set_grid_done
 set_clumps_done
 Done
 TIME :    2.47705851914361       sec
          50 %           3   50.2177144170273     
 	 100 %           4   98.6128159023356     
 Time :   98.7920828880742     
 WOCIVL455M0010NH220/N_atom400E+10_Vexp400E+02_Vemit300E+03_tauD000E+00_Vran118E
 +01                  
 Start
           0
 set_grid_done
 set_clumps_done
 Done
 TIME :    2.49265061249025       sec
          50 %           1   55.4149079145864     
 	 100 %           4   107.220097180922     
 Time :   107.402720032958     
 WOCIVL455M0010NH220/N_atom400E+10_Vexp500E+02_Vemit300E+03_tauD000E+00_Vran118E
 +01                  
 Start
           0
 set_grid_done
 set_clumps_done
 Done
 TIME :    2.48632918903604       sec
          50 %           2   52.8472593459301     
 	 100 %           4   100.973737322493     
 Time :   101.160776038654     
 WOCIVL455M0010NH220/N_atom400E+10_Vexp600E+02_Vemit300E+03_tauD000E+00_Vran118E
 +01                  
 Start
           0
 set_grid_done
 set_clumps_done
 Done
 TIME :    2.47057263390161       sec
          50 %           1   51.4858426812571     
 	 100 %           4   100.634184824768     
 Time :   100.806956287008     
 WOCIVL455M0010NH220/N_atom400E+10_Vexp700E+02_Vemit300E+03_tauD000E+00_Vran118E
 +01                  
 Start
           0
 set_grid_done
 set_clumps_done
 Done
 TIME :    1.46017093840055       sec
          50 %           4   53.2429295980837     
 	 100 %           4   105.662147576688     
 Time :   105.833746527787     
 WOCIVL455M0010NH220/N_atom400E+10_Vexp800E+02_Vemit300E+03_tauD000E+00_Vran118E
 +01                  
 Start
           0
 set_grid_done
 set_clumps_done
 Done
 TIME :    1.45387114584446       sec
          50 %           2   53.6103434788529     
 	 100 %           3   106.496006376343     
 Time :   106.688073537080     
 WOCIVL455M0010NH220/N_atom400E+10_Vexp900E+02_Vemit300E+03_tauD000E+00_Vran118E
 +01                  
 Start
           0
 set_grid_done
 set_clumps_done
 Done
 TIME :    2.47876543225721       sec
          50 %           4   53.0683392307255     
 	 100 %           4   102.368654301157     
 Time :   102.549930702895     
 WOCIVL455M0010NH220/N_atom400E+10_Vexp100E+03_Vemit300E+03_tauD000E+00_Vran118E
 +01                  
 Start
           0
 set_grid_done
 set_clumps_done
 Done
 TIME :    2.48122316738591       sec
          50 %           1   54.4329790703487     
 	 100 %           2   105.616234811721     
 Time :   105.800668353448     
 WOCIVL455M0010NH220/N_atom400E+10_Vexp200E+03_Vemit300E+03_tauD000E+00_Vran118E
 +01                  
 Start
           0
 set_grid_done
 set_clumps_done
 Done
 TIME :    2.48015551525168       sec
          50 %           2   56.5088853838388     
 	 100 %           2   108.926178716822     
 Time :   109.112864434486     
 WOCIVL455M0010NH220/N_atom400E+10_Vexp300E+03_Vemit300E+03_tauD000E+00_Vran118E
 +01                  
 Start
           0
 set_grid_done
 set_clumps_done
 Done
 TIME :    2.47590284002945       sec
          50 %           1   56.5734912259504     
 	 100 %           4   111.167851023143     
 Time :   111.335590854753     
 WOCIVL455M0010NH220/N_atom400E+10_Vexp500E+01_Vemit300E+03_tauD000E+00_Vran118E
 +01                  
 Start
           0
 set_grid_done
 set_clumps_done
 Done
 TIME :    1.44686126825400       sec
          50 %           1   48.7223366021644     
 	 100 %           2   99.8736990632024     
 Time :   100.048029809026     
 WOCIVL455M0010NH220/N_atom400E+10_Vexp100E+02_Vemit300E+03_tauD000E+00_Vran300E
 +01                  
 Start
           0
 set_grid_done
 set_clumps_done
 Done
 TIME :    1.46741835610010       sec
          50 %           3   53.9638769186568     
 	 100 %           3   104.901945933467     
 Time :   105.091867750743     
 WOCIVL455M0010NH220/N_atom400E+10_Vexp200E+02_Vemit300E+03_tauD000E+00_Vran300E
 +01                  
 Start
           0
 set_grid_done
 set_clumps_done
 Done
 TIME :    2.48714616661891       sec
          50 %           1   54.6191171309911     
 	 100 %           2   106.807763205376     
 Time :   106.992850866169     
 WOCIVL455M0010NH220/N_atom400E+10_Vexp300E+02_Vemit300E+03_tauD000E+00_Vran300E
 +01                  
 Start
           0
 set_grid_done
 set_clumps_done
 Done
 TIME :    2.49872192251496       sec
          50 %           2   54.2372684685979     
 	 100 %           4   106.284550841432     
 Time :   106.472176379291     
 WOCIVL455M0010NH220/N_atom400E+10_Vexp400E+02_Vemit300E+03_tauD000E+00_Vran300E
 +01                  
 Start
           0
 set_grid_done
 set_clumps_done
 Done
 TIME :    2.48669526237063       sec
          50 %           1   54.1618065936491     
 	 100 %           3   100.724409552524     
 Time :   100.906132289441     
 WOCIVL455M0010NH220/N_atom400E+10_Vexp500E+02_Vemit300E+03_tauD000E+00_Vran300E
 +01                  
 Start
           0
 set_grid_done
 set_clumps_done
 Done
 TIME :    2.48954669339582       sec
          50 %           2   54.9664599646349     
 	 100 %           4   108.844931173371     
 Time :   109.033506179461     
 WOCIVL455M0010NH220/N_atom400E+10_Vexp600E+02_Vemit300E+03_tauD000E+00_Vran300E
 +01                  
 Start
           0
 set_grid_done
 set_clumps_done
 Done
 TIME :    2.48470253800042       sec
          50 %           1   54.7211523191072     
 	 100 %           2   106.036126302322     
 Time :   106.222803764278     
 WOCIVL455M0010NH220/N_atom400E+10_Vexp700E+02_Vemit300E+03_tauD000E+00_Vran300E
 +01                  
 Start
           0
 set_grid_done
 set_clumps_done
 Done
 TIME :    2.49219451867975       sec
          50 %           2   53.0753172077239     
 	 100 %           1   105.465427873190     
 Time :   105.653548097936     
 WOCIVL455M0010NH220/N_atom400E+10_Vexp800E+02_Vemit300E+03_tauD000E+00_Vran300E
 +01                  
 Start
           0
 set_grid_done
 set_clumps_done
 Done
 TIME :    2.43481032550335       sec
          50 %           1   54.8486708863638     
 	 100 %           4   107.764423858374     
 Time :   107.943799820263     
 WOCIVL455M0010NH220/N_atom400E+10_Vexp900E+02_Vemit300E+03_tauD000E+00_Vran300E
 +01                  
 Start
           0
 set_grid_done
 set_clumps_done
 Done
 TIME :    2.48857657588087       sec
          50 %           1   55.1922976812348     
 	 100 %           1   107.261388001265     
 Time :   107.446517942008     
 WOCIVL455M0010NH220/N_atom400E+10_Vexp100E+03_Vemit300E+03_tauD000E+00_Vran300E
 +01                  
 Start
           0
 set_grid_done
 set_clumps_done
 Done
 TIME :    2.48053606599569       sec
          50 %           1   54.3680180958472     
 	 100 %           3   106.422965667443     
 Time :   106.602885559900     
 WOCIVL455M0010NH220/N_atom400E+10_Vexp200E+03_Vemit300E+03_tauD000E+00_Vran300E
 +01                  
 Start
           0
 set_grid_done
 set_clumps_done
 Done
 TIME :    2.48748311470263       sec
          50 %           3   55.1040418930352     
 	 100 %           1   108.097042923328     
 Time :   108.287044080673     
 WOCIVL455M0010NH220/N_atom400E+10_Vexp300E+03_Vemit300E+03_tauD000E+00_Vran300E
 +01                  
 Start
           0
 set_grid_done
 set_clumps_done
 Done
 TIME :    2.47757789306343       sec
          50 %           1   57.7271265250165     
 	 100 %           4   110.701614549151     
 Time :   110.879895697348     
 WOCIVL455M0010NH220/N_atom400E+10_Vexp500E+01_Vemit300E+03_tauD000E+00_Vran300E
 +01                  
 Start
           0
 set_grid_done
 set_clumps_done
 Done
 TIME :    2.48068650113419       sec
          50 %           4   49.8213788147550     
 	 100 %           3   99.4631001742091     
 Time :   99.6513872651849     
 WOCIVL455M0010NH220/N_atom400E+10_Vexp100E+02_Vemit300E+03_tauD000E+00_Vran500E
 +01                  
 Start
           0
 set_grid_done
 set_clumps_done
 Done
 TIME :    2.48628989467397       sec
          50 %           1   51.7085499286186     
 	 100 %           3   103.081946642138     
 Time :   103.269553694874     
 WOCIVL455M0010NH220/N_atom400E+10_Vexp200E+02_Vemit300E+03_tauD000E+00_Vran500E
 +01                  
 Start
           0
 set_grid_done
 set_clumps_done
 Done
 TIME :    2.47970063355751       sec
          50 %           3   53.9365691740531     
 	 100 %           1   105.266125548165     
 Time :   105.446610640967     
 WOCIVL455M0010NH220/N_atom400E+10_Vexp300E+02_Vemit300E+03_tauD000E+00_Vran500E
 +01                  
 Start
           0
 set_grid_done
 set_clumps_done
 Done
 TIME :    2.49237184459344       sec
          50 %           1   55.6629674024880     
 	 100 %           1   107.317131737247     
 Time :   107.501119865337     
 WOCIVL455M0010NH220/N_atom400E+10_Vexp400E+02_Vemit300E+03_tauD000E+00_Vran500E
 +01                  
 Start
           0
 set_grid_done
 set_clumps_done
 Done
 TIME :    2.47137595573440       sec
          50 %           1   55.8698960128240     
 	 100 %           4   106.013775366591     
 Time :   106.190910744714     
 WOCIVL455M0010NH220/N_atom400E+10_Vexp500E+02_Vemit300E+03_tauD000E+00_Vran500E
 +01                  
 Start
           0
 set_grid_done
 set_clumps_done
 Done
 TIME :    2.48717085318640       sec
          50 %           4   55.1613745084032     
 	 100 %           1   108.753686102806     
 Time :   108.942716201069     
 WOCIVL455M0010NH220/N_atom400E+10_Vexp600E+02_Vemit300E+03_tauD000E+00_Vran500E
 +01                  
 Start
           0
 set_grid_done
 set_clumps_done
 Done
 TIME :    2.49623149540275       sec
          50 %           1   53.3767770831473     
 	 100 %           4   104.808208522154     
 Time :   104.990203695372     
 WOCIVL455M0010NH220/N_atom400E+10_Vexp700E+02_Vemit300E+03_tauD000E+00_Vran500E
 +01                  
 Start
           0
 set_grid_done
 set_clumps_done
 Done
 TIME :    1.51011479878798       sec
          50 %           1   52.4668222675100     
 	 100 %           1   106.682778267423     
 Time :   106.873015592108     
 WOCIVL455M0010NH220/N_atom400E+10_Vexp800E+02_Vemit300E+03_tauD000E+00_Vran500E
 +01                  
 Start
           0
 set_grid_done
 set_clumps_done
 Done
 TIME :    2.48290549428202       sec
          50 %           1   56.9247696942184     
 	 100 %           4   110.779243999626     
 Time :   110.964602613589     
 WOCIVL455M0010NH220/N_atom400E+10_Vexp900E+02_Vemit300E+03_tauD000E+00_Vran500E
 +01                  
 Start
           0
 set_grid_done
 set_clumps_done
 Done
 TIME :    2.48634943738580       sec
          50 %           1   56.5646326164715     
 	 100 %           3   110.636365438579     
 Time :   110.807773408014     
 WOCIVL455M0010NH220/N_atom400E+10_Vexp100E+03_Vemit300E+03_tauD000E+00_Vran500E
 +01                  
 Start
           0
 set_grid_done
 set_clumps_done
 Done
 TIME :    1.44306036876515       sec
          50 %           2   56.4528288953006     
 	 100 %           2   110.573445469607     
 Time :   110.748516888358     
 WOCIVL455M0010NH220/N_atom400E+10_Vexp200E+03_Vemit300E+03_tauD000E+00_Vran500E
 +01                  
 Start
           0
 set_grid_done
 set_clumps_done
 Done
 TIME :    1.45980741991661       sec
          50 %           1   53.3839284186251     
 	 100 %           2   107.893482743064     
 Time :   108.084636062849     
 WOCIVL455M0010NH220/N_atom400E+10_Vexp300E+03_Vemit300E+03_tauD000E+00_Vran500E
 +01                  
 Start
           0
 set_grid_done
 set_clumps_done
 Done
 TIME :    2.48515664809383       sec
          50 %           1   57.9583599520847     
 	 100 %           2   111.855549626052     
 Time :   112.046022136230     
 WOCIVL455M0010NH220/N_atom400E+10_Vexp500E+01_Vemit300E+03_tauD000E+00_Vran500E
 +01                  
 Start
           0
 set_grid_done
 set_clumps_done
 Done
 TIME :    2.47671557962894       sec
          50 %           1   51.1968557715882     
 	 100 %           3   102.996284175897     
 Time :   103.184038337320     
