nohup: ignoring input
 WOCIVL455M1NH220/N_atom400E+10_Vexp100E+02_Vemit100E+03_tauD000E+00_Vran118E+01
                      
 Start
           0
 set_grid_done
 set_clumps_done
 Done
 TIME :    2.61787828477100       sec
          50 %           1   149.845880599227     
 	 100 %           1   278.699830310885     
 Time :   278.846774293110     
 WOCIVL455M1NH220/N_atom400E+10_Vexp200E+02_Vemit100E+03_tauD000E+00_Vran118E+01
                      
 Start
           0
 set_grid_done
 set_clumps_done
 Done
 TIME :    2.42787008872256       sec
          50 %           1   175.090555750299     
 	 100 %           1   326.066777346656     
 Time :   326.221994372085     
 WOCIVL455M1NH220/N_atom400E+10_Vexp300E+02_Vemit100E+03_tauD000E+00_Vran118E+01
                      
 Start
           0
 set_grid_done
 set_clumps_done
 Done
 TIME :    2.63935503177345       sec
          50 %           1   190.861110340804     
 	 100 %           1   362.946758177131     
 Time :   363.086494755000     
 WOCIVL455M1NH220/N_atom400E+10_Vexp400E+02_Vemit100E+03_tauD000E+00_Vran118E+01
                      
 Start
           0
 set_grid_done
 set_clumps_done
 Done
 TIME :    2.37966441363096       sec
          50 %           1   163.705408520531     
 	 100 %           1   345.582018115558     
 Time :   345.733475659043     
 WOCIVL455M1NH220/N_atom400E+10_Vexp500E+02_Vemit100E+03_tauD000E+00_Vran118E+01
                      
 Start
           0
 set_grid_done
 set_clumps_done
 Done
 TIME :    2.63273249566555       sec
          50 %           1   186.593008743133     
 	 100 %           1   373.155888477340     
 Time :   373.311288489494     
 WOCIVL455M1NH220/N_atom400E+10_Vexp600E+02_Vemit100E+03_tauD000E+00_Vran118E+01
                      
 Start
           0
 set_grid_done
 set_clumps_done
 Done
 TIME :    2.62850254215300       sec
          50 %           1   136.274128142279     
 	 100 %           1   302.047825632617     
 Time :   302.166260955855     
 WOCIVL455M1NH220/N_atom400E+10_Vexp700E+02_Vemit100E+03_tauD000E+00_Vran118E+01
                      
 Start
           0
 set_grid_done
 set_clumps_done
 Done
 TIME :    1.51222520833835       sec
          50 %           1   153.165894254576     
 	 100 %           1   327.814644513652     
 Time :   327.971156101674     
 WOCIVL455M1NH220/N_atom400E+10_Vexp800E+02_Vemit100E+03_tauD000E+00_Vran118E+01
                      
 Start
           0
 set_grid_done
 set_clumps_done
 Done
 TIME :    2.62808665400371       sec
          50 %           1   180.753486822825     
 	 100 %           1   327.039579068776     
 Time :   327.202148262411     
 WOCIVL455M1NH220/N_atom400E+10_Vexp900E+02_Vemit100E+03_tauD000E+00_Vran118E+01
                      
 Start
           0
 set_grid_done
 set_clumps_done
 Done
 TIME :    2.58002240769565       sec
          50 %           1   169.251756418962     
 	 100 %           1   345.626668204553     
 Time :   345.785302914679     
 WOCIVL455M1NH220/N_atom400E+10_Vexp100E+03_Vemit100E+03_tauD000E+00_Vran118E+01
                      
 Start
           0
 set_grid_done
 set_clumps_done
 Done
 TIME :    2.64168111886829       sec
          50 %           1   146.563760161866     
 	 100 %           1   312.351869665086     
 Time :   312.512743377127     
 WOCIVL455M1NH220/N_atom400E+10_Vexp200E+03_Vemit100E+03_tauD000E+00_Vran118E+01
                      
 Start
           0
 set_grid_done
 set_clumps_done
 Done
 TIME :    2.63997102901340       sec
          50 %           1   175.332296833862     
 	 100 %           1   346.559952852782     
 Time :   346.716516589280     
 WOCIVL455M1NH220/N_atom400E+10_Vexp300E+03_Vemit100E+03_tauD000E+00_Vran118E+01
                      
 Start
           0
 set_grid_done
 set_clumps_done
 Done
 TIME :    2.55096994852647       sec
          50 %           1   158.317473552190     
 	 100 %           1   347.975062006619     
 Time :   348.119748992845     
 WOCIVL455M1NH220/N_atom400E+10_Vexp500E+01_Vemit100E+03_tauD000E+00_Vran118E+01
                      
 Start
           0
 set_grid_done
 set_clumps_done
 Done
 TIME :    2.59477638872340       sec
          50 %           1   182.008860992733     
 	 100 %           1   359.673127754126     
 Time :   359.833717838395     
 WOCIVL455M1NH220/N_atom400E+10_Vexp100E+02_Vemit100E+03_tauD000E+00_Vran300E+01
                      
 Start
           0
 set_grid_done
 set_clumps_done
 Done
 TIME :    2.62720540491864       sec
          50 %           1   161.568035843316     
 	 100 %           1   342.578374917619     
 Time :   342.727991192136     
 WOCIVL455M1NH220/N_atom400E+10_Vexp200E+02_Vemit100E+03_tauD000E+00_Vran300E+01
                      
 Start
           0
 set_grid_done
 set_clumps_done
 Done
 TIME :    2.44686570484191       sec
          50 %           1   178.594586822670     
 	 100 %           1   357.299541725311     
 Time :   357.468505984638     
 WOCIVL455M1NH220/N_atom400E+10_Vexp300E+02_Vemit100E+03_tauD000E+00_Vran300E+01
                      
 Start
           0
 set_grid_done
 set_clumps_done
 Done
 TIME :    2.08437104662880       sec
          50 %           1   166.449186770245     
 	 100 %           1   334.432498567738     
 Time :   334.593904317822     
 WOCIVL455M1NH220/N_atom400E+10_Vexp400E+02_Vemit100E+03_tauD000E+00_Vran300E+01
                      
 Start
           0
 set_grid_done
 set_clumps_done
 Done
 TIME :    2.46598380431533       sec
          50 %           1   144.159752540756     
 	 100 %           1   293.238185727037     
 Time :   293.367675172165     
 WOCIVL455M1NH220/N_atom400E+10_Vexp500E+02_Vemit100E+03_tauD000E+00_Vran300E+01
                      
 Start
           0
 set_grid_done
 set_clumps_done
 Done
 TIME :    1.55215965351090       sec
          50 %           1   171.873684095219     
 	 100 %           1   349.650741736405     
 Time :   349.809850103687     
 WOCIVL455M1NH220/N_atom400E+10_Vexp600E+02_Vemit100E+03_tauD000E+00_Vran300E+01
                      
 Start
           0
 set_grid_done
 set_clumps_done
 Done
 TIME :    2.64090624079108       sec
          50 %           1   184.085696122609     
 	 100 %           1   361.197206518613     
 Time :   361.360899581574     
 WOCIVL455M1NH220/N_atom400E+10_Vexp700E+02_Vemit100E+03_tauD000E+00_Vran300E+01
                      
 Start
           0
 set_grid_done
 set_clumps_done
 Done
 TIME :    2.62843285035342       sec
          50 %           1   170.317551565357     
 	 100 %           1   343.663610863965     
 Time :   343.831895125099     
 WOCIVL455M1NH220/N_atom400E+10_Vexp800E+02_Vemit100E+03_tauD000E+00_Vran300E+01
                      
 Start
           0
 set_grid_done
 set_clumps_done
 Done
 TIME :    2.43110921466723       sec
          50 %           1   187.876434355974     
 	 100 %           1   355.748523534276     
 Time :   355.899190760218     
 WOCIVL455M1NH220/N_atom400E+10_Vexp900E+02_Vemit100E+03_tauD000E+00_Vran300E+01
                      
 Start
           0
 set_grid_done
 set_clumps_done
 Done
 TIME :    2.15337478276342       sec
          50 %           1   170.022857774049     
 	 100 %           1   353.678965440486     
 Time :   353.813453525305     
 WOCIVL455M1NH220/N_atom400E+10_Vexp100E+03_Vemit100E+03_tauD000E+00_Vran300E+01
                      
 Start
           0
 set_grid_done
 set_clumps_done
 Done
 TIME :    2.57426279643551       sec
          50 %           1   160.531341768801     
 	 100 %           1   345.310269614216     
 Time :   345.460446861573     
 WOCIVL455M1NH220/N_atom400E+10_Vexp200E+03_Vemit100E+03_tauD000E+00_Vran300E+01
                      
 Start
           0
 set_grid_done
 set_clumps_done
 Done
 TIME :    2.45848583895713       sec
          50 %           1   167.456308881752     
 	 100 %           1   309.330406036228     
 Time :   309.476580400486     
 WOCIVL455M1NH220/N_atom400E+10_Vexp300E+03_Vemit100E+03_tauD000E+00_Vran300E+01
                      
 Start
           0
 set_grid_done
 set_clumps_done
 Done
 TIME :    1.53133780695498       sec
          50 %           1   141.614445329644     
 	 100 %           1   304.184607580304     
 Time :   304.341736898292     
 WOCIVL455M1NH220/N_atom400E+10_Vexp500E+01_Vemit100E+03_tauD000E+00_Vran300E+01
                      
 Start
           0
 set_grid_done
 set_clumps_done
 Done
 TIME :    2.55913563817739       sec
          50 %           1   159.681745967362     
 	 100 %           1   329.481587982737     
 Time :   329.647263241000     
 WOCIVL455M1NH220/N_atom400E+10_Vexp100E+02_Vemit100E+03_tauD000E+00_Vran500E+01
                      
 Start
           0
 set_grid_done
 set_clumps_done
 Done
 TIME :    2.55052357260138       sec
          50 %           1   207.502161548939     
 	 100 %           1   395.763228894211     
 Time :   395.935557637364     
 WOCIVL455M1NH220/N_atom400E+10_Vexp200E+02_Vemit100E+03_tauD000E+00_Vran500E+01
                      
 Start
           0
 set_grid_done
 set_clumps_done
 Done
 TIME :    2.61749238381162       sec
          50 %           1   191.175116489176     
 	 100 %           1   382.812028429937     
 Time :   382.984800342470     
 WOCIVL455M1NH220/N_atom400E+10_Vexp300E+02_Vemit100E+03_tauD000E+00_Vran500E+01
                      
 Start
           0
 set_grid_done
 set_clumps_done
 Done
 TIME :    2.61553436424583       sec
          50 %           1   192.587539063767     
 	 100 %           1   382.553858221974     
 Time :   382.725759054534     
 WOCIVL455M1NH220/N_atom400E+10_Vexp400E+02_Vemit100E+03_tauD000E+00_Vran500E+01
                      
 Start
           0
 set_grid_done
 set_clumps_done
 Done
 TIME :    2.70123526267707       sec
          50 %           1   196.894477497321     
 	 100 %           1   387.778864525259     
 Time :   387.946914402302     
 WOCIVL455M1NH220/N_atom400E+10_Vexp500E+02_Vemit100E+03_tauD000E+00_Vran500E+01
                      
 Start
           0
 set_grid_done
 set_clumps_done
 Done
 TIME :    2.51189329847693       sec
          50 %           1   193.754419213161     
 	 100 %           1   394.502167650033     
 Time :   394.676409978420     
 WOCIVL455M1NH220/N_atom400E+10_Vexp600E+02_Vemit100E+03_tauD000E+00_Vran500E+01
                      
 Start
           0
 set_grid_done
 set_clumps_done
 Done
 TIME :    2.82007017312571       sec
          50 %           1   204.324605626985     
 	 100 %           1   400.768740339205     
 Time :   400.945071765222     
 WOCIVL455M1NH220/N_atom400E+10_Vexp700E+02_Vemit100E+03_tauD000E+00_Vran500E+01
                      
 Start
           0
 set_grid_done
 set_clumps_done
 Done
 TIME :    2.70606424100697       sec
          50 %           1   190.024810167961     
 	 100 %           1   369.353831010405     
 Time :   369.523496798705     
 WOCIVL455M1NH220/N_atom400E+10_Vexp800E+02_Vemit100E+03_tauD000E+00_Vran500E+01
                      
 Start
           0
 set_grid_done
 set_clumps_done
 Done
 TIME :    2.61337333032861       sec
          50 %           1   200.541528067086     
 	 100 %           1   406.147521556355     
 Time :   406.334463183302     
 WOCIVL455M1NH220/N_atom400E+10_Vexp900E+02_Vemit100E+03_tauD000E+00_Vran500E+01
                      
 Start
           0
 set_grid_done
 set_clumps_done
 Done
 TIME :    2.85045296279714       sec
          50 %           1   199.359435607679     
 	 100 %           1   393.783615218010     
 Time :   393.959323724266     
 WOCIVL455M1NH220/N_atom400E+10_Vexp100E+03_Vemit100E+03_tauD000E+00_Vran500E+01
                      
 Start
           0
 set_grid_done
 set_clumps_done
 Done
 TIME :    2.71056004846469       sec
          50 %           1   190.493150088005     
 	 100 %           1   385.414187715389     
 Time :   385.594668221660     
 WOCIVL455M1NH220/N_atom400E+10_Vexp200E+03_Vemit100E+03_tauD000E+00_Vran500E+01
                      
 Start
           0
 set_grid_done
 set_clumps_done
 Done
 TIME :    2.70218091458082       sec
          50 %           1   196.844049642794     
 	 100 %           1   394.416860718280     
 Time :   394.596710920800     
 WOCIVL455M1NH220/N_atom400E+10_Vexp300E+03_Vemit100E+03_tauD000E+00_Vran500E+01
                      
 Start
           0
 set_grid_done
 set_clumps_done
 Done
 TIME :    2.70165743259713       sec
          50 %           1   194.273366728332     
 	 100 %           1   395.647112864535     
 Time :   395.827642704826     
 WOCIVL455M1NH220/N_atom400E+10_Vexp500E+01_Vemit100E+03_tauD000E+00_Vran500E+01
                      
 Start
           0
 set_grid_done
 set_clumps_done
 Done
 TIME :    2.71538781467825       sec
          50 %           1   200.178145606536     
 	 100 %           1   395.485655366909     
 Time :   395.669847425073     
 WOCIVL455M1NH220/N_atom400E+10_Vexp100E+02_Vemit200E+03_tauD000E+00_Vran118E+01
                      
 Start
           0
 set_grid_done
 set_clumps_done
 Done
 TIME :    2.71176709514111       sec
          50 %           1   189.908618545625     
 	 100 %           1   373.409400961827     
 Time :   373.598122330382     
 WOCIVL455M1NH220/N_atom400E+10_Vexp200E+02_Vemit200E+03_tauD000E+00_Vran118E+01
                      
 Start
           0
 set_grid_done
 set_clumps_done
 Done
 TIME :    2.70618783542886       sec
          50 %           1   182.909593411256     
 	 100 %           1   377.351003444288     
 Time :   377.530533590354     
 WOCIVL455M1NH220/N_atom400E+10_Vexp300E+02_Vemit200E+03_tauD000E+00_Vran118E+01
                      
 Start
           0
 set_grid_done
 set_clumps_done
 Done
 TIME :    1.72165218368173       sec
          50 %           1   190.497835143935     
 	 100 %           1   383.488272089045     
 Time :   383.668104527984     
 WOCIVL455M1NH220/N_atom400E+10_Vexp400E+02_Vemit200E+03_tauD000E+00_Vran118E+01
                      
 Start
           0
 set_grid_done
 set_clumps_done
 Done
 TIME :    2.65787234297022       sec
          50 %           1   196.455485526007     
 	 100 %           1   392.317649116740     
 Time :   392.503197163343     
 WOCIVL455M1NH220/N_atom400E+10_Vexp500E+02_Vemit200E+03_tauD000E+00_Vran118E+01
                      
 Start
           0
 set_grid_done
 set_clumps_done
 Done
 TIME :    2.27876181621104       sec
          50 %           1   188.153318296652     
 	 100 %           1   379.468953505624     
 Time :   379.649578716140     
 WOCIVL455M1NH220/N_atom400E+10_Vexp600E+02_Vemit200E+03_tauD000E+00_Vran118E+01
                      
 Start
           0
 set_grid_done
 set_clumps_done
 Done
 TIME :    2.70490258047357       sec
          50 %           1   193.329886535183     
 	 100 %           1   376.965167936869     
 Time :   377.143948883284     
 WOCIVL455M1NH220/N_atom400E+10_Vexp700E+02_Vemit200E+03_tauD000E+00_Vran118E+01
                      
 Start
           0
 set_grid_done
 set_clumps_done
 Done
 TIME :    2.74666242394596       sec
          50 %           1   190.051710520405     
 	 100 %           1   375.428364315070     
 Time :   375.619220117573     
 WOCIVL455M1NH220/N_atom400E+10_Vexp800E+02_Vemit200E+03_tauD000E+00_Vran118E+01
                      
 Start
           0
 set_grid_done
 set_clumps_done
 Done
 TIME :    2.71008858550340       sec
          50 %           1   196.517143826466     
 	 100 %           1   391.962695824914     
 Time :   392.123092212714     
 WOCIVL455M1NH220/N_atom400E+10_Vexp900E+02_Vemit200E+03_tauD000E+00_Vran118E+01
                      
 Start
           0
 set_grid_done
 set_clumps_done
 Done
 TIME :    1.67045048298314       sec
          50 %           1   204.373294997960     
 	 100 %           1   406.067189028021     
 Time :   406.244358752389     
 WOCIVL455M1NH220/N_atom400E+10_Vexp100E+03_Vemit200E+03_tauD000E+00_Vran118E+01
                      
 Start
           0
 set_grid_done
 set_clumps_done
 Done
 TIME :    2.69552127784118       sec
          50 %           1   201.254885617644     
 	 100 %           1   390.484402369242     
 Time :   390.653893637005     
 WOCIVL455M1NH220/N_atom400E+10_Vexp200E+03_Vemit200E+03_tauD000E+00_Vran118E+01
                      
 Start
           0
 set_grid_done
 set_clumps_done
 Done
 TIME :    2.70899726776406       sec
          50 %           1   205.406325522345     
 	 100 %           1   399.603366914205     
 Time :   399.794483610429     
 WOCIVL455M1NH220/N_atom400E+10_Vexp300E+03_Vemit200E+03_tauD000E+00_Vran118E+01
                      
 Start
           0
 set_grid_done
 set_clumps_done
 Done
 TIME :    2.83805924281478       sec
          50 %           1   204.169516634196     
 	 100 %           1   401.918670527637     
 Time :   402.113179290202     
 WOCIVL455M1NH220/N_atom400E+10_Vexp500E+01_Vemit200E+03_tauD000E+00_Vran118E+01
                      
 Start
           0
 set_grid_done
 set_clumps_done
 Done
 TIME :    2.82162898639217       sec
          50 %           1   185.586633156054     
 	 100 %           1   374.035212087911     
 Time :   374.220235650893     
 WOCIVL455M1NH220/N_atom400E+10_Vexp100E+02_Vemit200E+03_tauD000E+00_Vran300E+01
                      
 Start
           0
 set_grid_done
 set_clumps_done
 Done
 TIME :    2.70731436973438       sec
          50 %           1   194.518882432953     
 	 100 %           1   386.173876650166     
 Time :   386.358041937463     
 WOCIVL455M1NH220/N_atom400E+10_Vexp200E+02_Vemit200E+03_tauD000E+00_Vran300E+01
                      
 Start
           0
 set_grid_done
 set_clumps_done
 Done
 TIME :    2.71991970995441       sec
          50 %           1   194.488740669563     
 	 100 %           1   383.324790316168     
 Time :   383.506533865351     
 WOCIVL455M1NH220/N_atom400E+10_Vexp300E+02_Vemit200E+03_tauD000E+00_Vran300E+01
                      
 Start
           0
 set_grid_done
 set_clumps_done
 Done
 TIME :    2.70384910469875       sec
          50 %           1   196.343261840753     
 	 100 %           1   391.561859138310     
 Time :   391.752969032153     
 WOCIVL455M1NH220/N_atom400E+10_Vexp400E+02_Vemit200E+03_tauD000E+00_Vran300E+01
                      
 Start
           0
 set_grid_done
 set_clumps_done
 Done
 TIME :    2.85476259700954       sec
          50 %           1   195.357342687901     
 	 100 %           1   385.081980285235     
 Time :   385.267388587352     
 WOCIVL455M1NH220/N_atom400E+10_Vexp500E+02_Vemit200E+03_tauD000E+00_Vran300E+01
                      
 Start
           0
 set_grid_done
 set_clumps_done
 Done
 TIME :    2.72105151461437       sec
          50 %           1   197.967913138214     
 	 100 %           1   385.474501037970     
 Time :   385.654143907595     
 WOCIVL455M1NH220/N_atom400E+10_Vexp600E+02_Vemit200E+03_tauD000E+00_Vran300E+01
                      
 Start
           0
 set_grid_done
 set_clumps_done
 Done
 TIME :    2.70846936805174       sec
          50 %           1   204.759523590095     
 	 100 %           1   395.293340951670     
 Time :   395.480314990040     
 WOCIVL455M1NH220/N_atom400E+10_Vexp700E+02_Vemit200E+03_tauD000E+00_Vran300E+01
                      
 Start
           0
 set_grid_done
 set_clumps_done
 Done
 TIME :    2.70691354013979       sec
          50 %           1   202.225820302963     
 	 100 %           1   396.874854695518     
 Time :   397.060825312976     
 WOCIVL455M1NH220/N_atom400E+10_Vexp800E+02_Vemit200E+03_tauD000E+00_Vran300E+01
                      
 Start
           0
 set_grid_done
 set_clumps_done
 Done
 TIME :    2.71508966991678       sec
          50 %           1   209.458758029621     
 	 100 %           1   406.494105482008     
 Time :   406.696143498644     
 WOCIVL455M1NH220/N_atom400E+10_Vexp900E+02_Vemit200E+03_tauD000E+00_Vran300E+01
                      
 Start
           0
 set_grid_done
 set_clumps_done
 Done
 TIME :    2.84621575521305       sec
          50 %           1   198.363857295830     
 	 100 %           1   392.217378245667     
 Time :   392.398623901419     
 WOCIVL455M1NH220/N_atom400E+10_Vexp100E+03_Vemit200E+03_tauD000E+00_Vran300E+01
                      
 Start
           0
 set_grid_done
 set_clumps_done
 Done
 TIME :    2.70994478277862       sec
          50 %           1   203.471705235075     
 	 100 %           1   406.003438473679     
 Time :   406.181422710884     
 WOCIVL455M1NH220/N_atom400E+10_Vexp200E+03_Vemit200E+03_tauD000E+00_Vran300E+01
                      
 Start
           0
 set_grid_done
 set_clumps_done
 Done
 TIME :    2.71580152818933       sec
          50 %           1   199.297200263944     
 	 100 %           1   397.419539900031     
 Time :   397.611129662953     
 WOCIVL455M1NH220/N_atom400E+10_Vexp300E+03_Vemit200E+03_tauD000E+00_Vran300E+01
                      
 Start
           0
 set_grid_done
 set_clumps_done
 Done
 TIME :    2.79222548194230       sec
          50 %           1   203.653243385721     
 	 100 %           1   401.127295284066     
 Time :   401.322152286768     
 WOCIVL455M1NH220/N_atom400E+10_Vexp500E+01_Vemit200E+03_tauD000E+00_Vran300E+01
                      
 Start
           0
 set_grid_done
 set_clumps_done
 Done
 TIME :    2.70570347784087       sec
          50 %           1   192.273372111376     
 	 100 %           1   371.738641142845     
 Time :   371.924183649477     
 WOCIVL455M1NH220/N_atom400E+10_Vexp100E+02_Vemit200E+03_tauD000E+00_Vran500E+01
                      
 Start
           0
 set_grid_done
 set_clumps_done
 Done
 TIME :    2.70454717706889       sec
          50 %           1   187.502355360892     
 	 100 %           1   378.900504380465     
 Time :   379.097123611718     
 WOCIVL455M1NH220/N_atom400E+10_Vexp200E+02_Vemit200E+03_tauD000E+00_Vran500E+01
                      
 Start
           0
 set_grid_done
 set_clumps_done
 Done
 TIME :    2.80085559142753       sec
          50 %           1   194.258101829328     
 	 100 %           1   382.800567517523     
 Time :   382.983584829606     
 WOCIVL455M1NH220/N_atom400E+10_Vexp300E+02_Vemit200E+03_tauD000E+00_Vran500E+01
                      
 Start
           0
 set_grid_done
 set_clumps_done
 Done
 TIME :    2.72311455290765       sec
          50 %           1   196.367867385503     
 	 100 %           1   394.847054000478     
 Time :   395.023096258752     
 WOCIVL455M1NH220/N_atom400E+10_Vexp400E+02_Vemit200E+03_tauD000E+00_Vran500E+01
                      
 Start
           0
 set_grid_done
 set_clumps_done
 Done
 TIME :    2.70933561911806       sec
          50 %           1   195.262973828241     
 	 100 %           1   385.040635498706     
 Time :   385.216873337515     
 WOCIVL455M1NH220/N_atom400E+10_Vexp500E+02_Vemit200E+03_tauD000E+00_Vran500E+01
                      
 Start
           0
 set_grid_done
 set_clumps_done
 Done
 TIME :    2.69387492910028       sec
          50 %           1   185.122264449485     
 	 100 %           1   371.938094472978     
 Time :   372.123305691872     
 WOCIVL455M1NH220/N_atom400E+10_Vexp600E+02_Vemit200E+03_tauD000E+00_Vran500E+01
                      
 Start
           0
 set_grid_done
 set_clumps_done
 Done
 TIME :    2.69308767747134       sec
          50 %           1   197.313691228628     
 	 100 %           1   382.761706937104     
 Time :   382.948449446820     
 WOCIVL455M1NH220/N_atom400E+10_Vexp700E+02_Vemit200E+03_tauD000E+00_Vran500E+01
                      
 Start
           0
 set_grid_done
 set_clumps_done
 Done
 TIME :    2.69751678826287       sec
          50 %           1   170.097867899109     
 	 100 %           1   354.719063043594     
 Time :   354.909993026406     
 WOCIVL455M1NH220/N_atom400E+10_Vexp800E+02_Vemit200E+03_tauD000E+00_Vran500E+01
                      
 Start
           0
 set_grid_done
 set_clumps_done
 Done
 TIME :    2.75244108121842       sec
          50 %           1   186.608728173655     
 	 100 %           1   365.738451240584     
 Time :   365.915828397498     
 WOCIVL455M1NH220/N_atom400E+10_Vexp900E+02_Vemit200E+03_tauD000E+00_Vran500E+01
                      
 Start
           0
 set_grid_done
 set_clumps_done
 Done
 TIME :    2.61431500455365       sec
          50 %           1   192.611779697239     
 	 100 %           1   385.389948825352     
 Time :   385.584178609774     
 WOCIVL455M1NH220/N_atom400E+10_Vexp100E+03_Vemit200E+03_tauD000E+00_Vran500E+01
                      
 Start
           0
 set_grid_done
 set_clumps_done
 Done
 TIME :    2.23304174980149       sec
          50 %           1   168.967196626123     
 	 100 %           1   360.638176758308     
 Time :   360.819145399611     
 WOCIVL455M1NH220/N_atom400E+10_Vexp200E+03_Vemit200E+03_tauD000E+00_Vran500E+01
                      
 Start
           0
 set_grid_done
 set_clumps_done
 Done
 TIME :    2.68289733212441       sec
          50 %           1   177.439633097500     
 	 100 %           1   371.445432845969     
 Time :   371.619622284081     
 WOCIVL455M1NH220/N_atom400E+10_Vexp300E+03_Vemit200E+03_tauD000E+00_Vran500E+01
                      
 Start
           0
 set_grid_done
 set_clumps_done
 Done
 TIME :    2.68516227276996       sec
          50 %           1   190.648908058181     
 	 100 %           1   379.310444122646     
 Time :   379.489269934129     
 WOCIVL455M1NH220/N_atom400E+10_Vexp500E+01_Vemit200E+03_tauD000E+00_Vran500E+01
                      
 Start
           0
 set_grid_done
 set_clumps_done
 Done
 TIME :    2.69107769941911       sec
          50 %           1   195.278499981854     
 	 100 %           1   389.894981213380     
 Time :   390.070437371265     
 WOCIVL455M1NH220/N_atom400E+10_Vexp100E+02_Vemit300E+03_tauD000E+00_Vran118E+01
                      
 Start
           0
 set_grid_done
 set_clumps_done
 Done
 TIME :    2.68175433669239       sec
          50 %           1   189.222166567110     
 	 100 %           1   377.307029496413     
 Time :   377.490756553132     
 WOCIVL455M1NH220/N_atom400E+10_Vexp200E+02_Vemit300E+03_tauD000E+00_Vran118E+01
                      
 Start
           0
 set_grid_done
 set_clumps_done
 Done
 TIME :    2.68764465581626       sec
          50 %           1   179.877871889155     
 	 100 %           1   359.445105981547     
 Time :   359.652189206332     
 WOCIVL455M1NH220/N_atom400E+10_Vexp300E+02_Vemit300E+03_tauD000E+00_Vran118E+01
                      
 Start
           0
 set_grid_done
 set_clumps_done
 Done
 TIME :    2.77407441474497       sec
          50 %           1   181.872166447341     
 	 100 %           1   364.720159578137     
 Time :   364.893827939406     
 WOCIVL455M1NH220/N_atom400E+10_Vexp400E+02_Vemit300E+03_tauD000E+00_Vran118E+01
                      
 Start
           0
 set_grid_done
 set_clumps_done
 Done
 TIME :    2.68333475058898       sec
          50 %           1   187.441034650430     
 	 100 %           1   369.672622243874     
 Time :   369.826881785411     
 WOCIVL455M1NH220/N_atom400E+10_Vexp500E+02_Vemit300E+03_tauD000E+00_Vran118E+01
                      
 Start
           0
 set_grid_done
 set_clumps_done
 Done
 TIME :    1.56960212765262       sec
          50 %           1   184.374662112445     
 	 100 %           1   372.704107698519     
 Time :   372.886169570964     
 WOCIVL455M1NH220/N_atom400E+10_Vexp600E+02_Vemit300E+03_tauD000E+00_Vran118E+01
                      
 Start
           0
 set_grid_done
 set_clumps_done
 Done
 TIME :    2.69534372119233       sec
          50 %           1   194.061147593427     
 	 100 %           1   385.225510750897     
 Time :   385.376322590746     
 WOCIVL455M1NH220/N_atom400E+10_Vexp700E+02_Vemit300E+03_tauD000E+00_Vran118E+01
                      
 Start
           0
 set_grid_done
 set_clumps_done
 Done
 TIME :    1.56298067374155       sec
          50 %           1   185.081211125012     
 	 100 %           1   370.612377309706     
 Time :   370.801685079467     
 WOCIVL455M1NH220/N_atom400E+10_Vexp800E+02_Vemit300E+03_tauD000E+00_Vran118E+01
                      
 Start
           0
 set_grid_done
 set_clumps_done
 Done
 TIME :    2.63990755891427       sec
          50 %           1   185.502605567686     
 	 100 %           1   370.233065922745     
 Time :   370.425651191268     
 WOCIVL455M1NH220/N_atom400E+10_Vexp900E+02_Vemit300E+03_tauD000E+00_Vran118E+01
                      
 Start
           0
 set_grid_done
 set_clumps_done
 Done
 TIME :    2.72912824526429       sec
          50 %           1   191.314623882528     
 	 100 %           1   369.062890720088     
 Time :   369.238584809005     
 WOCIVL455M1NH220/N_atom400E+10_Vexp100E+03_Vemit300E+03_tauD000E+00_Vran118E+01
                      
 Start
           0
 set_grid_done
 set_clumps_done
 Done
 TIME :    2.69098514411598       sec
          50 %           1   193.505929104052     
 	 100 %           1   385.091845665127     
 Time :   385.276049776003     
 WOCIVL455M1NH220/N_atom400E+10_Vexp200E+03_Vemit300E+03_tauD000E+00_Vran118E+01
                      
 Start
           0
 set_grid_done
 set_clumps_done
 Done
 TIME :    2.68689687922597       sec
          50 %           1   184.291233809665     
 	 100 %           1   356.773723474238     
 Time :   356.956588728353     
 WOCIVL455M1NH220/N_atom400E+10_Vexp300E+03_Vemit300E+03_tauD000E+00_Vran118E+01
                      
 Start
           0
 set_grid_done
 set_clumps_done
 Done
 TIME :    2.68640228221193       sec
          50 %           1   197.981996208429     
 	 100 %           1   369.951695652679     
 Time :   370.120693625882     
 WOCIVL455M1NH220/N_atom400E+10_Vexp500E+01_Vemit300E+03_tauD000E+00_Vran118E+01
                      
 Start
           0
 set_grid_done
 set_clumps_done
 Done
 TIME :    1.63209249451756       sec
          50 %           1   187.907901669852     
 	 100 %           1   372.676039454062     
 Time :   372.856293952093     
 WOCIVL455M1NH220/N_atom400E+10_Vexp100E+02_Vemit300E+03_tauD000E+00_Vran300E+01
                      
 Start
           0
 set_grid_done
 set_clumps_done
 Done
 TIME :    2.68291500583291       sec
          50 %           1   156.548070676159     
 	 100 %           1   329.858729138970     
 Time :   330.040291414596     
 WOCIVL455M1NH220/N_atom400E+10_Vexp200E+02_Vemit300E+03_tauD000E+00_Vran300E+01
                      
 Start
           0
 set_grid_done
 set_clumps_done
 Done
 TIME :    2.68747973348945       sec
          50 %           1   187.213840586133     
 	 100 %           1   376.541203615721     
 Time :   376.720904745627     
 WOCIVL455M1NH220/N_atom400E+10_Vexp300E+02_Vemit300E+03_tauD000E+00_Vran300E+01
                      
 Start
           0
 set_grid_done
 set_clumps_done
 Done
 TIME :    2.47045830078423       sec
          50 %           1   171.851250395179     
 	 100 %           1   334.121239764616     
 Time :   334.312721743248     
 WOCIVL455M1NH220/N_atom400E+10_Vexp400E+02_Vemit300E+03_tauD000E+00_Vran300E+01
                      
 Start
           0
 set_grid_done
 set_clumps_done
 Done
 TIME :    2.70421413658187       sec
          50 %           1   197.158158354927     
 	 100 %           1   357.417963483371     
 Time :   357.613634858746     
 WOCIVL455M1NH220/N_atom400E+10_Vexp500E+02_Vemit300E+03_tauD000E+00_Vran300E+01
                      
 Start
           0
 set_grid_done
 set_clumps_done
 Done
 TIME :    2.69586286507547       sec
          50 %           1   170.664813566022     
 	 100 %           1   326.695992310997     
 Time :   326.875198403373     
 WOCIVL455M1NH220/N_atom400E+10_Vexp600E+02_Vemit300E+03_tauD000E+00_Vran300E+01
                      
 Start
           0
 set_grid_done
 set_clumps_done
 Done
 TIME :    2.69754131510854       sec
          50 %           1   188.262058532797     
 	 100 %           1   360.952404627111     
 Time :   361.124042802025     
 WOCIVL455M1NH220/N_atom400E+10_Vexp700E+02_Vemit300E+03_tauD000E+00_Vran300E+01
                      
 Start
           0
 set_grid_done
 set_clumps_done
 Done
 TIME :    2.07785493182018       sec
          50 %           1   166.162191012874     
 	 100 %           1   359.641948254779     
 Time :   359.817970635369     
 WOCIVL455M1NH220/N_atom400E+10_Vexp800E+02_Vemit300E+03_tauD000E+00_Vran300E+01
                      
 Start
           0
 set_grid_done
 set_clumps_done
 Done
 TIME :    2.68875380698591       sec
          50 %           1   187.283645370044     
 	 100 %           1   372.277758869808     
 Time :   372.464938858524     
 WOCIVL455M1NH220/N_atom400E+10_Vexp900E+02_Vemit300E+03_tauD000E+00_Vran300E+01
                      
 Start
           0
 set_grid_done
 set_clumps_done
 Done
 TIME :    2.82125770300627       sec
          50 %           1   177.781655682251     
 	 100 %           1   353.193330335431     
 Time :   353.389415414538     
 WOCIVL455M1NH220/N_atom400E+10_Vexp100E+03_Vemit300E+03_tauD000E+00_Vran300E+01
                      
 Start
           0
 set_grid_done
 set_clumps_done
 Done
 TIME :    2.83036090852693       sec
          50 %           1   184.548535071313     
 	 100 %           1   342.438166044652     
 Time :   342.615100112744     
 WOCIVL455M1NH220/N_atom400E+10_Vexp200E+03_Vemit300E+03_tauD000E+00_Vran300E+01
                      
 Start
           0
 set_grid_done
 set_clumps_done
 Done
 TIME :    2.41983765084296       sec
          50 %           1   183.904287648387     
 	 100 %           1   380.767830550205     
 Time :   380.975739569403     
 WOCIVL455M1NH220/N_atom400E+10_Vexp300E+03_Vemit300E+03_tauD000E+00_Vran300E+01
                      
 Start
           0
 set_grid_done
 set_clumps_done
 Done
 TIME :    2.81300227344036       sec
          50 %           1   191.992353898473     
 	 100 %           1   379.434241564479     
 Time :   379.616644372698     
 WOCIVL455M1NH220/N_atom400E+10_Vexp500E+01_Vemit300E+03_tauD000E+00_Vran300E+01
                      
 Start
           0
 set_grid_done
 set_clumps_done
 Done
 TIME :    2.65877556381747       sec
          50 %           1   193.276335894596     
 	 100 %           1   389.464011630975     
 Time :   389.646039017942     
 WOCIVL455M1NH220/N_atom400E+10_Vexp100E+02_Vemit300E+03_tauD000E+00_Vran500E+01
                      
 Start
           0
 set_grid_done
 set_clumps_done
 Done
 TIME :    2.68610291462392       sec
          50 %           1   183.747975968756     
 	 100 %           1   377.952400648035     
 Time :   378.107793165836     
 WOCIVL455M1NH220/N_atom400E+10_Vexp200E+02_Vemit300E+03_tauD000E+00_Vran500E+01
                      
 Start
           0
 set_grid_done
 set_clumps_done
 Done
 TIME :    1.79062861809507       sec
          50 %           1   185.114411792718     
 	 100 %           1   368.972428121138     
 Time :   369.181276650168     
 WOCIVL455M1NH220/N_atom400E+10_Vexp300E+02_Vemit300E+03_tauD000E+00_Vran500E+01
                      
 Start
           0
 set_grid_done
 set_clumps_done
 Done
 TIME :    2.65128835989162       sec
          50 %           1   188.285112548154     
 	 100 %           1   358.439521643333     
 Time :   358.626557478681     
 WOCIVL455M1NH220/N_atom400E+10_Vexp400E+02_Vemit300E+03_tauD000E+00_Vran500E+01
                      
 Start
           0
 set_grid_done
 set_clumps_done
 Done
 TIME :    2.18662017537281       sec
          50 %           1   199.066874547396     
 	 100 %           1   391.127681477927     
 Time :   391.298763789702     
 WOCIVL455M1NH220/N_atom400E+10_Vexp500E+02_Vemit300E+03_tauD000E+00_Vran500E+01
                      
 Start
           0
 set_grid_done
 set_clumps_done
 Done
 TIME :    1.61525805201381       sec
          50 %           1   185.907967236359     
 	 100 %           1   387.579136013985     
 Time :   387.770229787100     
 WOCIVL455M1NH220/N_atom400E+10_Vexp600E+02_Vemit300E+03_tauD000E+00_Vran500E+01
                      
 Start
           0
 set_grid_done
 set_clumps_done
 Done
 TIME :    2.77935877582058       sec
          50 %           1   197.067030615173     
 	 100 %           1   386.126037910115     
 Time :   386.315459324978     
 WOCIVL455M1NH220/N_atom400E+10_Vexp700E+02_Vemit300E+03_tauD000E+00_Vran500E+01
                      
 Start
           0
 set_grid_done
 set_clumps_done
 Done
 TIME :    2.68699799058959       sec
          50 %           1   193.081330220681     
 	 100 %           1   382.329867145512     
 Time :   382.506498890463     
 WOCIVL455M1NH220/N_atom400E+10_Vexp800E+02_Vemit300E+03_tauD000E+00_Vran500E+01
                      
 Start
           0
 set_grid_done
 set_clumps_done
 Done
 TIME :    2.69466533605009       sec
          50 %           1   197.277424832340     
 	 100 %           1   388.562164850999     
 Time :   388.756820952985     
 WOCIVL455M1NH220/N_atom400E+10_Vexp900E+02_Vemit300E+03_tauD000E+00_Vran500E+01
                      
 Start
           0
 set_grid_done
 set_clumps_done
 Done
 TIME :    2.62892366992310       sec
          50 %           1   167.203906400595     
 	 100 %           1   353.723701121286     
 Time :   353.907981466502     
 WOCIVL455M1NH220/N_atom400E+10_Vexp100E+03_Vemit300E+03_tauD000E+00_Vran500E+01
                      
 Start
           0
 set_grid_done
 set_clumps_done
 Done
 TIME :    2.69193714763969       sec
          50 %           1   196.086644434370     
 	 100 %           1   385.554728827439     
 Time :   385.751514062751     
 WOCIVL455M1NH220/N_atom400E+10_Vexp200E+03_Vemit300E+03_tauD000E+00_Vran500E+01
                      
 Start
           0
 set_grid_done
 set_clumps_done
 Done
 TIME :    2.63457129942253       sec
          50 %           1   196.151630729903     
 	 100 %           1   386.451325250790     
 Time :   386.640961472411     
 WOCIVL455M1NH220/N_atom400E+10_Vexp300E+03_Vemit300E+03_tauD000E+00_Vran500E+01
                      
 Start
           0
 set_grid_done
 set_clumps_done
 Done
 TIME :    2.80936060426757       sec
          50 %           1   176.341124235652     
 	 100 %           1   355.801183708012     
 Time :   355.982388446573     
 WOCIVL455M1NH220/N_atom400E+10_Vexp500E+01_Vemit300E+03_tauD000E+00_Vran500E+01
                      
 Start
           0
 set_grid_done
 set_clumps_done
 Done
 TIME :    2.68375051859766       sec
          50 %           1   194.170115210582     
 	 100 %           1   370.740462574642     
 Time :   370.928735042922     
