nohup: ignoring input
 WOCIVL455M1NH220/N_atom400E+10_Vexp100E+02_Vemit100E+03_tauD000E+00_Vran118E+01
                      
 Start
           0
 set_grid_done
 set_clumps_done
 Done
 TIME :    1.39862747001462       sec
          50 %           3   34.5529744331725     
 	 100 %           1   67.0963646515738     
 Time :   67.2155151467305     
 WOCIVL455M1NH220/N_atom400E+10_Vexp200E+02_Vemit100E+03_tauD000E+00_Vran118E+01
                      
 Start
           0
 set_grid_done
 set_clumps_done
 Done
 TIME :    1.39932080055587       sec
          50 %           1   34.5162155325525     
 	 100 %           1   67.7131014016923     
 Time :   67.8333254661411     
 WOCIVL455M1NH220/N_atom400E+10_Vexp300E+02_Vemit100E+03_tauD000E+00_Vran118E+01
                      
 Start
           0
 set_grid_done
 set_clumps_done
 Done
 TIME :    1.40035671857186       sec
          50 %           4   34.6567316325381     
 	 100 %           2   67.9468902635854     
 Time :   68.0644744781312     
 WOCIVL455M1NH220/N_atom400E+10_Vexp400E+02_Vemit100E+03_tauD000E+00_Vran118E+01
                      
 Start
           0
 set_grid_done
 set_clumps_done
 Done
 TIME :    1.39809309993871       sec
          50 %           4   34.8558310649823     
 	 100 %           1   68.4813771569170     
 Time :   68.5985275115818     
 WOCIVL455M1NH220/N_atom400E+10_Vexp500E+02_Vemit100E+03_tauD000E+00_Vran118E+01
                      
 Start
           0
 set_grid_done
 set_clumps_done
 Done
 TIME :    1.40308792097494       sec
          50 %           1   36.3717045907397     
 	 100 %           1   72.2735875064973     
 Time :   72.3935713968240     
 WOCIVL455M1NH220/N_atom400E+10_Vexp600E+02_Vemit100E+03_tauD000E+00_Vran118E+01
                      
 Start
           0
 set_grid_done
 set_clumps_done
 Done
 TIME :    1.41629395284690       sec
          50 %           3   39.4074615412392     
 	 100 %           4   82.7464636405930     
 Time :   82.8873828123324     
 WOCIVL455M1NH220/N_atom400E+10_Vexp700E+02_Vemit100E+03_tauD000E+00_Vran118E+01
                      
 Start
           0
 set_grid_done
 set_clumps_done
 Done
 TIME :    1.46176481060684       sec
          50 %           2   49.2453543459997     
 	 100 %           4   96.3460316981655     
 Time :   96.4892911235802     
 WOCIVL455M1NH220/N_atom400E+10_Vexp800E+02_Vemit100E+03_tauD000E+00_Vran118E+01
                      
 Start
           0
 set_grid_done
 set_clumps_done
 Done
 TIME :    2.25236898055300       sec
          50 %           3   52.2840344416909     
 	 100 %           2   105.987909770804     
 Time :   106.126201546285     
 WOCIVL455M1NH220/N_atom400E+10_Vexp900E+02_Vemit100E+03_tauD000E+00_Vran118E+01
                      
 Start
           0
 set_grid_done
 set_clumps_done
 Done
 TIME :    2.48075087228790       sec
          50 %           1   55.1128576016054     
 	 100 %           1   107.224388812203     
 Time :   107.376257270109     
 WOCIVL455M1NH220/N_atom400E+10_Vexp100E+03_Vemit100E+03_tauD000E+00_Vran118E+01
                      
 Start
           0
 set_grid_done
 set_clumps_done
 Done
 TIME :    2.52431921404786       sec
          50 %           4   54.3199977378827     
 	 100 %           4   107.269741566852     
 Time :   107.428886177950     
 WOCIVL455M1NH220/N_atom400E+10_Vexp200E+03_Vemit100E+03_tauD000E+00_Vran118E+01
                      
 Start
           0
 set_grid_done
 set_clumps_done
 Done
 TIME :    2.53382436046377       sec
          50 %           2   55.4789663308766     
 	 100 %           2   101.531094001140     
 Time :   101.683970704675     
 WOCIVL455M1NH220/N_atom400E+10_Vexp300E+03_Vemit100E+03_tauD000E+00_Vran118E+01
                      
 Start
           0
 set_grid_done
 set_clumps_done
 Done
 TIME :    2.48481770930812       sec
          50 %           3   57.5204581066500     
 	 100 %           3   104.787232561270     
 Time :   104.933896091068     
 WOCIVL455M1NH220/N_atom400E+10_Vexp500E+01_Vemit100E+03_tauD000E+00_Vran118E+01
                      
 Start
           0
 set_grid_done
 set_clumps_done
 Done
 TIME :    2.53901155502535       sec
          50 %           4   46.3802427949850     
 	 100 %           3   93.1112265517004     
 Time :   93.2427097279578     
 WOCIVL455M1NH220/N_atom400E+10_Vexp100E+02_Vemit100E+03_tauD000E+00_Vran300E+01
                      
 Start
           0
 set_grid_done
 set_clumps_done
 Done
 TIME :    1.47337047732435       sec
          50 %           1   46.9742324191611     
 	 100 %           4   92.3073755530640     
 Time :   92.4417975840624     
 WOCIVL455M1NH220/N_atom400E+10_Vexp200E+02_Vemit100E+03_tauD000E+00_Vran300E+01
                      
 Start
           0
 set_grid_done
 set_clumps_done
 Done
 TIME :    1.47607259498909       sec
          50 %           4   46.1456642306875     
 	 100 %           3   94.1313431803137     
 Time :   94.2719190132339     
 WOCIVL455M1NH220/N_atom400E+10_Vexp300E+02_Vemit100E+03_tauD000E+00_Vran300E+01
                      
 Start
           0
 set_grid_done
 set_clumps_done
 Done
 TIME :    1.46714301640168       sec
          50 %           3   50.5810419986956     
 	 100 %           1   98.9382842779160     
 Time :   99.0908898992930     
 WOCIVL455M1NH220/N_atom400E+10_Vexp400E+02_Vemit100E+03_tauD000E+00_Vran300E+01
                      
 Start
           0
 set_grid_done
 set_clumps_done
 Done
 TIME :    2.54043175932020       sec
          50 %           4   50.7567419023253     
 	 100 %           2   96.7776326593012     
 Time :   96.9279071141500     
 WOCIVL455M1NH220/N_atom400E+10_Vexp500E+02_Vemit100E+03_tauD000E+00_Vran300E+01
                      
 Start
           0
 set_grid_done
 set_clumps_done
 Done
 TIME :    2.54342908482067       sec
          50 %           1   50.7571420685854     
 	 100 %           4   102.312508901581     
 Time :   102.470843431307     
 WOCIVL455M1NH220/N_atom400E+10_Vexp600E+02_Vemit100E+03_tauD000E+00_Vran300E+01
                      
 Start
           0
 set_grid_done
 set_clumps_done
 Done
 TIME :    2.55219371174462       sec
          50 %           3   52.8150191255845     
 	 100 %           1   107.057094757212     
 Time :   107.218041454442     
 WOCIVL455M1NH220/N_atom400E+10_Vexp700E+02_Vemit100E+03_tauD000E+00_Vran300E+01
                      
 Start
           0
 set_grid_done
 set_clumps_done
 Done
 TIME :    2.13958102161996       sec
          50 %           1   54.7672859707382     
 	 100 %           2   106.232957253465     
 Time :   106.384489055024     
 WOCIVL455M1NH220/N_atom400E+10_Vexp800E+02_Vemit100E+03_tauD000E+00_Vran300E+01
                      
 Start
           0
 set_grid_done
 set_clumps_done
 Done
 TIME :    2.51097311754711       sec
          50 %           4   56.3728532630485     
 	 100 %           2   110.892338777659     
 Time :   111.038794734981     
 WOCIVL455M1NH220/N_atom400E+10_Vexp900E+02_Vemit100E+03_tauD000E+00_Vran300E+01
                      
 Start
           0
 set_grid_done
 set_clumps_done
 Done
 TIME :    2.55103634414263       sec
          50 %           1   54.0570485580247     
 	 100 %           2   100.027916803723     
 Time :   100.173084946815     
 WOCIVL455M1NH220/N_atom400E+10_Vexp100E+03_Vemit100E+03_tauD000E+00_Vran300E+01
                      
 Start
           0
 set_grid_done
 set_clumps_done
 Done
 TIME :    2.54860917618498       sec
          50 %           2   52.7742828468326     
 	 100 %           4   98.1395823620260     
 Time :   98.2917542934883     
 WOCIVL455M1NH220/N_atom400E+10_Vexp200E+03_Vemit100E+03_tauD000E+00_Vran300E+01
                      
 Start
           0
 set_grid_done
 set_clumps_done
 Done
 TIME :    2.54452969529666       sec
          50 %           2   51.9878436997533     
 	 100 %           1   99.3976499193814     
 Time :   99.5406275319401     
 WOCIVL455M1NH220/N_atom400E+10_Vexp300E+03_Vemit100E+03_tauD000E+00_Vran300E+01
                      
 Start
           0
 set_grid_done
 set_clumps_done
 Done
 TIME :    1.46288660122082       sec
          50 %           3   48.6653581720311     
 	 100 %           4   97.4167594606988     
 Time :   97.5684501123615     
 WOCIVL455M1NH220/N_atom400E+10_Vexp500E+01_Vemit100E+03_tauD000E+00_Vran300E+01
                      
 Start
           0
 set_grid_done
 set_clumps_done
 Done
 TIME :    2.53844490391202       sec
          50 %           3   52.7309024904389     
 	 100 %           3   99.5298265661113     
 Time :   99.6830753332470     
 WOCIVL455M1NH220/N_atom400E+10_Vexp100E+02_Vemit100E+03_tauD000E+00_Vran500E+01
                      
 Start
           0
 set_grid_done
 set_clumps_done
 Done
 TIME :    2.54475631355308       sec
          50 %           3   49.1950337111484     
 	 100 %           1   97.2346566442866     
 Time :   97.3911190556828     
 WOCIVL455M1NH220/N_atom400E+10_Vexp200E+02_Vemit100E+03_tauD000E+00_Vran500E+01
                      
 Start
           0
 set_grid_done
 set_clumps_done
 Done
 TIME :    2.33724045241252       sec
          50 %           3   49.5733305083122     
 	 100 %           4   96.0143481884152     
 Time :   96.1603050425183     
 WOCIVL455M1NH220/N_atom400E+10_Vexp300E+02_Vemit100E+03_tauD000E+00_Vran500E+01
                      
 Start
           0
 set_grid_done
 set_clumps_done
 Done
 TIME :    2.53370107733645       sec
          50 %           3   53.5562667730264     
 	 100 %           3   100.956660221098     
 Time :   101.116575248307     
 WOCIVL455M1NH220/N_atom400E+10_Vexp400E+02_Vemit100E+03_tauD000E+00_Vran500E+01
                      
 Start
           0
 set_grid_done
 set_clumps_done
 Done
 TIME :    2.55365638621151       sec
          50 %           3   56.5000793426298     
 	 100 %           1   102.387203527382     
 Time :   102.541412950028     
 WOCIVL455M1NH220/N_atom400E+10_Vexp500E+02_Vemit100E+03_tauD000E+00_Vran500E+01
                      
 Start
           0
 set_grid_done
 set_clumps_done
 Done
 TIME :    1.76920301257633       sec
          50 %           3   56.0230338734109     
 	 100 %           1   107.430156548973     
 Time :   107.590687861200     
 WOCIVL455M1NH220/N_atom400E+10_Vexp600E+02_Vemit100E+03_tauD000E+00_Vran500E+01
                      
 Start
           0
 set_grid_done
 set_clumps_done
 Done
 TIME :    2.55416278354824       sec
          50 %           2   101.802285820944     
 	 100 %           4   155.758045685478     
 Time :   155.919185548089     
 WOCIVL455M1NH220/N_atom400E+10_Vexp700E+02_Vemit100E+03_tauD000E+00_Vran500E+01
                      
 Start
           0
 set_grid_done
 set_clumps_done
 Done
 TIME :    2.55506467819214       sec
          50 %           1   54.8784415039700     
 	 100 %           4   107.681989597389     
 Time :   107.838872212917     
 WOCIVL455M1NH220/N_atom400E+10_Vexp800E+02_Vemit100E+03_tauD000E+00_Vran500E+01
                      
 Start
           0
 set_grid_done
 set_clumps_done
 Done
 TIME :    2.55037169763818       sec
          50 %           3   51.0273898942396     
 	 100 %           4   99.7108759912662     
 Time :   99.8647739251610     
 WOCIVL455M1NH220/N_atom400E+10_Vexp900E+02_Vemit100E+03_tauD000E+00_Vran500E+01
                      
 Start
           0
 set_grid_done
 set_clumps_done
 Done
 TIME :    1.47009387402795       sec
          50 %           3   55.2708359779790     
 	 100 %           1   104.751386746299     
 Time :   104.894966928056     
 WOCIVL455M1NH220/N_atom400E+10_Vexp100E+03_Vemit100E+03_tauD000E+00_Vran500E+01
                      
 Start
           0
 set_grid_done
 set_clumps_done
 Done
 TIME :    2.15147138643079       sec
          50 %           3   52.1600002555642     
 	 100 %           4   104.662183877314     
 Time :   104.815609368496     
 WOCIVL455M1NH220/N_atom400E+10_Vexp200E+03_Vemit100E+03_tauD000E+00_Vran500E+01
                      
 Start
           0
 set_grid_done
 set_clumps_done
 Done
 TIME :    2.24029233353212       sec
          50 %           2   45.8056649526116     
 	 100 %           2   89.2068181382492     
 Time :   89.3617188176140     
 WOCIVL455M1NH220/N_atom400E+10_Vexp300E+03_Vemit100E+03_tauD000E+00_Vran500E+01
                      
 Start
           0
 set_grid_done
 set_clumps_done
 Done
 TIME :    2.56255978532135       sec
          50 %           2   55.7594926345628     
 	 100 %           4   107.648005140945     
 Time :   107.811953992816     
 WOCIVL455M1NH220/N_atom400E+10_Vexp500E+01_Vemit100E+03_tauD000E+00_Vran500E+01
                      
 Start
           0
 set_grid_done
 set_clumps_done
 Done
 TIME :    2.27315448876470       sec
          50 %           4   56.7168175557163     
 	 100 %           3   108.046092084842     
 Time :   108.207139502512     
 WOCIVL455M1NH220/N_atom400E+10_Vexp100E+02_Vemit200E+03_tauD000E+00_Vran118E+01
                      
 Start
           0
 set_grid_done
 set_clumps_done
 Done
 TIME :    2.55221441062167       sec
          50 %           4   51.8266620780341     
 	 100 %           4   99.0707454727963     
 Time :   99.2239197487943     
 WOCIVL455M1NH220/N_atom400E+10_Vexp200E+02_Vemit200E+03_tauD000E+00_Vran118E+01
                      
 Start
           0
 set_grid_done
 set_clumps_done
 Done
 TIME :    2.50250306772068       sec
          50 %           4   46.3097386700101     
 	 100 %           1   97.1292532836087     
 Time :   97.2967540693935     
 WOCIVL455M1NH220/N_atom400E+10_Vexp300E+02_Vemit200E+03_tauD000E+00_Vran118E+01
                      
 Start
           0
 set_grid_done
 set_clumps_done
 Done
 TIME :    2.56413953145966       sec
          50 %           3   52.2907388643362     
 	 100 %           4   101.083984596189     
 Time :   101.247385332128     
 WOCIVL455M1NH220/N_atom400E+10_Vexp400E+02_Vemit200E+03_tauD000E+00_Vran118E+01
                      
 Start
           0
 set_grid_done
 set_clumps_done
 Done
 TIME :    2.55026698997244       sec
          50 %           1   54.3691303071100     
 	 100 %           4   104.968459041091     
 Time :   105.129385159584     
 WOCIVL455M1NH220/N_atom400E+10_Vexp500E+02_Vemit200E+03_tauD000E+00_Vran118E+01
                      
 Start
           0
 set_grid_done
 set_clumps_done
 Done
 TIME :    2.45037248171866       sec
          50 %           1   50.9108367685694     
 	 100 %           3   98.9878931676503     
 Time :   99.1483171968721     
 WOCIVL455M1NH220/N_atom400E+10_Vexp600E+02_Vemit200E+03_tauD000E+00_Vran118E+01
                      
 Start
           0
 set_grid_done
 set_clumps_done
 Done
 TIME :    2.54042794229463       sec
          50 %           1   56.9742197308224     
 	 100 %           1   108.784148850711     
 Time :   108.938294933876     
 WOCIVL455M1NH220/N_atom400E+10_Vexp700E+02_Vemit200E+03_tauD000E+00_Vran118E+01
                      
 Start
           0
 set_grid_done
 set_clumps_done
 Done
 TIME :    2.49641575152054       sec
          50 %           3   54.1960469693877     
 	 100 %           2   103.544793143868     
 Time :   103.703674908262     
 WOCIVL455M1NH220/N_atom400E+10_Vexp800E+02_Vemit200E+03_tauD000E+00_Vran118E+01
                      
 Start
           0
 set_grid_done
 set_clumps_done
 Done
 TIME :    2.52908274787478       sec
          50 %           1   50.8128452273086     
 	 100 %           3   94.5270864239428     
 Time :   94.6738178019878     
 WOCIVL455M1NH220/N_atom400E+10_Vexp900E+02_Vemit200E+03_tauD000E+00_Vran118E+01
                      
 Start
           0
 set_grid_done
 set_clumps_done
 Done
 TIME :    2.11813603690825       sec
          50 %           2   49.8971656132489     
 	 100 %           2   101.919226238737     
 Time :   102.079757841537     
 WOCIVL455M1NH220/N_atom400E+10_Vexp100E+03_Vemit200E+03_tauD000E+00_Vran118E+01
                      
 Start
           0
 set_grid_done
 set_clumps_done
 Done
 TIME :    2.54277298483066       sec
          50 %           2   56.1670119871851     
 	 100 %           3   106.653928823071     
 Time :   106.818693978013     
 WOCIVL455M1NH220/N_atom400E+10_Vexp200E+03_Vemit200E+03_tauD000E+00_Vran118E+01
                      
 Start
           0
 set_grid_done
 set_clumps_done
 Done
 TIME :    2.54901622561738       sec
          50 %           1   53.3988339975476     
 	 100 %           1   107.743597998051     
 Time :   107.893945861841     
 WOCIVL455M1NH220/N_atom400E+10_Vexp300E+03_Vemit200E+03_tauD000E+00_Vran118E+01
                      
 Start
           0
 set_grid_done
 set_clumps_done
 Done
 TIME :    2.53083212440833       sec
          50 %           4   60.1613904398400     
 	 100 %           4   109.258106603753     
 Time :   109.412157226121     
 WOCIVL455M1NH220/N_atom400E+10_Vexp500E+01_Vemit200E+03_tauD000E+00_Vran118E+01
                      
 Start
           0
 set_grid_done
 set_clumps_done
 Done
 TIME :    2.49020178616047       sec
          50 %           1   45.0265535560902     
 	 100 %           4   88.1552868306171     
 Time :   88.3234861367382     
 WOCIVL455M1NH220/N_atom400E+10_Vexp100E+02_Vemit200E+03_tauD000E+00_Vran300E+01
                      
 Start
           0
 set_grid_done
 set_clumps_done
 Done
 TIME :    2.56443187408149       sec
          50 %           3   53.5713523575105     
 	 100 %           1   105.691046918277     
 Time :   105.848830516916     
 WOCIVL455M1NH220/N_atom400E+10_Vexp200E+02_Vemit200E+03_tauD000E+00_Vran300E+01
                      
 Start
           0
 set_grid_done
 set_clumps_done
 Done
 TIME :    2.56542139430530       sec
          50 %           2   52.4569831551053     
 	 100 %           2   104.407968315762     
 Time :   104.583513917634     
 WOCIVL455M1NH220/N_atom400E+10_Vexp300E+02_Vemit200E+03_tauD000E+00_Vran300E+01
                      
 Start
           0
 set_grid_done
 set_clumps_done
 Done
 TIME :    2.55856355163269       sec
          50 %           4   54.8635212322697     
 	 100 %           2   105.264254836598     
 Time :   105.438876993023     
 WOCIVL455M1NH220/N_atom400E+10_Vexp400E+02_Vemit200E+03_tauD000E+00_Vran300E+01
                      
 Start
           0
 set_grid_done
 set_clumps_done
 Done
 TIME :    2.54861681070179       sec
          50 %           4   53.5184966609813     
 	 100 %           3   100.940922553884     
 Time :   101.117794973776     
 WOCIVL455M1NH220/N_atom400E+10_Vexp500E+02_Vemit200E+03_tauD000E+00_Vran300E+01
                      
 Start
           0
 set_grid_done
 set_clumps_done
 Done
 TIME :    2.55818116897717       sec
          50 %           3   49.6433161033783     
 	 100 %           4   102.841311080148     
 Time :   103.010897077154     
 WOCIVL455M1NH220/N_atom400E+10_Vexp600E+02_Vemit200E+03_tauD000E+00_Vran300E+01
                      
 Start
           0
 set_grid_done
 set_clumps_done
 Done
 TIME :    2.55867987149395       sec
          50 %           4   52.1558836242184     
 	 100 %           3   98.0323140460532     
 Time :   98.1902521867305     
 WOCIVL455M1NH220/N_atom400E+10_Vexp700E+02_Vemit200E+03_tauD000E+00_Vran300E+01
                      
 Start
           0
 set_grid_done
 set_clumps_done
 Done
 TIME :    2.03143443563022       sec
          50 %           4   49.2868045740761     
 	 100 %           1   99.0547699362505     
 Time :   99.2164233194198     
 WOCIVL455M1NH220/N_atom400E+10_Vexp800E+02_Vemit200E+03_tauD000E+00_Vran300E+01
                      
 Start
           0
 set_grid_done
 set_clumps_done
 Done
 TIME :    2.28705938137136       sec
          50 %           2   55.4713767953217     
 	 100 %           4   107.990489956923     
 Time :   108.149799760198     
 WOCIVL455M1NH220/N_atom400E+10_Vexp900E+02_Vemit200E+03_tauD000E+00_Vran300E+01
                      
 Start
           0
 set_grid_done
 set_clumps_done
 Done
 TIME :    2.53727168636397       sec
          50 %           1   54.8732485082000     
 	 100 %           3   105.354146627709     
 Time :   105.515358806821     
 WOCIVL455M1NH220/N_atom400E+10_Vexp100E+03_Vemit200E+03_tauD000E+00_Vran300E+01
                      
 Start
           0
 set_grid_done
 set_clumps_done
 Done
 TIME :    1.91055879974738       sec
          50 %           4   45.6116935929749     
 	 100 %           2   140.336388180964     
 Time :   140.492014852585     
 WOCIVL455M1NH220/N_atom400E+10_Vexp200E+03_Vemit200E+03_tauD000E+00_Vran300E+01
                      
 Start
           0
 set_grid_done
 set_clumps_done
 Done
 TIME :    1.91652170056477       sec
          50 %           1   53.5927801898215     
 	 100 %           4   101.452426014701     
 Time :   101.613336954499     
 WOCIVL455M1NH220/N_atom400E+10_Vexp300E+03_Vemit200E+03_tauD000E+00_Vran300E+01
                      
 Start
           0
 set_grid_done
 set_clumps_done
 Done
 TIME :    2.49878734420054       sec
          50 %           4   49.3868473526090     
 	 100 %           4   101.877043546177     
 Time :   102.050222294172     
 WOCIVL455M1NH220/N_atom400E+10_Vexp500E+01_Vemit200E+03_tauD000E+00_Vran300E+01
                      
 Start
           0
 set_grid_done
 set_clumps_done
 Done
 TIME :    1.56173953041434       sec
          50 %           2   48.8063413149212     
 	 100 %           3   102.965406642295     
 Time :   103.139009021223     
 WOCIVL455M1NH220/N_atom400E+10_Vexp100E+02_Vemit200E+03_tauD000E+00_Vran500E+01
                      
 Start
           0
 set_grid_done
 set_clumps_done
 Done
 TIME :    2.55889469780959       sec
          50 %           4   51.9066174179316     
 	 100 %           3   99.3507612615358     
 Time :   99.5180802738760     
 WOCIVL455M1NH220/N_atom400E+10_Vexp200E+02_Vemit200E+03_tauD000E+00_Vran500E+01
                      
 Start
           0
 set_grid_done
 set_clumps_done
 Done
 TIME :    2.56135426671244       sec
          50 %           4   47.8202048346866     
 	 100 %           3   95.6836522854865     
 Time :   95.8385705980472     
 WOCIVL455M1NH220/N_atom400E+10_Vexp300E+02_Vemit200E+03_tauD000E+00_Vran500E+01
                      
 Start
           0
 set_grid_done
 set_clumps_done
 Done
 TIME :    1.49642713856883       sec
          50 %           1   48.2298507771920     
 	 100 %           1   93.0033605662175     
 Time :   93.1733414097689     
 WOCIVL455M1NH220/N_atom400E+10_Vexp400E+02_Vemit200E+03_tauD000E+00_Vran500E+01
                      
 Start
           0
 set_grid_done
 set_clumps_done
 Done
 TIME :    2.56112453248352       sec
          50 %           4   50.6373922007624     
 	 100 %           2   102.898790135514     
 Time :   103.058841029648     
 WOCIVL455M1NH220/N_atom400E+10_Vexp500E+02_Vemit200E+03_tauD000E+00_Vran500E+01
                      
 Start
           0
 set_grid_done
 set_clumps_done
 Done
 TIME :    2.47558297403157       sec
          50 %           1   51.2105663698167     
 	 100 %           2   100.317194479052     
 Time :   100.486312962603     
 WOCIVL455M1NH220/N_atom400E+10_Vexp600E+02_Vemit200E+03_tauD000E+00_Vran500E+01
                      
 Start
           0
 set_grid_done
 set_clumps_done
 Done
 TIME :    2.54976903856732       sec
          50 %           3   56.7532933612820     
 	 100 %           2   110.623823346570     
 Time :   110.794984991895     
 WOCIVL455M1NH220/N_atom400E+10_Vexp700E+02_Vemit200E+03_tauD000E+00_Vran500E+01
                      
 Start
           0
 set_grid_done
 set_clumps_done
 Done
 TIME :    2.56092082755640       sec
          50 %           2   54.1718910804484     
 	 100 %           3   99.4722560178488     
 Time :   99.6222056688275     
 WOCIVL455M1NH220/N_atom400E+10_Vexp800E+02_Vemit200E+03_tauD000E+00_Vran500E+01
                      
 Start
           0
 set_grid_done
 set_clumps_done
 Done
 TIME :    2.50001198914833       sec
          50 %           2   51.3724679520819     
 	 100 %           4   100.961638240376     
 Time :   101.115553617245     
 WOCIVL455M1NH220/N_atom400E+10_Vexp900E+02_Vemit200E+03_tauD000E+00_Vran500E+01
                      
 Start
           0
 set_grid_done
 set_clumps_done
 Done
 TIME :    2.05498851696029       sec
          50 %           4   50.8795866903383     
 	 100 %           2   101.541521190200     
 Time :   101.702481212793     
 WOCIVL455M1NH220/N_atom400E+10_Vexp100E+03_Vemit200E+03_tauD000E+00_Vran500E+01
                      
 Start
           0
 set_grid_done
 set_clumps_done
 Done
 TIME :    2.55452408641577       sec
          50 %           4   52.1767589224037     
 	 100 %           3   106.508449401706     
 Time :   106.677422179608     
 WOCIVL455M1NH220/N_atom400E+10_Vexp200E+03_Vemit200E+03_tauD000E+00_Vran500E+01
                      
 Start
           0
 set_grid_done
 set_clumps_done
 Done
 TIME :    2.55898986756802       sec
          50 %           2   53.6674660090357     
 	 100 %           2   100.469803767279     
 Time :   100.643920418108     
 WOCIVL455M1NH220/N_atom400E+10_Vexp300E+03_Vemit200E+03_tauD000E+00_Vran500E+01
                      
 Start
           0
 set_grid_done
 set_clumps_done
 Done
 TIME :    2.55292227887549       sec
          50 %           3   55.2752698189579     
 	 100 %           2   104.492410796694     
 Time :   104.674270794028     
 WOCIVL455M1NH220/N_atom400E+10_Vexp500E+01_Vemit200E+03_tauD000E+00_Vran500E+01
                      
 Start
           0
 set_grid_done
 set_clumps_done
 Done
 TIME :    2.55652710259892       sec
          50 %           4   56.1802810381632     
 	 100 %           3   105.282225995325     
 Time :   105.433430177625     
 WOCIVL455M1NH220/N_atom400E+10_Vexp100E+02_Vemit300E+03_tauD000E+00_Vran118E+01
                      
 Start
           0
 set_grid_done
 set_clumps_done
 Done
 TIME :    2.12650236068293       sec
          50 %           3   49.0998864965513     
 	 100 %           3   96.2064013825729     
 Time :   96.3774913023226     
 WOCIVL455M1NH220/N_atom400E+10_Vexp200E+02_Vemit300E+03_tauD000E+00_Vran118E+01
                      
 Start
           0
 set_grid_done
 set_clumps_done
 Done
 TIME :    2.55837742006406       sec
          50 %           4   53.2649526083842     
 	 100 %           4   102.170162672410     
 Time :   102.347648712108     
 WOCIVL455M1NH220/N_atom400E+10_Vexp300E+02_Vemit300E+03_tauD000E+00_Vran118E+01
                      
 Start
           0
 set_grid_done
 set_clumps_done
 Done
 TIME :    2.55916707264259       sec
          50 %           2   52.6537771902513     
 	 100 %           3   99.7633896111511     
 Time :   99.9299266152084     
 WOCIVL455M1NH220/N_atom400E+10_Vexp400E+02_Vemit300E+03_tauD000E+00_Vran118E+01
                      
 Start
           0
 set_grid_done
 set_clumps_done
 Done
 TIME :    2.55711236875504       sec
          50 %           3   54.2648775912821     
 	 100 %           1   99.4689414827153     
 Time :   99.6199417295866     
 WOCIVL455M1NH220/N_atom400E+10_Vexp500E+02_Vemit300E+03_tauD000E+00_Vran118E+01
                      
 Start
           0
 set_grid_done
 set_clumps_done
 Done
 TIME :    2.56693311175331       sec
          50 %           3   51.9558952215593     
 	 100 %           3   98.6601658957079     
 Time :   98.8081604614854     
 WOCIVL455M1NH220/N_atom400E+10_Vexp600E+02_Vemit300E+03_tauD000E+00_Vran118E+01
                      
 Start
           0
 set_grid_done
 set_clumps_done
 Done
 TIME :    2.22432141564786       sec
          50 %           1   49.9925229148939     
 	 100 %           2   97.1047518816777     
 Time :   97.2678933977149     
 WOCIVL455M1NH220/N_atom400E+10_Vexp700E+02_Vemit300E+03_tauD000E+00_Vran118E+01
                      
 Start
           0
 set_grid_done
 set_clumps_done
 Done
 TIME :    2.55968177528121       sec
          50 %           3   50.6978126657195     
 	 100 %           2   98.6742787014227     
 Time :   98.8439401311334     
 WOCIVL455M1NH220/N_atom400E+10_Vexp800E+02_Vemit300E+03_tauD000E+00_Vran118E+01
                      
 Start
           0
 set_grid_done
 set_clumps_done
 Done
 TIME :    2.55429455265403       sec
          50 %           3   56.4365350529552     
 	 100 %           4   105.610606481787     
 Time :   105.777108930517     
 WOCIVL455M1NH220/N_atom400E+10_Vexp900E+02_Vemit300E+03_tauD000E+00_Vran118E+01
                      
 Start
           0
 set_grid_done
 set_clumps_done
 Done
 TIME :    2.55302827898413       sec
          50 %           1   50.7036383673549     
 	 100 %           3   102.985103663057     
 Time :   103.145870670676     
 WOCIVL455M1NH220/N_atom400E+10_Vexp100E+03_Vemit300E+03_tauD000E+00_Vran118E+01
                      
 Start
           0
 set_grid_done
 set_clumps_done
 Done
 TIME :    1.47901558782905       sec
          50 %           1   53.7263347813860     
 	 100 %           3   107.111390495673     
 Time :   107.272681814386     
 WOCIVL455M1NH220/N_atom400E+10_Vexp200E+03_Vemit300E+03_tauD000E+00_Vran118E+01
                      
 Start
           0
 set_grid_done
 set_clumps_done
 Done
 TIME :    2.44423495070077       sec
          50 %           4   53.2965988854412     
 	 100 %           4   100.574041234329     
 Time :   100.744373231428     
 WOCIVL455M1NH220/N_atom400E+10_Vexp300E+03_Vemit300E+03_tauD000E+00_Vran118E+01
                      
 Start
           0
 set_grid_done
 set_clumps_done
 Done
 TIME :    2.55383399198763       sec
          50 %           3   58.6395815452561     
 	 100 %           4   111.043787492206     
 Time :   111.210676020710     
 WOCIVL455M1NH220/N_atom400E+10_Vexp500E+01_Vemit300E+03_tauD000E+00_Vran118E+01
                      
 Start
           0
 set_grid_done
 set_clumps_done
 Done
 TIME :    2.54747524298728       sec
          50 %           1   52.0841280738823     
 	 100 %           3   104.894115729025     
 Time :   105.063610493904     
 WOCIVL455M1NH220/N_atom400E+10_Vexp100E+02_Vemit300E+03_tauD000E+00_Vran300E+01
                      
 Start
           0
 set_grid_done
 set_clumps_done
 Done
 TIME :    2.56021606526338       sec
          50 %           4   99.6868528332561     
 	 100 %           1   144.367060715565     
 Time :   144.513847618364     
 WOCIVL455M1NH220/N_atom400E+10_Vexp200E+02_Vemit300E+03_tauD000E+00_Vran300E+01
                      
 Start
           0
 set_grid_done
 set_clumps_done
 Done
 TIME :    2.42067515873350       sec
          50 %           4   46.7785739505198     
 	 100 %           2   97.6178384248633     
 Time :   97.7889911835082     
 WOCIVL455M1NH220/N_atom400E+10_Vexp300E+02_Vemit300E+03_tauD000E+00_Vran300E+01
                      
 Start
           0
 set_grid_done
 set_clumps_done
 Done
 TIME :    2.56366826035082       sec
          50 %           1   50.3941899456549     
 	 100 %           1   98.7204973925836     
 Time :   98.8915927328635     
 WOCIVL455M1NH220/N_atom400E+10_Vexp400E+02_Vemit300E+03_tauD000E+00_Vran300E+01
                      
 Start
           0
 set_grid_done
 set_clumps_done
 Done
 TIME :    2.49751832569018       sec
          50 %           4   51.0577550998423     
 	 100 %           2   102.943873470882     
 Time :   103.104295676807     
 WOCIVL455M1NH220/N_atom400E+10_Vexp500E+02_Vemit300E+03_tauD000E+00_Vran300E+01
                      
 Start
           0
 set_grid_done
 set_clumps_done
 Done
 TIME :    2.50755228172056       sec
          50 %           3   53.9900853259023     
 	 100 %           1   104.890489284648     
 Time :   105.047798877116     
 WOCIVL455M1NH220/N_atom400E+10_Vexp600E+02_Vemit300E+03_tauD000E+00_Vran300E+01
                      
 Start
           0
 set_grid_done
 set_clumps_done
 Done
 TIME :    2.49670045962557       sec
          50 %           1   57.4037546566688     
 	 100 %           4   107.529394065263     
 Time :   107.697786706733     
 WOCIVL455M1NH220/N_atom400E+10_Vexp700E+02_Vemit300E+03_tauD000E+00_Vran300E+01
                      
 Start
           0
 set_grid_done
 set_clumps_done
 Done
 TIME :    2.58890013326891       sec
          50 %           1   52.5387447387911     
 	 100 %           2   102.751857948024     
 Time :   102.910080336034     
 WOCIVL455M1NH220/N_atom400E+10_Vexp800E+02_Vemit300E+03_tauD000E+00_Vran300E+01
                      
 Start
           0
 set_grid_done
 set_clumps_done
 Done
 TIME :    2.52649157005362       sec
          50 %           3   53.1054257145151     
 	 100 %           2   106.755122867413     
 Time :   106.928412024165     
 WOCIVL455M1NH220/N_atom400E+10_Vexp900E+02_Vemit300E+03_tauD000E+00_Vran300E+01
                      
 Start
           0
 set_grid_done
 set_clumps_done
 Done
 TIME :    2.56302993395366       sec
          50 %           4   56.0423929553945     
 	 100 %           1   110.879959829384     
 Time :   111.050445707282     
 WOCIVL455M1NH220/N_atom400E+10_Vexp100E+03_Vemit300E+03_tauD000E+00_Vran300E+01
                      
 Start
           0
 set_grid_done
 set_clumps_done
 Done
 TIME :    2.55478075169958       sec
          50 %           1   55.6902958105784     
 	 100 %           4   102.328434994677     
 Time :   102.501798832556     
 WOCIVL455M1NH220/N_atom400E+10_Vexp200E+03_Vemit300E+03_tauD000E+00_Vran300E+01
                      
 Start
           0
 set_grid_done
 set_clumps_done
 Done
 TIME :    2.56075259950012       sec
          50 %           2   56.0760884059127     
 	 100 %           4   110.860113366274     
 Time :   111.032922736136     
 WOCIVL455M1NH220/N_atom400E+10_Vexp300E+03_Vemit300E+03_tauD000E+00_Vran300E+01
                      
 Start
           0
 set_grid_done
 set_clumps_done
 Done
 TIME :    2.55307239247486       sec
          50 %           2   58.3846124592237     
 	 100 %           1   111.166946233716     
 Time :   111.342826568289     
 WOCIVL455M1NH220/N_atom400E+10_Vexp500E+01_Vemit300E+03_tauD000E+00_Vran300E+01
                      
 Start
           0
 set_grid_done
 set_clumps_done
 Done
 TIME :    2.55328338127583       sec
          50 %           1   51.8240014291368     
 	 100 %           4   97.1355641824193     
 Time :   97.3109031636268     
 WOCIVL455M1NH220/N_atom400E+10_Vexp100E+02_Vemit300E+03_tauD000E+00_Vran500E+01
                      
 Start
           0
 set_grid_done
 set_clumps_done
 Done
 TIME :    2.55723611265421       sec
          50 %           2   104.720356483944     
 	 100 %           2   154.367569262395     
 Time :   154.537233577576     
 WOCIVL455M1NH220/N_atom400E+10_Vexp200E+02_Vemit300E+03_tauD000E+00_Vran500E+01
                      
 Start
           0
 set_grid_done
 set_clumps_done
 Done
 TIME :    2.55832218541764       sec
          50 %           4   52.9136047195643     
 	 100 %           3   101.818611609517     
 Time :   101.989870528691     
 WOCIVL455M1NH220/N_atom400E+10_Vexp300E+02_Vemit300E+03_tauD000E+00_Vran500E+01
                      
 Start
           0
 set_grid_done
 set_clumps_done
 Done
 TIME :    2.56104920012876       sec
          50 %           2   52.4853932952974     
 	 100 %           1   102.368454779033     
 Time :   102.521297238069     
 WOCIVL455M1NH220/N_atom400E+10_Vexp400E+02_Vemit300E+03_tauD000E+00_Vran500E+01
                      
 Start
           0
 set_grid_done
 set_clumps_done
 Done
 TIME :    2.51489210501313       sec
          50 %           3   55.9824130428024     
 	 100 %           3   113.397350697545     
 Time :   113.571515048388     
 WOCIVL455M1NH220/N_atom400E+10_Vexp500E+02_Vemit300E+03_tauD000E+00_Vran500E+01
                      
 Start
           0
 set_grid_done
 set_clumps_done
 Done
 TIME :    2.57070112391375       sec
          50 %           3   55.0797462952323     
 	 100 %           3   104.810985017568     
 Time :   104.965689426055     
 WOCIVL455M1NH220/N_atom400E+10_Vexp600E+02_Vemit300E+03_tauD000E+00_Vran500E+01
                      
 Start
           0
 set_grid_done
 set_clumps_done
 Done
 TIME :    2.55029922071844       sec
          50 %           2   104.938780463301     
 	 100 %           1   153.008400195511     
 Time :   153.173491957830     
 WOCIVL455M1NH220/N_atom400E+10_Vexp700E+02_Vemit300E+03_tauD000E+00_Vran500E+01
                      
 Start
           0
 set_grid_done
 set_clumps_done
 Done
 TIME :    2.54669786361046       sec
          50 %           1   54.9121548882686     
 	 100 %           1   103.489430549089     
 Time :   103.650332150981     
 WOCIVL455M1NH220/N_atom400E+10_Vexp800E+02_Vemit300E+03_tauD000E+00_Vran500E+01
                      
 Start
           0
 set_grid_done
 set_clumps_done
 Done
 TIME :    2.55352701176889       sec
          50 %           2   56.1746668261476     
 	 100 %           4   103.369832507800     
 Time :   103.529018487083     
 WOCIVL455M1NH220/N_atom400E+10_Vexp900E+02_Vemit300E+03_tauD000E+00_Vran500E+01
                      
 Start
           0
 set_grid_done
 set_clumps_done
 Done
 TIME :    2.55735625978559       sec
          50 %           1   57.2628817523364     
 	 100 %           4   107.851675152779     
 Time :   108.013231542427     
 WOCIVL455M1NH220/N_atom400E+10_Vexp100E+03_Vemit300E+03_tauD000E+00_Vran500E+01
                      
 Start
           0
 set_grid_done
 set_clumps_done
 Done
 TIME :    2.55251425737515       sec
          50 %           2   56.9766015526839     
 	 100 %           2   112.813587052282     
 Time :   112.972729268949     
 WOCIVL455M1NH220/N_atom400E+10_Vexp200E+03_Vemit300E+03_tauD000E+00_Vran500E+01
                      
 Start
           0
 set_grid_done
 set_clumps_done
 Done
 TIME :    2.51412978395820       sec
          50 %           1   56.1691705773119     
 	 100 %           4   105.612995507196     
 Time :   105.767091766233     
 WOCIVL455M1NH220/N_atom400E+10_Vexp300E+03_Vemit300E+03_tauD000E+00_Vran500E+01
                      
 Start
           0
 set_grid_done
 set_clumps_done
 Done
 TIME :    2.48380219982937       sec
          50 %           2   56.8244511920493     
 	 100 %           4   103.213606934063     
 Time :   103.360997878714     
 WOCIVL455M1NH220/N_atom400E+10_Vexp500E+01_Vemit300E+03_tauD000E+00_Vran500E+01
                      
 Start
           0
 set_grid_done
 set_clumps_done
 Done
 TIME :    1.48140242905356       sec
          50 %           2   52.1524122930132     
 	 100 %           4   150.178341170074     
 Time :   150.326964363689     
